{"ts":"2026-04-01T19:26:24.111Z","level":"INFO","device":"868120018681","event":"CONNECTED","detail":"id:868120018681"}
{"ts":"2026-04-01T19:26:24.138Z","level":"INFO","device":"868120018681","event":"RX_MSG","detail":"0x8001 bodyLen=5"}
{"ts":"2026-04-01T19:26:24.139Z","level":"INFO","device":"868120018681","event":"SERVER_ACK","detail":"0x0102 result=OK"}
{"ts":"2026-04-01T19:26:34.100Z","level":"INFO","device":"868120018681","event":"INCIDENT_SENT","detail":"mediaId=1 alarmId=86812001868100260401192634010200"}
{"ts":"2026-04-01T19:26:34.109Z","level":"INFO","device":"868120018681","event":"RX_MSG","detail":"0x8001 bodyLen=5"}
{"ts":"2026-04-01T19:26:34.109Z","level":"INFO","device":"868120018681","event":"SERVER_ACK","detail":"0x0200 result=OK"}
{"ts":"2026-04-01T19:26:34.116Z","level":"INFO","device":"868120018681","event":"RX_MSG","detail":"0x9208 bodyLen=81"}
{"ts":"2026-04-01T19:26:34.119Z","level":"INFO","device":"868120018681","event":"9208_RAW","detail":"0C35342E33372E3232352E36350D31000086812001868100260401192634010200383638313230303138363831303032363034303131393236333430313032303000000000000000000000000000000000"}
{"ts":"2026-04-01T19:26:34.120Z","level":"INFO","device":"868120018681","event":"UPLOAD_TRIGGERED","detail":"media: 54.37.225.65:3377 | alarmId: 86812001868100260401192634010200"}
{"ts":"2026-04-01T19:26:34.122Z","level":"INFO","device":"868120018681","event":"MEDIA_CONNECTING","detail":"54.37.225.65:3377 files=2"}
{"ts":"2026-04-01T19:26:34.123Z","level":"INFO","device":"868120018681","event":"RX_MSG","detail":"0x8001 bodyLen=5"}
{"ts":"2026-04-01T19:26:34.124Z","level":"INFO","device":"868120018681","event":"SERVER_ACK","detail":"0x0800 result=OK"}
{"ts":"2026-04-01T19:26:34.139Z","level":"INFO","device":"868120018681","event":"MEDIA_CONNECTED","detail":"54.37.225.65:3377"}
{"ts":"2026-04-01T19:26:34.140Z","level":"INFO","device":"868120018681","event":"FILE_START","detail":"[1/2] 00_64_6401_00_86812001868100260401192634010200.jpg (215 bytes)"}
{"ts":"2026-04-01T19:26:34.141Z","level":"INFO","device":"868120018681","event":"SENT_1210","detail":"00_64_6401_00_86812001868100260401192634010200.jpg"}
{"ts":"2026-04-01T19:26:34.149Z","level":"INFO","device":"868120018681","event":"MEDIA_RX","detail":"7E 80 01 00 05 86 81 20 01 86 81 FA A0 00 00 12 10 00 FD 7E"}
{"ts":"2026-04-01T19:26:34.247Z","level":"INFO","device":"868120018681","event":"SENT_RAW_MARKER","detail":"00_64_6401_00_86812001868100260401192634010200.jpg packet=277 bytes data=215 bytes"}
{"ts":"2026-04-01T19:26:34.247Z","level":"INFO","device":"868120018681","event":"SENT_1212","detail":"00_64_6401_00_86812001868100260401192634010200.jpg type=0"}
{"ts":"2026-04-01T19:26:34.303Z","level":"INFO","device":"868120018681","event":"MEDIA_RX","detail":"7E 92 12 00 36 86 81 20 01 86 81 F7 F4 32 30 30 5F 36 34 5F 36 34 30 31 5F 30 30 5F 38 36 38 31 32 30 30 31 38 36 38 31 30 30 32 36 30 34 30 31 31 39 32 36 33 34 30 31 30 32 30 30 2E 6A 70 67 00 00 00 FE 7E"}
{"ts":"2026-04-01T19:26:34.552Z","level":"INFO","device":"868120018681","event":"FILE_START","detail":"[2/2] 02_64_6401_03_86812001868100260401192634010200.mp4 (1570024 bytes)"}
{"ts":"2026-04-01T19:26:34.553Z","level":"INFO","device":"868120018681","event":"SENT_1210","detail":"02_64_6401_03_86812001868100260401192634010200.mp4"}
{"ts":"2026-04-01T19:26:34.569Z","level":"INFO","device":"868120018681","event":"MEDIA_RX","detail":"7E 80 01 00 05 86 81 20 01 86 81 3C 6E 00 02 12 10 00 F7 7E"}
{"ts":"2026-04-01T19:26:34.655Z","level":"INFO","device":"868120018681","event":"SENT_RAW_MARKER","detail":"02_64_6401_03_86812001868100260401192634010200.mp4 packet=1570086 bytes data=1570024 bytes"}
{"ts":"2026-04-01T19:26:34.715Z","level":"INFO","device":"868120018681","event":"SENT_1212","detail":"02_64_6401_03_86812001868100260401192634010200.mp4 type=2"}
{"ts":"2026-04-01T19:26:34.746Z","level":"INFO","device":"868120018681","event":"MEDIA_RX","detail":"7E 92 12 00 36 86 81 20 01 86 81 26 68 32 30 32 5F 36 34 5F 36 34 30 31 5F 30 33 5F 38 36 38 31 32 30 30 31 38 36 38 31 30 30 32 36 30 34 30 31 31 39 32 36 33 34 30 31 30 32 30 30 2E 6D 70 34 02 00 00 E4 7E"}
{"ts":"2026-04-01T19:26:35.017Z","level":"INFO","device":"868120018681","event":"BATCH_COMPLETE","detail":"All 2 files sent"}
{"ts":"2026-04-01T19:26:35.263Z","level":"INFO","device":"868120018681","event":"MEDIA_CLOSED","detail":""}
{"ts":"2026-04-01T19:26:44.096Z","level":"INFO","device":"868120018681","event":"GPS_SENT","detail":""}
{"ts":"2026-04-01T19:26:44.098Z","level":"INFO","device":"868120018681","event":"INCIDENT_SENT","detail":"mediaId=2 alarmId=86812001868100260401192644020200"}
{"ts":"2026-04-01T19:26:44.106Z","level":"INFO","device":"868120018681","event":"RX_MSG","detail":"0x8001 bodyLen=5"}
{"ts":"2026-04-01T19:26:44.106Z","level":"INFO","device":"868120018681","event":"SERVER_ACK","detail":"0x0200 result=OK"}
{"ts":"2026-04-01T19:26:44.114Z","level":"INFO","device":"868120018681","event":"RX_MSG","detail":"0x8001 bodyLen=5"}
{"ts":"2026-04-01T19:26:44.114Z","level":"INFO","device":"868120018681","event":"SERVER_ACK","detail":"0x0200 result=OK"}
{"ts":"2026-04-01T19:26:44.126Z","level":"INFO","device":"868120018681","event":"RX_MSG","detail":"0x8001 bodyLen=5"}
{"ts":"2026-04-01T19:26:44.126Z","level":"INFO","device":"868120018681","event":"SERVER_ACK","detail":"0x0800 result=OK"}
{"ts":"2026-04-01T19:26:44.128Z","level":"INFO","device":"868120018681","event":"RX_MSG","detail":"0x9208 bodyLen=81"}
{"ts":"2026-04-01T19:26:44.128Z","level":"INFO","device":"868120018681","event":"9208_RAW","detail":"0C35342E33372E3232352E36350D31000086812001868100260401192644020200383638313230303138363831303032363034303131393236343430323032303000000000000000000000000000000000"}
{"ts":"2026-04-01T19:26:44.128Z","level":"INFO","device":"868120018681","event":"UPLOAD_TRIGGERED","detail":"media: 54.37.225.65:3377 | alarmId: 86812001868100260401192644020200"}
{"ts":"2026-04-01T19:26:44.129Z","level":"INFO","device":"868120018681","event":"MEDIA_CONNECTING","detail":"54.37.225.65:3377 files=2"}
{"ts":"2026-04-01T19:26:44.146Z","level":"INFO","device":"868120018681","event":"MEDIA_CONNECTED","detail":"54.37.225.65:3377"}
{"ts":"2026-04-01T19:26:44.146Z","level":"INFO","device":"868120018681","event":"FILE_START","detail":"[1/2] 00_64_6401_00_86812001868100260401192644020200.jpg (215 bytes)"}
{"ts":"2026-04-01T19:26:44.147Z","level":"INFO","device":"868120018681","event":"SENT_1210","detail":"00_64_6401_00_86812001868100260401192644020200.jpg"}
{"ts":"2026-04-01T19:26:44.159Z","level":"INFO","device":"868120018681","event":"MEDIA_RX","detail":"7E 80 01 00 05 86 81 20 01 86 81 34 E8 00 00 12 10 00 7B 7E"}
{"ts":"2026-04-01T19:26:44.248Z","level":"INFO","device":"868120018681","event":"SENT_RAW_MARKER","detail":"00_64_6401_00_86812001868100260401192644020200.jpg packet=277 bytes data=215 bytes"}
{"ts":"2026-04-01T19:26:44.248Z","level":"INFO","device":"868120018681","event":"SENT_1212","detail":"00_64_6401_00_86812001868100260401192644020200.jpg type=0"}
{"ts":"2026-04-01T19:26:44.304Z","level":"INFO","device":"868120018681","event":"MEDIA_RX","detail":"7E 92 12 00 36 86 81 20 01 86 81 B8 D1 32 30 30 5F 36 34 5F 36 34 30 31 5F 30 30 5F 38 36 38 31 32 30 30 31 38 36 38 31 30 30 32 36 30 34 30 31 31 39 32 36 34 34 30 32 30 32 30 30 2E 6A 70 67 00 00 00 90 7E"}
{"ts":"2026-04-01T19:26:44.551Z","level":"INFO","device":"868120018681","event":"FILE_START","detail":"[2/2] 02_64_6401_03_86812001868100260401192644020200.mp4 (1570024 bytes)"}
{"ts":"2026-04-01T19:26:44.551Z","level":"INFO","device":"868120018681","event":"SENT_1210","detail":"02_64_6401_03_86812001868100260401192644020200.mp4"}
{"ts":"2026-04-01T19:26:44.562Z","level":"INFO","device":"868120018681","event":"MEDIA_RX","detail":"7E 80 01 00 05 86 81 20 01 86 81 58 06 00 02 12 10 00 FB 7E"}
{"ts":"2026-04-01T19:26:44.653Z","level":"INFO","device":"868120018681","event":"SENT_RAW_MARKER","detail":"02_64_6401_03_86812001868100260401192644020200.mp4 packet=1570086 bytes data=1570024 bytes"}
{"ts":"2026-04-01T19:26:44.707Z","level":"INFO","device":"868120018681","event":"SENT_1212","detail":"02_64_6401_03_86812001868100260401192644020200.mp4 type=2"}
{"ts":"2026-04-01T19:26:44.744Z","level":"INFO","device":"868120018681","event":"MEDIA_RX","detail":"7E 92 12 00 36 86 81 20 01 86 81 8C 6E 32 30 32 5F 36 34 5F 36 34 30 31 5F 30 33 5F 38 36 38 31 32 30 30 31 38 36 38 31 30 30 32 36 30 34 30 31 31 39 32 36 34 34 30 32 30 32 30 30 2E 6D 70 34 02 00 00 4C 7E"}
{"ts":"2026-04-01T19:26:45.007Z","level":"INFO","device":"868120018681","event":"BATCH_COMPLETE","detail":"All 2 files sent"}
{"ts":"2026-04-01T19:26:45.020Z","level":"INFO","device":"868120018681","event":"MEDIA_CLOSED","detail":""}
{"ts":"2026-04-01T19:26:54.101Z","level":"INFO","device":"868120018681","event":"INCIDENT_SENT","detail":"mediaId=3 alarmId=86812001868100260401192654030200"}
{"ts":"2026-04-01T19:26:54.111Z","level":"INFO","device":"868120018681","event":"RX_MSG","detail":"0x8001 bodyLen=5"}
{"ts":"2026-04-01T19:26:54.112Z","level":"INFO","device":"868120018681","event":"SERVER_ACK","detail":"0x0200 result=OK"}
{"ts":"2026-04-01T19:26:54.118Z","level":"INFO","device":"868120018681","event":"RX_MSG","detail":"0x9208 bodyLen=81"}
{"ts":"2026-04-01T19:26:54.118Z","level":"INFO","device":"868120018681","event":"9208_RAW","detail":"0C35342E33372E3232352E36350D31000086812001868100260401192654030200383638313230303138363831303032363034303131393236353430333032303000000000000000000000000000000000"}
{"ts":"2026-04-01T19:26:54.118Z","level":"INFO","device":"868120018681","event":"UPLOAD_TRIGGERED","detail":"media: 54.37.225.65:3377 | alarmId: 86812001868100260401192654030200"}
{"ts":"2026-04-01T19:26:54.118Z","level":"INFO","device":"868120018681","event":"MEDIA_CONNECTING","detail":"54.37.225.65:3377 files=2"}
{"ts":"2026-04-01T19:26:54.125Z","level":"INFO","device":"868120018681","event":"RX_MSG","detail":"0x8001 bodyLen=5"}
{"ts":"2026-04-01T19:26:54.125Z","level":"INFO","device":"868120018681","event":"SERVER_ACK","detail":"0x0800 result=OK"}
{"ts":"2026-04-01T19:26:54.127Z","level":"INFO","device":"868120018681","event":"MEDIA_CONNECTED","detail":"54.37.225.65:3377"}
{"ts":"2026-04-01T19:26:54.128Z","level":"INFO","device":"868120018681","event":"FILE_START","detail":"[1/2] 00_64_6401_00_86812001868100260401192654030200.jpg (215 bytes)"}
{"ts":"2026-04-01T19:26:54.128Z","level":"INFO","device":"868120018681","event":"SENT_1210","detail":"00_64_6401_00_86812001868100260401192654030200.jpg"}
{"ts":"2026-04-01T19:26:54.137Z","level":"INFO","device":"868120018681","event":"MEDIA_RX","detail":"7E 80 01 00 05 86 81 20 01 86 81 06 98 00 00 12 10 00 39 7E"}
{"ts":"2026-04-01T19:26:54.232Z","level":"INFO","device":"868120018681","event":"SENT_RAW_MARKER","detail":"00_64_6401_00_86812001868100260401192654030200.jpg packet=277 bytes data=215 bytes"}
{"ts":"2026-04-01T19:26:54.233Z","level":"INFO","device":"868120018681","event":"SENT_1212","detail":"00_64_6401_00_86812001868100260401192654030200.jpg type=0"}
{"ts":"2026-04-01T19:26:54.290Z","level":"INFO","device":"868120018681","event":"MEDIA_RX","detail":"7E 92 12 00 36 86 81 20 01 86 81 15 3F 32 30 30 5F 36 34 5F 36 34 30 31 5F 30 30 5F 38 36 38 31 32 30 30 31 38 36 38 31 30 30 32 36 30 34 30 31 31 39 32 36 35 34 30 33 30 32 30 30 2E 6A 70 67 00 00 00 D3 7E"}
{"ts":"2026-04-01T19:26:54.534Z","level":"INFO","device":"868120018681","event":"FILE_START","detail":"[2/2] 02_64_6401_03_86812001868100260401192654030200.mp4 (1570024 bytes)"}
{"ts":"2026-04-01T19:26:54.534Z","level":"INFO","device":"868120018681","event":"SENT_1210","detail":"02_64_6401_03_86812001868100260401192654030200.mp4"}
{"ts":"2026-04-01T19:26:54.544Z","level":"INFO","device":"868120018681","event":"MEDIA_RX","detail":"7E 80 01 00 05 86 81 20 01 86 81 65 8A 00 02 12 10 00 4A 7E"}
{"ts":"2026-04-01T19:26:54.636Z","level":"INFO","device":"868120018681","event":"SENT_RAW_MARKER","detail":"02_64_6401_03_86812001868100260401192654030200.mp4 packet=1570086 bytes data=1570024 bytes"}
{"ts":"2026-04-01T19:26:54.687Z","level":"INFO","device":"868120018681","event":"SENT_1212","detail":"02_64_6401_03_86812001868100260401192654030200.mp4 type=2"}
{"ts":"2026-04-01T19:26:54.724Z","level":"INFO","device":"868120018681","event":"MEDIA_RX","detail":"7E 92 12 00 36 86 81 20 01 86 81 7C 13 32 30 32 5F 36 34 5F 36 34 30 31 5F 30 33 5F 38 36 38 31 32 30 30 31 38 36 38 31 30 30 32 36 30 34 30 31 31 39 32 36 35 34 30 33 30 32 30 30 2E 6D 70 34 02 00 00 C1 7E"}
{"ts":"2026-04-01T19:26:54.992Z","level":"INFO","device":"868120018681","event":"BATCH_COMPLETE","detail":"All 2 files sent"}
{"ts":"2026-04-01T19:26:55.006Z","level":"INFO","device":"868120018681","event":"MEDIA_CLOSED","detail":""}
{"ts":"2026-04-01T19:27:04.100Z","level":"INFO","device":"868120018681","event":"GPS_SENT","detail":""}
{"ts":"2026-04-01T19:27:04.101Z","level":"INFO","device":"868120018681","event":"INCIDENT_SENT","detail":"mediaId=4 alarmId=86812001868100260401192704040200"}
{"ts":"2026-04-01T19:27:04.109Z","level":"INFO","device":"868120018681","event":"RX_MSG","detail":"0x8001 bodyLen=5"}
{"ts":"2026-04-01T19:27:04.110Z","level":"INFO","device":"868120018681","event":"SERVER_ACK","detail":"0x0200 result=OK"}
{"ts":"2026-04-01T19:27:04.116Z","level":"INFO","device":"868120018681","event":"RX_MSG","detail":"0x8001 bodyLen=5"}
{"ts":"2026-04-01T19:27:04.117Z","level":"INFO","device":"868120018681","event":"SERVER_ACK","detail":"0x0200 result=OK"}
{"ts":"2026-04-01T19:27:04.123Z","level":"INFO","device":"868120018681","event":"RX_MSG","detail":"0x8001 bodyLen=5"}
{"ts":"2026-04-01T19:27:04.123Z","level":"INFO","device":"868120018681","event":"SERVER_ACK","detail":"0x0800 result=OK"}
{"ts":"2026-04-01T19:27:04.123Z","level":"INFO","device":"868120018681","event":"RX_MSG","detail":"0x9208 bodyLen=81"}
{"ts":"2026-04-01T19:27:04.124Z","level":"INFO","device":"868120018681","event":"9208_RAW","detail":"0C35342E33372E3232352E36350D31000086812001868100260401192704040200383638313230303138363831303032363034303131393237303430343032303000000000000000000000000000000000"}
{"ts":"2026-04-01T19:27:04.124Z","level":"INFO","device":"868120018681","event":"UPLOAD_TRIGGERED","detail":"media: 54.37.225.65:3377 | alarmId: 86812001868100260401192704040200"}
{"ts":"2026-04-01T19:27:04.124Z","level":"INFO","device":"868120018681","event":"MEDIA_CONNECTING","detail":"54.37.225.65:3377 files=2"}
{"ts":"2026-04-01T19:27:04.136Z","level":"INFO","device":"868120018681","event":"MEDIA_CONNECTED","detail":"54.37.225.65:3377"}
{"ts":"2026-04-01T19:27:04.136Z","level":"INFO","device":"868120018681","event":"FILE_START","detail":"[1/2] 00_64_6401_00_86812001868100260401192704040200.jpg (215 bytes)"}
{"ts":"2026-04-01T19:27:04.136Z","level":"INFO","device":"868120018681","event":"SENT_1210","detail":"00_64_6401_00_86812001868100260401192704040200.jpg"}
{"ts":"2026-04-01T19:27:04.144Z","level":"INFO","device":"868120018681","event":"MEDIA_RX","detail":"7E 80 01 00 05 86 81 20 01 86 81 55 FC 00 00 12 10 00 0E 7E"}
{"ts":"2026-04-01T19:27:04.248Z","level":"INFO","device":"868120018681","event":"SENT_RAW_MARKER","detail":"00_64_6401_00_86812001868100260401192704040200.jpg packet=277 bytes data=215 bytes"}
{"ts":"2026-04-01T19:27:04.249Z","level":"INFO","device":"868120018681","event":"SENT_1212","detail":"00_64_6401_00_86812001868100260401192704040200.jpg type=0"}
{"ts":"2026-04-01T19:27:04.313Z","level":"INFO","device":"868120018681","event":"MEDIA_RX","detail":"7E 92 12 00 36 86 81 20 01 86 81 4D B0 32 30 30 5F 36 34 5F 36 34 30 31 5F 30 30 5F 38 36 38 31 32 30 30 31 38 36 38 31 30 30 32 36 30 34 30 31 31 39 32 37 30 34 30 34 30 32 30 30 2E 6A 70 67 00 00 00 07 7E"}
{"ts":"2026-04-01T19:27:04.554Z","level":"INFO","device":"868120018681","event":"FILE_START","detail":"[2/2] 02_64_6401_03_86812001868100260401192704040200.mp4 (1570024 bytes)"}
{"ts":"2026-04-01T19:27:04.554Z","level":"INFO","device":"868120018681","event":"SENT_1210","detail":"02_64_6401_03_86812001868100260401192704040200.mp4"}
{"ts":"2026-04-01T19:27:04.564Z","level":"INFO","device":"868120018681","event":"MEDIA_RX","detail":"7E 80 01 00 05 86 81 20 01 86 81 A9 7F 00 02 12 10 00 73 7E"}
{"ts":"2026-04-01T19:27:04.662Z","level":"INFO","device":"868120018681","event":"SENT_RAW_MARKER","detail":"02_64_6401_03_86812001868100260401192704040200.mp4 packet=1570086 bytes data=1570024 bytes"}
{"ts":"2026-04-01T19:27:04.717Z","level":"INFO","device":"868120018681","event":"SENT_1212","detail":"02_64_6401_03_86812001868100260401192704040200.mp4 type=2"}
{"ts":"2026-04-01T19:27:04.748Z","level":"INFO","device":"868120018681","event":"MEDIA_RX","detail":"7E 92 12 00 36 86 81 20 01 86 81 D5 06 32 30 32 5F 36 34 5F 36 34 30 31 5F 30 33 5F 38 36 38 31 32 30 30 31 38 36 38 31 30 30 32 36 30 34 30 31 31 39 32 37 30 34 30 34 30 32 30 30 2E 6D 70 34 02 00 00 7D 02 7E"}
{"ts":"2026-04-01T19:27:05.020Z","level":"INFO","device":"868120018681","event":"BATCH_COMPLETE","detail":"All 2 files sent"}
{"ts":"2026-04-01T19:27:05.033Z","level":"INFO","device":"868120018681","event":"MEDIA_CLOSED","detail":""}
{"ts":"2026-04-01T19:27:14.102Z","level":"INFO","device":"868120018681","event":"INCIDENT_SENT","detail":"mediaId=5 alarmId=86812001868100260401192714050200"}
{"ts":"2026-04-01T19:27:14.111Z","level":"INFO","device":"868120018681","event":"RX_MSG","detail":"0x8001 bodyLen=5"}
{"ts":"2026-04-01T19:27:14.111Z","level":"INFO","device":"868120018681","event":"SERVER_ACK","detail":"0x0200 result=OK"}
{"ts":"2026-04-01T19:27:14.117Z","level":"INFO","device":"868120018681","event":"RX_MSG","detail":"0x9208 bodyLen=81"}
{"ts":"2026-04-01T19:27:14.117Z","level":"INFO","device":"868120018681","event":"9208_RAW","detail":"0C35342E33372E3232352E36350D31000086812001868100260401192714050200383638313230303138363831303032363034303131393237313430353032303000000000000000000000000000000000"}
{"ts":"2026-04-01T19:27:14.117Z","level":"INFO","device":"868120018681","event":"UPLOAD_TRIGGERED","detail":"media: 54.37.225.65:3377 | alarmId: 86812001868100260401192714050200"}
{"ts":"2026-04-01T19:27:14.118Z","level":"INFO","device":"868120018681","event":"MEDIA_CONNECTING","detail":"54.37.225.65:3377 files=2"}
{"ts":"2026-04-01T19:27:14.123Z","level":"INFO","device":"868120018681","event":"RX_MSG","detail":"0x8001 bodyLen=5"}
{"ts":"2026-04-01T19:27:14.124Z","level":"INFO","device":"868120018681","event":"SERVER_ACK","detail":"0x0800 result=OK"}
{"ts":"2026-04-01T19:27:14.131Z","level":"INFO","device":"868120018681","event":"MEDIA_CONNECTED","detail":"54.37.225.65:3377"}
{"ts":"2026-04-01T19:27:14.131Z","level":"INFO","device":"868120018681","event":"FILE_START","detail":"[1/2] 00_64_6401_00_86812001868100260401192714050200.jpg (215 bytes)"}
{"ts":"2026-04-01T19:27:14.132Z","level":"INFO","device":"868120018681","event":"SENT_1210","detail":"00_64_6401_00_86812001868100260401192714050200.jpg"}
{"ts":"2026-04-01T19:27:14.140Z","level":"INFO","device":"868120018681","event":"MEDIA_RX","detail":"7E 80 01 00 05 86 81 20 01 86 81 E0 61 00 00 12 10 00 26 7E"}
{"ts":"2026-04-01T19:27:14.234Z","level":"INFO","device":"868120018681","event":"SENT_RAW_MARKER","detail":"00_64_6401_00_86812001868100260401192714050200.jpg packet=277 bytes data=215 bytes"}
{"ts":"2026-04-01T19:27:14.234Z","level":"INFO","device":"868120018681","event":"SENT_1212","detail":"00_64_6401_00_86812001868100260401192714050200.jpg type=0"}
{"ts":"2026-04-01T19:27:14.294Z","level":"INFO","device":"868120018681","event":"MEDIA_RX","detail":"7E 92 12 00 36 86 81 20 01 86 81 4B F2 32 30 30 5F 36 34 5F 36 34 30 31 5F 30 30 5F 38 36 38 31 32 30 30 31 38 36 38 31 30 30 32 36 30 34 30 31 31 39 32 37 31 34 30 35 30 32 30 30 2E 6A 70 67 00 00 00 43 7E"}
{"ts":"2026-04-01T19:27:14.535Z","level":"INFO","device":"868120018681","event":"FILE_START","detail":"[2/2] 02_64_6401_03_86812001868100260401192714050200.mp4 (1570024 bytes)"}
{"ts":"2026-04-01T19:27:14.535Z","level":"INFO","device":"868120018681","event":"SENT_1210","detail":"02_64_6401_03_86812001868100260401192714050200.mp4"}
{"ts":"2026-04-01T19:27:14.546Z","level":"INFO","device":"868120018681","event":"MEDIA_RX","detail":"7E 80 01 00 05 86 81 20 01 86 81 8A A7 00 02 12 10 00 88 7E"}
{"ts":"2026-04-01T19:27:14.640Z","level":"INFO","device":"868120018681","event":"SENT_RAW_MARKER","detail":"02_64_6401_03_86812001868100260401192714050200.mp4 packet=1570086 bytes data=1570024 bytes"}
{"ts":"2026-04-01T19:27:14.726Z","level":"INFO","device":"868120018681","event":"SENT_1212","detail":"02_64_6401_03_86812001868100260401192714050200.mp4 type=2"}
{"ts":"2026-04-01T19:27:14.752Z","level":"INFO","device":"868120018681","event":"MEDIA_RX","detail":"7E 92 12 00 36 86 81 20 01 86 81 54 8D 32 30 32 5F 36 34 5F 36 34 30 31 5F 30 33 5F 38 36 38 31 32 30 30 31 38 36 38 31 30 30 32 36 30 34 30 31 31 39 32 37 31 34 30 35 30 32 30 30 2E 6D 70 34 02 00 00 74 7E"}
{"ts":"2026-04-01T19:27:15.028Z","level":"INFO","device":"868120018681","event":"BATCH_COMPLETE","detail":"All 2 files sent"}
{"ts":"2026-04-01T19:27:15.042Z","level":"INFO","device":"868120018681","event":"MEDIA_CLOSED","detail":""}
{"ts":"2026-04-01T19:27:24.101Z","level":"INFO","device":"868120018681","event":"GPS_SENT","detail":""}
{"ts":"2026-04-01T19:27:24.102Z","level":"INFO","device":"868120018681","event":"INCIDENT_SENT","detail":"mediaId=6 alarmId=86812001868100260401192724060200"}
{"ts":"2026-04-01T19:27:24.111Z","level":"INFO","device":"868120018681","event":"RX_MSG","detail":"0x8001 bodyLen=5"}
{"ts":"2026-04-01T19:27:24.111Z","level":"INFO","device":"868120018681","event":"SERVER_ACK","detail":"0x0200 result=OK"}
{"ts":"2026-04-01T19:27:24.118Z","level":"INFO","device":"868120018681","event":"RX_MSG","detail":"0x8001 bodyLen=5"}
{"ts":"2026-04-01T19:27:24.118Z","level":"INFO","device":"868120018681","event":"SERVER_ACK","detail":"0x0200 result=OK"}
{"ts":"2026-04-01T19:27:24.124Z","level":"INFO","device":"868120018681","event":"RX_MSG","detail":"0x8001 bodyLen=5"}
{"ts":"2026-04-01T19:27:24.125Z","level":"INFO","device":"868120018681","event":"SERVER_ACK","detail":"0x0800 result=OK"}
{"ts":"2026-04-01T19:27:24.125Z","level":"INFO","device":"868120018681","event":"RX_MSG","detail":"0x9208 bodyLen=81"}
{"ts":"2026-04-01T19:27:24.125Z","level":"INFO","device":"868120018681","event":"9208_RAW","detail":"0C35342E33372E3232352E36350D31000086812001868100260401192724060200383638313230303138363831303032363034303131393237323430363032303000000000000000000000000000000000"}
{"ts":"2026-04-01T19:27:24.125Z","level":"INFO","device":"868120018681","event":"UPLOAD_TRIGGERED","detail":"media: 54.37.225.65:3377 | alarmId: 86812001868100260401192724060200"}
{"ts":"2026-04-01T19:27:24.125Z","level":"INFO","device":"868120018681","event":"MEDIA_CONNECTING","detail":"54.37.225.65:3377 files=2"}
{"ts":"2026-04-01T19:27:24.142Z","level":"INFO","device":"868120018681","event":"MEDIA_CONNECTED","detail":"54.37.225.65:3377"}
{"ts":"2026-04-01T19:27:24.143Z","level":"INFO","device":"868120018681","event":"FILE_START","detail":"[1/2] 00_64_6401_00_86812001868100260401192724060200.jpg (215 bytes)"}
{"ts":"2026-04-01T19:27:24.143Z","level":"INFO","device":"868120018681","event":"SENT_1210","detail":"00_64_6401_00_86812001868100260401192724060200.jpg"}
{"ts":"2026-04-01T19:27:24.152Z","level":"INFO","device":"868120018681","event":"MEDIA_RX","detail":"7E 80 01 00 05 86 81 20 01 86 81 50 FD 00 00 12 10 00 0A 7E"}
{"ts":"2026-04-01T19:27:24.246Z","level":"INFO","device":"868120018681","event":"SENT_RAW_MARKER","detail":"00_64_6401_00_86812001868100260401192724060200.jpg packet=277 bytes data=215 bytes"}
{"ts":"2026-04-01T19:27:24.247Z","level":"INFO","device":"868120018681","event":"SENT_1212","detail":"00_64_6401_00_86812001868100260401192724060200.jpg type=0"}
{"ts":"2026-04-01T19:27:24.309Z","level":"INFO","device":"868120018681","event":"MEDIA_RX","detail":"7E 92 12 00 36 86 81 20 01 86 81 71 35 32 30 30 5F 36 34 5F 36 34 30 31 5F 30 30 5F 38 36 38 31 32 30 30 31 38 36 38 31 30 30 32 36 30 34 30 31 31 39 32 37 32 34 30 36 30 32 30 30 2E 6A 70 67 00 00 00 BE 7E"}
{"ts":"2026-04-01T19:27:24.548Z","level":"INFO","device":"868120018681","event":"FILE_START","detail":"[2/2] 02_64_6401_03_86812001868100260401192724060200.mp4 (1570024 bytes)"}
{"ts":"2026-04-01T19:27:24.548Z","level":"INFO","device":"868120018681","event":"SENT_1210","detail":"02_64_6401_03_86812001868100260401192724060200.mp4"}
{"ts":"2026-04-01T19:27:24.556Z","level":"INFO","device":"868120018681","event":"MEDIA_RX","detail":"7E 80 01 00 05 86 81 20 01 86 81 8C 20 00 02 12 10 00 09 7E"}
{"ts":"2026-04-01T19:27:24.649Z","level":"INFO","device":"868120018681","event":"SENT_RAW_MARKER","detail":"02_64_6401_03_86812001868100260401192724060200.mp4 packet=1570086 bytes data=1570024 bytes"}
{"ts":"2026-04-01T19:27:24.701Z","level":"INFO","device":"868120018681","event":"SENT_1212","detail":"02_64_6401_03_86812001868100260401192724060200.mp4 type=2"}
{"ts":"2026-04-01T19:27:24.731Z","level":"INFO","device":"868120018681","event":"MEDIA_RX","detail":"7E 92 12 00 36 86 81 20 01 86 81 10 F8 32 30 32 5F 36 34 5F 36 34 30 31 5F 30 33 5F 38 36 38 31 32 30 30 31 38 36 38 31 30 30 32 36 30 34 30 31 31 39 32 37 32 34 30 36 30 32 30 30 2E 6D 70 34 02 00 00 45 7E"}
{"ts":"2026-04-01T19:27:25.001Z","level":"INFO","device":"868120018681","event":"BATCH_COMPLETE","detail":"All 2 files sent"}
{"ts":"2026-04-01T19:27:25.144Z","level":"INFO","device":"868120018681","event":"MEDIA_CLOSED","detail":""}
{"ts":"2026-04-01T19:27:34.107Z","level":"INFO","device":"868120018681","event":"INCIDENT_SENT","detail":"mediaId=7 alarmId=86812001868100260401192734070200"}
{"ts":"2026-04-01T19:27:34.116Z","level":"INFO","device":"868120018681","event":"RX_MSG","detail":"0x8001 bodyLen=5"}
{"ts":"2026-04-01T19:27:34.118Z","level":"INFO","device":"868120018681","event":"SERVER_ACK","detail":"0x0200 result=OK"}
{"ts":"2026-04-01T19:27:34.122Z","level":"INFO","device":"868120018681","event":"RX_MSG","detail":"0x9208 bodyLen=81"}
{"ts":"2026-04-01T19:27:34.123Z","level":"INFO","device":"868120018681","event":"9208_RAW","detail":"0C35342E33372E3232352E36350D31000086812001868100260401192734070200383638313230303138363831303032363034303131393237333430373032303000000000000000000000000000000000"}
{"ts":"2026-04-01T19:27:34.123Z","level":"INFO","device":"868120018681","event":"UPLOAD_TRIGGERED","detail":"media: 54.37.225.65:3377 | alarmId: 86812001868100260401192734070200"}
{"ts":"2026-04-01T19:27:34.123Z","level":"INFO","device":"868120018681","event":"MEDIA_CONNECTING","detail":"54.37.225.65:3377 files=2"}
{"ts":"2026-04-01T19:27:34.128Z","level":"INFO","device":"868120018681","event":"RX_MSG","detail":"0x8001 bodyLen=5"}
{"ts":"2026-04-01T19:27:34.128Z","level":"INFO","device":"868120018681","event":"SERVER_ACK","detail":"0x0800 result=OK"}
{"ts":"2026-04-01T19:27:34.132Z","level":"INFO","device":"868120018681","event":"MEDIA_CONNECTED","detail":"54.37.225.65:3377"}
{"ts":"2026-04-01T19:27:34.132Z","level":"INFO","device":"868120018681","event":"FILE_START","detail":"[1/2] 00_64_6401_00_86812001868100260401192734070200.jpg (215 bytes)"}
{"ts":"2026-04-01T19:27:34.132Z","level":"INFO","device":"868120018681","event":"SENT_1210","detail":"00_64_6401_00_86812001868100260401192734070200.jpg"}
{"ts":"2026-04-01T19:27:34.143Z","level":"INFO","device":"868120018681","event":"MEDIA_RX","detail":"7E 80 01 00 05 86 81 20 01 86 81 F7 5F 00 00 12 10 00 0F 7E"}
{"ts":"2026-04-01T19:27:34.235Z","level":"INFO","device":"868120018681","event":"SENT_RAW_MARKER","detail":"00_64_6401_00_86812001868100260401192734070200.jpg packet=277 bytes data=215 bytes"}
{"ts":"2026-04-01T19:27:34.235Z","level":"INFO","device":"868120018681","event":"SENT_1212","detail":"00_64_6401_00_86812001868100260401192734070200.jpg type=0"}
{"ts":"2026-04-01T19:27:34.291Z","level":"INFO","device":"868120018681","event":"MEDIA_RX","detail":"7E 92 12 00 36 86 81 20 01 86 81 51 13 32 30 30 5F 36 34 5F 36 34 30 31 5F 30 30 5F 38 36 38 31 32 30 30 31 38 36 38 31 30 30 32 36 30 34 30 31 31 39 32 37 33 34 30 37 30 32 30 30 2E 6A 70 67 00 00 00 B8 7E"}
{"ts":"2026-04-01T19:27:34.544Z","level":"INFO","device":"868120018681","event":"FILE_START","detail":"[2/2] 02_64_6401_03_86812001868100260401192734070200.mp4 (1570024 bytes)"}
{"ts":"2026-04-01T19:27:34.544Z","level":"INFO","device":"868120018681","event":"SENT_1210","detail":"02_64_6401_03_86812001868100260401192734070200.mp4"}
{"ts":"2026-04-01T19:27:34.557Z","level":"INFO","device":"868120018681","event":"MEDIA_RX","detail":"7E 80 01 00 05 86 81 20 01 86 81 FF 31 00 02 12 10 00 6B 7E"}
{"ts":"2026-04-01T19:27:34.645Z","level":"INFO","device":"868120018681","event":"SENT_RAW_MARKER","detail":"02_64_6401_03_86812001868100260401192734070200.mp4 packet=1570086 bytes data=1570024 bytes"}
{"ts":"2026-04-01T19:27:34.711Z","level":"INFO","device":"868120018681","event":"SENT_1212","detail":"02_64_6401_03_86812001868100260401192734070200.mp4 type=2"}
{"ts":"2026-04-01T19:27:34.731Z","level":"INFO","device":"868120018681","event":"MEDIA_RX","detail":"7E 92 12 00 36 86 81 20 01 86 81 58 67 32 30 32 5F 36 34 5F 36 34 30 31 5F 30 33 5F 38 36 38 31 32 30 30 31 38 36 38 31 30 30 32 36 30 34 30 31 31 39 32 37 33 34 30 37 30 32 30 30 2E 6D 70 34 02 00 00 92 7E"}
{"ts":"2026-04-01T19:27:35.014Z","level":"INFO","device":"868120018681","event":"BATCH_COMPLETE","detail":"All 2 files sent"}
{"ts":"2026-04-01T19:27:35.030Z","level":"INFO","device":"868120018681","event":"MEDIA_CLOSED","detail":""}
{"ts":"2026-04-01T19:27:37.377Z","level":"INFO","device":"868120018681","event":"DISCONNECTED","detail":"clean stop"}

[SUMMARY] Run duration: 75s
[SUMMARY] GPS packets sent: 3
[SUMMARY] OBD2 packets sent: 0
[SUMMARY] Incidents fired: 7
[SUMMARY] Videos uploaded OK: 7
[SUMMARY] Videos failed: 0
[SUMMARY] Tracker pings sent: 0
[SUMMARY] Reconnections: 0
[SUMMARY] Log file: logs/sim-2026-04-01T19-26-24.log
