{"ts":"2026-04-04T21:30:08.033Z","level":"INFO","device":"868120018681","event":"CONNECTED","detail":"id:868120018681"}
{"ts":"2026-04-04T21:30:08.230Z","level":"INFO","device":"868120018681","event":"RX_MSG","detail":"0x8001 bodyLen=5"}
{"ts":"2026-04-04T21:30:08.231Z","level":"INFO","device":"868120018681","event":"SERVER_ACK","detail":"0x0102 result=OK"}
{"ts":"2026-04-04T21:30:27.859Z","level":"INFO","device":"868120018681","event":"GPS_SENT","detail":""}
{"ts":"2026-04-04T21:30:28.045Z","level":"INFO","device":"868120018681","event":"RX_MSG","detail":"0x8001 bodyLen=5"}
{"ts":"2026-04-04T21:30:28.045Z","level":"INFO","device":"868120018681","event":"SERVER_ACK","detail":"0x0200 result=OK"}
{"ts":"2026-04-04T21:30:47.878Z","level":"INFO","device":"868120018681","event":"GPS_SENT","detail":""}
{"ts":"2026-04-04T21:30:48.073Z","level":"INFO","device":"868120018681","event":"RX_MSG","detail":"0x8001 bodyLen=5"}
{"ts":"2026-04-04T21:30:48.073Z","level":"INFO","device":"868120018681","event":"SERVER_ACK","detail":"0x0200 result=OK"}
{"ts":"2026-04-04T21:31:07.878Z","level":"INFO","device":"868120018681","event":"GPS_SENT","detail":""}
{"ts":"2026-04-04T21:31:08.063Z","level":"INFO","device":"868120018681","event":"RX_MSG","detail":"0x8001 bodyLen=5"}
{"ts":"2026-04-04T21:31:08.064Z","level":"INFO","device":"868120018681","event":"SERVER_ACK","detail":"0x0200 result=OK"}
{"ts":"2026-04-04T21:31:09.928Z","level":"INFO","device":"868120018681","event":"RX_MSG","detail":"0x9101 bodyLen=20"}
{"ts":"2026-04-04T21:31:09.930Z","level":"INFO","device":"868120018681","event":"SENT_ACK","detail":"0x0001 acknowledging Live Stream Request"}
{"ts":"2026-04-04T21:31:09.932Z","level":"INFO","device":"868120018681","event":"LIVE_STREAM_REQ","detail":"Target: 54.37.225.65:3388 | Channel: 2"}
{"ts":"2026-04-04T21:31:09.934Z","level":"INFO","device":"868120018681","event":"LIVE_STREAM_CONNECTING","detail":"54.37.225.65:3388"}
{"ts":"2026-04-04T21:31:10.138Z","level":"INFO","device":"868120018681","event":"LIVE_STREAM_CONNECTED","detail":"Pumping real video frames..."}
{"ts":"2026-04-04T21:31:27.879Z","level":"INFO","device":"868120018681","event":"GPS_SENT","detail":""}
{"ts":"2026-04-04T21:31:28.063Z","level":"INFO","device":"868120018681","event":"RX_MSG","detail":"0x8001 bodyLen=5"}
{"ts":"2026-04-04T21:31:28.063Z","level":"INFO","device":"868120018681","event":"SERVER_ACK","detail":"0x0200 result=OK"}
{"ts":"2026-04-04T21:31:29.741Z","level":"INFO","device":"868120018681","event":"DISCONNECTED","detail":"clean stop"}
{"ts":"2026-04-04T21:31:29.744Z","level":"INFO","device":"300000000001","event":"DISCONNECTED","detail":"clean stop"}
{"ts":"2026-04-04T21:31:29.745Z","level":"INFO","device":"868120018681","event":"LIVE_STREAM_CLOSED","detail":"Stream ended."}

[SUMMARY] Run duration: 84s
[SUMMARY] GPS packets sent: 4
[SUMMARY] OBD2 packets sent: 0
[SUMMARY] DTC faults sent: 0
[SUMMARY] Incidents fired: 0
[SUMMARY] Videos uploaded OK: 0
[SUMMARY] Videos failed: 0
[SUMMARY] Tracker pings sent: 0
[SUMMARY] Reconnections: 0
[SUMMARY] Log file: logs/sim-2026-04-04T21-30-07.log
