{"ts":"2026-04-04T15:24:32.135Z","level":"INFO","device":"868120018681","event":"CONNECTED","detail":"id:868120018681"}
{"ts":"2026-04-04T15:24:32.193Z","level":"INFO","device":"868120018681","event":"RX_MSG","detail":"0x8001 bodyLen=5"}
{"ts":"2026-04-04T15:24:32.194Z","level":"INFO","device":"868120018681","event":"SERVER_ACK","detail":"0x0102 result=OK"}
{"ts":"2026-04-04T15:24:42.121Z","level":"INFO","device":"868120018681","event":"INCIDENT_SENT","detail":"mediaId=1 alarmId=86812001868100260404152442010200"}
{"ts":"2026-04-04T15:24:42.130Z","level":"INFO","device":"868120018681","event":"RX_MSG","detail":"0x8001 bodyLen=5"}
{"ts":"2026-04-04T15:24:42.130Z","level":"INFO","device":"868120018681","event":"SERVER_ACK","detail":"0x0200 result=OK"}
{"ts":"2026-04-04T15:24:42.138Z","level":"INFO","device":"868120018681","event":"RX_MSG","detail":"0x9208 bodyLen=81"}
{"ts":"2026-04-04T15:24:42.139Z","level":"INFO","device":"868120018681","event":"9208_RAW","detail":"0C35342E33372E3232352E36350D32000086812001868100260404152442010200383638313230303138363831303032363034303431353234343230313032303000000000000000000000000000000000"}
{"ts":"2026-04-04T15:24:42.139Z","level":"INFO","device":"868120018681","event":"UPLOAD_TRIGGERED","detail":"media: 54.37.225.65:3378 | alarmId: 86812001868100260404152442010200"}
{"ts":"2026-04-04T15:24:42.140Z","level":"INFO","device":"868120018681","event":"MEDIA_CONNECTING","detail":"54.37.225.65:3378 files=2"}
{"ts":"2026-04-04T15:24:42.143Z","level":"INFO","device":"868120018681","event":"RX_MSG","detail":"0x8001 bodyLen=5"}
{"ts":"2026-04-04T15:24:42.144Z","level":"INFO","device":"868120018681","event":"SERVER_ACK","detail":"0x0800 result=OK"}
{"ts":"2026-04-04T15:24:42.159Z","level":"INFO","device":"868120018681","event":"MEDIA_CONNECTED","detail":"54.37.225.65:3378"}
{"ts":"2026-04-04T15:24:42.159Z","level":"INFO","device":"868120018681","event":"FILE_START","detail":"[1/2] 00_64_6401_00_86812001868100260404152442010200.jpg (215 bytes)"}
{"ts":"2026-04-04T15:24:42.161Z","level":"INFO","device":"868120018681","event":"SENT_1210","detail":"00_64_6401_00_86812001868100260404152442010200.jpg"}
{"ts":"2026-04-04T15:24:42.165Z","level":"INFO","device":"868120018681","event":"MEDIA_RX","detail":"7E 80 01 00 05 86 81 20 01 86 81 50 77 00 00 12 10 00 80 7E"}
{"ts":"2026-04-04T15:24:42.264Z","level":"INFO","device":"868120018681","event":"SENT_RAW_MARKER","detail":"00_64_6401_00_86812001868100260404152442010200.jpg packet=277 bytes data=215 bytes"}
{"ts":"2026-04-04T15:24:42.265Z","level":"INFO","device":"868120018681","event":"SENT_1212","detail":"00_64_6401_00_86812001868100260404152442010200.jpg type=0"}
{"ts":"2026-04-04T15:24:42.319Z","level":"INFO","device":"868120018681","event":"MEDIA_RX","detail":"7E 92 12 00 36 86 81 20 01 86 81 47 4E 32 30 30 5F 36 34 5F 36 34 30 31 5F 30 30 5F 38 36 38 31 32 30 30 31 38 36 38 31 30 30 32 36 30 34 30 34 31 35 32 34 34 32 30 31 30 32 30 30 2E 6A 70 67 00 00 00 FE 7E"}
{"ts":"2026-04-04T15:24:42.570Z","level":"INFO","device":"868120018681","event":"FILE_START","detail":"[2/2] 02_64_6401_03_86812001868100260404152442010200.mp4 (65536 bytes)"}
{"ts":"2026-04-04T15:24:42.571Z","level":"INFO","device":"868120018681","event":"SENT_1210","detail":"02_64_6401_03_86812001868100260404152442010200.mp4"}
{"ts":"2026-04-04T15:24:42.578Z","level":"INFO","device":"868120018681","event":"MEDIA_RX","detail":"7E 80 01 00 05 86 81 20 01 86 81 85 2A 00 02 12 10 00 0A 7E"}
{"ts":"2026-04-04T15:24:42.675Z","level":"INFO","device":"868120018681","event":"SENT_RAW_MARKER","detail":"02_64_6401_03_86812001868100260404152442010200.mp4 packet=65598 bytes data=65536 bytes"}
{"ts":"2026-04-04T15:24:42.675Z","level":"INFO","device":"868120018681","event":"SENT_1212","detail":"02_64_6401_03_86812001868100260404152442010200.mp4 type=2"}
{"ts":"2026-04-04T15:24:42.708Z","level":"INFO","device":"868120018681","event":"MEDIA_RX","detail":"7E 92 12 00 36 86 81 20 01 86 81 63 32 32 30 32 5F 36 34 5F 36 34 30 31 5F 30 33 5F 38 36 38 31 32 30 30 31 38 36 38 31 30 30 32 36 30 34 30 34 31 35 32 34 34 32 30 31 30 32 30 30 2E 6D 70 34 02 00 00 F1 7E"}
{"ts":"2026-04-04T15:24:42.980Z","level":"INFO","device":"868120018681","event":"BATCH_COMPLETE","detail":"All 2 files sent"}
{"ts":"2026-04-04T15:24:42.993Z","level":"INFO","device":"868120018681","event":"MEDIA_CLOSED","detail":""}
{"ts":"2026-04-04T15:24:43.326Z","level":"INFO","device":"868120018681","event":"RX_MSG","detail":"0x9101 bodyLen=20"}
{"ts":"2026-04-04T15:24:43.326Z","level":"INFO","device":"868120018681","event":"SENT_ACK","detail":"0x0001 acknowledging Live Stream Request"}
{"ts":"2026-04-04T15:24:43.327Z","level":"INFO","device":"868120018681","event":"LIVE_STREAM_REQ","detail":"Target: 54.37.225.65:3378 | Channel: 1"}
{"ts":"2026-04-04T15:24:43.327Z","level":"INFO","device":"868120018681","event":"LIVE_STREAM_CONNECTING","detail":"54.37.225.65:3378"}
{"ts":"2026-04-04T15:24:43.338Z","level":"INFO","device":"868120018681","event":"LIVE_STREAM_CONNECTED","detail":"Pumping real video frames..."}
{"ts":"2026-04-04T15:24:52.123Z","level":"INFO","device":"868120018681","event":"INCIDENT_SENT","detail":"mediaId=2 alarmId=86812001868100260404152452020200"}
{"ts":"2026-04-04T15:24:52.132Z","level":"INFO","device":"868120018681","event":"RX_MSG","detail":"0x8001 bodyLen=5"}
{"ts":"2026-04-04T15:24:52.133Z","level":"INFO","device":"868120018681","event":"SERVER_ACK","detail":"0x0200 result=OK"}
{"ts":"2026-04-04T15:24:52.139Z","level":"INFO","device":"868120018681","event":"RX_MSG","detail":"0x9208 bodyLen=81"}
{"ts":"2026-04-04T15:24:52.139Z","level":"INFO","device":"868120018681","event":"9208_RAW","detail":"0C35342E33372E3232352E36350D32000086812001868100260404152452020200383638313230303138363831303032363034303431353234353230323032303000000000000000000000000000000000"}
{"ts":"2026-04-04T15:24:52.139Z","level":"INFO","device":"868120018681","event":"UPLOAD_TRIGGERED","detail":"media: 54.37.225.65:3378 | alarmId: 86812001868100260404152452020200"}
{"ts":"2026-04-04T15:24:52.140Z","level":"INFO","device":"868120018681","event":"MEDIA_CONNECTING","detail":"54.37.225.65:3378 files=2"}
{"ts":"2026-04-04T15:24:52.146Z","level":"INFO","device":"868120018681","event":"RX_MSG","detail":"0x8001 bodyLen=5"}
{"ts":"2026-04-04T15:24:52.146Z","level":"INFO","device":"868120018681","event":"SERVER_ACK","detail":"0x0800 result=OK"}
{"ts":"2026-04-04T15:24:52.150Z","level":"INFO","device":"868120018681","event":"MEDIA_CONNECTED","detail":"54.37.225.65:3378"}
{"ts":"2026-04-04T15:24:52.150Z","level":"INFO","device":"868120018681","event":"FILE_START","detail":"[1/2] 00_64_6401_00_86812001868100260404152452020200.jpg (215 bytes)"}
{"ts":"2026-04-04T15:24:52.150Z","level":"INFO","device":"868120018681","event":"SENT_1210","detail":"00_64_6401_00_86812001868100260404152452020200.jpg"}
{"ts":"2026-04-04T15:24:52.158Z","level":"INFO","device":"868120018681","event":"MEDIA_RX","detail":"7E 80 01 00 05 86 81 20 01 86 81 08 1F 00 00 12 10 00 B0 7E"}
{"ts":"2026-04-04T15:24:52.331Z","level":"INFO","device":"868120018681","event":"SENT_RAW_MARKER","detail":"00_64_6401_00_86812001868100260404152452020200.jpg packet=277 bytes data=215 bytes"}
{"ts":"2026-04-04T15:24:52.334Z","level":"INFO","device":"868120018681","event":"SENT_1212","detail":"00_64_6401_00_86812001868100260404152452020200.jpg type=0"}
{"ts":"2026-04-04T15:24:52.461Z","level":"INFO","device":"868120018681","event":"MEDIA_RX","detail":"7E 92 12 00 36 86 81 20 01 86 81 5D 8F 32 30 30 5F 36 34 5F 36 34 30 31 5F 30 30 5F 38 36 38 31 32 30 30 31 38 36 38 31 30 30 32 36 30 34 30 34 31 35 32 34 35 32 30 32 30 32 30 30 2E 6A 70 67 00 00 00 27 7E"}
{"ts":"2026-04-04T15:24:52.639Z","level":"INFO","device":"868120018681","event":"FILE_START","detail":"[2/2] 02_64_6401_03_86812001868100260404152452020200.mp4 (65536 bytes)"}
{"ts":"2026-04-04T15:24:52.640Z","level":"INFO","device":"868120018681","event":"SENT_1210","detail":"02_64_6401_03_86812001868100260404152452020200.mp4"}
{"ts":"2026-04-04T15:24:52.649Z","level":"INFO","device":"868120018681","event":"MEDIA_RX","detail":"7E 80 01 00 05 86 81 20 01 86 81 77 E6 00 02 12 10 00 34 7E"}
{"ts":"2026-04-04T15:24:52.744Z","level":"INFO","device":"868120018681","event":"SENT_RAW_MARKER","detail":"02_64_6401_03_86812001868100260404152452020200.mp4 packet=65598 bytes data=65536 bytes"}
{"ts":"2026-04-04T15:24:52.745Z","level":"INFO","device":"868120018681","event":"SENT_1212","detail":"02_64_6401_03_86812001868100260404152452020200.mp4 type=2"}
{"ts":"2026-04-04T15:24:52.930Z","level":"INFO","device":"868120018681","event":"MEDIA_RX","detail":"7E 92 12 00 36 86 81 20 01 86 81 43 CB 32 30 32 5F 36 34 5F 36 34 30 31 5F 30 33 5F 38 36 38 31 32 30 30 31 38 36 38 31 30 30 32 36 30 34 30 34 31 35 32 34 35 32 30 32 30 32 30 30 2E 6D 70 34 02 00 00 2A 7E"}
{"ts":"2026-04-04T15:24:53.049Z","level":"INFO","device":"868120018681","event":"BATCH_COMPLETE","detail":"All 2 files sent"}
{"ts":"2026-04-04T15:24:53.127Z","level":"INFO","device":"868120018681","event":"MEDIA_CLOSED","detail":""}
{"ts":"2026-04-04T15:24:57.117Z","level":"INFO","device":"868120018681","event":"GPS_SENT","detail":""}
{"ts":"2026-04-04T15:24:57.125Z","level":"INFO","device":"868120018681","event":"RX_MSG","detail":"0x8001 bodyLen=5"}
{"ts":"2026-04-04T15:24:57.126Z","level":"INFO","device":"868120018681","event":"SERVER_ACK","detail":"0x0200 result=OK"}
{"ts":"2026-04-04T15:25:02.125Z","level":"INFO","device":"868120018681","event":"INCIDENT_SENT","detail":"mediaId=3 alarmId=86812001868100260404152502030200"}
{"ts":"2026-04-04T15:25:02.134Z","level":"INFO","device":"868120018681","event":"RX_MSG","detail":"0x8001 bodyLen=5"}
{"ts":"2026-04-04T15:25:02.134Z","level":"INFO","device":"868120018681","event":"SERVER_ACK","detail":"0x0200 result=OK"}
{"ts":"2026-04-04T15:25:02.149Z","level":"INFO","device":"868120018681","event":"RX_MSG","detail":"0x9208 bodyLen=81"}
{"ts":"2026-04-04T15:25:02.149Z","level":"INFO","device":"868120018681","event":"9208_RAW","detail":"0C35342E33372E3232352E36350D32000086812001868100260404152502030200383638313230303138363831303032363034303431353235303230333032303000000000000000000000000000000000"}
{"ts":"2026-04-04T15:25:02.149Z","level":"INFO","device":"868120018681","event":"UPLOAD_TRIGGERED","detail":"media: 54.37.225.65:3378 | alarmId: 86812001868100260404152502030200"}
{"ts":"2026-04-04T15:25:02.149Z","level":"INFO","device":"868120018681","event":"MEDIA_CONNECTING","detail":"54.37.225.65:3378 files=2"}
{"ts":"2026-04-04T15:25:02.159Z","level":"INFO","device":"868120018681","event":"RX_MSG","detail":"0x8001 bodyLen=5"}
{"ts":"2026-04-04T15:25:02.161Z","level":"INFO","device":"868120018681","event":"SERVER_ACK","detail":"0x0800 result=OK"}
{"ts":"2026-04-04T15:25:02.167Z","level":"INFO","device":"868120018681","event":"MEDIA_CONNECTED","detail":"54.37.225.65:3378"}
{"ts":"2026-04-04T15:25:02.172Z","level":"INFO","device":"868120018681","event":"FILE_START","detail":"[1/2] 00_64_6401_00_86812001868100260404152502030200.jpg (215 bytes)"}
{"ts":"2026-04-04T15:25:02.173Z","level":"INFO","device":"868120018681","event":"SENT_1210","detail":"00_64_6401_00_86812001868100260404152502030200.jpg"}
{"ts":"2026-04-04T15:25:02.180Z","level":"INFO","device":"868120018681","event":"MEDIA_RX","detail":"7E 80 01 00 05 86 81 20 01 86 81 EE 42 00 00 12 10 00 0B 7E"}
{"ts":"2026-04-04T15:25:02.275Z","level":"INFO","device":"868120018681","event":"SENT_RAW_MARKER","detail":"00_64_6401_00_86812001868100260404152502030200.jpg packet=277 bytes data=215 bytes"}
{"ts":"2026-04-04T15:25:02.276Z","level":"INFO","device":"868120018681","event":"SENT_1212","detail":"00_64_6401_00_86812001868100260404152502030200.jpg type=0"}
{"ts":"2026-04-04T15:25:02.328Z","level":"INFO","device":"868120018681","event":"MEDIA_RX","detail":"7E 92 12 00 36 86 81 20 01 86 81 C9 FA 32 30 30 5F 36 34 5F 36 34 30 31 5F 30 30 5F 38 36 38 31 32 30 30 31 38 36 38 31 30 30 32 36 30 34 30 34 31 35 32 35 30 32 30 33 30 32 30 30 2E 6A 70 67 00 00 00 C3 7E"}
{"ts":"2026-04-04T15:25:02.579Z","level":"INFO","device":"868120018681","event":"FILE_START","detail":"[2/2] 02_64_6401_03_86812001868100260404152502030200.mp4 (65536 bytes)"}
{"ts":"2026-04-04T15:25:02.579Z","level":"INFO","device":"868120018681","event":"SENT_1210","detail":"02_64_6401_03_86812001868100260404152502030200.mp4"}
{"ts":"2026-04-04T15:25:02.590Z","level":"INFO","device":"868120018681","event":"MEDIA_RX","detail":"7E 80 01 00 05 86 81 20 01 86 81 5F BF 00 02 12 10 00 45 7E"}
{"ts":"2026-04-04T15:25:02.680Z","level":"INFO","device":"868120018681","event":"SENT_RAW_MARKER","detail":"02_64_6401_03_86812001868100260404152502030200.mp4 packet=65598 bytes data=65536 bytes"}
{"ts":"2026-04-04T15:25:02.681Z","level":"INFO","device":"868120018681","event":"SENT_1212","detail":"02_64_6401_03_86812001868100260404152502030200.mp4 type=2"}
{"ts":"2026-04-04T15:25:02.705Z","level":"INFO","device":"868120018681","event":"MEDIA_RX","detail":"7E 92 12 00 36 86 81 20 01 86 81 D6 C0 32 30 32 5F 36 34 5F 36 34 30 31 5F 30 33 5F 38 36 38 31 32 30 30 31 38 36 38 31 30 30 32 36 30 34 30 34 31 35 32 35 30 32 30 33 30 32 30 30 2E 6D 70 34 02 00 00 B1 7E"}
{"ts":"2026-04-04T15:25:02.983Z","level":"INFO","device":"868120018681","event":"BATCH_COMPLETE","detail":"All 2 files sent"}
{"ts":"2026-04-04T15:25:02.993Z","level":"INFO","device":"868120018681","event":"MEDIA_CLOSED","detail":""}
{"ts":"2026-04-04T15:25:12.128Z","level":"INFO","device":"868120018681","event":"INCIDENT_SENT","detail":"mediaId=4 alarmId=86812001868100260404152512040200"}
{"ts":"2026-04-04T15:25:12.136Z","level":"INFO","device":"868120018681","event":"RX_MSG","detail":"0x8001 bodyLen=5"}
{"ts":"2026-04-04T15:25:12.136Z","level":"INFO","device":"868120018681","event":"SERVER_ACK","detail":"0x0200 result=OK"}
{"ts":"2026-04-04T15:25:12.143Z","level":"INFO","device":"868120018681","event":"RX_MSG","detail":"0x9208 bodyLen=81"}
{"ts":"2026-04-04T15:25:12.143Z","level":"INFO","device":"868120018681","event":"9208_RAW","detail":"0C35342E33372E3232352E36350D32000086812001868100260404152512040200383638313230303138363831303032363034303431353235313230343032303000000000000000000000000000000000"}
{"ts":"2026-04-04T15:25:12.143Z","level":"INFO","device":"868120018681","event":"UPLOAD_TRIGGERED","detail":"media: 54.37.225.65:3378 | alarmId: 86812001868100260404152512040200"}
{"ts":"2026-04-04T15:25:12.143Z","level":"INFO","device":"868120018681","event":"MEDIA_CONNECTING","detail":"54.37.225.65:3378 files=2"}
{"ts":"2026-04-04T15:25:12.149Z","level":"INFO","device":"868120018681","event":"RX_MSG","detail":"0x8001 bodyLen=5"}
{"ts":"2026-04-04T15:25:12.149Z","level":"INFO","device":"868120018681","event":"SERVER_ACK","detail":"0x0800 result=OK"}
{"ts":"2026-04-04T15:25:12.151Z","level":"INFO","device":"868120018681","event":"MEDIA_CONNECTED","detail":"54.37.225.65:3378"}
{"ts":"2026-04-04T15:25:12.151Z","level":"INFO","device":"868120018681","event":"FILE_START","detail":"[1/2] 00_64_6401_00_86812001868100260404152512040200.jpg (215 bytes)"}
{"ts":"2026-04-04T15:25:12.151Z","level":"INFO","device":"868120018681","event":"SENT_1210","detail":"00_64_6401_00_86812001868100260404152512040200.jpg"}
{"ts":"2026-04-04T15:25:12.160Z","level":"INFO","device":"868120018681","event":"MEDIA_RX","detail":"7E 80 01 00 05 86 81 20 01 86 81 60 7D 02 00 00 12 10 00 B9 7E"}
{"ts":"2026-04-04T15:25:12.252Z","level":"INFO","device":"868120018681","event":"SENT_RAW_MARKER","detail":"00_64_6401_00_86812001868100260404152512040200.jpg packet=277 bytes data=215 bytes"}
{"ts":"2026-04-04T15:25:12.253Z","level":"INFO","device":"868120018681","event":"SENT_1212","detail":"00_64_6401_00_86812001868100260404152512040200.jpg type=0"}
{"ts":"2026-04-04T15:25:12.309Z","level":"INFO","device":"868120018681","event":"MEDIA_RX","detail":"7E 92 12 00 36 86 81 20 01 86 81 D2 AC 32 30 30 5F 36 34 5F 36 34 30 31 5F 30 30 5F 38 36 38 31 32 30 30 31 38 36 38 31 30 30 32 36 30 34 30 34 31 35 32 35 31 32 30 34 30 32 30 30 2E 6A 70 67 00 00 00 88 7E"}
{"ts":"2026-04-04T15:25:12.554Z","level":"INFO","device":"868120018681","event":"FILE_START","detail":"[2/2] 02_64_6401_03_86812001868100260404152512040200.mp4 (65536 bytes)"}
{"ts":"2026-04-04T15:25:12.556Z","level":"INFO","device":"868120018681","event":"SENT_1210","detail":"02_64_6401_03_86812001868100260404152512040200.mp4"}
{"ts":"2026-04-04T15:25:12.566Z","level":"INFO","device":"868120018681","event":"MEDIA_RX","detail":"7E 80 01 00 05 86 81 20 01 86 81 D5 27 00 02 12 10 00 57 7E"}
{"ts":"2026-04-04T15:25:12.658Z","level":"INFO","device":"868120018681","event":"SENT_RAW_MARKER","detail":"02_64_6401_03_86812001868100260404152512040200.mp4 packet=65598 bytes data=65536 bytes"}
{"ts":"2026-04-04T15:25:12.659Z","level":"INFO","device":"868120018681","event":"SENT_1212","detail":"02_64_6401_03_86812001868100260404152512040200.mp4 type=2"}
{"ts":"2026-04-04T15:25:12.681Z","level":"INFO","device":"868120018681","event":"MEDIA_RX","detail":"7E 92 12 00 36 86 81 20 01 86 81 26 79 32 30 32 5F 36 34 5F 36 34 30 31 5F 30 33 5F 38 36 38 31 32 30 30 31 38 36 38 31 30 30 32 36 30 34 30 34 31 35 32 35 31 32 30 34 30 32 30 30 2E 6D 70 34 02 00 00 FE 7E"}
{"ts":"2026-04-04T15:25:12.962Z","level":"INFO","device":"868120018681","event":"BATCH_COMPLETE","detail":"All 2 files sent"}
{"ts":"2026-04-04T15:25:12.974Z","level":"INFO","device":"868120018681","event":"MEDIA_CLOSED","detail":""}
{"ts":"2026-04-04T15:25:22.121Z","level":"INFO","device":"868120018681","event":"GPS_SENT","detail":""}
{"ts":"2026-04-04T15:25:22.127Z","level":"INFO","device":"868120018681","event":"INCIDENT_SENT","detail":"mediaId=5 alarmId=86812001868100260404152522050200"}
{"ts":"2026-04-04T15:25:22.130Z","level":"INFO","device":"868120018681","event":"RX_MSG","detail":"0x8001 bodyLen=5"}
{"ts":"2026-04-04T15:25:22.130Z","level":"INFO","device":"868120018681","event":"SERVER_ACK","detail":"0x0200 result=OK"}
{"ts":"2026-04-04T15:25:22.138Z","level":"INFO","device":"868120018681","event":"RX_MSG","detail":"0x8001 bodyLen=5"}
{"ts":"2026-04-04T15:25:22.138Z","level":"INFO","device":"868120018681","event":"SERVER_ACK","detail":"0x0200 result=OK"}
{"ts":"2026-04-04T15:25:22.145Z","level":"INFO","device":"868120018681","event":"RX_MSG","detail":"0x8001 bodyLen=5"}
{"ts":"2026-04-04T15:25:22.145Z","level":"INFO","device":"868120018681","event":"SERVER_ACK","detail":"0x0800 result=OK"}
{"ts":"2026-04-04T15:25:22.145Z","level":"INFO","device":"868120018681","event":"RX_MSG","detail":"0x9208 bodyLen=81"}
{"ts":"2026-04-04T15:25:22.145Z","level":"INFO","device":"868120018681","event":"9208_RAW","detail":"0C35342E33372E3232352E36350D32000086812001868100260404152522050200383638313230303138363831303032363034303431353235323230353032303000000000000000000000000000000000"}
{"ts":"2026-04-04T15:25:22.145Z","level":"INFO","device":"868120018681","event":"UPLOAD_TRIGGERED","detail":"media: 54.37.225.65:3378 | alarmId: 86812001868100260404152522050200"}
{"ts":"2026-04-04T15:25:22.145Z","level":"INFO","device":"868120018681","event":"MEDIA_CONNECTING","detail":"54.37.225.65:3378 files=2"}
{"ts":"2026-04-04T15:25:22.157Z","level":"INFO","device":"868120018681","event":"MEDIA_CONNECTED","detail":"54.37.225.65:3378"}
{"ts":"2026-04-04T15:25:22.158Z","level":"INFO","device":"868120018681","event":"FILE_START","detail":"[1/2] 00_64_6401_00_86812001868100260404152522050200.jpg (215 bytes)"}
{"ts":"2026-04-04T15:25:22.161Z","level":"INFO","device":"868120018681","event":"SENT_1210","detail":"00_64_6401_00_86812001868100260404152522050200.jpg"}
{"ts":"2026-04-04T15:25:22.166Z","level":"INFO","device":"868120018681","event":"MEDIA_RX","detail":"7E 80 01 00 05 86 81 20 01 86 81 AB 42 00 00 12 10 00 4E 7E"}
{"ts":"2026-04-04T15:25:22.262Z","level":"INFO","device":"868120018681","event":"SENT_RAW_MARKER","detail":"00_64_6401_00_86812001868100260404152522050200.jpg packet=277 bytes data=215 bytes"}
{"ts":"2026-04-04T15:25:22.263Z","level":"INFO","device":"868120018681","event":"SENT_1212","detail":"00_64_6401_00_86812001868100260404152522050200.jpg type=0"}
{"ts":"2026-04-04T15:25:22.316Z","level":"INFO","device":"868120018681","event":"MEDIA_RX","detail":"7E 92 12 00 36 86 81 20 01 86 81 79 10 32 30 30 5F 36 34 5F 36 34 30 31 5F 30 30 5F 38 36 38 31 32 30 30 31 38 36 38 31 30 30 32 36 30 34 30 34 31 35 32 35 32 32 30 35 30 32 30 30 2E 6A 70 67 00 00 00 9D 7E"}
{"ts":"2026-04-04T15:25:22.566Z","level":"INFO","device":"868120018681","event":"FILE_START","detail":"[2/2] 02_64_6401_03_86812001868100260404152522050200.mp4 (65536 bytes)"}
{"ts":"2026-04-04T15:25:22.566Z","level":"INFO","device":"868120018681","event":"SENT_1210","detail":"02_64_6401_03_86812001868100260404152522050200.mp4"}
{"ts":"2026-04-04T15:25:22.572Z","level":"INFO","device":"868120018681","event":"MEDIA_RX","detail":"7E 80 01 00 05 86 81 20 01 86 81 72 0B 00 02 12 10 00 DC 7E"}
{"ts":"2026-04-04T15:25:22.671Z","level":"INFO","device":"868120018681","event":"SENT_RAW_MARKER","detail":"02_64_6401_03_86812001868100260404152522050200.mp4 packet=65598 bytes data=65536 bytes"}
{"ts":"2026-04-04T15:25:22.672Z","level":"INFO","device":"868120018681","event":"SENT_1212","detail":"02_64_6401_03_86812001868100260404152522050200.mp4 type=2"}
{"ts":"2026-04-04T15:25:22.701Z","level":"INFO","device":"868120018681","event":"MEDIA_RX","detail":"7E 92 12 00 36 86 81 20 01 86 81 C1 EA 32 30 32 5F 36 34 5F 36 34 30 31 5F 30 33 5F 38 36 38 31 32 30 30 31 38 36 38 31 30 30 32 36 30 34 30 34 31 35 32 35 32 32 30 35 30 32 30 30 2E 6D 70 34 02 00 00 88 7E"}
{"ts":"2026-04-04T15:25:22.976Z","level":"INFO","device":"868120018681","event":"BATCH_COMPLETE","detail":"All 2 files sent"}
{"ts":"2026-04-04T15:25:22.986Z","level":"INFO","device":"868120018681","event":"MEDIA_CLOSED","detail":""}
{"ts":"2026-04-04T15:25:32.128Z","level":"INFO","device":"868120018681","event":"INCIDENT_SENT","detail":"mediaId=6 alarmId=86812001868100260404152532060200"}
{"ts":"2026-04-04T15:25:32.137Z","level":"INFO","device":"868120018681","event":"RX_MSG","detail":"0x8001 bodyLen=5"}
{"ts":"2026-04-04T15:25:32.137Z","level":"INFO","device":"868120018681","event":"SERVER_ACK","detail":"0x0200 result=OK"}
{"ts":"2026-04-04T15:25:32.206Z","level":"INFO","device":"868120018681","event":"RX_MSG","detail":"0x9208 bodyLen=81"}
{"ts":"2026-04-04T15:25:32.206Z","level":"INFO","device":"868120018681","event":"9208_RAW","detail":"0C35342E33372E3232352E36350D32000086812001868100260404152532060200383638313230303138363831303032363034303431353235333230363032303000000000000000000000000000000000"}
{"ts":"2026-04-04T15:25:32.206Z","level":"INFO","device":"868120018681","event":"UPLOAD_TRIGGERED","detail":"media: 54.37.225.65:3378 | alarmId: 86812001868100260404152532060200"}
{"ts":"2026-04-04T15:25:32.206Z","level":"INFO","device":"868120018681","event":"MEDIA_CONNECTING","detail":"54.37.225.65:3378 files=2"}
{"ts":"2026-04-04T15:25:32.207Z","level":"INFO","device":"868120018681","event":"RX_MSG","detail":"0x8001 bodyLen=5"}
{"ts":"2026-04-04T15:25:32.207Z","level":"INFO","device":"868120018681","event":"SERVER_ACK","detail":"0x0800 result=OK"}
{"ts":"2026-04-04T15:25:32.214Z","level":"INFO","device":"868120018681","event":"MEDIA_CONNECTED","detail":"54.37.225.65:3378"}
{"ts":"2026-04-04T15:25:32.215Z","level":"INFO","device":"868120018681","event":"FILE_START","detail":"[1/2] 00_64_6401_00_86812001868100260404152532060200.jpg (215 bytes)"}
{"ts":"2026-04-04T15:25:32.215Z","level":"INFO","device":"868120018681","event":"SENT_1210","detail":"00_64_6401_00_86812001868100260404152532060200.jpg"}
{"ts":"2026-04-04T15:25:32.223Z","level":"INFO","device":"868120018681","event":"MEDIA_RX","detail":"7E 80 01 00 05 86 81 20 01 86 81 B7 3D 00 00 12 10 00 2D 7E"}
{"ts":"2026-04-04T15:25:32.319Z","level":"INFO","device":"868120018681","event":"SENT_RAW_MARKER","detail":"00_64_6401_00_86812001868100260404152532060200.jpg packet=277 bytes data=215 bytes"}
{"ts":"2026-04-04T15:25:32.319Z","level":"INFO","device":"868120018681","event":"SENT_1212","detail":"00_64_6401_00_86812001868100260404152532060200.jpg type=0"}
{"ts":"2026-04-04T15:25:32.381Z","level":"INFO","device":"868120018681","event":"MEDIA_RX","detail":"7E 92 12 00 36 86 81 20 01 86 81 2E AE 32 30 30 5F 36 34 5F 36 34 30 31 5F 30 30 5F 38 36 38 31 32 30 30 31 38 36 38 31 30 30 32 36 30 34 30 34 31 35 32 35 33 32 30 36 30 32 30 30 2E 6A 70 67 00 00 00 76 7E"}
{"ts":"2026-04-04T15:25:32.621Z","level":"INFO","device":"868120018681","event":"FILE_START","detail":"[2/2] 02_64_6401_03_86812001868100260404152532060200.mp4 (65536 bytes)"}
{"ts":"2026-04-04T15:25:32.622Z","level":"INFO","device":"868120018681","event":"SENT_1210","detail":"02_64_6401_03_86812001868100260404152532060200.mp4"}
{"ts":"2026-04-04T15:25:32.631Z","level":"INFO","device":"868120018681","event":"MEDIA_RX","detail":"7E 80 01 00 05 86 81 20 01 86 81 37 61 00 02 12 10 00 F3 7E"}
{"ts":"2026-04-04T15:25:32.723Z","level":"INFO","device":"868120018681","event":"SENT_RAW_MARKER","detail":"02_64_6401_03_86812001868100260404152532060200.mp4 packet=65598 bytes data=65536 bytes"}
{"ts":"2026-04-04T15:25:32.723Z","level":"INFO","device":"868120018681","event":"SENT_1212","detail":"02_64_6401_03_86812001868100260404152532060200.mp4 type=2"}
{"ts":"2026-04-04T15:25:32.747Z","level":"INFO","device":"868120018681","event":"MEDIA_RX","detail":"7E 92 12 00 36 86 81 20 01 86 81 48 BF 32 30 32 5F 36 34 5F 36 34 30 31 5F 30 33 5F 38 36 38 31 32 30 30 31 38 36 38 31 30 30 32 36 30 34 30 34 31 35 32 35 33 32 30 36 30 32 30 30 2E 6D 70 34 02 00 00 56 7E"}
{"ts":"2026-04-04T15:25:33.024Z","level":"INFO","device":"868120018681","event":"BATCH_COMPLETE","detail":"All 2 files sent"}
{"ts":"2026-04-04T15:25:33.033Z","level":"INFO","device":"868120018681","event":"MEDIA_CLOSED","detail":""}
{"ts":"2026-04-04T15:25:42.129Z","level":"INFO","device":"868120018681","event":"INCIDENT_SENT","detail":"mediaId=7 alarmId=86812001868100260404152542070200"}
{"ts":"2026-04-04T15:25:42.137Z","level":"INFO","device":"868120018681","event":"RX_MSG","detail":"0x8001 bodyLen=5"}
{"ts":"2026-04-04T15:25:42.137Z","level":"INFO","device":"868120018681","event":"SERVER_ACK","detail":"0x0200 result=OK"}
{"ts":"2026-04-04T15:25:42.144Z","level":"INFO","device":"868120018681","event":"RX_MSG","detail":"0x9208 bodyLen=81"}
{"ts":"2026-04-04T15:25:42.144Z","level":"INFO","device":"868120018681","event":"9208_RAW","detail":"0C35342E33372E3232352E36350D32000086812001868100260404152542070200383638313230303138363831303032363034303431353235343230373032303000000000000000000000000000000000"}
{"ts":"2026-04-04T15:25:42.145Z","level":"INFO","device":"868120018681","event":"UPLOAD_TRIGGERED","detail":"media: 54.37.225.65:3378 | alarmId: 86812001868100260404152542070200"}
{"ts":"2026-04-04T15:25:42.145Z","level":"INFO","device":"868120018681","event":"MEDIA_CONNECTING","detail":"54.37.225.65:3378 files=2"}
{"ts":"2026-04-04T15:25:42.170Z","level":"INFO","device":"868120018681","event":"RX_MSG","detail":"0x8001 bodyLen=5"}
{"ts":"2026-04-04T15:25:42.170Z","level":"INFO","device":"868120018681","event":"SERVER_ACK","detail":"0x0800 result=OK"}
{"ts":"2026-04-04T15:25:42.171Z","level":"INFO","device":"868120018681","event":"MEDIA_CONNECTED","detail":"54.37.225.65:3378"}
{"ts":"2026-04-04T15:25:42.171Z","level":"INFO","device":"868120018681","event":"FILE_START","detail":"[1/2] 00_64_6401_00_86812001868100260404152542070200.jpg (215 bytes)"}
{"ts":"2026-04-04T15:25:42.171Z","level":"INFO","device":"868120018681","event":"SENT_1210","detail":"00_64_6401_00_86812001868100260404152542070200.jpg"}
{"ts":"2026-04-04T15:25:42.182Z","level":"INFO","device":"868120018681","event":"MEDIA_RX","detail":"7E 80 01 00 05 86 81 20 01 86 81 5F 21 00 00 12 10 00 D9 7E"}
{"ts":"2026-04-04T15:25:42.271Z","level":"INFO","device":"868120018681","event":"SENT_RAW_MARKER","detail":"00_64_6401_00_86812001868100260404152542070200.jpg packet=277 bytes data=215 bytes"}
{"ts":"2026-04-04T15:25:42.272Z","level":"INFO","device":"868120018681","event":"SENT_1212","detail":"00_64_6401_00_86812001868100260404152542070200.jpg type=0"}
{"ts":"2026-04-04T15:25:42.325Z","level":"INFO","device":"868120018681","event":"MEDIA_RX","detail":"7E 92 12 00 36 86 81 20 01 86 81 2F 68 32 30 30 5F 36 34 5F 36 34 30 31 5F 30 30 5F 38 36 38 31 32 30 30 31 38 36 38 31 30 30 32 36 30 34 30 34 31 35 32 35 34 32 30 37 30 32 30 30 2E 6A 70 67 00 00 00 B7 7E"}
{"ts":"2026-04-04T15:25:42.575Z","level":"INFO","device":"868120018681","event":"FILE_START","detail":"[2/2] 02_64_6401_03_86812001868100260404152542070200.mp4 (65536 bytes)"}
{"ts":"2026-04-04T15:25:42.578Z","level":"INFO","device":"868120018681","event":"SENT_1210","detail":"02_64_6401_03_86812001868100260404152542070200.mp4"}
{"ts":"2026-04-04T15:25:42.588Z","level":"INFO","device":"868120018681","event":"MEDIA_RX","detail":"7E 80 01 00 05 86 81 20 01 86 81 FE 39 00 02 12 10 00 62 7E"}
{"ts":"2026-04-04T15:25:42.679Z","level":"INFO","device":"868120018681","event":"SENT_RAW_MARKER","detail":"02_64_6401_03_86812001868100260404152542070200.mp4 packet=65598 bytes data=65536 bytes"}
{"ts":"2026-04-04T15:25:42.680Z","level":"INFO","device":"868120018681","event":"SENT_1212","detail":"02_64_6401_03_86812001868100260404152542070200.mp4 type=2"}
{"ts":"2026-04-04T15:25:42.706Z","level":"INFO","device":"868120018681","event":"MEDIA_RX","detail":"7E 92 12 00 36 86 81 20 01 86 81 95 85 32 30 32 5F 36 34 5F 36 34 30 31 5F 30 33 5F 38 36 38 31 32 30 30 31 38 36 38 31 30 30 32 36 30 34 30 34 31 35 32 35 34 32 30 37 30 32 30 30 2E 6D 70 34 02 00 00 B7 7E"}
{"ts":"2026-04-04T15:25:42.983Z","level":"INFO","device":"868120018681","event":"BATCH_COMPLETE","detail":"All 2 files sent"}
{"ts":"2026-04-04T15:25:42.992Z","level":"INFO","device":"868120018681","event":"MEDIA_CLOSED","detail":""}
{"ts":"2026-04-04T15:25:47.124Z","level":"INFO","device":"868120018681","event":"GPS_SENT","detail":""}
{"ts":"2026-04-04T15:25:47.132Z","level":"INFO","device":"868120018681","event":"RX_MSG","detail":"0x8001 bodyLen=5"}
{"ts":"2026-04-04T15:25:47.132Z","level":"INFO","device":"868120018681","event":"SERVER_ACK","detail":"0x0200 result=OK"}
{"ts":"2026-04-04T15:25:52.144Z","level":"INFO","device":"868120018681","event":"INCIDENT_SENT","detail":"mediaId=8 alarmId=86812001868100260404152552080200"}
{"ts":"2026-04-04T15:25:52.155Z","level":"INFO","device":"868120018681","event":"RX_MSG","detail":"0x8001 bodyLen=5"}
{"ts":"2026-04-04T15:25:52.156Z","level":"INFO","device":"868120018681","event":"SERVER_ACK","detail":"0x0200 result=OK"}
{"ts":"2026-04-04T15:25:52.222Z","level":"INFO","device":"868120018681","event":"RX_MSG","detail":"0x9208 bodyLen=81"}
{"ts":"2026-04-04T15:25:52.223Z","level":"INFO","device":"868120018681","event":"9208_RAW","detail":"0C35342E33372E3232352E36350D32000086812001868100260404152552080200383638313230303138363831303032363034303431353235353230383032303000000000000000000000000000000000"}
{"ts":"2026-04-04T15:25:52.223Z","level":"INFO","device":"868120018681","event":"UPLOAD_TRIGGERED","detail":"media: 54.37.225.65:3378 | alarmId: 86812001868100260404152552080200"}
{"ts":"2026-04-04T15:25:52.223Z","level":"INFO","device":"868120018681","event":"MEDIA_CONNECTING","detail":"54.37.225.65:3378 files=2"}
{"ts":"2026-04-04T15:25:52.225Z","level":"INFO","device":"868120018681","event":"RX_MSG","detail":"0x8001 bodyLen=5"}
{"ts":"2026-04-04T15:25:52.225Z","level":"INFO","device":"868120018681","event":"SERVER_ACK","detail":"0x0800 result=OK"}
{"ts":"2026-04-04T15:25:52.236Z","level":"INFO","device":"868120018681","event":"MEDIA_CONNECTED","detail":"54.37.225.65:3378"}
{"ts":"2026-04-04T15:25:52.236Z","level":"INFO","device":"868120018681","event":"FILE_START","detail":"[1/2] 00_64_6401_00_86812001868100260404152552080200.jpg (215 bytes)"}
{"ts":"2026-04-04T15:25:52.237Z","level":"INFO","device":"868120018681","event":"SENT_1210","detail":"00_64_6401_00_86812001868100260404152552080200.jpg"}
{"ts":"2026-04-04T15:25:52.251Z","level":"INFO","device":"868120018681","event":"MEDIA_RX","detail":"7E 80 01 00 05 86 81 20 01 86 81 AD C4 00 00 12 10 00 CE 7E"}
{"ts":"2026-04-04T15:25:52.338Z","level":"INFO","device":"868120018681","event":"SENT_RAW_MARKER","detail":"00_64_6401_00_86812001868100260404152552080200.jpg packet=277 bytes data=215 bytes"}
{"ts":"2026-04-04T15:25:52.338Z","level":"INFO","device":"868120018681","event":"SENT_1212","detail":"00_64_6401_00_86812001868100260404152552080200.jpg type=0"}
{"ts":"2026-04-04T15:25:52.391Z","level":"INFO","device":"868120018681","event":"MEDIA_RX","detail":"7E 92 12 00 36 86 81 20 01 86 81 45 11 32 30 30 5F 36 34 5F 36 34 30 31 5F 30 30 5F 38 36 38 31 32 30 30 31 38 36 38 31 30 30 32 36 30 34 30 34 31 35 32 35 35 32 30 38 30 32 30 30 2E 6A 70 67 00 00 00 AA 7E"}
{"ts":"2026-04-04T15:25:52.641Z","level":"INFO","device":"868120018681","event":"FILE_START","detail":"[2/2] 02_64_6401_03_86812001868100260404152552080200.mp4 (65536 bytes)"}
{"ts":"2026-04-04T15:25:52.641Z","level":"INFO","device":"868120018681","event":"SENT_1210","detail":"02_64_6401_03_86812001868100260404152552080200.mp4"}
{"ts":"2026-04-04T15:25:52.651Z","level":"INFO","device":"868120018681","event":"MEDIA_RX","detail":"7E 80 01 00 05 86 81 20 01 86 81 F8 64 00 02 12 10 00 39 7E"}
{"ts":"2026-04-04T15:25:52.744Z","level":"INFO","device":"868120018681","event":"SENT_RAW_MARKER","detail":"02_64_6401_03_86812001868100260404152552080200.mp4 packet=65598 bytes data=65536 bytes"}
{"ts":"2026-04-04T15:25:52.745Z","level":"INFO","device":"868120018681","event":"SENT_1212","detail":"02_64_6401_03_86812001868100260404152552080200.mp4 type=2"}
{"ts":"2026-04-04T15:25:52.772Z","level":"INFO","device":"868120018681","event":"MEDIA_RX","detail":"7E 92 12 00 36 86 81 20 01 86 81 FF E1 32 30 32 5F 36 34 5F 36 34 30 31 5F 30 33 5F 38 36 38 31 32 30 30 31 38 36 38 31 30 30 32 36 30 34 30 34 31 35 32 35 35 32 30 38 30 32 30 30 2E 6D 70 34 02 00 00 B7 7E"}
{"ts":"2026-04-04T15:25:53.045Z","level":"INFO","device":"868120018681","event":"BATCH_COMPLETE","detail":"All 2 files sent"}
{"ts":"2026-04-04T15:25:53.054Z","level":"INFO","device":"868120018681","event":"MEDIA_CLOSED","detail":""}
{"ts":"2026-04-04T15:26:02.146Z","level":"INFO","device":"868120018681","event":"INCIDENT_SENT","detail":"mediaId=9 alarmId=86812001868100260404152602090200"}
{"ts":"2026-04-04T15:26:02.157Z","level":"INFO","device":"868120018681","event":"RX_MSG","detail":"0x8001 bodyLen=5"}
{"ts":"2026-04-04T15:26:02.158Z","level":"INFO","device":"868120018681","event":"SERVER_ACK","detail":"0x0200 result=OK"}
{"ts":"2026-04-04T15:26:02.165Z","level":"INFO","device":"868120018681","event":"RX_MSG","detail":"0x9208 bodyLen=81"}
{"ts":"2026-04-04T15:26:02.165Z","level":"INFO","device":"868120018681","event":"9208_RAW","detail":"0C35342E33372E3232352E36350D32000086812001868100260404152602090200383638313230303138363831303032363034303431353236303230393032303000000000000000000000000000000000"}
{"ts":"2026-04-04T15:26:02.182Z","level":"INFO","device":"868120018681","event":"UPLOAD_TRIGGERED","detail":"media: 54.37.225.65:3378 | alarmId: 86812001868100260404152602090200"}
{"ts":"2026-04-04T15:26:02.182Z","level":"INFO","device":"868120018681","event":"MEDIA_CONNECTING","detail":"54.37.225.65:3378 files=2"}
{"ts":"2026-04-04T15:26:02.183Z","level":"INFO","device":"868120018681","event":"RX_MSG","detail":"0x8001 bodyLen=5"}
{"ts":"2026-04-04T15:26:02.183Z","level":"INFO","device":"868120018681","event":"SERVER_ACK","detail":"0x0800 result=OK"}
{"ts":"2026-04-04T15:26:02.196Z","level":"INFO","device":"868120018681","event":"MEDIA_CONNECTED","detail":"54.37.225.65:3378"}
{"ts":"2026-04-04T15:26:02.196Z","level":"INFO","device":"868120018681","event":"FILE_START","detail":"[1/2] 00_64_6401_00_86812001868100260404152602090200.jpg (215 bytes)"}
{"ts":"2026-04-04T15:26:02.196Z","level":"INFO","device":"868120018681","event":"SENT_1210","detail":"00_64_6401_00_86812001868100260404152602090200.jpg"}
{"ts":"2026-04-04T15:26:02.209Z","level":"INFO","device":"868120018681","event":"MEDIA_RX","detail":"7E 80 01 00 05 86 81 20 01 86 81 F6 14 00 00 12 10 00 45 7E"}
{"ts":"2026-04-04T15:26:02.299Z","level":"INFO","device":"868120018681","event":"SENT_RAW_MARKER","detail":"00_64_6401_00_86812001868100260404152602090200.jpg packet=277 bytes data=215 bytes"}
{"ts":"2026-04-04T15:26:02.299Z","level":"INFO","device":"868120018681","event":"SENT_1212","detail":"00_64_6401_00_86812001868100260404152602090200.jpg type=0"}
{"ts":"2026-04-04T15:26:02.354Z","level":"INFO","device":"868120018681","event":"MEDIA_RX","detail":"7E 92 12 00 36 86 81 20 01 86 81 09 08 32 30 30 5F 36 34 5F 36 34 30 31 5F 30 30 5F 38 36 38 31 32 30 30 31 38 36 38 31 30 30 32 36 30 34 30 34 31 35 32 36 30 32 30 39 30 32 30 30 2E 6A 70 67 00 00 00 F8 7E"}
{"ts":"2026-04-04T15:26:02.600Z","level":"INFO","device":"868120018681","event":"FILE_START","detail":"[2/2] 02_64_6401_03_86812001868100260404152602090200.mp4 (65536 bytes)"}
{"ts":"2026-04-04T15:26:02.601Z","level":"INFO","device":"868120018681","event":"SENT_1210","detail":"02_64_6401_03_86812001868100260404152602090200.mp4"}
{"ts":"2026-04-04T15:26:02.614Z","level":"INFO","device":"868120018681","event":"MEDIA_RX","detail":"7E 80 01 00 05 86 81 20 01 86 81 00 75 00 02 12 10 00 D0 7E"}
{"ts":"2026-04-04T15:26:02.705Z","level":"INFO","device":"868120018681","event":"SENT_RAW_MARKER","detail":"02_64_6401_03_86812001868100260404152602090200.mp4 packet=65598 bytes data=65536 bytes"}
{"ts":"2026-04-04T15:26:02.705Z","level":"INFO","device":"868120018681","event":"SENT_1212","detail":"02_64_6401_03_86812001868100260404152602090200.mp4 type=2"}
{"ts":"2026-04-04T15:26:02.734Z","level":"INFO","device":"868120018681","event":"MEDIA_RX","detail":"7E 92 12 00 36 86 81 20 01 86 81 F3 6A 32 30 32 5F 36 34 5F 36 34 30 31 5F 30 33 5F 38 36 38 31 32 30 30 31 38 36 38 31 30 30 32 36 30 34 30 34 31 35 32 36 30 32 30 39 30 32 30 30 2E 6D 70 34 02 00 00 37 7E"}
{"ts":"2026-04-04T15:26:03.007Z","level":"INFO","device":"868120018681","event":"BATCH_COMPLETE","detail":"All 2 files sent"}
{"ts":"2026-04-04T15:26:03.015Z","level":"INFO","device":"868120018681","event":"MEDIA_CLOSED","detail":""}
{"ts":"2026-04-04T15:26:12.125Z","level":"INFO","device":"868120018681","event":"GPS_SENT","detail":""}
{"ts":"2026-04-04T15:26:12.133Z","level":"INFO","device":"868120018681","event":"RX_MSG","detail":"0x8001 bodyLen=5"}
{"ts":"2026-04-04T15:26:12.133Z","level":"INFO","device":"868120018681","event":"SERVER_ACK","detail":"0x0200 result=OK"}
{"ts":"2026-04-04T15:26:12.148Z","level":"INFO","device":"868120018681","event":"INCIDENT_SENT","detail":"mediaId=10 alarmId=868120018681002604041526120A0200"}
{"ts":"2026-04-04T15:26:12.156Z","level":"INFO","device":"868120018681","event":"RX_MSG","detail":"0x8001 bodyLen=5"}
{"ts":"2026-04-04T15:26:12.156Z","level":"INFO","device":"868120018681","event":"SERVER_ACK","detail":"0x0200 result=OK"}
{"ts":"2026-04-04T15:26:12.182Z","level":"INFO","device":"868120018681","event":"RX_MSG","detail":"0x9208 bodyLen=81"}
{"ts":"2026-04-04T15:26:12.183Z","level":"INFO","device":"868120018681","event":"9208_RAW","detail":"0C35342E33372E3232352E36350D320000868120018681002604041526120A0200383638313230303138363831303032363034303431353236313230613032303000000000000000000000000000000000"}
{"ts":"2026-04-04T15:26:12.183Z","level":"INFO","device":"868120018681","event":"UPLOAD_TRIGGERED","detail":"media: 54.37.225.65:3378 | alarmId: 868120018681002604041526120A0200"}
{"ts":"2026-04-04T15:26:12.183Z","level":"INFO","device":"868120018681","event":"MEDIA_CONNECTING","detail":"54.37.225.65:3378 files=2"}
{"ts":"2026-04-04T15:26:12.183Z","level":"INFO","device":"868120018681","event":"RX_MSG","detail":"0x8001 bodyLen=5"}
{"ts":"2026-04-04T15:26:12.183Z","level":"INFO","device":"868120018681","event":"SERVER_ACK","detail":"0x0800 result=OK"}
{"ts":"2026-04-04T15:26:12.191Z","level":"INFO","device":"868120018681","event":"MEDIA_CONNECTED","detail":"54.37.225.65:3378"}
{"ts":"2026-04-04T15:26:12.191Z","level":"INFO","device":"868120018681","event":"FILE_START","detail":"[1/2] 00_64_6401_00_868120018681002604041526120A0200.jpg (215 bytes)"}
{"ts":"2026-04-04T15:26:12.191Z","level":"INFO","device":"868120018681","event":"SENT_1210","detail":"00_64_6401_00_868120018681002604041526120A0200.jpg"}
{"ts":"2026-04-04T15:26:12.199Z","level":"INFO","device":"868120018681","event":"MEDIA_RX","detail":"7E 80 01 00 05 86 81 20 01 86 81 2A 1E 00 00 12 10 00 93 7E"}
{"ts":"2026-04-04T15:26:12.296Z","level":"INFO","device":"868120018681","event":"SENT_RAW_MARKER","detail":"00_64_6401_00_868120018681002604041526120A0200.jpg packet=277 bytes data=215 bytes"}
{"ts":"2026-04-04T15:26:12.297Z","level":"INFO","device":"868120018681","event":"SENT_1212","detail":"00_64_6401_00_868120018681002604041526120A0200.jpg type=0"}
{"ts":"2026-04-04T15:26:12.349Z","level":"INFO","device":"868120018681","event":"MEDIA_RX","detail":"7E 92 12 00 36 86 81 20 01 86 81 1E 93 32 30 30 5F 36 34 5F 36 34 30 31 5F 30 30 5F 38 36 38 31 32 30 30 31 38 36 38 31 30 30 32 36 30 34 30 34 31 35 32 36 31 32 30 41 30 32 30 30 2E 6A 70 67 00 00 00 0D 7E"}
{"ts":"2026-04-04T15:26:12.602Z","level":"INFO","device":"868120018681","event":"FILE_START","detail":"[2/2] 02_64_6401_03_868120018681002604041526120A0200.mp4 (65536 bytes)"}
{"ts":"2026-04-04T15:26:12.602Z","level":"INFO","device":"868120018681","event":"SENT_1210","detail":"02_64_6401_03_868120018681002604041526120A0200.mp4"}
{"ts":"2026-04-04T15:26:12.609Z","level":"INFO","device":"868120018681","event":"MEDIA_RX","detail":"7E 80 01 00 05 86 81 20 01 86 81 1D 4A 00 02 12 10 00 F2 7E"}
{"ts":"2026-04-04T15:26:12.705Z","level":"INFO","device":"868120018681","event":"SENT_RAW_MARKER","detail":"02_64_6401_03_868120018681002604041526120A0200.mp4 packet=65598 bytes data=65536 bytes"}
{"ts":"2026-04-04T15:26:12.705Z","level":"INFO","device":"868120018681","event":"SENT_1212","detail":"02_64_6401_03_868120018681002604041526120A0200.mp4 type=2"}
{"ts":"2026-04-04T15:26:12.727Z","level":"INFO","device":"868120018681","event":"MEDIA_RX","detail":"7E 92 12 00 36 86 81 20 01 86 81 9C EA 32 30 32 5F 36 34 5F 36 34 30 31 5F 30 33 5F 38 36 38 31 32 30 30 31 38 36 38 31 30 30 32 36 30 34 30 34 31 35 32 36 31 32 30 41 30 32 30 30 2E 6D 70 34 02 00 00 A1 7E"}
