{"ts":"2026-04-04T15:18:27.468Z","level":"INFO","device":"868120018681","event":"CONNECTED","detail":"id:868120018681"}
{"ts":"2026-04-04T15:18:27.498Z","level":"INFO","device":"868120018681","event":"RX_MSG","detail":"0x8001 bodyLen=5"}
{"ts":"2026-04-04T15:18:27.501Z","level":"INFO","device":"868120018681","event":"SERVER_ACK","detail":"0x0102 result=OK"}
{"ts":"2026-04-04T15:18:37.459Z","level":"INFO","device":"868120018681","event":"INCIDENT_SENT","detail":"mediaId=1 alarmId=86812001868100260404151837010200"}
{"ts":"2026-04-04T15:18:37.470Z","level":"INFO","device":"868120018681","event":"RX_MSG","detail":"0x8001 bodyLen=5"}
{"ts":"2026-04-04T15:18:37.471Z","level":"INFO","device":"868120018681","event":"SERVER_ACK","detail":"0x0200 result=OK"}
{"ts":"2026-04-04T15:18:37.477Z","level":"INFO","device":"868120018681","event":"RX_MSG","detail":"0x9208 bodyLen=81"}
{"ts":"2026-04-04T15:18:37.477Z","level":"INFO","device":"868120018681","event":"9208_RAW","detail":"0C35342E33372E3232352E36350D32000086812001868100260404151837010200383638313230303138363831303032363034303431353138333730313032303000000000000000000000000000000000"}
{"ts":"2026-04-04T15:18:37.479Z","level":"INFO","device":"868120018681","event":"UPLOAD_TRIGGERED","detail":"media: 54.37.225.65:3378 | alarmId: 86812001868100260404151837010200"}
{"ts":"2026-04-04T15:18:37.479Z","level":"INFO","device":"868120018681","event":"MEDIA_CONNECTING","detail":"54.37.225.65:3378 files=2"}
{"ts":"2026-04-04T15:18:37.483Z","level":"INFO","device":"868120018681","event":"RX_MSG","detail":"0x8001 bodyLen=5"}
{"ts":"2026-04-04T15:18:37.485Z","level":"INFO","device":"868120018681","event":"SERVER_ACK","detail":"0x0800 result=OK"}
{"ts":"2026-04-04T15:18:37.487Z","level":"INFO","device":"868120018681","event":"MEDIA_CONNECTED","detail":"54.37.225.65:3378"}
{"ts":"2026-04-04T15:18:37.487Z","level":"INFO","device":"868120018681","event":"FILE_START","detail":"[1/2] 00_64_6401_00_86812001868100260404151837010200.jpg (215 bytes)"}
{"ts":"2026-04-04T15:18:37.488Z","level":"INFO","device":"868120018681","event":"SENT_1210","detail":"00_64_6401_00_86812001868100260404151837010200.jpg"}
{"ts":"2026-04-04T15:18:37.497Z","level":"INFO","device":"868120018681","event":"MEDIA_RX","detail":"7E 80 01 00 05 86 81 20 01 86 81 0F 5A 00 00 12 10 00 F2 7E"}
{"ts":"2026-04-04T15:18:37.593Z","level":"INFO","device":"868120018681","event":"SENT_RAW_MARKER","detail":"00_64_6401_00_86812001868100260404151837010200.jpg packet=277 bytes data=215 bytes"}
{"ts":"2026-04-04T15:18:37.593Z","level":"INFO","device":"868120018681","event":"SENT_1212","detail":"00_64_6401_00_86812001868100260404151837010200.jpg type=0"}
{"ts":"2026-04-04T15:18:37.649Z","level":"INFO","device":"868120018681","event":"MEDIA_RX","detail":"7E 92 12 00 36 86 81 20 01 86 81 64 04 32 30 30 5F 36 34 5F 36 34 30 31 5F 30 30 5F 38 36 38 31 32 30 30 31 38 36 38 31 30 30 32 36 30 34 30 34 31 35 31 38 33 37 30 31 30 32 30 30 2E 6A 70 67 00 00 00 9A 7E"}
{"ts":"2026-04-04T15:18:37.843Z","level":"INFO","device":"868120018681","event":"RX_MSG","detail":"0x9101 bodyLen=20"}
{"ts":"2026-04-04T15:18:37.844Z","level":"INFO","device":"868120018681","event":"SENT_ACK","detail":"0x0001 acknowledging Live Stream Request"}
{"ts":"2026-04-04T15:18:37.844Z","level":"INFO","device":"868120018681","event":"LIVE_STREAM_REQ","detail":"Target: 54.37.225.65:3378 | Channel: 1"}
{"ts":"2026-04-04T15:18:37.844Z","level":"INFO","device":"868120018681","event":"LIVE_STREAM_CONNECTING","detail":"54.37.225.65:3378"}
{"ts":"2026-04-04T15:18:37.859Z","level":"INFO","device":"868120018681","event":"LIVE_STREAM_CONNECTED","detail":"Pumping real video frames..."}
{"ts":"2026-04-04T15:18:37.894Z","level":"INFO","device":"868120018681","event":"FILE_START","detail":"[2/2] 02_64_6401_03_86812001868100260404151837010200.mp4 (65536 bytes)"}
{"ts":"2026-04-04T15:18:37.894Z","level":"INFO","device":"868120018681","event":"SENT_1210","detail":"02_64_6401_03_86812001868100260404151837010200.mp4"}
{"ts":"2026-04-04T15:18:37.901Z","level":"INFO","device":"868120018681","event":"MEDIA_RX","detail":"7E 80 01 00 05 86 81 20 01 86 81 6E A4 00 02 12 10 00 6F 7E"}
{"ts":"2026-04-04T15:18:37.997Z","level":"INFO","device":"868120018681","event":"SENT_RAW_MARKER","detail":"02_64_6401_03_86812001868100260404151837010200.mp4 packet=65598 bytes data=65536 bytes"}
{"ts":"2026-04-04T15:18:37.998Z","level":"INFO","device":"868120018681","event":"SENT_1212","detail":"02_64_6401_03_86812001868100260404151837010200.mp4 type=2"}
{"ts":"2026-04-04T15:18:38.019Z","level":"INFO","device":"868120018681","event":"MEDIA_RX","detail":"7E 92 12 00 36 86 81 20 01 86 81 CA 28 32 30 32 5F 36 34 5F 36 34 30 31 5F 30 33 5F 38 36 38 31 32 30 30 31 38 36 38 31 30 30 32 36 30 34 30 34 31 35 31 38 33 37 30 31 30 32 30 30 2E 6D 70 34 02 00 00 4F 7E"}
{"ts":"2026-04-04T15:18:38.300Z","level":"INFO","device":"868120018681","event":"BATCH_COMPLETE","detail":"All 2 files sent"}
{"ts":"2026-04-04T15:18:38.314Z","level":"INFO","device":"868120018681","event":"MEDIA_CLOSED","detail":""}
{"ts":"2026-04-04T15:18:47.459Z","level":"INFO","device":"868120018681","event":"INCIDENT_SENT","detail":"mediaId=2 alarmId=86812001868100260404151847020200"}
{"ts":"2026-04-04T15:18:47.467Z","level":"INFO","device":"868120018681","event":"RX_MSG","detail":"0x8001 bodyLen=5"}
{"ts":"2026-04-04T15:18:47.467Z","level":"INFO","device":"868120018681","event":"SERVER_ACK","detail":"0x0200 result=OK"}
{"ts":"2026-04-04T15:18:47.502Z","level":"INFO","device":"868120018681","event":"RX_MSG","detail":"0x9208 bodyLen=81"}
{"ts":"2026-04-04T15:18:47.502Z","level":"INFO","device":"868120018681","event":"9208_RAW","detail":"0C35342E33372E3232352E36350D32000086812001868100260404151847020200383638313230303138363831303032363034303431353138343730323032303000000000000000000000000000000000"}
{"ts":"2026-04-04T15:18:47.502Z","level":"INFO","device":"868120018681","event":"UPLOAD_TRIGGERED","detail":"media: 54.37.225.65:3378 | alarmId: 86812001868100260404151847020200"}
{"ts":"2026-04-04T15:18:47.502Z","level":"INFO","device":"868120018681","event":"MEDIA_CONNECTING","detail":"54.37.225.65:3378 files=2"}
{"ts":"2026-04-04T15:18:47.503Z","level":"INFO","device":"868120018681","event":"RX_MSG","detail":"0x8001 bodyLen=5"}
{"ts":"2026-04-04T15:18:47.504Z","level":"INFO","device":"868120018681","event":"SERVER_ACK","detail":"0x0800 result=OK"}
{"ts":"2026-04-04T15:18:47.509Z","level":"INFO","device":"868120018681","event":"MEDIA_CONNECTED","detail":"54.37.225.65:3378"}
{"ts":"2026-04-04T15:18:47.509Z","level":"INFO","device":"868120018681","event":"FILE_START","detail":"[1/2] 00_64_6401_00_86812001868100260404151847020200.jpg (215 bytes)"}
{"ts":"2026-04-04T15:18:47.510Z","level":"INFO","device":"868120018681","event":"SENT_1210","detail":"00_64_6401_00_86812001868100260404151847020200.jpg"}
{"ts":"2026-04-04T15:18:47.517Z","level":"INFO","device":"868120018681","event":"MEDIA_RX","detail":"7E 80 01 00 05 86 81 20 01 86 81 08 BA 00 00 12 10 00 15 7E"}
{"ts":"2026-04-04T15:18:47.613Z","level":"INFO","device":"868120018681","event":"SENT_RAW_MARKER","detail":"00_64_6401_00_86812001868100260404151847020200.jpg packet=277 bytes data=215 bytes"}
{"ts":"2026-04-04T15:18:47.614Z","level":"INFO","device":"868120018681","event":"SENT_1212","detail":"00_64_6401_00_86812001868100260404151847020200.jpg type=0"}
{"ts":"2026-04-04T15:18:47.667Z","level":"INFO","device":"868120018681","event":"MEDIA_RX","detail":"7E 92 12 00 36 86 81 20 01 86 81 6A 42 32 30 30 5F 36 34 5F 36 34 30 31 5F 30 30 5F 38 36 38 31 32 30 30 31 38 36 38 31 30 30 32 36 30 34 30 34 31 35 31 38 34 37 30 32 30 32 30 30 2E 6A 70 67 00 00 00 D6 7E"}
{"ts":"2026-04-04T15:18:47.917Z","level":"INFO","device":"868120018681","event":"FILE_START","detail":"[2/2] 02_64_6401_03_86812001868100260404151847020200.mp4 (65536 bytes)"}
{"ts":"2026-04-04T15:18:47.917Z","level":"INFO","device":"868120018681","event":"SENT_1210","detail":"02_64_6401_03_86812001868100260404151847020200.mp4"}
{"ts":"2026-04-04T15:18:47.927Z","level":"INFO","device":"868120018681","event":"MEDIA_RX","detail":"7E 80 01 00 05 86 81 20 01 86 81 89 F7 00 02 12 10 00 DB 7E"}
{"ts":"2026-04-04T15:18:48.018Z","level":"INFO","device":"868120018681","event":"SENT_RAW_MARKER","detail":"02_64_6401_03_86812001868100260404151847020200.mp4 packet=65598 bytes data=65536 bytes"}
{"ts":"2026-04-04T15:18:48.019Z","level":"INFO","device":"868120018681","event":"SENT_1212","detail":"02_64_6401_03_86812001868100260404151847020200.mp4 type=2"}
{"ts":"2026-04-04T15:18:48.040Z","level":"INFO","device":"868120018681","event":"MEDIA_RX","detail":"7E 92 12 00 36 86 81 20 01 86 81 24 8C 32 30 32 5F 36 34 5F 36 34 30 31 5F 30 33 5F 38 36 38 31 32 30 30 31 38 36 38 31 30 30 32 36 30 34 30 34 31 35 31 38 34 37 30 32 30 32 30 30 2E 6D 70 34 02 00 00 01 7E"}
{"ts":"2026-04-04T15:18:48.321Z","level":"INFO","device":"868120018681","event":"BATCH_COMPLETE","detail":"All 2 files sent"}
{"ts":"2026-04-04T15:18:48.332Z","level":"INFO","device":"868120018681","event":"MEDIA_CLOSED","detail":""}
{"ts":"2026-04-04T15:18:52.457Z","level":"INFO","device":"868120018681","event":"GPS_SENT","detail":""}
{"ts":"2026-04-04T15:18:52.468Z","level":"INFO","device":"868120018681","event":"RX_MSG","detail":"0x8001 bodyLen=5"}
{"ts":"2026-04-04T15:18:52.468Z","level":"INFO","device":"868120018681","event":"SERVER_ACK","detail":"0x0200 result=OK"}
{"ts":"2026-04-04T15:18:57.461Z","level":"INFO","device":"868120018681","event":"INCIDENT_SENT","detail":"mediaId=3 alarmId=86812001868100260404151857030200"}
{"ts":"2026-04-04T15:18:57.470Z","level":"INFO","device":"868120018681","event":"RX_MSG","detail":"0x8001 bodyLen=5"}
{"ts":"2026-04-04T15:18:57.470Z","level":"INFO","device":"868120018681","event":"SERVER_ACK","detail":"0x0200 result=OK"}
{"ts":"2026-04-04T15:18:57.477Z","level":"INFO","device":"868120018681","event":"RX_MSG","detail":"0x9208 bodyLen=81"}
{"ts":"2026-04-04T15:18:57.477Z","level":"INFO","device":"868120018681","event":"9208_RAW","detail":"0C35342E33372E3232352E36350D32000086812001868100260404151857030200383638313230303138363831303032363034303431353138353730333032303000000000000000000000000000000000"}
{"ts":"2026-04-04T15:18:57.477Z","level":"INFO","device":"868120018681","event":"UPLOAD_TRIGGERED","detail":"media: 54.37.225.65:3378 | alarmId: 86812001868100260404151857030200"}
{"ts":"2026-04-04T15:18:57.477Z","level":"INFO","device":"868120018681","event":"MEDIA_CONNECTING","detail":"54.37.225.65:3378 files=2"}
{"ts":"2026-04-04T15:18:57.483Z","level":"INFO","device":"868120018681","event":"RX_MSG","detail":"0x8001 bodyLen=5"}
{"ts":"2026-04-04T15:18:57.488Z","level":"INFO","device":"868120018681","event":"SERVER_ACK","detail":"0x0800 result=OK"}
{"ts":"2026-04-04T15:18:57.488Z","level":"INFO","device":"868120018681","event":"MEDIA_CONNECTED","detail":"54.37.225.65:3378"}
{"ts":"2026-04-04T15:18:57.488Z","level":"INFO","device":"868120018681","event":"FILE_START","detail":"[1/2] 00_64_6401_00_86812001868100260404151857030200.jpg (215 bytes)"}
{"ts":"2026-04-04T15:18:57.488Z","level":"INFO","device":"868120018681","event":"SENT_1210","detail":"00_64_6401_00_86812001868100260404151857030200.jpg"}
{"ts":"2026-04-04T15:18:57.497Z","level":"INFO","device":"868120018681","event":"MEDIA_RX","detail":"7E 80 01 00 05 86 81 20 01 86 81 01 C3 00 00 12 10 00 65 7E"}
{"ts":"2026-04-04T15:18:57.588Z","level":"INFO","device":"868120018681","event":"SENT_RAW_MARKER","detail":"00_64_6401_00_86812001868100260404151857030200.jpg packet=277 bytes data=215 bytes"}
{"ts":"2026-04-04T15:18:57.589Z","level":"INFO","device":"868120018681","event":"SENT_1212","detail":"00_64_6401_00_86812001868100260404151857030200.jpg type=0"}
{"ts":"2026-04-04T15:18:57.645Z","level":"INFO","device":"868120018681","event":"MEDIA_RX","detail":"7E 92 12 00 36 86 81 20 01 86 81 AE 9E 32 30 30 5F 36 34 5F 36 34 30 31 5F 30 30 5F 38 36 38 31 32 30 30 31 38 36 38 31 30 30 32 36 30 34 30 34 31 35 31 38 35 37 30 33 30 32 30 30 2E 6A 70 67 00 00 00 CE 7E"}
{"ts":"2026-04-04T15:18:57.893Z","level":"INFO","device":"868120018681","event":"FILE_START","detail":"[2/2] 02_64_6401_03_86812001868100260404151857030200.mp4 (65536 bytes)"}
{"ts":"2026-04-04T15:18:57.894Z","level":"INFO","device":"868120018681","event":"SENT_1210","detail":"02_64_6401_03_86812001868100260404151857030200.mp4"}
{"ts":"2026-04-04T15:18:57.901Z","level":"INFO","device":"868120018681","event":"MEDIA_RX","detail":"7E 80 01 00 05 86 81 20 01 86 81 E3 B8 00 02 12 10 00 FE 7E"}
{"ts":"2026-04-04T15:18:57.994Z","level":"INFO","device":"868120018681","event":"SENT_RAW_MARKER","detail":"02_64_6401_03_86812001868100260404151857030200.mp4 packet=65598 bytes data=65536 bytes"}
{"ts":"2026-04-04T15:18:57.995Z","level":"INFO","device":"868120018681","event":"SENT_1212","detail":"02_64_6401_03_86812001868100260404151857030200.mp4 type=2"}
{"ts":"2026-04-04T15:18:58.028Z","level":"INFO","device":"868120018681","event":"MEDIA_RX","detail":"7E 92 12 00 36 86 81 20 01 86 81 69 59 32 30 32 5F 36 34 5F 36 34 30 31 5F 30 33 5F 38 36 38 31 32 30 30 31 38 36 38 31 30 30 32 36 30 34 30 34 31 35 31 38 35 37 30 33 30 32 30 30 2E 6D 70 34 02 00 00 99 7E"}
{"ts":"2026-04-04T15:18:58.297Z","level":"INFO","device":"868120018681","event":"BATCH_COMPLETE","detail":"All 2 files sent"}
{"ts":"2026-04-04T15:18:58.305Z","level":"INFO","device":"868120018681","event":"MEDIA_CLOSED","detail":""}
{"ts":"2026-04-04T15:19:07.464Z","level":"INFO","device":"868120018681","event":"INCIDENT_SENT","detail":"mediaId=4 alarmId=86812001868100260404151907040200"}
{"ts":"2026-04-04T15:19:07.472Z","level":"INFO","device":"868120018681","event":"RX_MSG","detail":"0x8001 bodyLen=5"}
{"ts":"2026-04-04T15:19:07.473Z","level":"INFO","device":"868120018681","event":"SERVER_ACK","detail":"0x0200 result=OK"}
{"ts":"2026-04-04T15:19:07.476Z","level":"INFO","device":"868120018681","event":"RX_MSG","detail":"0x9208 bodyLen=81"}
{"ts":"2026-04-04T15:19:07.476Z","level":"INFO","device":"868120018681","event":"9208_RAW","detail":"0C35342E33372E3232352E36350D32000086812001868100260404151907040200383638313230303138363831303032363034303431353139303730343032303000000000000000000000000000000000"}
{"ts":"2026-04-04T15:19:07.477Z","level":"INFO","device":"868120018681","event":"UPLOAD_TRIGGERED","detail":"media: 54.37.225.65:3378 | alarmId: 86812001868100260404151907040200"}
{"ts":"2026-04-04T15:19:07.477Z","level":"INFO","device":"868120018681","event":"MEDIA_CONNECTING","detail":"54.37.225.65:3378 files=2"}
{"ts":"2026-04-04T15:19:07.482Z","level":"INFO","device":"868120018681","event":"RX_MSG","detail":"0x8001 bodyLen=5"}
{"ts":"2026-04-04T15:19:07.482Z","level":"INFO","device":"868120018681","event":"SERVER_ACK","detail":"0x0800 result=OK"}
{"ts":"2026-04-04T15:19:07.485Z","level":"INFO","device":"868120018681","event":"MEDIA_CONNECTED","detail":"54.37.225.65:3378"}
{"ts":"2026-04-04T15:19:07.485Z","level":"INFO","device":"868120018681","event":"FILE_START","detail":"[1/2] 00_64_6401_00_86812001868100260404151907040200.jpg (215 bytes)"}
{"ts":"2026-04-04T15:19:07.485Z","level":"INFO","device":"868120018681","event":"SENT_1210","detail":"00_64_6401_00_86812001868100260404151907040200.jpg"}
{"ts":"2026-04-04T15:19:07.494Z","level":"INFO","device":"868120018681","event":"MEDIA_RX","detail":"7E 80 01 00 05 86 81 20 01 86 81 50 83 00 00 12 10 00 74 7E"}
{"ts":"2026-04-04T15:19:07.586Z","level":"INFO","device":"868120018681","event":"SENT_RAW_MARKER","detail":"00_64_6401_00_86812001868100260404151907040200.jpg packet=277 bytes data=215 bytes"}
{"ts":"2026-04-04T15:19:07.587Z","level":"INFO","device":"868120018681","event":"SENT_1212","detail":"00_64_6401_00_86812001868100260404151907040200.jpg type=0"}
{"ts":"2026-04-04T15:19:07.641Z","level":"INFO","device":"868120018681","event":"MEDIA_RX","detail":"7E 92 12 00 36 86 81 20 01 86 81 AF F3 32 30 30 5F 36 34 5F 36 34 30 31 5F 30 30 5F 38 36 38 31 32 30 30 31 38 36 38 31 30 30 32 36 30 34 30 34 31 35 31 39 30 37 30 34 30 32 30 30 2E 6A 70 67 00 00 00 A1 7E"}
{"ts":"2026-04-04T15:19:07.888Z","level":"INFO","device":"868120018681","event":"FILE_START","detail":"[2/2] 02_64_6401_03_86812001868100260404151907040200.mp4 (65536 bytes)"}
{"ts":"2026-04-04T15:19:07.888Z","level":"INFO","device":"868120018681","event":"SENT_1210","detail":"02_64_6401_03_86812001868100260404151907040200.mp4"}
{"ts":"2026-04-04T15:19:07.895Z","level":"INFO","device":"868120018681","event":"MEDIA_RX","detail":"7E 80 01 00 05 86 81 20 01 86 81 9D B1 00 02 12 10 00 89 7E"}
{"ts":"2026-04-04T15:19:07.992Z","level":"INFO","device":"868120018681","event":"SENT_RAW_MARKER","detail":"02_64_6401_03_86812001868100260404151907040200.mp4 packet=65598 bytes data=65536 bytes"}
{"ts":"2026-04-04T15:19:07.993Z","level":"INFO","device":"868120018681","event":"SENT_1212","detail":"02_64_6401_03_86812001868100260404151907040200.mp4 type=2"}
{"ts":"2026-04-04T15:19:08.016Z","level":"INFO","device":"868120018681","event":"MEDIA_RX","detail":"7E 92 12 00 36 86 81 20 01 86 81 77 44 32 30 32 5F 36 34 5F 36 34 30 31 5F 30 33 5F 38 36 38 31 32 30 30 31 38 36 38 31 30 30 32 36 30 34 30 34 31 35 31 39 30 37 30 34 30 32 30 30 2E 6D 70 34 02 00 00 99 7E"}
{"ts":"2026-04-04T15:19:08.301Z","level":"INFO","device":"868120018681","event":"BATCH_COMPLETE","detail":"All 2 files sent"}
{"ts":"2026-04-04T15:19:08.378Z","level":"INFO","device":"868120018681","event":"MEDIA_CLOSED","detail":""}
{"ts":"2026-04-04T15:19:17.460Z","level":"INFO","device":"868120018681","event":"GPS_SENT","detail":""}
{"ts":"2026-04-04T15:19:17.465Z","level":"INFO","device":"868120018681","event":"INCIDENT_SENT","detail":"mediaId=5 alarmId=86812001868100260404151917050200"}
{"ts":"2026-04-04T15:19:17.466Z","level":"INFO","device":"868120018681","event":"RX_MSG","detail":"0x8001 bodyLen=5"}
{"ts":"2026-04-04T15:19:17.467Z","level":"INFO","device":"868120018681","event":"SERVER_ACK","detail":"0x0200 result=OK"}
{"ts":"2026-04-04T15:19:17.475Z","level":"INFO","device":"868120018681","event":"RX_MSG","detail":"0x8001 bodyLen=5"}
{"ts":"2026-04-04T15:19:17.475Z","level":"INFO","device":"868120018681","event":"SERVER_ACK","detail":"0x0200 result=OK"}
{"ts":"2026-04-04T15:19:17.484Z","level":"INFO","device":"868120018681","event":"RX_MSG","detail":"0x8001 bodyLen=5"}
{"ts":"2026-04-04T15:19:17.484Z","level":"INFO","device":"868120018681","event":"SERVER_ACK","detail":"0x0800 result=OK"}
{"ts":"2026-04-04T15:19:17.485Z","level":"INFO","device":"868120018681","event":"RX_MSG","detail":"0x9208 bodyLen=81"}
{"ts":"2026-04-04T15:19:17.485Z","level":"INFO","device":"868120018681","event":"9208_RAW","detail":"0C35342E33372E3232352E36350D32000086812001868100260404151917050200383638313230303138363831303032363034303431353139313730353032303000000000000000000000000000000000"}
{"ts":"2026-04-04T15:19:17.485Z","level":"INFO","device":"868120018681","event":"UPLOAD_TRIGGERED","detail":"media: 54.37.225.65:3378 | alarmId: 86812001868100260404151917050200"}
{"ts":"2026-04-04T15:19:17.485Z","level":"INFO","device":"868120018681","event":"MEDIA_CONNECTING","detail":"54.37.225.65:3378 files=2"}
{"ts":"2026-04-04T15:19:17.494Z","level":"INFO","device":"868120018681","event":"MEDIA_CONNECTED","detail":"54.37.225.65:3378"}
{"ts":"2026-04-04T15:19:17.494Z","level":"INFO","device":"868120018681","event":"FILE_START","detail":"[1/2] 00_64_6401_00_86812001868100260404151917050200.jpg (215 bytes)"}
{"ts":"2026-04-04T15:19:17.494Z","level":"INFO","device":"868120018681","event":"SENT_1210","detail":"00_64_6401_00_86812001868100260404151917050200.jpg"}
{"ts":"2026-04-04T15:19:17.506Z","level":"INFO","device":"868120018681","event":"MEDIA_RX","detail":"7E 80 01 00 05 86 81 20 01 86 81 80 58 00 00 12 10 00 7F 7E"}
{"ts":"2026-04-04T15:19:17.597Z","level":"INFO","device":"868120018681","event":"SENT_RAW_MARKER","detail":"00_64_6401_00_86812001868100260404151917050200.jpg packet=277 bytes data=215 bytes"}
{"ts":"2026-04-04T15:19:17.598Z","level":"INFO","device":"868120018681","event":"SENT_1212","detail":"00_64_6401_00_86812001868100260404151917050200.jpg type=0"}
{"ts":"2026-04-04T15:19:17.658Z","level":"INFO","device":"868120018681","event":"MEDIA_RX","detail":"7E 92 12 00 36 86 81 20 01 86 81 EA 40 32 30 30 5F 36 34 5F 36 34 30 31 5F 30 30 5F 38 36 38 31 32 30 30 31 38 36 38 31 30 30 32 36 30 34 30 34 31 35 31 39 31 37 30 35 30 32 30 30 2E 6A 70 67 00 00 00 57 7E"}
{"ts":"2026-04-04T15:19:17.902Z","level":"INFO","device":"868120018681","event":"FILE_START","detail":"[2/2] 02_64_6401_03_86812001868100260404151917050200.mp4 (65536 bytes)"}
{"ts":"2026-04-04T15:19:17.902Z","level":"INFO","device":"868120018681","event":"SENT_1210","detail":"02_64_6401_03_86812001868100260404151917050200.mp4"}
{"ts":"2026-04-04T15:19:17.919Z","level":"INFO","device":"868120018681","event":"MEDIA_RX","detail":"7E 80 01 00 05 86 81 20 01 86 81 2B EB 00 02 12 10 00 65 7E"}
{"ts":"2026-04-04T15:19:18.004Z","level":"INFO","device":"868120018681","event":"SENT_RAW_MARKER","detail":"02_64_6401_03_86812001868100260404151917050200.mp4 packet=65598 bytes data=65536 bytes"}
{"ts":"2026-04-04T15:19:18.005Z","level":"INFO","device":"868120018681","event":"SENT_1212","detail":"02_64_6401_03_86812001868100260404151917050200.mp4 type=2"}
{"ts":"2026-04-04T15:19:18.038Z","level":"INFO","device":"868120018681","event":"MEDIA_RX","detail":"7E 92 12 00 36 86 81 20 01 86 81 3C 12 32 30 32 5F 36 34 5F 36 34 30 31 5F 30 33 5F 38 36 38 31 32 30 30 31 38 36 38 31 30 30 32 36 30 34 30 34 31 35 31 39 31 37 30 35 30 32 30 30 2E 6D 70 34 02 00 00 84 7E"}
{"ts":"2026-04-04T15:19:18.309Z","level":"INFO","device":"868120018681","event":"BATCH_COMPLETE","detail":"All 2 files sent"}
{"ts":"2026-04-04T15:19:18.558Z","level":"INFO","device":"868120018681","event":"MEDIA_CLOSED","detail":""}
{"ts":"2026-04-04T15:19:27.468Z","level":"INFO","device":"868120018681","event":"INCIDENT_SENT","detail":"mediaId=6 alarmId=86812001868100260404151927060200"}
{"ts":"2026-04-04T15:19:27.476Z","level":"INFO","device":"868120018681","event":"RX_MSG","detail":"0x8001 bodyLen=5"}
{"ts":"2026-04-04T15:19:27.476Z","level":"INFO","device":"868120018681","event":"SERVER_ACK","detail":"0x0200 result=OK"}
{"ts":"2026-04-04T15:19:27.482Z","level":"INFO","device":"868120018681","event":"RX_MSG","detail":"0x9208 bodyLen=81"}
{"ts":"2026-04-04T15:19:27.482Z","level":"INFO","device":"868120018681","event":"9208_RAW","detail":"0C35342E33372E3232352E36350D32000086812001868100260404151927060200383638313230303138363831303032363034303431353139323730363032303000000000000000000000000000000000"}
{"ts":"2026-04-04T15:19:27.482Z","level":"INFO","device":"868120018681","event":"UPLOAD_TRIGGERED","detail":"media: 54.37.225.65:3378 | alarmId: 86812001868100260404151927060200"}
{"ts":"2026-04-04T15:19:27.482Z","level":"INFO","device":"868120018681","event":"MEDIA_CONNECTING","detail":"54.37.225.65:3378 files=2"}
{"ts":"2026-04-04T15:19:27.486Z","level":"INFO","device":"868120018681","event":"RX_MSG","detail":"0x8001 bodyLen=5"}
{"ts":"2026-04-04T15:19:27.487Z","level":"INFO","device":"868120018681","event":"SERVER_ACK","detail":"0x0800 result=OK"}
{"ts":"2026-04-04T15:19:27.490Z","level":"INFO","device":"868120018681","event":"MEDIA_CONNECTED","detail":"54.37.225.65:3378"}
{"ts":"2026-04-04T15:19:27.490Z","level":"INFO","device":"868120018681","event":"FILE_START","detail":"[1/2] 00_64_6401_00_86812001868100260404151927060200.jpg (215 bytes)"}
{"ts":"2026-04-04T15:19:27.490Z","level":"INFO","device":"868120018681","event":"SENT_1210","detail":"00_64_6401_00_86812001868100260404151927060200.jpg"}
{"ts":"2026-04-04T15:19:27.500Z","level":"INFO","device":"868120018681","event":"MEDIA_RX","detail":"7E 80 01 00 05 86 81 20 01 86 81 69 FA 00 00 12 10 00 34 7E"}
{"ts":"2026-04-04T15:19:27.592Z","level":"INFO","device":"868120018681","event":"SENT_RAW_MARKER","detail":"00_64_6401_00_86812001868100260404151927060200.jpg packet=277 bytes data=215 bytes"}
{"ts":"2026-04-04T15:19:27.593Z","level":"INFO","device":"868120018681","event":"SENT_1212","detail":"00_64_6401_00_86812001868100260404151927060200.jpg type=0"}
{"ts":"2026-04-04T15:19:27.650Z","level":"INFO","device":"868120018681","event":"MEDIA_RX","detail":"7E 92 12 00 36 86 81 20 01 86 81 E6 5D 32 30 30 5F 36 34 5F 36 34 30 31 5F 30 30 5F 38 36 38 31 32 30 30 31 38 36 38 31 30 30 32 36 30 34 30 34 31 35 31 39 32 37 30 36 30 32 30 30 2E 6A 70 67 00 00 00 46 7E"}
{"ts":"2026-04-04T15:19:27.899Z","level":"INFO","device":"868120018681","event":"FILE_START","detail":"[2/2] 02_64_6401_03_86812001868100260404151927060200.mp4 (65536 bytes)"}
{"ts":"2026-04-04T15:19:27.899Z","level":"INFO","device":"868120018681","event":"SENT_1210","detail":"02_64_6401_03_86812001868100260404151927060200.mp4"}
{"ts":"2026-04-04T15:19:27.909Z","level":"INFO","device":"868120018681","event":"MEDIA_RX","detail":"7E 80 01 00 05 86 81 20 01 86 81 7C 6F 00 02 12 10 00 B6 7E"}
{"ts":"2026-04-04T15:19:28.000Z","level":"INFO","device":"868120018681","event":"SENT_RAW_MARKER","detail":"02_64_6401_03_86812001868100260404151927060200.mp4 packet=65598 bytes data=65536 bytes"}
{"ts":"2026-04-04T15:19:28.000Z","level":"INFO","device":"868120018681","event":"SENT_1212","detail":"02_64_6401_03_86812001868100260404151927060200.mp4 type=2"}
{"ts":"2026-04-04T15:19:28.026Z","level":"INFO","device":"868120018681","event":"MEDIA_RX","detail":"7E 92 12 00 36 86 81 20 01 86 81 5E D4 32 30 32 5F 36 34 5F 36 34 30 31 5F 30 33 5F 38 36 38 31 32 30 30 31 38 36 38 31 30 30 32 36 30 34 30 34 31 35 31 39 32 37 30 36 30 32 30 30 2E 6D 70 34 02 00 00 20 7E"}
{"ts":"2026-04-04T15:19:28.400Z","level":"INFO","device":"868120018681","event":"BATCH_COMPLETE","detail":"All 2 files sent"}
{"ts":"2026-04-04T15:19:28.645Z","level":"INFO","device":"868120018681","event":"MEDIA_CLOSED","detail":""}
{"ts":"2026-04-04T15:19:37.469Z","level":"INFO","device":"868120018681","event":"INCIDENT_SENT","detail":"mediaId=7 alarmId=86812001868100260404151937070200"}
{"ts":"2026-04-04T15:19:37.482Z","level":"INFO","device":"868120018681","event":"RX_MSG","detail":"0x8001 bodyLen=5"}
{"ts":"2026-04-04T15:19:37.483Z","level":"INFO","device":"868120018681","event":"SERVER_ACK","detail":"0x0200 result=OK"}
{"ts":"2026-04-04T15:19:37.493Z","level":"INFO","device":"868120018681","event":"RX_MSG","detail":"0x9208 bodyLen=81"}
{"ts":"2026-04-04T15:19:37.494Z","level":"INFO","device":"868120018681","event":"9208_RAW","detail":"0C35342E33372E3232352E36350D32000086812001868100260404151937070200383638313230303138363831303032363034303431353139333730373032303000000000000000000000000000000000"}
{"ts":"2026-04-04T15:19:37.494Z","level":"INFO","device":"868120018681","event":"UPLOAD_TRIGGERED","detail":"media: 54.37.225.65:3378 | alarmId: 86812001868100260404151937070200"}
{"ts":"2026-04-04T15:19:37.494Z","level":"INFO","device":"868120018681","event":"MEDIA_CONNECTING","detail":"54.37.225.65:3378 files=2"}
{"ts":"2026-04-04T15:19:37.501Z","level":"INFO","device":"868120018681","event":"RX_MSG","detail":"0x8001 bodyLen=5"}
{"ts":"2026-04-04T15:19:37.501Z","level":"INFO","device":"868120018681","event":"SERVER_ACK","detail":"0x0800 result=OK"}
{"ts":"2026-04-04T15:19:37.515Z","level":"INFO","device":"868120018681","event":"MEDIA_CONNECTED","detail":"54.37.225.65:3378"}
{"ts":"2026-04-04T15:19:37.515Z","level":"INFO","device":"868120018681","event":"FILE_START","detail":"[1/2] 00_64_6401_00_86812001868100260404151937070200.jpg (215 bytes)"}
{"ts":"2026-04-04T15:19:37.516Z","level":"INFO","device":"868120018681","event":"SENT_1210","detail":"00_64_6401_00_86812001868100260404151937070200.jpg"}
{"ts":"2026-04-04T15:19:37.523Z","level":"INFO","device":"868120018681","event":"MEDIA_RX","detail":"7E 80 01 00 05 86 81 20 01 86 81 13 84 00 00 12 10 00 30 7E"}
{"ts":"2026-04-04T15:19:37.618Z","level":"INFO","device":"868120018681","event":"SENT_RAW_MARKER","detail":"00_64_6401_00_86812001868100260404151937070200.jpg packet=277 bytes data=215 bytes"}
{"ts":"2026-04-04T15:19:37.619Z","level":"INFO","device":"868120018681","event":"SENT_1212","detail":"00_64_6401_00_86812001868100260404151937070200.jpg type=0"}
{"ts":"2026-04-04T15:19:37.672Z","level":"INFO","device":"868120018681","event":"MEDIA_RX","detail":"7E 92 12 00 36 86 81 20 01 86 81 8F 43 32 30 30 5F 36 34 5F 36 34 30 31 5F 30 30 5F 38 36 38 31 32 30 30 31 38 36 38 31 30 30 32 36 30 34 30 34 31 35 31 39 33 37 30 37 30 32 30 30 2E 6A 70 67 00 00 00 31 7E"}
{"ts":"2026-04-04T15:19:37.918Z","level":"INFO","device":"868120018681","event":"FILE_START","detail":"[2/2] 02_64_6401_03_86812001868100260404151937070200.mp4 (65536 bytes)"}
{"ts":"2026-04-04T15:19:37.920Z","level":"INFO","device":"868120018681","event":"SENT_1210","detail":"02_64_6401_03_86812001868100260404151937070200.mp4"}
{"ts":"2026-04-04T15:19:37.927Z","level":"INFO","device":"868120018681","event":"MEDIA_RX","detail":"7E 80 01 00 05 86 81 20 01 86 81 9D CB 00 02 12 10 00 F3 7E"}
{"ts":"2026-04-04T15:19:38.022Z","level":"INFO","device":"868120018681","event":"SENT_RAW_MARKER","detail":"02_64_6401_03_86812001868100260404151937070200.mp4 packet=65598 bytes data=65536 bytes"}
{"ts":"2026-04-04T15:19:38.023Z","level":"INFO","device":"868120018681","event":"SENT_1212","detail":"02_64_6401_03_86812001868100260404151937070200.mp4 type=2"}
{"ts":"2026-04-04T15:19:38.064Z","level":"INFO","device":"868120018681","event":"MEDIA_RX","detail":"7E 92 12 00 36 86 81 20 01 86 81 23 79 32 30 32 5F 36 34 5F 36 34 30 31 5F 30 33 5F 38 36 38 31 32 30 30 31 38 36 38 31 30 30 32 36 30 34 30 34 31 35 31 39 33 37 30 37 30 32 30 30 2E 6D 70 34 02 00 00 F0 7E"}
{"ts":"2026-04-04T15:19:38.325Z","level":"INFO","device":"868120018681","event":"BATCH_COMPLETE","detail":"All 2 files sent"}
{"ts":"2026-04-04T15:19:38.336Z","level":"INFO","device":"868120018681","event":"MEDIA_CLOSED","detail":""}
{"ts":"2026-04-04T15:19:42.462Z","level":"INFO","device":"868120018681","event":"GPS_SENT","detail":""}
{"ts":"2026-04-04T15:19:42.472Z","level":"INFO","device":"868120018681","event":"RX_MSG","detail":"0x8001 bodyLen=5"}
{"ts":"2026-04-04T15:19:42.472Z","level":"INFO","device":"868120018681","event":"SERVER_ACK","detail":"0x0200 result=OK"}
{"ts":"2026-04-04T15:19:47.479Z","level":"INFO","device":"868120018681","event":"INCIDENT_SENT","detail":"mediaId=8 alarmId=86812001868100260404151947080200"}
{"ts":"2026-04-04T15:19:47.486Z","level":"INFO","device":"868120018681","event":"RX_MSG","detail":"0x8001 bodyLen=5"}
{"ts":"2026-04-04T15:19:47.486Z","level":"INFO","device":"868120018681","event":"SERVER_ACK","detail":"0x0200 result=OK"}
{"ts":"2026-04-04T15:19:47.492Z","level":"INFO","device":"868120018681","event":"RX_MSG","detail":"0x9208 bodyLen=81"}
{"ts":"2026-04-04T15:19:47.492Z","level":"INFO","device":"868120018681","event":"9208_RAW","detail":"0C35342E33372E3232352E36350D32000086812001868100260404151947080200383638313230303138363831303032363034303431353139343730383032303000000000000000000000000000000000"}
{"ts":"2026-04-04T15:19:47.493Z","level":"INFO","device":"868120018681","event":"UPLOAD_TRIGGERED","detail":"media: 54.37.225.65:3378 | alarmId: 86812001868100260404151947080200"}
{"ts":"2026-04-04T15:19:47.493Z","level":"INFO","device":"868120018681","event":"MEDIA_CONNECTING","detail":"54.37.225.65:3378 files=2"}
{"ts":"2026-04-04T15:19:47.508Z","level":"INFO","device":"868120018681","event":"RX_MSG","detail":"0x8001 bodyLen=5"}
{"ts":"2026-04-04T15:19:47.509Z","level":"INFO","device":"868120018681","event":"SERVER_ACK","detail":"0x0800 result=OK"}
{"ts":"2026-04-04T15:19:47.509Z","level":"INFO","device":"868120018681","event":"MEDIA_CONNECTED","detail":"54.37.225.65:3378"}
{"ts":"2026-04-04T15:19:47.509Z","level":"INFO","device":"868120018681","event":"FILE_START","detail":"[1/2] 00_64_6401_00_86812001868100260404151947080200.jpg (215 bytes)"}
{"ts":"2026-04-04T15:19:47.509Z","level":"INFO","device":"868120018681","event":"SENT_1210","detail":"00_64_6401_00_86812001868100260404151947080200.jpg"}
{"ts":"2026-04-04T15:19:47.519Z","level":"INFO","device":"868120018681","event":"MEDIA_RX","detail":"7E 80 01 00 05 86 81 20 01 86 81 A7 92 00 00 12 10 00 92 7E"}
{"ts":"2026-04-04T15:19:47.610Z","level":"INFO","device":"868120018681","event":"SENT_RAW_MARKER","detail":"00_64_6401_00_86812001868100260404151947080200.jpg packet=277 bytes data=215 bytes"}
{"ts":"2026-04-04T15:19:47.611Z","level":"INFO","device":"868120018681","event":"SENT_1212","detail":"00_64_6401_00_86812001868100260404151947080200.jpg type=0"}
{"ts":"2026-04-04T15:19:47.664Z","level":"INFO","device":"868120018681","event":"MEDIA_RX","detail":"7E 92 12 00 36 86 81 20 01 86 81 BE 36 32 30 30 5F 36 34 5F 36 34 30 31 5F 30 30 5F 38 36 38 31 32 30 30 31 38 36 38 31 30 30 32 36 30 34 30 34 31 35 31 39 34 37 30 38 30 32 30 30 2E 6A 70 67 00 00 00 7D 01 7E"}
{"ts":"2026-04-04T15:19:47.915Z","level":"INFO","device":"868120018681","event":"FILE_START","detail":"[2/2] 02_64_6401_03_86812001868100260404151947080200.mp4 (65536 bytes)"}
{"ts":"2026-04-04T15:19:47.916Z","level":"INFO","device":"868120018681","event":"SENT_1210","detail":"02_64_6401_03_86812001868100260404151947080200.mp4"}
{"ts":"2026-04-04T15:19:47.924Z","level":"INFO","device":"868120018681","event":"MEDIA_RX","detail":"7E 80 01 00 05 86 81 20 01 86 81 7D 01 E2 00 02 12 10 00 3A 7E"}
{"ts":"2026-04-04T15:19:48.019Z","level":"INFO","device":"868120018681","event":"SENT_RAW_MARKER","detail":"02_64_6401_03_86812001868100260404151947080200.mp4 packet=65598 bytes data=65536 bytes"}
{"ts":"2026-04-04T15:19:48.020Z","level":"INFO","device":"868120018681","event":"SENT_1212","detail":"02_64_6401_03_86812001868100260404151947080200.mp4 type=2"}
{"ts":"2026-04-04T15:19:48.042Z","level":"INFO","device":"868120018681","event":"MEDIA_RX","detail":"7E 92 12 00 36 86 81 20 01 86 81 C7 91 32 30 32 5F 36 34 5F 36 34 30 31 5F 30 33 5F 38 36 38 31 32 30 30 31 38 36 38 31 30 30 32 36 30 34 30 34 31 35 31 39 34 37 30 38 30 32 30 30 2E 6D 70 34 02 00 00 F4 7E"}
{"ts":"2026-04-04T15:19:48.322Z","level":"INFO","device":"868120018681","event":"BATCH_COMPLETE","detail":"All 2 files sent"}
{"ts":"2026-04-04T15:19:48.332Z","level":"INFO","device":"868120018681","event":"MEDIA_CLOSED","detail":""}
{"ts":"2026-04-04T15:19:57.482Z","level":"INFO","device":"868120018681","event":"INCIDENT_SENT","detail":"mediaId=9 alarmId=86812001868100260404151957090200"}
{"ts":"2026-04-04T15:19:57.490Z","level":"INFO","device":"868120018681","event":"RX_MSG","detail":"0x8001 bodyLen=5"}
{"ts":"2026-04-04T15:19:57.490Z","level":"INFO","device":"868120018681","event":"SERVER_ACK","detail":"0x0200 result=OK"}
{"ts":"2026-04-04T15:19:57.495Z","level":"INFO","device":"868120018681","event":"RX_MSG","detail":"0x9208 bodyLen=81"}
{"ts":"2026-04-04T15:19:57.495Z","level":"INFO","device":"868120018681","event":"9208_RAW","detail":"0C35342E33372E3232352E36350D32000086812001868100260404151957090200383638313230303138363831303032363034303431353139353730393032303000000000000000000000000000000000"}
{"ts":"2026-04-04T15:19:57.495Z","level":"INFO","device":"868120018681","event":"UPLOAD_TRIGGERED","detail":"media: 54.37.225.65:3378 | alarmId: 86812001868100260404151957090200"}
{"ts":"2026-04-04T15:19:57.495Z","level":"INFO","device":"868120018681","event":"MEDIA_CONNECTING","detail":"54.37.225.65:3378 files=2"}
{"ts":"2026-04-04T15:19:57.509Z","level":"INFO","device":"868120018681","event":"RX_MSG","detail":"0x8001 bodyLen=5"}
{"ts":"2026-04-04T15:19:57.509Z","level":"INFO","device":"868120018681","event":"SERVER_ACK","detail":"0x0800 result=OK"}
{"ts":"2026-04-04T15:19:57.511Z","level":"INFO","device":"868120018681","event":"MEDIA_CONNECTED","detail":"54.37.225.65:3378"}
{"ts":"2026-04-04T15:19:57.511Z","level":"INFO","device":"868120018681","event":"FILE_START","detail":"[1/2] 00_64_6401_00_86812001868100260404151957090200.jpg (215 bytes)"}
{"ts":"2026-04-04T15:19:57.511Z","level":"INFO","device":"868120018681","event":"SENT_1210","detail":"00_64_6401_00_86812001868100260404151957090200.jpg"}
{"ts":"2026-04-04T15:19:57.518Z","level":"INFO","device":"868120018681","event":"MEDIA_RX","detail":"7E 80 01 00 05 86 81 20 01 86 81 49 E2 00 00 12 10 00 0C 7E"}
{"ts":"2026-04-04T15:19:57.612Z","level":"INFO","device":"868120018681","event":"SENT_RAW_MARKER","detail":"00_64_6401_00_86812001868100260404151957090200.jpg packet=277 bytes data=215 bytes"}
{"ts":"2026-04-04T15:19:57.612Z","level":"INFO","device":"868120018681","event":"SENT_1212","detail":"00_64_6401_00_86812001868100260404151957090200.jpg type=0"}
{"ts":"2026-04-04T15:19:57.668Z","level":"INFO","device":"868120018681","event":"MEDIA_RX","detail":"7E 92 12 00 36 86 81 20 01 86 81 E1 88 32 30 30 5F 36 34 5F 36 34 30 31 5F 30 30 5F 38 36 38 31 32 30 30 31 38 36 38 31 30 30 32 36 30 34 30 34 31 35 31 39 35 37 30 39 30 32 30 30 2E 6A 70 67 00 00 00 9C 7E"}
{"ts":"2026-04-04T15:19:57.915Z","level":"INFO","device":"868120018681","event":"FILE_START","detail":"[2/2] 02_64_6401_03_86812001868100260404151957090200.mp4 (65536 bytes)"}
{"ts":"2026-04-04T15:19:57.916Z","level":"INFO","device":"868120018681","event":"SENT_1210","detail":"02_64_6401_03_86812001868100260404151957090200.mp4"}
{"ts":"2026-04-04T15:19:57.925Z","level":"INFO","device":"868120018681","event":"MEDIA_RX","detail":"7E 80 01 00 05 86 81 20 01 86 81 C5 74 00 02 12 10 00 14 7E"}
{"ts":"2026-04-04T15:19:58.016Z","level":"INFO","device":"868120018681","event":"SENT_RAW_MARKER","detail":"02_64_6401_03_86812001868100260404151957090200.mp4 packet=65598 bytes data=65536 bytes"}
{"ts":"2026-04-04T15:19:58.017Z","level":"INFO","device":"868120018681","event":"SENT_1212","detail":"02_64_6401_03_86812001868100260404151957090200.mp4 type=2"}
{"ts":"2026-04-04T15:19:58.044Z","level":"INFO","device":"868120018681","event":"MEDIA_RX","detail":"7E 92 12 00 36 86 81 20 01 86 81 40 39 32 30 32 5F 36 34 5F 36 34 30 31 5F 30 33 5F 38 36 38 31 32 30 30 31 38 36 38 31 30 30 32 36 30 34 30 34 31 35 31 39 35 37 30 39 30 32 30 30 2E 6D 70 34 02 00 00 DB 7E"}
{"ts":"2026-04-04T15:19:58.317Z","level":"INFO","device":"868120018681","event":"BATCH_COMPLETE","detail":"All 2 files sent"}
{"ts":"2026-04-04T15:19:58.327Z","level":"INFO","device":"868120018681","event":"MEDIA_CLOSED","detail":""}
{"ts":"2026-04-04T15:20:07.463Z","level":"INFO","device":"868120018681","event":"GPS_SENT","detail":""}
{"ts":"2026-04-04T15:20:07.471Z","level":"INFO","device":"868120018681","event":"RX_MSG","detail":"0x8001 bodyLen=5"}
{"ts":"2026-04-04T15:20:07.471Z","level":"INFO","device":"868120018681","event":"SERVER_ACK","detail":"0x0200 result=OK"}
{"ts":"2026-04-04T15:20:07.483Z","level":"INFO","device":"868120018681","event":"INCIDENT_SENT","detail":"mediaId=10 alarmId=868120018681002604041520070A0200"}
{"ts":"2026-04-04T15:20:07.489Z","level":"INFO","device":"868120018681","event":"RX_MSG","detail":"0x8001 bodyLen=5"}
{"ts":"2026-04-04T15:20:07.489Z","level":"INFO","device":"868120018681","event":"SERVER_ACK","detail":"0x0200 result=OK"}
{"ts":"2026-04-04T15:20:07.494Z","level":"INFO","device":"868120018681","event":"RX_MSG","detail":"0x9208 bodyLen=81"}
{"ts":"2026-04-04T15:20:07.494Z","level":"INFO","device":"868120018681","event":"9208_RAW","detail":"0C35342E33372E3232352E36350D320000868120018681002604041520070A0200383638313230303138363831303032363034303431353230303730613032303000000000000000000000000000000000"}
{"ts":"2026-04-04T15:20:07.494Z","level":"INFO","device":"868120018681","event":"UPLOAD_TRIGGERED","detail":"media: 54.37.225.65:3378 | alarmId: 868120018681002604041520070A0200"}
{"ts":"2026-04-04T15:20:07.501Z","level":"INFO","device":"868120018681","event":"MEDIA_CONNECTING","detail":"54.37.225.65:3378 files=2"}
{"ts":"2026-04-04T15:20:07.503Z","level":"INFO","device":"868120018681","event":"RX_MSG","detail":"0x8001 bodyLen=5"}
{"ts":"2026-04-04T15:20:07.514Z","level":"INFO","device":"868120018681","event":"SERVER_ACK","detail":"0x0800 result=OK"}
{"ts":"2026-04-04T15:20:07.514Z","level":"INFO","device":"868120018681","event":"MEDIA_CONNECTED","detail":"54.37.225.65:3378"}
{"ts":"2026-04-04T15:20:07.514Z","level":"INFO","device":"868120018681","event":"FILE_START","detail":"[1/2] 00_64_6401_00_868120018681002604041520070A0200.jpg (215 bytes)"}
{"ts":"2026-04-04T15:20:07.515Z","level":"INFO","device":"868120018681","event":"SENT_1210","detail":"00_64_6401_00_868120018681002604041520070A0200.jpg"}
{"ts":"2026-04-04T15:20:07.527Z","level":"INFO","device":"868120018681","event":"MEDIA_RX","detail":"7E 80 01 00 05 86 81 20 01 86 81 1D 02 00 00 12 10 00 B8 7E"}
{"ts":"2026-04-04T15:20:07.614Z","level":"INFO","device":"868120018681","event":"SENT_RAW_MARKER","detail":"00_64_6401_00_868120018681002604041520070A0200.jpg packet=277 bytes data=215 bytes"}
{"ts":"2026-04-04T15:20:07.615Z","level":"INFO","device":"868120018681","event":"SENT_1212","detail":"00_64_6401_00_868120018681002604041520070A0200.jpg type=0"}
{"ts":"2026-04-04T15:20:07.680Z","level":"INFO","device":"868120018681","event":"MEDIA_RX","detail":"7E 92 12 00 36 86 81 20 01 86 81 D9 DB 32 30 30 5F 36 34 5F 36 34 30 31 5F 30 30 5F 38 36 38 31 32 30 30 31 38 36 38 31 30 30 32 36 30 34 30 34 31 35 32 30 30 37 30 41 30 32 30 30 2E 6A 70 67 00 00 00 80 7E"}
{"ts":"2026-04-04T15:20:07.916Z","level":"INFO","device":"868120018681","event":"FILE_START","detail":"[2/2] 02_64_6401_03_868120018681002604041520070A0200.mp4 (65536 bytes)"}
{"ts":"2026-04-04T15:20:07.917Z","level":"INFO","device":"868120018681","event":"SENT_1210","detail":"02_64_6401_03_868120018681002604041520070A0200.mp4"}
{"ts":"2026-04-04T15:20:07.925Z","level":"INFO","device":"868120018681","event":"MEDIA_RX","detail":"7E 80 01 00 05 86 81 20 01 86 81 F5 54 00 02 12 10 00 04 7E"}
{"ts":"2026-04-04T15:20:08.023Z","level":"INFO","device":"868120018681","event":"SENT_RAW_MARKER","detail":"02_64_6401_03_868120018681002604041520070A0200.mp4 packet=65598 bytes data=65536 bytes"}
{"ts":"2026-04-04T15:20:08.023Z","level":"INFO","device":"868120018681","event":"SENT_1212","detail":"02_64_6401_03_868120018681002604041520070A0200.mp4 type=2"}
{"ts":"2026-04-04T15:20:08.051Z","level":"INFO","device":"868120018681","event":"MEDIA_RX","detail":"7E 92 12 00 36 86 81 20 01 86 81 B1 8D 32 30 32 5F 36 34 5F 36 34 30 31 5F 30 33 5F 38 36 38 31 32 30 30 31 38 36 38 31 30 30 32 36 30 34 30 34 31 35 32 30 30 37 30 41 30 32 30 30 2E 6D 70 34 02 00 00 E9 7E"}
{"ts":"2026-04-04T15:20:08.327Z","level":"INFO","device":"868120018681","event":"BATCH_COMPLETE","detail":"All 2 files sent"}
{"ts":"2026-04-04T15:20:08.338Z","level":"INFO","device":"868120018681","event":"MEDIA_CLOSED","detail":""}
