{"ts":"2026-04-02T13:29:54.481Z","level":"INFO","device":"868120018681","event":"CONNECTED","detail":"id:868120018681"}
{"ts":"2026-04-02T13:29:54.589Z","level":"INFO","device":"868120018681","event":"RX_MSG","detail":"0x8001 bodyLen=5"}
{"ts":"2026-04-02T13:29:54.589Z","level":"INFO","device":"868120018681","event":"SERVER_ACK","detail":"0x0102 result=OK"}
{"ts":"2026-04-02T13:30:04.474Z","level":"INFO","device":"868120018681","event":"INCIDENT_SENT","detail":"mediaId=1 alarmId=86812001868100260402133004010200"}
{"ts":"2026-04-02T13:30:04.487Z","level":"INFO","device":"868120018681","event":"RX_MSG","detail":"0x8001 bodyLen=5"}
{"ts":"2026-04-02T13:30:04.487Z","level":"INFO","device":"868120018681","event":"SERVER_ACK","detail":"0x0200 result=OK"}
{"ts":"2026-04-02T13:30:04.494Z","level":"INFO","device":"868120018681","event":"RX_MSG","detail":"0x9208 bodyLen=81"}
{"ts":"2026-04-02T13:30:04.494Z","level":"INFO","device":"868120018681","event":"9208_RAW","detail":"0C35342E33372E3232352E36350D32000086812001868100260402133004010200383638313230303138363831303032363034303231333330303430313032303000000000000000000000000000000000"}
{"ts":"2026-04-02T13:30:04.496Z","level":"INFO","device":"868120018681","event":"UPLOAD_TRIGGERED","detail":"media: 54.37.225.65:3378 | alarmId: 86812001868100260402133004010200"}
{"ts":"2026-04-02T13:30:04.496Z","level":"INFO","device":"868120018681","event":"MEDIA_CONNECTING","detail":"54.37.225.65:3378 files=2"}
{"ts":"2026-04-02T13:30:04.500Z","level":"INFO","device":"868120018681","event":"RX_MSG","detail":"0x8001 bodyLen=5"}
{"ts":"2026-04-02T13:30:04.501Z","level":"INFO","device":"868120018681","event":"SERVER_ACK","detail":"0x0800 result=OK"}
{"ts":"2026-04-02T13:30:04.505Z","level":"INFO","device":"868120018681","event":"MEDIA_CONNECTED","detail":"54.37.225.65:3378"}
{"ts":"2026-04-02T13:30:04.506Z","level":"INFO","device":"868120018681","event":"FILE_START","detail":"[1/2] 00_64_6401_00_86812001868100260402133004010200.jpg (215 bytes)"}
{"ts":"2026-04-02T13:30:04.506Z","level":"INFO","device":"868120018681","event":"SENT_1210","detail":"00_64_6401_00_86812001868100260402133004010200.jpg"}
{"ts":"2026-04-02T13:30:04.547Z","level":"INFO","device":"868120018681","event":"MEDIA_RX","detail":"7E 80 01 00 05 86 81 20 01 86 81 31 56 00 00 12 10 00 C0 7E"}
{"ts":"2026-04-02T13:30:04.610Z","level":"INFO","device":"868120018681","event":"SENT_RAW_MARKER","detail":"00_64_6401_00_86812001868100260402133004010200.jpg packet=277 bytes data=215 bytes"}
{"ts":"2026-04-02T13:30:04.610Z","level":"INFO","device":"868120018681","event":"SENT_1212","detail":"00_64_6401_00_86812001868100260402133004010200.jpg type=0"}
{"ts":"2026-04-02T13:30:04.664Z","level":"INFO","device":"868120018681","event":"MEDIA_RX","detail":"7E 92 12 00 36 86 81 20 01 86 81 75 40 32 30 30 5F 36 34 5F 36 34 30 31 5F 30 30 5F 38 36 38 31 32 30 30 31 38 36 38 31 30 30 32 36 30 34 30 32 31 33 33 30 30 34 30 31 30 32 30 30 2E 6A 70 67 00 00 00 C5 7E"}
{"ts":"2026-04-02T13:30:04.912Z","level":"INFO","device":"868120018681","event":"FILE_START","detail":"[2/2] 02_64_6401_03_86812001868100260402133004010200.mp4 (1570024 bytes)"}
{"ts":"2026-04-02T13:30:04.912Z","level":"INFO","device":"868120018681","event":"SENT_1210","detail":"02_64_6401_03_86812001868100260402133004010200.mp4"}
{"ts":"2026-04-02T13:30:04.927Z","level":"INFO","device":"868120018681","event":"MEDIA_RX","detail":"7E 80 01 00 05 86 81 20 01 86 81 0D 55 00 02 12 10 00 FD 7E"}
{"ts":"2026-04-02T13:30:05.019Z","level":"INFO","device":"868120018681","event":"SENT_RAW_MARKER","detail":"02_64_6401_03_86812001868100260402133004010200.mp4 packet=1570086 bytes data=1570024 bytes"}
{"ts":"2026-04-02T13:30:05.599Z","level":"INFO","device":"868120018681","event":"SENT_1212","detail":"02_64_6401_03_86812001868100260402133004010200.mp4 type=2"}
{"ts":"2026-04-02T13:30:05.630Z","level":"INFO","device":"868120018681","event":"MEDIA_RX","detail":"7E 92 12 00 36 86 81 20 01 86 81 F5 3D 32 30 32 5F 36 34 5F 36 34 30 31 5F 30 33 5F 38 36 38 31 32 30 30 31 38 36 38 31 30 30 32 36 30 34 30 32 31 33 33 30 30 34 30 31 30 32 30 30 2E 6D 70 34 02 00 00 6F 7E"}
{"ts":"2026-04-02T13:30:05.901Z","level":"INFO","device":"868120018681","event":"BATCH_COMPLETE","detail":"All 2 files sent"}
{"ts":"2026-04-02T13:30:05.920Z","level":"INFO","device":"868120018681","event":"MEDIA_CLOSED","detail":""}
{"ts":"2026-04-02T13:30:14.470Z","level":"INFO","device":"868120018681","event":"GPS_SENT","detail":""}
{"ts":"2026-04-02T13:30:14.472Z","level":"INFO","device":"868120018681","event":"INCIDENT_SENT","detail":"mediaId=2 alarmId=86812001868100260402133014020200"}
{"ts":"2026-04-02T13:30:14.552Z","level":"INFO","device":"868120018681","event":"RX_MSG","detail":"0x8001 bodyLen=5"}
{"ts":"2026-04-02T13:30:14.554Z","level":"INFO","device":"868120018681","event":"SERVER_ACK","detail":"0x0200 result=OK"}
{"ts":"2026-04-02T13:30:14.554Z","level":"INFO","device":"868120018681","event":"RX_MSG","detail":"0x8001 bodyLen=5"}
{"ts":"2026-04-02T13:30:14.554Z","level":"INFO","device":"868120018681","event":"SERVER_ACK","detail":"0x0200 result=OK"}
{"ts":"2026-04-02T13:30:14.554Z","level":"INFO","device":"868120018681","event":"RX_MSG","detail":"0x8001 bodyLen=5"}
{"ts":"2026-04-02T13:30:14.554Z","level":"INFO","device":"868120018681","event":"SERVER_ACK","detail":"0x0800 result=OK"}
{"ts":"2026-04-02T13:30:14.554Z","level":"INFO","device":"868120018681","event":"RX_MSG","detail":"0x9208 bodyLen=81"}
{"ts":"2026-04-02T13:30:14.555Z","level":"INFO","device":"868120018681","event":"9208_RAW","detail":"0C35342E33372E3232352E36350D32000086812001868100260402133014020200383638313230303138363831303032363034303231333330313430323032303000000000000000000000000000000000"}
{"ts":"2026-04-02T13:30:14.555Z","level":"INFO","device":"868120018681","event":"UPLOAD_TRIGGERED","detail":"media: 54.37.225.65:3378 | alarmId: 86812001868100260402133014020200"}
{"ts":"2026-04-02T13:30:14.555Z","level":"INFO","device":"868120018681","event":"MEDIA_CONNECTING","detail":"54.37.225.65:3378 files=2"}
{"ts":"2026-04-02T13:30:14.568Z","level":"INFO","device":"868120018681","event":"MEDIA_CONNECTED","detail":"54.37.225.65:3378"}
{"ts":"2026-04-02T13:30:14.568Z","level":"INFO","device":"868120018681","event":"FILE_START","detail":"[1/2] 00_64_6401_00_86812001868100260402133014020200.jpg (215 bytes)"}
{"ts":"2026-04-02T13:30:14.569Z","level":"INFO","device":"868120018681","event":"SENT_1210","detail":"00_64_6401_00_86812001868100260402133014020200.jpg"}
{"ts":"2026-04-02T13:30:14.578Z","level":"INFO","device":"868120018681","event":"MEDIA_RX","detail":"7E 80 01 00 05 86 81 20 01 86 81 35 8B 00 00 12 10 00 19 7E"}
{"ts":"2026-04-02T13:30:14.670Z","level":"INFO","device":"868120018681","event":"SENT_RAW_MARKER","detail":"00_64_6401_00_86812001868100260402133014020200.jpg packet=277 bytes data=215 bytes"}
{"ts":"2026-04-02T13:30:14.670Z","level":"INFO","device":"868120018681","event":"SENT_1212","detail":"00_64_6401_00_86812001868100260402133014020200.jpg type=0"}
{"ts":"2026-04-02T13:30:14.725Z","level":"INFO","device":"868120018681","event":"MEDIA_RX","detail":"7E 92 12 00 36 86 81 20 01 86 81 8E FC 32 30 30 5F 36 34 5F 36 34 30 31 5F 30 30 5F 38 36 38 31 32 30 30 31 38 36 38 31 30 30 32 36 30 34 30 32 31 33 33 30 31 34 30 32 30 32 30 30 2E 6A 70 67 00 00 00 80 7E"}
{"ts":"2026-04-02T13:30:14.973Z","level":"INFO","device":"868120018681","event":"FILE_START","detail":"[2/2] 02_64_6401_03_86812001868100260402133014020200.mp4 (1570024 bytes)"}
{"ts":"2026-04-02T13:30:14.975Z","level":"INFO","device":"868120018681","event":"SENT_1210","detail":"02_64_6401_03_86812001868100260402133014020200.mp4"}
{"ts":"2026-04-02T13:30:14.995Z","level":"INFO","device":"868120018681","event":"MEDIA_RX","detail":"7E 80 01 00 05 86 81 20 01 86 81 43 7A 00 02 12 10 00 9C 7E"}
{"ts":"2026-04-02T13:30:15.090Z","level":"INFO","device":"868120018681","event":"SENT_RAW_MARKER","detail":"02_64_6401_03_86812001868100260402133014020200.mp4 packet=1570086 bytes data=1570024 bytes"}
{"ts":"2026-04-02T13:30:15.169Z","level":"INFO","device":"868120018681","event":"SENT_1212","detail":"02_64_6401_03_86812001868100260402133014020200.mp4 type=2"}
{"ts":"2026-04-02T13:30:15.210Z","level":"INFO","device":"868120018681","event":"MEDIA_RX","detail":"7E 92 12 00 36 86 81 20 01 86 81 F8 35 32 30 32 5F 36 34 5F 36 34 30 31 5F 30 33 5F 38 36 38 31 32 30 30 31 38 36 38 31 30 30 32 36 30 34 30 32 31 33 33 30 31 34 30 32 30 32 30 30 2E 6D 70 34 02 00 00 68 7E"}
{"ts":"2026-04-02T13:30:15.473Z","level":"INFO","device":"868120018681","event":"BATCH_COMPLETE","detail":"All 2 files sent"}
{"ts":"2026-04-02T13:30:15.494Z","level":"INFO","device":"868120018681","event":"MEDIA_CLOSED","detail":""}
{"ts":"2026-04-02T13:30:16.819Z","level":"INFO","device":"868120018681","event":"RX_MSG","detail":"0x9101 bodyLen=20"}
{"ts":"2026-04-02T13:30:16.819Z","level":"INFO","device":"868120018681","event":"LIVE_STREAM_REQ","detail":"not implemented"}
{"ts":"2026-04-02T13:30:24.474Z","level":"INFO","device":"868120018681","event":"INCIDENT_SENT","detail":"mediaId=3 alarmId=86812001868100260402133024030200"}
{"ts":"2026-04-02T13:30:24.483Z","level":"INFO","device":"868120018681","event":"RX_MSG","detail":"0x8001 bodyLen=5"}
{"ts":"2026-04-02T13:30:24.484Z","level":"INFO","device":"868120018681","event":"SERVER_ACK","detail":"0x0200 result=OK"}
{"ts":"2026-04-02T13:30:24.514Z","level":"INFO","device":"868120018681","event":"RX_MSG","detail":"0x9208 bodyLen=81"}
{"ts":"2026-04-02T13:30:24.514Z","level":"INFO","device":"868120018681","event":"9208_RAW","detail":"0C35342E33372E3232352E36350D32000086812001868100260402133024030200383638313230303138363831303032363034303231333330323430333032303000000000000000000000000000000000"}
{"ts":"2026-04-02T13:30:24.514Z","level":"INFO","device":"868120018681","event":"UPLOAD_TRIGGERED","detail":"media: 54.37.225.65:3378 | alarmId: 86812001868100260402133024030200"}
{"ts":"2026-04-02T13:30:24.514Z","level":"INFO","device":"868120018681","event":"MEDIA_CONNECTING","detail":"54.37.225.65:3378 files=2"}
{"ts":"2026-04-02T13:30:24.515Z","level":"INFO","device":"868120018681","event":"RX_MSG","detail":"0x8001 bodyLen=5"}
{"ts":"2026-04-02T13:30:24.515Z","level":"INFO","device":"868120018681","event":"SERVER_ACK","detail":"0x0800 result=OK"}
{"ts":"2026-04-02T13:30:24.523Z","level":"INFO","device":"868120018681","event":"MEDIA_CONNECTED","detail":"54.37.225.65:3378"}
{"ts":"2026-04-02T13:30:24.523Z","level":"INFO","device":"868120018681","event":"FILE_START","detail":"[1/2] 00_64_6401_00_86812001868100260402133024030200.jpg (215 bytes)"}
{"ts":"2026-04-02T13:30:24.524Z","level":"INFO","device":"868120018681","event":"SENT_1210","detail":"00_64_6401_00_86812001868100260402133024030200.jpg"}
{"ts":"2026-04-02T13:30:24.533Z","level":"INFO","device":"868120018681","event":"MEDIA_RX","detail":"7E 80 01 00 05 86 81 20 01 86 81 92 E3 00 00 12 10 00 D6 7E"}
{"ts":"2026-04-02T13:30:24.626Z","level":"INFO","device":"868120018681","event":"SENT_RAW_MARKER","detail":"00_64_6401_00_86812001868100260402133024030200.jpg packet=277 bytes data=215 bytes"}
{"ts":"2026-04-02T13:30:24.627Z","level":"INFO","device":"868120018681","event":"SENT_1212","detail":"00_64_6401_00_86812001868100260402133024030200.jpg type=0"}
{"ts":"2026-04-02T13:30:24.683Z","level":"INFO","device":"868120018681","event":"MEDIA_RX","detail":"7E 92 12 00 36 86 81 20 01 86 81 6A A3 32 30 30 5F 36 34 5F 36 34 30 31 5F 30 30 5F 38 36 38 31 32 30 30 31 38 36 38 31 30 30 32 36 30 34 30 32 31 33 33 30 32 34 30 33 30 32 30 30 2E 6A 70 67 00 00 00 39 7E"}
{"ts":"2026-04-02T13:30:24.931Z","level":"INFO","device":"868120018681","event":"FILE_START","detail":"[2/2] 02_64_6401_03_86812001868100260402133024030200.mp4 (1570024 bytes)"}
{"ts":"2026-04-02T13:30:24.932Z","level":"INFO","device":"868120018681","event":"SENT_1210","detail":"02_64_6401_03_86812001868100260402133024030200.mp4"}
{"ts":"2026-04-02T13:30:24.941Z","level":"INFO","device":"868120018681","event":"MEDIA_RX","detail":"7E 80 01 00 05 86 81 20 01 86 81 30 9E 00 02 12 10 00 0B 7E"}
{"ts":"2026-04-02T13:30:25.038Z","level":"INFO","device":"868120018681","event":"SENT_RAW_MARKER","detail":"02_64_6401_03_86812001868100260402133024030200.mp4 packet=1570086 bytes data=1570024 bytes"}
{"ts":"2026-04-02T13:30:25.092Z","level":"INFO","device":"868120018681","event":"SENT_1212","detail":"02_64_6401_03_86812001868100260402133024030200.mp4 type=2"}
{"ts":"2026-04-02T13:30:25.127Z","level":"INFO","device":"868120018681","event":"MEDIA_RX","detail":"7E 92 12 00 36 86 81 20 01 86 81 BA 81 32 30 32 5F 36 34 5F 36 34 30 31 5F 30 33 5F 38 36 38 31 32 30 30 31 38 36 38 31 30 30 32 36 30 34 30 32 31 33 33 30 32 34 30 33 30 32 30 30 2E 6D 70 34 02 00 00 9C 7E"}
{"ts":"2026-04-02T13:30:25.396Z","level":"INFO","device":"868120018681","event":"BATCH_COMPLETE","detail":"All 2 files sent"}
{"ts":"2026-04-02T13:30:25.408Z","level":"INFO","device":"868120018681","event":"MEDIA_CLOSED","detail":""}
{"ts":"2026-04-02T13:30:25.538Z","level":"INFO","device":"868120018681","event":"DISCONNECTED","detail":"clean stop"}

[SUMMARY] Run duration: 33s
[SUMMARY] GPS packets sent: 1
[SUMMARY] OBD2 packets sent: 0
[SUMMARY] Incidents fired: 3
[SUMMARY] Videos uploaded OK: 3
[SUMMARY] Videos failed: 0
[SUMMARY] Tracker pings sent: 0
[SUMMARY] Reconnections: 0
[SUMMARY] Log file: logs/sim-2026-04-02T13-29-54.log
