{"ts":"2026-04-01T19:03:05.517Z","level":"INFO","device":"868120018681","event":"CONNECTED","detail":"id:868120018681"}
{"ts":"2026-04-01T19:03:05.608Z","level":"INFO","device":"868120018681","event":"RX_MSG","detail":"0x8001 bodyLen=5"}
{"ts":"2026-04-01T19:03:05.609Z","level":"INFO","device":"868120018681","event":"SERVER_ACK","detail":"0x0102 result=OK"}
{"ts":"2026-04-01T19:03:15.514Z","level":"INFO","device":"868120018681","event":"INCIDENT_SENT","detail":"mediaId=1 alarmId=86812001868100260401190315010200"}
{"ts":"2026-04-01T19:03:15.522Z","level":"INFO","device":"868120018681","event":"RX_MSG","detail":"0x8001 bodyLen=5"}
{"ts":"2026-04-01T19:03:15.522Z","level":"INFO","device":"868120018681","event":"SERVER_ACK","detail":"0x0200 result=OK"}
{"ts":"2026-04-01T19:03:15.527Z","level":"INFO","device":"868120018681","event":"RX_MSG","detail":"0x9208 bodyLen=81"}
{"ts":"2026-04-01T19:03:15.538Z","level":"INFO","device":"868120018681","event":"9208_RAW","detail":"0C35342E33372E3232352E36350D31000086812001868100260401190315010200383638313230303138363831303032363034303131393033313530313032303000000000000000000000000000000000"}
{"ts":"2026-04-01T19:03:15.539Z","level":"INFO","device":"868120018681","event":"UPLOAD_TRIGGERED","detail":"media: 54.37.225.65:3377 | alarmId: 86812001868100260401190315010200"}
{"ts":"2026-04-01T19:03:15.539Z","level":"INFO","device":"868120018681","event":"MEDIA_CONNECTING","detail":"54.37.225.65:3377 files=2"}
{"ts":"2026-04-01T19:03:15.598Z","level":"INFO","device":"868120018681","event":"RX_MSG","detail":"0x8001 bodyLen=5"}
{"ts":"2026-04-01T19:03:15.601Z","level":"INFO","device":"868120018681","event":"SERVER_ACK","detail":"0x0800 result=OK"}
{"ts":"2026-04-01T19:03:15.607Z","level":"INFO","device":"868120018681","event":"MEDIA_CONNECTED","detail":"54.37.225.65:3377"}
{"ts":"2026-04-01T19:03:15.608Z","level":"INFO","device":"868120018681","event":"FILE_START","detail":"[1/2] 00_64_6401_00_86812001868100260401190315010200.jpg (215 bytes)"}
{"ts":"2026-04-01T19:03:15.609Z","level":"INFO","device":"868120018681","event":"SENT_1210","detail":"00_64_6401_00_86812001868100260401190315010200.jpg"}
{"ts":"2026-04-01T19:03:15.625Z","level":"INFO","device":"868120018681","event":"MEDIA_RX","detail":"7E 80 01 00 05 86 81 20 01 86 81 86 ED 00 00 12 10 00 CC 7E"}
{"ts":"2026-04-01T19:03:15.713Z","level":"INFO","device":"868120018681","event":"SENT_RAW_MARKER","detail":"00_64_6401_00_86812001868100260401190315010200.jpg packet=277 bytes data=215 bytes"}
{"ts":"2026-04-01T19:03:15.716Z","level":"INFO","device":"868120018681","event":"SENT_1212","detail":"00_64_6401_00_86812001868100260401190315010200.jpg type=0"}
{"ts":"2026-04-01T19:03:15.771Z","level":"INFO","device":"868120018681","event":"MEDIA_RX","detail":"7E 92 12 00 36 86 81 20 01 86 81 26 F6 32 30 30 5F 36 34 5F 36 34 30 31 5F 30 30 5F 38 36 38 31 32 30 30 31 38 36 38 31 30 30 32 36 30 34 30 31 31 39 30 33 31 35 30 31 30 32 30 30 2E 6A 70 67 00 00 00 29 7E"}
{"ts":"2026-04-01T19:03:16.018Z","level":"INFO","device":"868120018681","event":"FILE_START","detail":"[2/2] 02_64_6401_03_86812001868100260401190315010200.mp4 (65536 bytes)"}
{"ts":"2026-04-01T19:03:16.018Z","level":"INFO","device":"868120018681","event":"SENT_1210","detail":"02_64_6401_03_86812001868100260401190315010200.mp4"}
{"ts":"2026-04-01T19:03:16.033Z","level":"INFO","device":"868120018681","event":"MEDIA_RX","detail":"7E 80 01 00 05 86 81 20 01 86 81 3A BC 00 02 12 10 00 23 7E"}
{"ts":"2026-04-01T19:03:16.119Z","level":"INFO","device":"868120018681","event":"SENT_RAW_MARKER","detail":"02_64_6401_03_86812001868100260401190315010200.mp4 packet=65598 bytes data=65536 bytes"}
{"ts":"2026-04-01T19:03:16.120Z","level":"INFO","device":"868120018681","event":"SENT_1212","detail":"02_64_6401_03_86812001868100260401190315010200.mp4 type=2"}
{"ts":"2026-04-01T19:03:16.147Z","level":"INFO","device":"868120018681","event":"MEDIA_RX","detail":"7E 92 12 00 36 86 81 20 01 86 81 C7 7B 32 30 32 5F 36 34 5F 36 34 30 31 5F 30 33 5F 38 36 38 31 32 30 30 31 38 36 38 31 30 30 32 36 30 34 30 31 31 39 30 33 31 35 30 31 30 32 30 30 2E 6D 70 34 02 00 00 12 7E"}
{"ts":"2026-04-01T19:03:16.421Z","level":"INFO","device":"868120018681","event":"BATCH_COMPLETE","detail":"All 2 files sent"}
{"ts":"2026-04-01T19:03:16.440Z","level":"INFO","device":"868120018681","event":"MEDIA_CLOSED","detail":""}
{"ts":"2026-04-01T19:03:25.507Z","level":"INFO","device":"868120018681","event":"GPS_SENT","detail":""}
{"ts":"2026-04-01T19:03:25.513Z","level":"INFO","device":"868120018681","event":"INCIDENT_SENT","detail":"mediaId=2 alarmId=86812001868100260401190325020200"}
{"ts":"2026-04-01T19:03:25.524Z","level":"INFO","device":"868120018681","event":"RX_MSG","detail":"0x8001 bodyLen=5"}
{"ts":"2026-04-01T19:03:25.524Z","level":"INFO","device":"868120018681","event":"SERVER_ACK","detail":"0x0200 result=OK"}
{"ts":"2026-04-01T19:03:25.529Z","level":"INFO","device":"868120018681","event":"RX_MSG","detail":"0x8001 bodyLen=5"}
{"ts":"2026-04-01T19:03:25.529Z","level":"INFO","device":"868120018681","event":"SERVER_ACK","detail":"0x0200 result=OK"}
{"ts":"2026-04-01T19:03:25.535Z","level":"INFO","device":"868120018681","event":"RX_MSG","detail":"0x8001 bodyLen=5"}
{"ts":"2026-04-01T19:03:25.535Z","level":"INFO","device":"868120018681","event":"SERVER_ACK","detail":"0x0800 result=OK"}
{"ts":"2026-04-01T19:03:25.535Z","level":"INFO","device":"868120018681","event":"RX_MSG","detail":"0x9208 bodyLen=81"}
{"ts":"2026-04-01T19:03:25.535Z","level":"INFO","device":"868120018681","event":"9208_RAW","detail":"0C35342E33372E3232352E36350D31000086812001868100260401190325020200383638313230303138363831303032363034303131393033323530323032303000000000000000000000000000000000"}
{"ts":"2026-04-01T19:03:25.536Z","level":"INFO","device":"868120018681","event":"UPLOAD_TRIGGERED","detail":"media: 54.37.225.65:3377 | alarmId: 86812001868100260401190325020200"}
{"ts":"2026-04-01T19:03:25.536Z","level":"INFO","device":"868120018681","event":"MEDIA_CONNECTING","detail":"54.37.225.65:3377 files=2"}
{"ts":"2026-04-01T19:03:25.544Z","level":"INFO","device":"868120018681","event":"MEDIA_CONNECTED","detail":"54.37.225.65:3377"}
{"ts":"2026-04-01T19:03:25.544Z","level":"INFO","device":"868120018681","event":"FILE_START","detail":"[1/2] 00_64_6401_00_86812001868100260401190325020200.jpg (215 bytes)"}
{"ts":"2026-04-01T19:03:25.545Z","level":"INFO","device":"868120018681","event":"SENT_1210","detail":"00_64_6401_00_86812001868100260401190325020200.jpg"}
{"ts":"2026-04-01T19:03:25.560Z","level":"INFO","device":"868120018681","event":"MEDIA_RX","detail":"7E 80 01 00 05 86 81 20 01 86 81 19 FE 00 00 12 10 00 40 7E"}
{"ts":"2026-04-01T19:03:25.647Z","level":"INFO","device":"868120018681","event":"SENT_RAW_MARKER","detail":"00_64_6401_00_86812001868100260401190325020200.jpg packet=277 bytes data=215 bytes"}
{"ts":"2026-04-01T19:03:25.648Z","level":"INFO","device":"868120018681","event":"SENT_1212","detail":"00_64_6401_00_86812001868100260401190325020200.jpg type=0"}
{"ts":"2026-04-01T19:03:25.705Z","level":"INFO","device":"868120018681","event":"MEDIA_RX","detail":"7E 92 12 00 36 86 81 20 01 86 81 09 59 32 30 30 5F 36 34 5F 36 34 30 31 5F 30 30 5F 38 36 38 31 32 30 30 31 38 36 38 31 30 30 32 36 30 34 30 31 31 39 30 33 32 35 30 32 30 32 30 30 2E 6A 70 67 00 00 00 A9 7E"}
{"ts":"2026-04-01T19:03:25.950Z","level":"INFO","device":"868120018681","event":"FILE_START","detail":"[2/2] 02_64_6401_03_86812001868100260401190325020200.mp4 (65536 bytes)"}
{"ts":"2026-04-01T19:03:25.951Z","level":"INFO","device":"868120018681","event":"SENT_1210","detail":"02_64_6401_03_86812001868100260401190325020200.mp4"}
{"ts":"2026-04-01T19:03:25.958Z","level":"INFO","device":"868120018681","event":"MEDIA_RX","detail":"7E 80 01 00 05 86 81 20 01 86 81 EC 3A 00 02 12 10 00 73 7E"}
{"ts":"2026-04-01T19:03:26.052Z","level":"INFO","device":"868120018681","event":"SENT_RAW_MARKER","detail":"02_64_6401_03_86812001868100260401190325020200.mp4 packet=65598 bytes data=65536 bytes"}
{"ts":"2026-04-01T19:03:26.053Z","level":"INFO","device":"868120018681","event":"SENT_1212","detail":"02_64_6401_03_86812001868100260401190325020200.mp4 type=2"}
{"ts":"2026-04-01T19:03:26.076Z","level":"INFO","device":"868120018681","event":"MEDIA_RX","detail":"7E 92 12 00 36 86 81 20 01 86 81 E3 99 32 30 32 5F 36 34 5F 36 34 30 31 5F 30 33 5F 38 36 38 31 32 30 30 31 38 36 38 31 30 30 32 36 30 34 30 31 31 39 30 33 32 35 30 32 30 32 30 30 2E 6D 70 34 02 00 00 D4 7E"}
{"ts":"2026-04-01T19:03:26.353Z","level":"INFO","device":"868120018681","event":"BATCH_COMPLETE","detail":"All 2 files sent"}
{"ts":"2026-04-01T19:03:26.367Z","level":"INFO","device":"868120018681","event":"MEDIA_CLOSED","detail":""}
{"ts":"2026-04-01T19:03:35.517Z","level":"INFO","device":"868120018681","event":"INCIDENT_SENT","detail":"mediaId=3 alarmId=86812001868100260401190335030200"}
{"ts":"2026-04-01T19:03:35.526Z","level":"INFO","device":"868120018681","event":"RX_MSG","detail":"0x8001 bodyLen=5"}
{"ts":"2026-04-01T19:03:35.529Z","level":"INFO","device":"868120018681","event":"SERVER_ACK","detail":"0x0200 result=OK"}
{"ts":"2026-04-01T19:03:35.535Z","level":"INFO","device":"868120018681","event":"RX_MSG","detail":"0x9208 bodyLen=81"}
{"ts":"2026-04-01T19:03:35.536Z","level":"INFO","device":"868120018681","event":"9208_RAW","detail":"0C35342E33372E3232352E36350D31000086812001868100260401190335030200383638313230303138363831303032363034303131393033333530333032303000000000000000000000000000000000"}
{"ts":"2026-04-01T19:03:35.536Z","level":"INFO","device":"868120018681","event":"UPLOAD_TRIGGERED","detail":"media: 54.37.225.65:3377 | alarmId: 86812001868100260401190335030200"}
{"ts":"2026-04-01T19:03:35.536Z","level":"INFO","device":"868120018681","event":"MEDIA_CONNECTING","detail":"54.37.225.65:3377 files=2"}
{"ts":"2026-04-01T19:03:35.553Z","level":"INFO","device":"868120018681","event":"RX_MSG","detail":"0x8001 bodyLen=5"}
{"ts":"2026-04-01T19:03:35.567Z","level":"INFO","device":"868120018681","event":"SERVER_ACK","detail":"0x0800 result=OK"}
{"ts":"2026-04-01T19:03:35.578Z","level":"INFO","device":"868120018681","event":"MEDIA_CONNECTED","detail":"54.37.225.65:3377"}
{"ts":"2026-04-01T19:03:35.579Z","level":"INFO","device":"868120018681","event":"FILE_START","detail":"[1/2] 00_64_6401_00_86812001868100260401190335030200.jpg (215 bytes)"}
{"ts":"2026-04-01T19:03:35.580Z","level":"INFO","device":"868120018681","event":"SENT_1210","detail":"00_64_6401_00_86812001868100260401190335030200.jpg"}
{"ts":"2026-04-01T19:03:35.598Z","level":"INFO","device":"868120018681","event":"MEDIA_RX","detail":"7E 80 01 00 05 86 81 20 01 86 81 0F 0C 00 00 12 10 00 A4 7E"}
{"ts":"2026-04-01T19:03:35.685Z","level":"INFO","device":"868120018681","event":"SENT_RAW_MARKER","detail":"00_64_6401_00_86812001868100260401190335030200.jpg packet=277 bytes data=215 bytes"}
{"ts":"2026-04-01T19:03:35.686Z","level":"INFO","device":"868120018681","event":"SENT_1212","detail":"00_64_6401_00_86812001868100260401190335030200.jpg type=0"}
{"ts":"2026-04-01T19:03:35.742Z","level":"INFO","device":"868120018681","event":"MEDIA_RX","detail":"7E 92 12 00 36 86 81 20 01 86 81 15 93 32 30 30 5F 36 34 5F 36 34 30 31 5F 30 30 5F 38 36 38 31 32 30 30 31 38 36 38 31 30 30 32 36 30 34 30 31 31 39 30 33 33 35 30 33 30 32 30 30 2E 6A 70 67 00 00 00 7F 7E"}
{"ts":"2026-04-01T19:03:35.987Z","level":"INFO","device":"868120018681","event":"FILE_START","detail":"[2/2] 02_64_6401_03_86812001868100260401190335030200.mp4 (65536 bytes)"}
{"ts":"2026-04-01T19:03:35.987Z","level":"INFO","device":"868120018681","event":"SENT_1210","detail":"02_64_6401_03_86812001868100260401190335030200.mp4"}
{"ts":"2026-04-01T19:03:35.995Z","level":"INFO","device":"868120018681","event":"MEDIA_RX","detail":"7E 80 01 00 05 86 81 20 01 86 81 77 64 00 02 12 10 00 B6 7E"}
{"ts":"2026-04-01T19:03:36.090Z","level":"INFO","device":"868120018681","event":"SENT_RAW_MARKER","detail":"02_64_6401_03_86812001868100260401190335030200.mp4 packet=65598 bytes data=65536 bytes"}
{"ts":"2026-04-01T19:03:36.091Z","level":"INFO","device":"868120018681","event":"SENT_1212","detail":"02_64_6401_03_86812001868100260401190335030200.mp4 type=2"}
{"ts":"2026-04-01T19:03:36.120Z","level":"INFO","device":"868120018681","event":"MEDIA_RX","detail":"7E 92 12 00 36 86 81 20 01 86 81 19 FC 32 30 32 5F 36 34 5F 36 34 30 31 5F 30 33 5F 38 36 38 31 32 30 30 31 38 36 38 31 30 30 32 36 30 34 30 31 31 39 30 33 33 35 30 33 30 32 30 30 2E 6D 70 34 02 00 00 4B 7E"}
{"ts":"2026-04-01T19:03:36.395Z","level":"INFO","device":"868120018681","event":"BATCH_COMPLETE","detail":"All 2 files sent"}
{"ts":"2026-04-01T19:03:36.407Z","level":"INFO","device":"868120018681","event":"MEDIA_CLOSED","detail":""}
{"ts":"2026-04-01T19:03:45.509Z","level":"INFO","device":"868120018681","event":"GPS_SENT","detail":""}
{"ts":"2026-04-01T19:03:45.516Z","level":"INFO","device":"868120018681","event":"INCIDENT_SENT","detail":"mediaId=4 alarmId=86812001868100260401190345040200"}
{"ts":"2026-04-01T19:03:45.518Z","level":"INFO","device":"868120018681","event":"RX_MSG","detail":"0x8001 bodyLen=5"}
{"ts":"2026-04-01T19:03:45.520Z","level":"INFO","device":"868120018681","event":"SERVER_ACK","detail":"0x0200 result=OK"}
{"ts":"2026-04-01T19:03:45.525Z","level":"INFO","device":"868120018681","event":"RX_MSG","detail":"0x8001 bodyLen=5"}
{"ts":"2026-04-01T19:03:45.525Z","level":"INFO","device":"868120018681","event":"SERVER_ACK","detail":"0x0200 result=OK"}
{"ts":"2026-04-01T19:03:45.535Z","level":"INFO","device":"868120018681","event":"RX_MSG","detail":"0x8001 bodyLen=5"}
{"ts":"2026-04-01T19:03:45.535Z","level":"INFO","device":"868120018681","event":"SERVER_ACK","detail":"0x0800 result=OK"}
{"ts":"2026-04-01T19:03:45.535Z","level":"INFO","device":"868120018681","event":"RX_MSG","detail":"0x9208 bodyLen=81"}
{"ts":"2026-04-01T19:03:45.536Z","level":"INFO","device":"868120018681","event":"9208_RAW","detail":"0C35342E33372E3232352E36350D31000086812001868100260401190345040200383638313230303138363831303032363034303131393033343530343032303000000000000000000000000000000000"}
{"ts":"2026-04-01T19:03:45.536Z","level":"INFO","device":"868120018681","event":"UPLOAD_TRIGGERED","detail":"media: 54.37.225.65:3377 | alarmId: 86812001868100260401190345040200"}
{"ts":"2026-04-01T19:03:45.536Z","level":"INFO","device":"868120018681","event":"MEDIA_CONNECTING","detail":"54.37.225.65:3377 files=2"}
{"ts":"2026-04-01T19:03:45.548Z","level":"INFO","device":"868120018681","event":"MEDIA_CONNECTED","detail":"54.37.225.65:3377"}
{"ts":"2026-04-01T19:03:45.548Z","level":"INFO","device":"868120018681","event":"FILE_START","detail":"[1/2] 00_64_6401_00_86812001868100260401190345040200.jpg (215 bytes)"}
{"ts":"2026-04-01T19:03:45.549Z","level":"INFO","device":"868120018681","event":"SENT_1210","detail":"00_64_6401_00_86812001868100260401190345040200.jpg"}
{"ts":"2026-04-01T19:03:45.557Z","level":"INFO","device":"868120018681","event":"MEDIA_RX","detail":"7E 80 01 00 05 86 81 20 01 86 81 DA 67 00 00 12 10 00 1A 7E"}
{"ts":"2026-04-01T19:03:45.652Z","level":"INFO","device":"868120018681","event":"SENT_RAW_MARKER","detail":"00_64_6401_00_86812001868100260401190345040200.jpg packet=277 bytes data=215 bytes"}
{"ts":"2026-04-01T19:03:45.653Z","level":"INFO","device":"868120018681","event":"SENT_1212","detail":"00_64_6401_00_86812001868100260401190345040200.jpg type=0"}
{"ts":"2026-04-01T19:03:45.708Z","level":"INFO","device":"868120018681","event":"MEDIA_RX","detail":"7E 92 12 00 36 86 81 20 01 86 81 FC 62 32 30 30 5F 36 34 5F 36 34 30 31 5F 30 30 5F 38 36 38 31 32 30 30 31 38 36 38 31 30 30 32 36 30 34 30 31 31 39 30 33 34 35 30 34 30 32 30 30 2E 6A 70 67 00 00 00 67 7E"}
{"ts":"2026-04-01T19:03:45.958Z","level":"INFO","device":"868120018681","event":"FILE_START","detail":"[2/2] 02_64_6401_03_86812001868100260401190345040200.mp4 (65536 bytes)"}
{"ts":"2026-04-01T19:03:45.958Z","level":"INFO","device":"868120018681","event":"SENT_1210","detail":"02_64_6401_03_86812001868100260401190345040200.mp4"}
{"ts":"2026-04-01T19:03:45.967Z","level":"INFO","device":"868120018681","event":"MEDIA_RX","detail":"7E 80 01 00 05 86 81 20 01 86 81 04 E3 00 02 12 10 00 42 7E"}
{"ts":"2026-04-01T19:03:46.058Z","level":"INFO","device":"868120018681","event":"SENT_RAW_MARKER","detail":"02_64_6401_03_86812001868100260401190345040200.mp4 packet=65598 bytes data=65536 bytes"}
{"ts":"2026-04-01T19:03:46.059Z","level":"INFO","device":"868120018681","event":"SENT_1212","detail":"02_64_6401_03_86812001868100260401190345040200.mp4 type=2"}
{"ts":"2026-04-01T19:03:46.084Z","level":"INFO","device":"868120018681","event":"MEDIA_RX","detail":"7E 92 12 00 36 86 81 20 01 86 81 1D 77 32 30 32 5F 36 34 5F 36 34 30 31 5F 30 33 5F 38 36 38 31 32 30 30 31 38 36 38 31 30 30 32 36 30 34 30 31 31 39 30 33 34 35 30 34 30 32 30 30 2E 6D 70 34 02 00 00 C4 7E"}
{"ts":"2026-04-01T19:03:46.359Z","level":"INFO","device":"868120018681","event":"BATCH_COMPLETE","detail":"All 2 files sent"}
{"ts":"2026-04-01T19:03:46.603Z","level":"INFO","device":"868120018681","event":"MEDIA_CLOSED","detail":""}
{"ts":"2026-04-01T19:03:55.517Z","level":"INFO","device":"868120018681","event":"INCIDENT_SENT","detail":"mediaId=5 alarmId=86812001868100260401190355050200"}
{"ts":"2026-04-01T19:03:55.526Z","level":"INFO","device":"868120018681","event":"RX_MSG","detail":"0x8001 bodyLen=5"}
{"ts":"2026-04-01T19:03:55.526Z","level":"INFO","device":"868120018681","event":"SERVER_ACK","detail":"0x0200 result=OK"}
{"ts":"2026-04-01T19:03:55.531Z","level":"INFO","device":"868120018681","event":"RX_MSG","detail":"0x9208 bodyLen=81"}
{"ts":"2026-04-01T19:03:55.534Z","level":"INFO","device":"868120018681","event":"9208_RAW","detail":"0C35342E33372E3232352E36350D31000086812001868100260401190355050200383638313230303138363831303032363034303131393033353530353032303000000000000000000000000000000000"}
{"ts":"2026-04-01T19:03:55.534Z","level":"INFO","device":"868120018681","event":"UPLOAD_TRIGGERED","detail":"media: 54.37.225.65:3377 | alarmId: 86812001868100260401190355050200"}
{"ts":"2026-04-01T19:03:55.534Z","level":"INFO","device":"868120018681","event":"MEDIA_CONNECTING","detail":"54.37.225.65:3377 files=2"}
{"ts":"2026-04-01T19:03:55.542Z","level":"INFO","device":"868120018681","event":"RX_MSG","detail":"0x8001 bodyLen=5"}
{"ts":"2026-04-01T19:03:55.542Z","level":"INFO","device":"868120018681","event":"SERVER_ACK","detail":"0x0800 result=OK"}
{"ts":"2026-04-01T19:03:55.542Z","level":"INFO","device":"868120018681","event":"MEDIA_CONNECTED","detail":"54.37.225.65:3377"}
{"ts":"2026-04-01T19:03:55.542Z","level":"INFO","device":"868120018681","event":"FILE_START","detail":"[1/2] 00_64_6401_00_86812001868100260401190355050200.jpg (215 bytes)"}
{"ts":"2026-04-01T19:03:55.544Z","level":"INFO","device":"868120018681","event":"SENT_1210","detail":"00_64_6401_00_86812001868100260401190355050200.jpg"}
{"ts":"2026-04-01T19:03:55.557Z","level":"INFO","device":"868120018681","event":"MEDIA_RX","detail":"7E 80 01 00 05 86 81 20 01 86 81 12 15 00 00 12 10 00 A0 7E"}
{"ts":"2026-04-01T19:03:55.647Z","level":"INFO","device":"868120018681","event":"SENT_RAW_MARKER","detail":"00_64_6401_00_86812001868100260401190355050200.jpg packet=277 bytes data=215 bytes"}
{"ts":"2026-04-01T19:03:55.648Z","level":"INFO","device":"868120018681","event":"SENT_1212","detail":"00_64_6401_00_86812001868100260401190355050200.jpg type=0"}
{"ts":"2026-04-01T19:03:55.705Z","level":"INFO","device":"868120018681","event":"MEDIA_RX","detail":"7E 92 12 00 36 86 81 20 01 86 81 94 A5 32 30 30 5F 36 34 5F 36 34 30 31 5F 30 30 5F 38 36 38 31 32 30 30 31 38 36 38 31 30 30 32 36 30 34 30 31 31 39 30 33 35 35 30 35 30 32 30 30 2E 6A 70 67 00 00 00 C8 7E"}
{"ts":"2026-04-01T19:03:55.951Z","level":"INFO","device":"868120018681","event":"FILE_START","detail":"[2/2] 02_64_6401_03_86812001868100260401190355050200.mp4 (65536 bytes)"}
{"ts":"2026-04-01T19:03:55.951Z","level":"INFO","device":"868120018681","event":"SENT_1210","detail":"02_64_6401_03_86812001868100260401190355050200.mp4"}
{"ts":"2026-04-01T19:03:55.960Z","level":"INFO","device":"868120018681","event":"MEDIA_RX","detail":"7E 80 01 00 05 86 81 20 01 86 81 A6 E3 00 02 12 10 00 E0 7E"}
{"ts":"2026-04-01T19:03:56.055Z","level":"INFO","device":"868120018681","event":"SENT_RAW_MARKER","detail":"02_64_6401_03_86812001868100260401190355050200.mp4 packet=65598 bytes data=65536 bytes"}
{"ts":"2026-04-01T19:03:56.056Z","level":"INFO","device":"868120018681","event":"SENT_1212","detail":"02_64_6401_03_86812001868100260401190355050200.mp4 type=2"}
{"ts":"2026-04-01T19:03:56.079Z","level":"INFO","device":"868120018681","event":"MEDIA_RX","detail":"7E 92 12 00 36 86 81 20 01 86 81 CB 8E 32 30 32 5F 36 34 5F 36 34 30 31 5F 30 33 5F 38 36 38 31 32 30 30 31 38 36 38 31 30 30 32 36 30 34 30 31 31 39 30 33 35 35 30 35 30 32 30 30 2E 6D 70 34 02 00 00 EB 7E"}
{"ts":"2026-04-01T19:03:56.357Z","level":"INFO","device":"868120018681","event":"BATCH_COMPLETE","detail":"All 2 files sent"}
{"ts":"2026-04-01T19:03:56.370Z","level":"INFO","device":"868120018681","event":"MEDIA_CLOSED","detail":""}
{"ts":"2026-04-01T19:04:05.508Z","level":"INFO","device":"868120018681","event":"GPS_SENT","detail":""}
{"ts":"2026-04-01T19:04:05.517Z","level":"INFO","device":"868120018681","event":"INCIDENT_SENT","detail":"mediaId=6 alarmId=86812001868100260401190405060200"}
{"ts":"2026-04-01T19:04:05.518Z","level":"INFO","device":"868120018681","event":"RX_MSG","detail":"0x8001 bodyLen=5"}
{"ts":"2026-04-01T19:04:05.518Z","level":"INFO","device":"868120018681","event":"SERVER_ACK","detail":"0x0200 result=OK"}
{"ts":"2026-04-01T19:04:05.525Z","level":"INFO","device":"868120018681","event":"RX_MSG","detail":"0x8001 bodyLen=5"}
{"ts":"2026-04-01T19:04:05.526Z","level":"INFO","device":"868120018681","event":"SERVER_ACK","detail":"0x0200 result=OK"}
{"ts":"2026-04-01T19:04:05.530Z","level":"INFO","device":"868120018681","event":"RX_MSG","detail":"0x9208 bodyLen=81"}
{"ts":"2026-04-01T19:04:05.530Z","level":"INFO","device":"868120018681","event":"9208_RAW","detail":"0C35342E33372E3232352E36350D31000086812001868100260401190405060200383638313230303138363831303032363034303131393034303530363032303000000000000000000000000000000000"}
{"ts":"2026-04-01T19:04:05.530Z","level":"INFO","device":"868120018681","event":"UPLOAD_TRIGGERED","detail":"media: 54.37.225.65:3377 | alarmId: 86812001868100260401190405060200"}
{"ts":"2026-04-01T19:04:05.530Z","level":"INFO","device":"868120018681","event":"MEDIA_CONNECTING","detail":"54.37.225.65:3377 files=2"}
{"ts":"2026-04-01T19:04:05.536Z","level":"INFO","device":"868120018681","event":"RX_MSG","detail":"0x8001 bodyLen=5"}
{"ts":"2026-04-01T19:04:05.536Z","level":"INFO","device":"868120018681","event":"SERVER_ACK","detail":"0x0800 result=OK"}
{"ts":"2026-04-01T19:04:05.537Z","level":"INFO","device":"868120018681","event":"MEDIA_CONNECTED","detail":"54.37.225.65:3377"}
{"ts":"2026-04-01T19:04:05.537Z","level":"INFO","device":"868120018681","event":"FILE_START","detail":"[1/2] 00_64_6401_00_86812001868100260401190405060200.jpg (215 bytes)"}
{"ts":"2026-04-01T19:04:05.538Z","level":"INFO","device":"868120018681","event":"SENT_1210","detail":"00_64_6401_00_86812001868100260401190405060200.jpg"}
{"ts":"2026-04-01T19:04:05.548Z","level":"INFO","device":"868120018681","event":"MEDIA_RX","detail":"7E 80 01 00 05 86 81 20 01 86 81 5E AF 00 00 12 10 00 56 7E"}
{"ts":"2026-04-01T19:04:05.641Z","level":"INFO","device":"868120018681","event":"SENT_RAW_MARKER","detail":"00_64_6401_00_86812001868100260401190405060200.jpg packet=277 bytes data=215 bytes"}
{"ts":"2026-04-01T19:04:05.642Z","level":"INFO","device":"868120018681","event":"SENT_1212","detail":"00_64_6401_00_86812001868100260401190405060200.jpg type=0"}
{"ts":"2026-04-01T19:04:05.696Z","level":"INFO","device":"868120018681","event":"MEDIA_RX","detail":"7E 92 12 00 36 86 81 20 01 86 81 CC D1 32 30 30 5F 36 34 5F 36 34 30 31 5F 30 30 5F 38 36 38 31 32 30 30 31 38 36 38 31 30 30 32 36 30 34 30 31 31 39 30 34 30 35 30 36 30 32 30 30 2E 6A 70 67 00 00 00 E5 7E"}
{"ts":"2026-04-01T19:04:05.946Z","level":"INFO","device":"868120018681","event":"FILE_START","detail":"[2/2] 02_64_6401_03_86812001868100260401190405060200.mp4 (65536 bytes)"}
{"ts":"2026-04-01T19:04:05.946Z","level":"INFO","device":"868120018681","event":"SENT_1210","detail":"02_64_6401_03_86812001868100260401190405060200.mp4"}
{"ts":"2026-04-01T19:04:05.953Z","level":"INFO","device":"868120018681","event":"MEDIA_RX","detail":"7E 80 01 00 05 86 81 20 01 86 81 98 81 00 02 12 10 00 BC 7E"}
{"ts":"2026-04-01T19:04:06.050Z","level":"INFO","device":"868120018681","event":"SENT_RAW_MARKER","detail":"02_64_6401_03_86812001868100260401190405060200.mp4 packet=65598 bytes data=65536 bytes"}
{"ts":"2026-04-01T19:04:06.051Z","level":"INFO","device":"868120018681","event":"SENT_1212","detail":"02_64_6401_03_86812001868100260401190405060200.mp4 type=2"}
{"ts":"2026-04-01T19:04:06.074Z","level":"INFO","device":"868120018681","event":"MEDIA_RX","detail":"7E 92 12 00 36 86 81 20 01 86 81 B9 1E 32 30 32 5F 36 34 5F 36 34 30 31 5F 30 33 5F 38 36 38 31 32 30 30 31 38 36 38 31 30 30 32 36 30 34 30 31 31 39 30 34 30 35 30 36 30 32 30 30 2E 6D 70 34 02 00 00 08 7E"}
{"ts":"2026-04-01T19:04:06.353Z","level":"INFO","device":"868120018681","event":"BATCH_COMPLETE","detail":"All 2 files sent"}
{"ts":"2026-04-01T19:04:06.597Z","level":"INFO","device":"868120018681","event":"MEDIA_CLOSED","detail":""}
{"ts":"2026-04-01T19:04:15.517Z","level":"INFO","device":"868120018681","event":"INCIDENT_SENT","detail":"mediaId=7 alarmId=86812001868100260401190415070200"}
{"ts":"2026-04-01T19:04:15.526Z","level":"INFO","device":"868120018681","event":"RX_MSG","detail":"0x8001 bodyLen=5"}
{"ts":"2026-04-01T19:04:15.527Z","level":"INFO","device":"868120018681","event":"SERVER_ACK","detail":"0x0200 result=OK"}
{"ts":"2026-04-01T19:04:15.534Z","level":"INFO","device":"868120018681","event":"RX_MSG","detail":"0x9208 bodyLen=81"}
{"ts":"2026-04-01T19:04:15.534Z","level":"INFO","device":"868120018681","event":"9208_RAW","detail":"0C35342E33372E3232352E36350D31000086812001868100260401190415070200383638313230303138363831303032363034303131393034313530373032303000000000000000000000000000000000"}
{"ts":"2026-04-01T19:04:15.534Z","level":"INFO","device":"868120018681","event":"UPLOAD_TRIGGERED","detail":"media: 54.37.225.65:3377 | alarmId: 86812001868100260401190415070200"}
{"ts":"2026-04-01T19:04:15.534Z","level":"INFO","device":"868120018681","event":"MEDIA_CONNECTING","detail":"54.37.225.65:3377 files=2"}
{"ts":"2026-04-01T19:04:15.541Z","level":"INFO","device":"868120018681","event":"RX_MSG","detail":"0x8001 bodyLen=5"}
{"ts":"2026-04-01T19:04:15.543Z","level":"INFO","device":"868120018681","event":"SERVER_ACK","detail":"0x0800 result=OK"}
{"ts":"2026-04-01T19:04:15.544Z","level":"INFO","device":"868120018681","event":"MEDIA_CONNECTED","detail":"54.37.225.65:3377"}
{"ts":"2026-04-01T19:04:15.544Z","level":"INFO","device":"868120018681","event":"FILE_START","detail":"[1/2] 00_64_6401_00_86812001868100260401190415070200.jpg (215 bytes)"}
{"ts":"2026-04-01T19:04:15.545Z","level":"INFO","device":"868120018681","event":"SENT_1210","detail":"00_64_6401_00_86812001868100260401190415070200.jpg"}
{"ts":"2026-04-01T19:04:15.552Z","level":"INFO","device":"868120018681","event":"MEDIA_RX","detail":"7E 80 01 00 05 86 81 20 01 86 81 C7 64 00 00 12 10 00 04 7E"}
{"ts":"2026-04-01T19:04:15.645Z","level":"INFO","device":"868120018681","event":"SENT_RAW_MARKER","detail":"00_64_6401_00_86812001868100260401190415070200.jpg packet=277 bytes data=215 bytes"}
{"ts":"2026-04-01T19:04:15.645Z","level":"INFO","device":"868120018681","event":"SENT_1212","detail":"00_64_6401_00_86812001868100260401190415070200.jpg type=0"}
{"ts":"2026-04-01T19:04:15.700Z","level":"INFO","device":"868120018681","event":"MEDIA_RX","detail":"7E 92 12 00 36 86 81 20 01 86 81 A8 7F 32 30 30 5F 36 34 5F 36 34 30 31 5F 30 30 5F 38 36 38 31 32 30 30 31 38 36 38 31 30 30 32 36 30 34 30 31 31 39 30 34 31 35 30 37 30 32 30 30 2E 6A 70 67 00 00 00 2F 7E"}
{"ts":"2026-04-01T19:04:15.946Z","level":"INFO","device":"868120018681","event":"FILE_START","detail":"[2/2] 02_64_6401_03_86812001868100260401190415070200.mp4 (65536 bytes)"}
{"ts":"2026-04-01T19:04:15.946Z","level":"INFO","device":"868120018681","event":"SENT_1210","detail":"02_64_6401_03_86812001868100260401190415070200.mp4"}
{"ts":"2026-04-01T19:04:15.957Z","level":"INFO","device":"868120018681","event":"MEDIA_RX","detail":"7E 80 01 00 05 86 81 20 01 86 81 BD C0 00 02 12 10 00 D8 7E"}
{"ts":"2026-04-01T19:04:16.050Z","level":"INFO","device":"868120018681","event":"SENT_RAW_MARKER","detail":"02_64_6401_03_86812001868100260401190415070200.mp4 packet=65598 bytes data=65536 bytes"}
{"ts":"2026-04-01T19:04:16.051Z","level":"INFO","device":"868120018681","event":"SENT_1212","detail":"02_64_6401_03_86812001868100260401190415070200.mp4 type=2"}
{"ts":"2026-04-01T19:04:16.076Z","level":"INFO","device":"868120018681","event":"MEDIA_RX","detail":"7E 92 12 00 36 86 81 20 01 86 81 97 E6 32 30 32 5F 36 34 5F 36 34 30 31 5F 30 33 5F 38 36 38 31 32 30 30 31 38 36 38 31 30 30 32 36 30 34 30 31 31 39 30 34 31 35 30 37 30 32 30 30 2E 6D 70 34 02 00 00 DE 7E"}
{"ts":"2026-04-01T19:04:16.353Z","level":"INFO","device":"868120018681","event":"BATCH_COMPLETE","detail":"All 2 files sent"}
{"ts":"2026-04-01T19:04:16.388Z","level":"INFO","device":"868120018681","event":"MEDIA_CLOSED","detail":""}
{"ts":"2026-04-01T19:04:25.508Z","level":"INFO","device":"868120018681","event":"GPS_SENT","detail":""}
{"ts":"2026-04-01T19:04:25.518Z","level":"INFO","device":"868120018681","event":"INCIDENT_SENT","detail":"mediaId=8 alarmId=86812001868100260401190425080200"}
{"ts":"2026-04-01T19:04:25.521Z","level":"INFO","device":"868120018681","event":"RX_MSG","detail":"0x8001 bodyLen=5"}
{"ts":"2026-04-01T19:04:25.521Z","level":"INFO","device":"868120018681","event":"SERVER_ACK","detail":"0x0200 result=OK"}
{"ts":"2026-04-01T19:04:25.526Z","level":"INFO","device":"868120018681","event":"RX_MSG","detail":"0x8001 bodyLen=5"}
{"ts":"2026-04-01T19:04:25.527Z","level":"INFO","device":"868120018681","event":"SERVER_ACK","detail":"0x0200 result=OK"}
{"ts":"2026-04-01T19:04:25.531Z","level":"INFO","device":"868120018681","event":"RX_MSG","detail":"0x9208 bodyLen=81"}
{"ts":"2026-04-01T19:04:25.531Z","level":"INFO","device":"868120018681","event":"9208_RAW","detail":"0C35342E33372E3232352E36350D31000086812001868100260401190425080200383638313230303138363831303032363034303131393034323530383032303000000000000000000000000000000000"}
{"ts":"2026-04-01T19:04:25.532Z","level":"INFO","device":"868120018681","event":"UPLOAD_TRIGGERED","detail":"media: 54.37.225.65:3377 | alarmId: 86812001868100260401190425080200"}
{"ts":"2026-04-01T19:04:25.532Z","level":"INFO","device":"868120018681","event":"MEDIA_CONNECTING","detail":"54.37.225.65:3377 files=2"}
{"ts":"2026-04-01T19:04:25.537Z","level":"INFO","device":"868120018681","event":"RX_MSG","detail":"0x8001 bodyLen=5"}
{"ts":"2026-04-01T19:04:25.538Z","level":"INFO","device":"868120018681","event":"SERVER_ACK","detail":"0x0800 result=OK"}
{"ts":"2026-04-01T19:04:25.547Z","level":"INFO","device":"868120018681","event":"MEDIA_CONNECTED","detail":"54.37.225.65:3377"}
{"ts":"2026-04-01T19:04:25.548Z","level":"INFO","device":"868120018681","event":"FILE_START","detail":"[1/2] 00_64_6401_00_86812001868100260401190425080200.jpg (215 bytes)"}
{"ts":"2026-04-01T19:04:25.548Z","level":"INFO","device":"868120018681","event":"SENT_1210","detail":"00_64_6401_00_86812001868100260401190425080200.jpg"}
{"ts":"2026-04-01T19:04:25.555Z","level":"INFO","device":"868120018681","event":"MEDIA_RX","detail":"7E 80 01 00 05 86 81 20 01 86 81 91 48 00 00 12 10 00 7D 02 7E"}
{"ts":"2026-04-01T19:04:25.653Z","level":"INFO","device":"868120018681","event":"SENT_RAW_MARKER","detail":"00_64_6401_00_86812001868100260401190425080200.jpg packet=277 bytes data=215 bytes"}
{"ts":"2026-04-01T19:04:25.654Z","level":"INFO","device":"868120018681","event":"SENT_1212","detail":"00_64_6401_00_86812001868100260401190425080200.jpg type=0"}
{"ts":"2026-04-01T19:04:25.715Z","level":"INFO","device":"868120018681","event":"MEDIA_RX","detail":"7E 92 12 00 36 86 81 20 01 86 81 54 A0 32 30 30 5F 36 34 5F 36 34 30 31 5F 30 30 5F 38 36 38 31 32 30 30 31 38 36 38 31 30 30 32 36 30 34 30 31 31 39 30 34 32 35 30 38 30 32 30 30 2E 6A 70 67 00 00 00 00 7E"}
{"ts":"2026-04-01T19:04:25.955Z","level":"INFO","device":"868120018681","event":"FILE_START","detail":"[2/2] 02_64_6401_03_86812001868100260401190425080200.mp4 (65536 bytes)"}
{"ts":"2026-04-01T19:04:25.955Z","level":"INFO","device":"868120018681","event":"SENT_1210","detail":"02_64_6401_03_86812001868100260401190425080200.mp4"}
{"ts":"2026-04-01T19:04:25.965Z","level":"INFO","device":"868120018681","event":"MEDIA_RX","detail":"7E 80 01 00 05 86 81 20 01 86 81 37 05 00 02 12 10 00 97 7E"}
{"ts":"2026-04-01T19:04:26.056Z","level":"INFO","device":"868120018681","event":"SENT_RAW_MARKER","detail":"02_64_6401_03_86812001868100260401190425080200.mp4 packet=65598 bytes data=65536 bytes"}
{"ts":"2026-04-01T19:04:26.056Z","level":"INFO","device":"868120018681","event":"SENT_1212","detail":"02_64_6401_03_86812001868100260401190425080200.mp4 type=2"}
{"ts":"2026-04-01T19:04:26.081Z","level":"INFO","device":"868120018681","event":"MEDIA_RX","detail":"7E 92 12 00 36 86 81 20 01 86 81 F4 8D 32 30 32 5F 36 34 5F 36 34 30 31 5F 30 33 5F 38 36 38 31 32 30 30 31 38 36 38 31 30 30 32 36 30 34 30 31 31 39 30 34 32 35 30 38 30 32 30 30 2E 6D 70 34 02 00 00 DA 7E"}
{"ts":"2026-04-01T19:04:26.357Z","level":"INFO","device":"868120018681","event":"BATCH_COMPLETE","detail":"All 2 files sent"}
{"ts":"2026-04-01T19:04:26.602Z","level":"INFO","device":"868120018681","event":"MEDIA_CLOSED","detail":""}
{"ts":"2026-04-01T19:04:35.518Z","level":"INFO","device":"868120018681","event":"INCIDENT_SENT","detail":"mediaId=9 alarmId=86812001868100260401190435090200"}
{"ts":"2026-04-01T19:04:35.528Z","level":"INFO","device":"868120018681","event":"RX_MSG","detail":"0x8001 bodyLen=5"}
{"ts":"2026-04-01T19:04:35.528Z","level":"INFO","device":"868120018681","event":"SERVER_ACK","detail":"0x0200 result=OK"}
{"ts":"2026-04-01T19:04:35.536Z","level":"INFO","device":"868120018681","event":"RX_MSG","detail":"0x9208 bodyLen=81"}
{"ts":"2026-04-01T19:04:35.536Z","level":"INFO","device":"868120018681","event":"9208_RAW","detail":"0C35342E33372E3232352E36350D31000086812001868100260401190435090200383638313230303138363831303032363034303131393034333530393032303000000000000000000000000000000000"}
{"ts":"2026-04-01T19:04:35.536Z","level":"INFO","device":"868120018681","event":"UPLOAD_TRIGGERED","detail":"media: 54.37.225.65:3377 | alarmId: 86812001868100260401190435090200"}
{"ts":"2026-04-01T19:04:35.536Z","level":"INFO","device":"868120018681","event":"MEDIA_CONNECTING","detail":"54.37.225.65:3377 files=2"}
{"ts":"2026-04-01T19:04:35.549Z","level":"INFO","device":"868120018681","event":"RX_MSG","detail":"0x8001 bodyLen=5"}
{"ts":"2026-04-01T19:04:35.549Z","level":"INFO","device":"868120018681","event":"SERVER_ACK","detail":"0x0800 result=OK"}
{"ts":"2026-04-01T19:04:35.553Z","level":"INFO","device":"868120018681","event":"MEDIA_CONNECTED","detail":"54.37.225.65:3377"}
{"ts":"2026-04-01T19:04:35.553Z","level":"INFO","device":"868120018681","event":"FILE_START","detail":"[1/2] 00_64_6401_00_86812001868100260401190435090200.jpg (215 bytes)"}
{"ts":"2026-04-01T19:04:35.553Z","level":"INFO","device":"868120018681","event":"SENT_1210","detail":"00_64_6401_00_86812001868100260401190435090200.jpg"}
{"ts":"2026-04-01T19:04:35.564Z","level":"INFO","device":"868120018681","event":"MEDIA_RX","detail":"7E 80 01 00 05 86 81 20 01 86 81 BF 09 00 00 12 10 00 11 7E"}
{"ts":"2026-04-01T19:04:35.654Z","level":"INFO","device":"868120018681","event":"SENT_RAW_MARKER","detail":"00_64_6401_00_86812001868100260401190435090200.jpg packet=277 bytes data=215 bytes"}
{"ts":"2026-04-01T19:04:35.654Z","level":"INFO","device":"868120018681","event":"SENT_1212","detail":"00_64_6401_00_86812001868100260401190435090200.jpg type=0"}
{"ts":"2026-04-01T19:04:35.717Z","level":"INFO","device":"868120018681","event":"MEDIA_RX","detail":"7E 92 12 00 36 86 81 20 01 86 81 3D 2D 32 30 30 5F 36 34 5F 36 34 30 31 5F 30 30 5F 38 36 38 31 32 30 30 31 38 36 38 31 30 30 32 36 30 34 30 31 31 39 30 34 33 35 30 39 30 32 30 30 2E 6A 70 67 00 00 00 E4 7E"}
{"ts":"2026-04-01T19:04:35.956Z","level":"INFO","device":"868120018681","event":"FILE_START","detail":"[2/2] 02_64_6401_03_86812001868100260401190435090200.mp4 (65536 bytes)"}
{"ts":"2026-04-01T19:04:35.957Z","level":"INFO","device":"868120018681","event":"SENT_1210","detail":"02_64_6401_03_86812001868100260401190435090200.mp4"}
{"ts":"2026-04-01T19:04:35.966Z","level":"INFO","device":"868120018681","event":"MEDIA_RX","detail":"7E 80 01 00 05 86 81 20 01 86 81 69 2F 00 02 12 10 00 E3 7E"}
{"ts":"2026-04-01T19:04:36.057Z","level":"INFO","device":"868120018681","event":"SENT_RAW_MARKER","detail":"02_64_6401_03_86812001868100260401190435090200.mp4 packet=65598 bytes data=65536 bytes"}
{"ts":"2026-04-01T19:04:36.058Z","level":"INFO","device":"868120018681","event":"SENT_1212","detail":"02_64_6401_03_86812001868100260401190435090200.mp4 type=2"}
{"ts":"2026-04-01T19:04:36.086Z","level":"INFO","device":"868120018681","event":"MEDIA_RX","detail":"7E 92 12 00 36 86 81 20 01 86 81 F0 CF 32 30 32 5F 36 34 5F 36 34 30 31 5F 30 33 5F 38 36 38 31 32 30 30 31 38 36 38 31 30 30 32 36 30 34 30 31 31 39 30 34 33 35 30 39 30 32 30 30 2E 6D 70 34 02 00 00 9C 7E"}
{"ts":"2026-04-01T19:04:36.360Z","level":"INFO","device":"868120018681","event":"BATCH_COMPLETE","detail":"All 2 files sent"}
{"ts":"2026-04-01T19:04:36.371Z","level":"INFO","device":"868120018681","event":"MEDIA_CLOSED","detail":""}
{"ts":"2026-04-01T19:04:45.512Z","level":"INFO","device":"868120018681","event":"GPS_SENT","detail":""}
{"ts":"2026-04-01T19:04:45.522Z","level":"INFO","device":"868120018681","event":"INCIDENT_SENT","detail":"mediaId=10 alarmId=868120018681002604011904450A0200"}
{"ts":"2026-04-01T19:04:45.523Z","level":"INFO","device":"868120018681","event":"RX_MSG","detail":"0x8001 bodyLen=5"}
{"ts":"2026-04-01T19:04:45.523Z","level":"INFO","device":"868120018681","event":"SERVER_ACK","detail":"0x0200 result=OK"}
{"ts":"2026-04-01T19:04:45.528Z","level":"INFO","device":"868120018681","event":"RX_MSG","detail":"0x8001 bodyLen=5"}
{"ts":"2026-04-01T19:04:45.528Z","level":"INFO","device":"868120018681","event":"SERVER_ACK","detail":"0x0200 result=OK"}
{"ts":"2026-04-01T19:04:45.538Z","level":"INFO","device":"868120018681","event":"RX_MSG","detail":"0x9208 bodyLen=81"}
{"ts":"2026-04-01T19:04:45.538Z","level":"INFO","device":"868120018681","event":"9208_RAW","detail":"0C35342E33372E3232352E36350D310000868120018681002604011904450A0200383638313230303138363831303032363034303131393034343530613032303000000000000000000000000000000000"}
{"ts":"2026-04-01T19:04:45.538Z","level":"INFO","device":"868120018681","event":"UPLOAD_TRIGGERED","detail":"media: 54.37.225.65:3377 | alarmId: 868120018681002604011904450A0200"}
{"ts":"2026-04-01T19:04:45.538Z","level":"INFO","device":"868120018681","event":"MEDIA_CONNECTING","detail":"54.37.225.65:3377 files=2"}
{"ts":"2026-04-01T19:04:45.541Z","level":"INFO","device":"868120018681","event":"RX_MSG","detail":"0x8001 bodyLen=5"}
{"ts":"2026-04-01T19:04:45.541Z","level":"INFO","device":"868120018681","event":"SERVER_ACK","detail":"0x0800 result=OK"}
{"ts":"2026-04-01T19:04:45.550Z","level":"INFO","device":"868120018681","event":"MEDIA_CONNECTED","detail":"54.37.225.65:3377"}
{"ts":"2026-04-01T19:04:45.552Z","level":"INFO","device":"868120018681","event":"FILE_START","detail":"[1/2] 00_64_6401_00_868120018681002604011904450A0200.jpg (215 bytes)"}
{"ts":"2026-04-01T19:04:45.554Z","level":"INFO","device":"868120018681","event":"SENT_1210","detail":"00_64_6401_00_868120018681002604011904450A0200.jpg"}
{"ts":"2026-04-01T19:04:45.561Z","level":"INFO","device":"868120018681","event":"MEDIA_RX","detail":"7E 80 01 00 05 86 81 20 01 86 81 90 54 00 00 12 10 00 63 7E"}
{"ts":"2026-04-01T19:04:45.656Z","level":"INFO","device":"868120018681","event":"SENT_RAW_MARKER","detail":"00_64_6401_00_868120018681002604011904450A0200.jpg packet=277 bytes data=215 bytes"}
{"ts":"2026-04-01T19:04:45.656Z","level":"INFO","device":"868120018681","event":"SENT_1212","detail":"00_64_6401_00_868120018681002604011904450A0200.jpg type=0"}
{"ts":"2026-04-01T19:04:45.711Z","level":"INFO","device":"868120018681","event":"MEDIA_RX","detail":"7E 92 12 00 36 86 81 20 01 86 81 68 E1 32 30 30 5F 36 34 5F 36 34 30 31 5F 30 30 5F 38 36 38 31 32 30 30 31 38 36 38 31 30 30 32 36 30 34 30 31 31 39 30 34 34 35 30 41 30 32 30 30 2E 6A 70 67 00 00 00 02 7E"}
{"ts":"2026-04-01T19:04:45.957Z","level":"INFO","device":"868120018681","event":"FILE_START","detail":"[2/2] 02_64_6401_03_868120018681002604011904450A0200.mp4 (65536 bytes)"}
{"ts":"2026-04-01T19:04:45.957Z","level":"INFO","device":"868120018681","event":"SENT_1210","detail":"02_64_6401_03_868120018681002604011904450A0200.mp4"}
{"ts":"2026-04-01T19:04:45.967Z","level":"INFO","device":"868120018681","event":"MEDIA_RX","detail":"7E 80 01 00 05 86 81 20 01 86 81 7F C4 00 02 12 10 00 1E 7E"}
{"ts":"2026-04-01T19:04:46.058Z","level":"INFO","device":"868120018681","event":"SENT_RAW_MARKER","detail":"02_64_6401_03_868120018681002604011904450A0200.mp4 packet=65598 bytes data=65536 bytes"}
{"ts":"2026-04-01T19:04:46.058Z","level":"INFO","device":"868120018681","event":"SENT_1212","detail":"02_64_6401_03_868120018681002604011904450A0200.mp4 type=2"}
{"ts":"2026-04-01T19:04:46.095Z","level":"INFO","device":"868120018681","event":"MEDIA_RX","detail":"7E 92 12 00 36 86 81 20 01 86 81 75 68 32 30 32 5F 36 34 5F 36 34 30 31 5F 30 33 5F 38 36 38 31 32 30 30 31 38 36 38 31 30 30 32 36 30 34 30 31 31 39 30 34 34 35 30 41 30 32 30 30 2E 6D 70 34 02 00 00 C1 7E"}
{"ts":"2026-04-01T19:04:46.359Z","level":"INFO","device":"868120018681","event":"BATCH_COMPLETE","detail":"All 2 files sent"}
{"ts":"2026-04-01T19:04:46.371Z","level":"INFO","device":"868120018681","event":"MEDIA_CLOSED","detail":""}
{"ts":"2026-04-01T19:04:55.523Z","level":"INFO","device":"868120018681","event":"INCIDENT_SENT","detail":"mediaId=11 alarmId=868120018681002604011904550B0200"}
{"ts":"2026-04-01T19:04:55.533Z","level":"INFO","device":"868120018681","event":"RX_MSG","detail":"0x8001 bodyLen=5"}
{"ts":"2026-04-01T19:04:55.533Z","level":"INFO","device":"868120018681","event":"SERVER_ACK","detail":"0x0200 result=OK"}
{"ts":"2026-04-01T19:04:55.539Z","level":"INFO","device":"868120018681","event":"RX_MSG","detail":"0x9208 bodyLen=81"}
{"ts":"2026-04-01T19:04:55.540Z","level":"INFO","device":"868120018681","event":"9208_RAW","detail":"0C35342E33372E3232352E36350D310000868120018681002604011904550B0200383638313230303138363831303032363034303131393034353530623032303000000000000000000000000000000000"}
{"ts":"2026-04-01T19:04:55.540Z","level":"INFO","device":"868120018681","event":"UPLOAD_TRIGGERED","detail":"media: 54.37.225.65:3377 | alarmId: 868120018681002604011904550B0200"}
{"ts":"2026-04-01T19:04:55.540Z","level":"INFO","device":"868120018681","event":"MEDIA_CONNECTING","detail":"54.37.225.65:3377 files=2"}
{"ts":"2026-04-01T19:04:55.548Z","level":"INFO","device":"868120018681","event":"MEDIA_CONNECTED","detail":"54.37.225.65:3377"}
{"ts":"2026-04-01T19:04:55.549Z","level":"INFO","device":"868120018681","event":"FILE_START","detail":"[1/2] 00_64_6401_00_868120018681002604011904550B0200.jpg (215 bytes)"}
{"ts":"2026-04-01T19:04:55.549Z","level":"INFO","device":"868120018681","event":"SENT_1210","detail":"00_64_6401_00_868120018681002604011904550B0200.jpg"}
{"ts":"2026-04-01T19:04:55.570Z","level":"INFO","device":"868120018681","event":"RX_MSG","detail":"0x8001 bodyLen=5"}
{"ts":"2026-04-01T19:04:55.571Z","level":"INFO","device":"868120018681","event":"SERVER_ACK","detail":"0x0800 result=OK"}
{"ts":"2026-04-01T19:04:55.572Z","level":"INFO","device":"868120018681","event":"MEDIA_RX","detail":"7E 80 01 00 05 86 81 20 01 86 81 11 E0 00 00 12 10 00 56 7E"}
{"ts":"2026-04-01T19:04:55.651Z","level":"INFO","device":"868120018681","event":"SENT_RAW_MARKER","detail":"00_64_6401_00_868120018681002604011904550B0200.jpg packet=277 bytes data=215 bytes"}
{"ts":"2026-04-01T19:04:55.651Z","level":"INFO","device":"868120018681","event":"SENT_1212","detail":"00_64_6401_00_868120018681002604011904550B0200.jpg type=0"}
{"ts":"2026-04-01T19:04:55.707Z","level":"INFO","device":"868120018681","event":"MEDIA_RX","detail":"7E 92 12 00 36 86 81 20 01 86 81 BE 08 32 30 30 5F 36 34 5F 36 34 30 31 5F 30 30 5F 38 36 38 31 32 30 30 31 38 36 38 31 30 30 32 36 30 34 30 31 31 39 30 34 35 35 30 42 30 32 30 30 2E 6A 70 67 00 00 00 3F 7E"}
{"ts":"2026-04-01T19:04:55.954Z","level":"INFO","device":"868120018681","event":"FILE_START","detail":"[2/2] 02_64_6401_03_868120018681002604011904550B0200.mp4 (65536 bytes)"}
{"ts":"2026-04-01T19:04:55.954Z","level":"INFO","device":"868120018681","event":"SENT_1210","detail":"02_64_6401_03_868120018681002604011904550B0200.mp4"}
{"ts":"2026-04-01T19:04:55.964Z","level":"INFO","device":"868120018681","event":"MEDIA_RX","detail":"7E 80 01 00 05 86 81 20 01 86 81 97 CB 00 02 12 10 00 F9 7E"}
{"ts":"2026-04-01T19:04:56.059Z","level":"INFO","device":"868120018681","event":"SENT_RAW_MARKER","detail":"02_64_6401_03_868120018681002604011904550B0200.mp4 packet=65598 bytes data=65536 bytes"}
{"ts":"2026-04-01T19:04:56.059Z","level":"INFO","device":"868120018681","event":"SENT_1212","detail":"02_64_6401_03_868120018681002604011904550B0200.mp4 type=2"}
{"ts":"2026-04-01T19:04:56.086Z","level":"INFO","device":"868120018681","event":"MEDIA_RX","detail":"7E 92 12 00 36 86 81 20 01 86 81 90 F3 32 30 32 5F 36 34 5F 36 34 30 31 5F 30 33 5F 38 36 38 31 32 30 30 31 38 36 38 31 30 30 32 36 30 34 30 31 31 39 30 34 35 35 30 42 30 32 30 30 2E 6D 70 34 02 00 00 BD 7E"}
{"ts":"2026-04-01T19:04:56.363Z","level":"INFO","device":"868120018681","event":"BATCH_COMPLETE","detail":"All 2 files sent"}
{"ts":"2026-04-01T19:04:56.375Z","level":"INFO","device":"868120018681","event":"MEDIA_CLOSED","detail":""}
{"ts":"2026-04-01T19:05:05.515Z","level":"INFO","device":"868120018681","event":"GPS_SENT","detail":""}
{"ts":"2026-04-01T19:05:05.524Z","level":"INFO","device":"868120018681","event":"INCIDENT_SENT","detail":"mediaId=12 alarmId=868120018681002604011905050C0200"}
{"ts":"2026-04-01T19:05:05.527Z","level":"INFO","device":"868120018681","event":"RX_MSG","detail":"0x8001 bodyLen=5"}
{"ts":"2026-04-01T19:05:05.529Z","level":"INFO","device":"868120018681","event":"SERVER_ACK","detail":"0x0200 result=OK"}
{"ts":"2026-04-01T19:05:05.533Z","level":"INFO","device":"868120018681","event":"RX_MSG","detail":"0x8001 bodyLen=5"}
{"ts":"2026-04-01T19:05:05.533Z","level":"INFO","device":"868120018681","event":"SERVER_ACK","detail":"0x0200 result=OK"}
{"ts":"2026-04-01T19:05:05.540Z","level":"INFO","device":"868120018681","event":"RX_MSG","detail":"0x8001 bodyLen=5"}
{"ts":"2026-04-01T19:05:05.541Z","level":"INFO","device":"868120018681","event":"SERVER_ACK","detail":"0x0800 result=OK"}
{"ts":"2026-04-01T19:05:05.541Z","level":"INFO","device":"868120018681","event":"RX_MSG","detail":"0x9208 bodyLen=81"}
{"ts":"2026-04-01T19:05:05.541Z","level":"INFO","device":"868120018681","event":"9208_RAW","detail":"0C35342E33372E3232352E36350D310000868120018681002604011905050C0200383638313230303138363831303032363034303131393035303530633032303000000000000000000000000000000000"}
{"ts":"2026-04-01T19:05:05.541Z","level":"INFO","device":"868120018681","event":"UPLOAD_TRIGGERED","detail":"media: 54.37.225.65:3377 | alarmId: 868120018681002604011905050C0200"}
{"ts":"2026-04-01T19:05:05.542Z","level":"INFO","device":"868120018681","event":"MEDIA_CONNECTING","detail":"54.37.225.65:3377 files=2"}
{"ts":"2026-04-01T19:05:05.556Z","level":"INFO","device":"868120018681","event":"MEDIA_CONNECTED","detail":"54.37.225.65:3377"}
{"ts":"2026-04-01T19:05:05.556Z","level":"INFO","device":"868120018681","event":"FILE_START","detail":"[1/2] 00_64_6401_00_868120018681002604011905050C0200.jpg (215 bytes)"}
{"ts":"2026-04-01T19:05:05.557Z","level":"INFO","device":"868120018681","event":"SENT_1210","detail":"00_64_6401_00_868120018681002604011905050C0200.jpg"}
{"ts":"2026-04-01T19:05:05.567Z","level":"INFO","device":"868120018681","event":"MEDIA_RX","detail":"7E 80 01 00 05 86 81 20 01 86 81 81 A3 00 00 12 10 00 85 7E"}
{"ts":"2026-04-01T19:05:05.657Z","level":"INFO","device":"868120018681","event":"SENT_RAW_MARKER","detail":"00_64_6401_00_868120018681002604011905050C0200.jpg packet=277 bytes data=215 bytes"}
{"ts":"2026-04-01T19:05:05.658Z","level":"INFO","device":"868120018681","event":"SENT_1212","detail":"00_64_6401_00_868120018681002604011905050C0200.jpg type=0"}
{"ts":"2026-04-01T19:05:05.715Z","level":"INFO","device":"868120018681","event":"MEDIA_RX","detail":"7E 92 12 00 36 86 81 20 01 86 81 5F E1 32 30 30 5F 36 34 5F 36 34 30 31 5F 30 30 5F 38 36 38 31 32 30 30 31 38 36 38 31 30 30 32 36 30 34 30 31 31 39 30 35 30 35 30 43 30 32 30 30 2E 6A 70 67 00 00 00 32 7E"}
{"ts":"2026-04-01T19:05:05.961Z","level":"INFO","device":"868120018681","event":"FILE_START","detail":"[2/2] 02_64_6401_03_868120018681002604011905050C0200.mp4 (65536 bytes)"}
{"ts":"2026-04-01T19:05:05.962Z","level":"INFO","device":"868120018681","event":"SENT_1210","detail":"02_64_6401_03_868120018681002604011905050C0200.mp4"}
{"ts":"2026-04-01T19:05:05.971Z","level":"INFO","device":"868120018681","event":"MEDIA_RX","detail":"7E 80 01 00 05 86 81 20 01 86 81 40 2D 00 02 12 10 00 C8 7E"}
{"ts":"2026-04-01T19:05:06.067Z","level":"INFO","device":"868120018681","event":"SENT_RAW_MARKER","detail":"02_64_6401_03_868120018681002604011905050C0200.mp4 packet=65598 bytes data=65536 bytes"}
{"ts":"2026-04-01T19:05:06.067Z","level":"INFO","device":"868120018681","event":"SENT_1212","detail":"02_64_6401_03_868120018681002604011905050C0200.mp4 type=2"}
{"ts":"2026-04-01T19:05:06.096Z","level":"INFO","device":"868120018681","event":"MEDIA_RX","detail":"7E 92 12 00 36 86 81 20 01 86 81 02 2C 32 30 32 5F 36 34 5F 36 34 30 31 5F 30 33 5F 38 36 38 31 32 30 30 31 38 36 38 31 30 30 32 36 30 34 30 31 31 39 30 35 30 35 30 43 30 32 30 30 2E 6D 70 34 02 00 00 F5 7E"}
{"ts":"2026-04-01T19:05:06.371Z","level":"INFO","device":"868120018681","event":"BATCH_COMPLETE","detail":"All 2 files sent"}
{"ts":"2026-04-01T19:05:06.383Z","level":"INFO","device":"868120018681","event":"MEDIA_CLOSED","detail":""}
{"ts":"2026-04-01T19:05:15.528Z","level":"INFO","device":"868120018681","event":"INCIDENT_SENT","detail":"mediaId=13 alarmId=868120018681002604011905150D0200"}
{"ts":"2026-04-01T19:05:15.538Z","level":"INFO","device":"868120018681","event":"RX_MSG","detail":"0x8001 bodyLen=5"}
{"ts":"2026-04-01T19:05:15.538Z","level":"INFO","device":"868120018681","event":"SERVER_ACK","detail":"0x0200 result=OK"}
{"ts":"2026-04-01T19:05:15.544Z","level":"INFO","device":"868120018681","event":"RX_MSG","detail":"0x9208 bodyLen=81"}
{"ts":"2026-04-01T19:05:15.544Z","level":"INFO","device":"868120018681","event":"9208_RAW","detail":"0C35342E33372E3232352E36350D310000868120018681002604011905150D0200383638313230303138363831303032363034303131393035313530643032303000000000000000000000000000000000"}
{"ts":"2026-04-01T19:05:15.545Z","level":"INFO","device":"868120018681","event":"UPLOAD_TRIGGERED","detail":"media: 54.37.225.65:3377 | alarmId: 868120018681002604011905150D0200"}
{"ts":"2026-04-01T19:05:15.545Z","level":"INFO","device":"868120018681","event":"MEDIA_CONNECTING","detail":"54.37.225.65:3377 files=2"}
{"ts":"2026-04-01T19:05:15.550Z","level":"INFO","device":"868120018681","event":"RX_MSG","detail":"0x8001 bodyLen=5"}
{"ts":"2026-04-01T19:05:15.551Z","level":"INFO","device":"868120018681","event":"SERVER_ACK","detail":"0x0800 result=OK"}
{"ts":"2026-04-01T19:05:15.553Z","level":"INFO","device":"868120018681","event":"MEDIA_CONNECTED","detail":"54.37.225.65:3377"}
{"ts":"2026-04-01T19:05:15.553Z","level":"INFO","device":"868120018681","event":"FILE_START","detail":"[1/2] 00_64_6401_00_868120018681002604011905150D0200.jpg (215 bytes)"}
{"ts":"2026-04-01T19:05:15.553Z","level":"INFO","device":"868120018681","event":"SENT_1210","detail":"00_64_6401_00_868120018681002604011905150D0200.jpg"}
{"ts":"2026-04-01T19:05:15.562Z","level":"INFO","device":"868120018681","event":"MEDIA_RX","detail":"7E 80 01 00 05 86 81 20 01 86 81 3E 1A 00 00 12 10 00 83 7E"}
{"ts":"2026-04-01T19:05:15.659Z","level":"INFO","device":"868120018681","event":"SENT_RAW_MARKER","detail":"00_64_6401_00_868120018681002604011905150D0200.jpg packet=277 bytes data=215 bytes"}
{"ts":"2026-04-01T19:05:15.661Z","level":"INFO","device":"868120018681","event":"SENT_1212","detail":"00_64_6401_00_868120018681002604011905150D0200.jpg type=0"}
{"ts":"2026-04-01T19:05:15.718Z","level":"INFO","device":"868120018681","event":"MEDIA_RX","detail":"7E 92 12 00 36 86 81 20 01 86 81 55 F8 32 30 30 5F 36 34 5F 36 34 30 31 5F 30 30 5F 38 36 38 31 32 30 30 31 38 36 38 31 30 30 32 36 30 34 30 31 31 39 30 35 31 35 30 44 30 32 30 30 2E 6A 70 67 00 00 00 27 7E"}
{"ts":"2026-04-01T19:05:15.966Z","level":"INFO","device":"868120018681","event":"FILE_START","detail":"[2/2] 02_64_6401_03_868120018681002604011905150D0200.mp4 (65536 bytes)"}
{"ts":"2026-04-01T19:05:15.966Z","level":"INFO","device":"868120018681","event":"SENT_1210","detail":"02_64_6401_03_868120018681002604011905150D0200.mp4"}
{"ts":"2026-04-01T19:05:15.981Z","level":"INFO","device":"868120018681","event":"MEDIA_RX","detail":"7E 80 01 00 05 86 81 20 01 86 81 16 09 00 02 12 10 00 BA 7E"}
{"ts":"2026-04-01T19:05:16.066Z","level":"INFO","device":"868120018681","event":"SENT_RAW_MARKER","detail":"02_64_6401_03_868120018681002604011905150D0200.mp4 packet=65598 bytes data=65536 bytes"}
{"ts":"2026-04-01T19:05:16.066Z","level":"INFO","device":"868120018681","event":"SENT_1212","detail":"02_64_6401_03_868120018681002604011905150D0200.mp4 type=2"}
{"ts":"2026-04-01T19:05:16.092Z","level":"INFO","device":"868120018681","event":"MEDIA_RX","detail":"7E 92 12 00 36 86 81 20 01 86 81 68 62 32 30 32 5F 36 34 5F 36 34 30 31 5F 30 33 5F 38 36 38 31 32 30 30 31 38 36 38 31 30 30 32 36 30 34 30 31 31 39 30 35 31 35 30 44 30 32 30 30 2E 6D 70 34 02 00 00 D7 7E"}
{"ts":"2026-04-01T19:05:16.369Z","level":"INFO","device":"868120018681","event":"BATCH_COMPLETE","detail":"All 2 files sent"}
{"ts":"2026-04-01T19:05:16.382Z","level":"INFO","device":"868120018681","event":"MEDIA_CLOSED","detail":""}
{"ts":"2026-04-01T19:05:25.515Z","level":"INFO","device":"868120018681","event":"GPS_SENT","detail":""}
{"ts":"2026-04-01T19:05:25.524Z","level":"INFO","device":"868120018681","event":"RX_MSG","detail":"0x8001 bodyLen=5"}
{"ts":"2026-04-01T19:05:25.525Z","level":"INFO","device":"868120018681","event":"SERVER_ACK","detail":"0x0200 result=OK"}
{"ts":"2026-04-01T19:05:25.528Z","level":"INFO","device":"868120018681","event":"INCIDENT_SENT","detail":"mediaId=14 alarmId=868120018681002604011905250E0200"}
{"ts":"2026-04-01T19:05:25.539Z","level":"INFO","device":"868120018681","event":"RX_MSG","detail":"0x8001 bodyLen=5"}
{"ts":"2026-04-01T19:05:25.539Z","level":"INFO","device":"868120018681","event":"SERVER_ACK","detail":"0x0200 result=OK"}
{"ts":"2026-04-01T19:05:25.549Z","level":"INFO","device":"868120018681","event":"RX_MSG","detail":"0x9208 bodyLen=81"}
{"ts":"2026-04-01T19:05:25.549Z","level":"INFO","device":"868120018681","event":"9208_RAW","detail":"0C35342E33372E3232352E36350D310000868120018681002604011905250E0200383638313230303138363831303032363034303131393035323530653032303000000000000000000000000000000000"}
{"ts":"2026-04-01T19:05:25.549Z","level":"INFO","device":"868120018681","event":"UPLOAD_TRIGGERED","detail":"media: 54.37.225.65:3377 | alarmId: 868120018681002604011905250E0200"}
{"ts":"2026-04-01T19:05:25.550Z","level":"INFO","device":"868120018681","event":"MEDIA_CONNECTING","detail":"54.37.225.65:3377 files=2"}
{"ts":"2026-04-01T19:05:25.555Z","level":"INFO","device":"868120018681","event":"RX_MSG","detail":"0x8001 bodyLen=5"}
{"ts":"2026-04-01T19:05:25.556Z","level":"INFO","device":"868120018681","event":"SERVER_ACK","detail":"0x0800 result=OK"}
{"ts":"2026-04-01T19:05:25.563Z","level":"INFO","device":"868120018681","event":"MEDIA_CONNECTED","detail":"54.37.225.65:3377"}
{"ts":"2026-04-01T19:05:25.563Z","level":"INFO","device":"868120018681","event":"FILE_START","detail":"[1/2] 00_64_6401_00_868120018681002604011905250E0200.jpg (215 bytes)"}
{"ts":"2026-04-01T19:05:25.564Z","level":"INFO","device":"868120018681","event":"SENT_1210","detail":"00_64_6401_00_868120018681002604011905250E0200.jpg"}
{"ts":"2026-04-01T19:05:25.572Z","level":"INFO","device":"868120018681","event":"MEDIA_RX","detail":"7E 80 01 00 05 86 81 20 01 86 81 CB D0 00 00 12 10 00 BC 7E"}
{"ts":"2026-04-01T19:05:25.665Z","level":"INFO","device":"868120018681","event":"SENT_RAW_MARKER","detail":"00_64_6401_00_868120018681002604011905250E0200.jpg packet=277 bytes data=215 bytes"}
{"ts":"2026-04-01T19:05:25.665Z","level":"INFO","device":"868120018681","event":"SENT_1212","detail":"00_64_6401_00_868120018681002604011905250E0200.jpg type=0"}
{"ts":"2026-04-01T19:05:25.722Z","level":"INFO","device":"868120018681","event":"MEDIA_RX","detail":"7E 92 12 00 36 86 81 20 01 86 81 95 41 32 30 30 5F 36 34 5F 36 34 30 31 5F 30 30 5F 38 36 38 31 32 30 30 31 38 36 38 31 30 30 32 36 30 34 30 31 31 39 30 35 32 35 30 45 30 32 30 30 2E 6A 70 67 00 00 00 5C 7E"}
{"ts":"2026-04-01T19:05:25.970Z","level":"INFO","device":"868120018681","event":"FILE_START","detail":"[2/2] 02_64_6401_03_868120018681002604011905250E0200.mp4 (65536 bytes)"}
{"ts":"2026-04-01T19:05:25.970Z","level":"INFO","device":"868120018681","event":"SENT_1210","detail":"02_64_6401_03_868120018681002604011905250E0200.mp4"}
{"ts":"2026-04-01T19:05:25.981Z","level":"INFO","device":"868120018681","event":"MEDIA_RX","detail":"7E 80 01 00 05 86 81 20 01 86 81 25 56 00 02 12 10 00 D6 7E"}
{"ts":"2026-04-01T19:05:26.074Z","level":"INFO","device":"868120018681","event":"SENT_RAW_MARKER","detail":"02_64_6401_03_868120018681002604011905250E0200.mp4 packet=65598 bytes data=65536 bytes"}
{"ts":"2026-04-01T19:05:26.074Z","level":"INFO","device":"868120018681","event":"SENT_1212","detail":"02_64_6401_03_868120018681002604011905250E0200.mp4 type=2"}
{"ts":"2026-04-01T19:05:26.100Z","level":"INFO","device":"868120018681","event":"MEDIA_RX","detail":"7E 92 12 00 36 86 81 20 01 86 81 2A AD 32 30 32 5F 36 34 5F 36 34 30 31 5F 30 33 5F 38 36 38 31 32 30 30 31 38 36 38 31 30 30 32 36 30 34 30 31 31 39 30 35 32 35 30 45 30 32 30 30 2E 6D 70 34 02 00 00 58 7E"}
{"ts":"2026-04-01T19:05:26.375Z","level":"INFO","device":"868120018681","event":"BATCH_COMPLETE","detail":"All 2 files sent"}
{"ts":"2026-04-01T19:05:26.620Z","level":"INFO","device":"868120018681","event":"MEDIA_CLOSED","detail":""}
{"ts":"2026-04-01T19:05:35.529Z","level":"INFO","device":"868120018681","event":"INCIDENT_SENT","detail":"mediaId=15 alarmId=868120018681002604011905350F0200"}
{"ts":"2026-04-01T19:05:35.541Z","level":"INFO","device":"868120018681","event":"RX_MSG","detail":"0x8001 bodyLen=5"}
{"ts":"2026-04-01T19:05:35.542Z","level":"INFO","device":"868120018681","event":"SERVER_ACK","detail":"0x0200 result=OK"}
{"ts":"2026-04-01T19:05:35.547Z","level":"INFO","device":"868120018681","event":"RX_MSG","detail":"0x9208 bodyLen=81"}
{"ts":"2026-04-01T19:05:35.547Z","level":"INFO","device":"868120018681","event":"9208_RAW","detail":"0C35342E33372E3232352E36350D310000868120018681002604011905350F0200383638313230303138363831303032363034303131393035333530663032303000000000000000000000000000000000"}
{"ts":"2026-04-01T19:05:35.547Z","level":"INFO","device":"868120018681","event":"UPLOAD_TRIGGERED","detail":"media: 54.37.225.65:3377 | alarmId: 868120018681002604011905350F0200"}
{"ts":"2026-04-01T19:05:35.548Z","level":"INFO","device":"868120018681","event":"MEDIA_CONNECTING","detail":"54.37.225.65:3377 files=2"}
{"ts":"2026-04-01T19:05:35.553Z","level":"INFO","device":"868120018681","event":"RX_MSG","detail":"0x8001 bodyLen=5"}
{"ts":"2026-04-01T19:05:35.554Z","level":"INFO","device":"868120018681","event":"SERVER_ACK","detail":"0x0800 result=OK"}
{"ts":"2026-04-01T19:05:35.556Z","level":"INFO","device":"868120018681","event":"MEDIA_CONNECTED","detail":"54.37.225.65:3377"}
{"ts":"2026-04-01T19:05:35.556Z","level":"INFO","device":"868120018681","event":"FILE_START","detail":"[1/2] 00_64_6401_00_868120018681002604011905350F0200.jpg (215 bytes)"}
{"ts":"2026-04-01T19:05:35.557Z","level":"INFO","device":"868120018681","event":"SENT_1210","detail":"00_64_6401_00_868120018681002604011905350F0200.jpg"}
{"ts":"2026-04-01T19:05:35.570Z","level":"INFO","device":"868120018681","event":"MEDIA_RX","detail":"7E 80 01 00 05 86 81 20 01 86 81 60 7D 01 00 00 12 10 00 BA 7E"}
{"ts":"2026-04-01T19:05:35.661Z","level":"INFO","device":"868120018681","event":"SENT_RAW_MARKER","detail":"00_64_6401_00_868120018681002604011905350F0200.jpg packet=277 bytes data=215 bytes"}
{"ts":"2026-04-01T19:05:35.662Z","level":"INFO","device":"868120018681","event":"SENT_1212","detail":"00_64_6401_00_868120018681002604011905350F0200.jpg type=0"}
{"ts":"2026-04-01T19:05:35.719Z","level":"INFO","device":"868120018681","event":"MEDIA_RX","detail":"7E 92 12 00 36 86 81 20 01 86 81 81 B1 32 30 30 5F 36 34 5F 36 34 30 31 5F 30 30 5F 38 36 38 31 32 30 30 31 38 36 38 31 30 30 32 36 30 34 30 31 31 39 30 35 33 35 30 46 30 32 30 30 2E 6A 70 67 00 00 00 BA 7E"}
{"ts":"2026-04-01T19:05:35.963Z","level":"INFO","device":"868120018681","event":"FILE_START","detail":"[2/2] 02_64_6401_03_868120018681002604011905350F0200.mp4 (65536 bytes)"}
{"ts":"2026-04-01T19:05:35.963Z","level":"INFO","device":"868120018681","event":"SENT_1210","detail":"02_64_6401_03_868120018681002604011905350F0200.mp4"}
{"ts":"2026-04-01T19:05:35.974Z","level":"INFO","device":"868120018681","event":"MEDIA_RX","detail":"7E 80 01 00 05 86 81 20 01 86 81 14 78 00 02 12 10 00 C9 7E"}
{"ts":"2026-04-01T19:05:36.064Z","level":"INFO","device":"868120018681","event":"SENT_RAW_MARKER","detail":"02_64_6401_03_868120018681002604011905350F0200.mp4 packet=65598 bytes data=65536 bytes"}
{"ts":"2026-04-01T19:05:36.064Z","level":"INFO","device":"868120018681","event":"SENT_1212","detail":"02_64_6401_03_868120018681002604011905350F0200.mp4 type=2"}
{"ts":"2026-04-01T19:05:36.087Z","level":"INFO","device":"868120018681","event":"MEDIA_RX","detail":"7E 92 12 00 36 86 81 20 01 86 81 E2 EC 32 30 32 5F 36 34 5F 36 34 30 31 5F 30 33 5F 38 36 38 31 32 30 30 31 38 36 38 31 30 30 32 36 30 34 30 31 31 39 30 35 33 35 30 46 30 32 30 30 2E 6D 70 34 02 00 00 D3 7E"}
{"ts":"2026-04-01T19:05:36.364Z","level":"INFO","device":"868120018681","event":"BATCH_COMPLETE","detail":"All 2 files sent"}
{"ts":"2026-04-01T19:05:36.376Z","level":"INFO","device":"868120018681","event":"MEDIA_CLOSED","detail":""}
{"ts":"2026-04-01T19:05:45.519Z","level":"INFO","device":"868120018681","event":"GPS_SENT","detail":""}
{"ts":"2026-04-01T19:05:45.530Z","level":"INFO","device":"868120018681","event":"RX_MSG","detail":"0x8001 bodyLen=5"}
{"ts":"2026-04-01T19:05:45.530Z","level":"INFO","device":"868120018681","event":"SERVER_ACK","detail":"0x0200 result=OK"}
{"ts":"2026-04-01T19:05:45.531Z","level":"INFO","device":"868120018681","event":"INCIDENT_SENT","detail":"mediaId=16 alarmId=86812001868100260401190545100200"}
{"ts":"2026-04-01T19:05:45.540Z","level":"INFO","device":"868120018681","event":"RX_MSG","detail":"0x8001 bodyLen=5"}
{"ts":"2026-04-01T19:05:45.544Z","level":"INFO","device":"868120018681","event":"SERVER_ACK","detail":"0x0200 result=OK"}
{"ts":"2026-04-01T19:05:45.546Z","level":"INFO","device":"868120018681","event":"RX_MSG","detail":"0x9208 bodyLen=81"}
{"ts":"2026-04-01T19:05:45.547Z","level":"INFO","device":"868120018681","event":"9208_RAW","detail":"0C35342E33372E3232352E36350D31000086812001868100260401190545100200383638313230303138363831303032363034303131393035343531303032303000000000000000000000000000000000"}
{"ts":"2026-04-01T19:05:45.547Z","level":"INFO","device":"868120018681","event":"UPLOAD_TRIGGERED","detail":"media: 54.37.225.65:3377 | alarmId: 86812001868100260401190545100200"}
{"ts":"2026-04-01T19:05:45.548Z","level":"INFO","device":"868120018681","event":"MEDIA_CONNECTING","detail":"54.37.225.65:3377 files=2"}
{"ts":"2026-04-01T19:05:45.555Z","level":"INFO","device":"868120018681","event":"RX_MSG","detail":"0x8001 bodyLen=5"}
{"ts":"2026-04-01T19:05:45.556Z","level":"INFO","device":"868120018681","event":"SERVER_ACK","detail":"0x0800 result=OK"}
{"ts":"2026-04-01T19:05:45.563Z","level":"INFO","device":"868120018681","event":"MEDIA_CONNECTED","detail":"54.37.225.65:3377"}
{"ts":"2026-04-01T19:05:45.563Z","level":"INFO","device":"868120018681","event":"FILE_START","detail":"[1/2] 00_64_6401_00_86812001868100260401190545100200.jpg (215 bytes)"}
{"ts":"2026-04-01T19:05:45.564Z","level":"INFO","device":"868120018681","event":"SENT_1210","detail":"00_64_6401_00_86812001868100260401190545100200.jpg"}
{"ts":"2026-04-01T19:05:45.573Z","level":"INFO","device":"868120018681","event":"MEDIA_RX","detail":"7E 80 01 00 05 86 81 20 01 86 81 2F 57 00 00 12 10 00 DF 7E"}
{"ts":"2026-04-01T19:05:45.665Z","level":"INFO","device":"868120018681","event":"SENT_RAW_MARKER","detail":"00_64_6401_00_86812001868100260401190545100200.jpg packet=277 bytes data=215 bytes"}
{"ts":"2026-04-01T19:05:45.665Z","level":"INFO","device":"868120018681","event":"SENT_1212","detail":"00_64_6401_00_86812001868100260401190545100200.jpg type=0"}
{"ts":"2026-04-01T19:05:45.735Z","level":"INFO","device":"868120018681","event":"MEDIA_RX","detail":"7E 92 12 00 36 86 81 20 01 86 81 FE BE 32 30 30 5F 36 34 5F 36 34 30 31 5F 30 30 5F 38 36 38 31 32 30 30 31 38 36 38 31 30 30 32 36 30 34 30 31 31 39 30 35 34 35 31 30 30 32 30 30 2E 6A 70 67 00 00 00 BA 7E"}
{"ts":"2026-04-01T19:05:45.966Z","level":"INFO","device":"868120018681","event":"FILE_START","detail":"[2/2] 02_64_6401_03_86812001868100260401190545100200.mp4 (65536 bytes)"}
{"ts":"2026-04-01T19:05:45.966Z","level":"INFO","device":"868120018681","event":"SENT_1210","detail":"02_64_6401_03_86812001868100260401190545100200.mp4"}
{"ts":"2026-04-01T19:05:45.982Z","level":"INFO","device":"868120018681","event":"MEDIA_RX","detail":"7E 80 01 00 05 86 81 20 01 86 81 C0 7B 00 02 12 10 00 1E 7E"}
{"ts":"2026-04-01T19:05:46.066Z","level":"INFO","device":"868120018681","event":"SENT_RAW_MARKER","detail":"02_64_6401_03_86812001868100260401190545100200.mp4 packet=65598 bytes data=65536 bytes"}
{"ts":"2026-04-01T19:05:46.066Z","level":"INFO","device":"868120018681","event":"SENT_1212","detail":"02_64_6401_03_86812001868100260401190545100200.mp4 type=2"}
{"ts":"2026-04-01T19:05:46.090Z","level":"INFO","device":"868120018681","event":"MEDIA_RX","detail":"7E 92 12 00 36 86 81 20 01 86 81 82 84 32 30 32 5F 36 34 5F 36 34 30 31 5F 30 33 5F 38 36 38 31 32 30 30 31 38 36 38 31 30 30 32 36 30 34 30 31 31 39 30 35 34 35 31 30 30 32 30 30 2E 6D 70 34 02 00 00 AB 7E"}
{"ts":"2026-04-01T19:05:46.368Z","level":"INFO","device":"868120018681","event":"BATCH_COMPLETE","detail":"All 2 files sent"}
{"ts":"2026-04-01T19:05:46.609Z","level":"INFO","device":"868120018681","event":"MEDIA_CLOSED","detail":""}
{"ts":"2026-04-01T19:05:48.500Z","level":"INFO","device":"868120018681","event":"DISCONNECTED","detail":"clean stop"}

[SUMMARY] Run duration: 165s
[SUMMARY] GPS packets sent: 8
[SUMMARY] OBD2 packets sent: 0
[SUMMARY] Incidents fired: 16
[SUMMARY] Videos uploaded OK: 16
[SUMMARY] Videos failed: 0
[SUMMARY] Tracker pings sent: 0
[SUMMARY] Reconnections: 0
[SUMMARY] Log file: logs/sim-2026-04-01T19-03-05.log
