{"ts":"2026-04-02T19:59:30.784Z","level":"INFO","device":"868120018681","event":"CONNECTED","detail":"id:868120018681"}
{"ts":"2026-04-02T19:59:30.851Z","level":"INFO","device":"868120018681","event":"RX_MSG","detail":"0x8001 bodyLen=5"}
{"ts":"2026-04-02T19:59:30.852Z","level":"INFO","device":"868120018681","event":"SERVER_ACK","detail":"0x0102 result=OK"}
{"ts":"2026-04-02T19:59:40.779Z","level":"INFO","device":"868120018681","event":"INCIDENT_SENT","detail":"mediaId=1 alarmId=86812001868100260402195940010200"}
{"ts":"2026-04-02T19:59:40.790Z","level":"INFO","device":"868120018681","event":"RX_MSG","detail":"0x8001 bodyLen=5"}
{"ts":"2026-04-02T19:59:40.790Z","level":"INFO","device":"868120018681","event":"SERVER_ACK","detail":"0x0200 result=OK"}
{"ts":"2026-04-02T19:59:40.812Z","level":"INFO","device":"868120018681","event":"RX_MSG","detail":"0x9208 bodyLen=81"}
{"ts":"2026-04-02T19:59:40.812Z","level":"INFO","device":"868120018681","event":"9208_RAW","detail":"0C35342E33372E3232352E36350D32000086812001868100260402195940010200383638313230303138363831303032363034303231393539343030313032303000000000000000000000000000000000"}
{"ts":"2026-04-02T19:59:40.813Z","level":"INFO","device":"868120018681","event":"UPLOAD_TRIGGERED","detail":"media: 54.37.225.65:3378 | alarmId: 86812001868100260402195940010200"}
{"ts":"2026-04-02T19:59:40.813Z","level":"INFO","device":"868120018681","event":"MEDIA_CONNECTING","detail":"54.37.225.65:3378 files=2"}
{"ts":"2026-04-02T19:59:40.814Z","level":"INFO","device":"868120018681","event":"RX_MSG","detail":"0x8001 bodyLen=5"}
{"ts":"2026-04-02T19:59:40.814Z","level":"INFO","device":"868120018681","event":"SERVER_ACK","detail":"0x0800 result=OK"}
{"ts":"2026-04-02T19:59:40.827Z","level":"INFO","device":"868120018681","event":"MEDIA_CONNECTED","detail":"54.37.225.65:3378"}
{"ts":"2026-04-02T19:59:40.828Z","level":"INFO","device":"868120018681","event":"FILE_START","detail":"[1/2] 00_64_6401_00_86812001868100260402195940010200.jpg (30220 bytes)"}
{"ts":"2026-04-02T19:59:40.828Z","level":"INFO","device":"868120018681","event":"SENT_1210","detail":"00_64_6401_00_86812001868100260402195940010200.jpg"}
{"ts":"2026-04-02T19:59:40.933Z","level":"INFO","device":"868120018681","event":"MEDIA_RX","detail":"7E 80 01 00 05 86 81 20 01 86 81 47 E9 00 00 12 10 00 09 7E"}
{"ts":"2026-04-02T19:59:40.933Z","level":"INFO","device":"868120018681","event":"SENT_RAW_MARKER","detail":"00_64_6401_00_86812001868100260402195940010200.jpg packet=30282 bytes data=30220 bytes"}
{"ts":"2026-04-02T19:59:40.934Z","level":"INFO","device":"868120018681","event":"SENT_1212","detail":"00_64_6401_00_86812001868100260402195940010200.jpg type=0"}
{"ts":"2026-04-02T19:59:40.950Z","level":"INFO","device":"868120018681","event":"MEDIA_RX","detail":"7E 92 12 00 36 86 81 20 01 86 81 9F 9B 32 30 30 5F 36 34 5F 36 34 30 31 5F 30 30 5F 38 36 38 31 32 30 30 31 38 36 38 31 30 30 32 36 30 34 30 32 31 39 35 39 34 30 30 31 30 32 30 30 2E 6A 70 67 00 00 00 F1 7E"}
{"ts":"2026-04-02T19:59:41.236Z","level":"INFO","device":"868120018681","event":"FILE_START","detail":"[2/2] 02_64_6401_03_86812001868100260402195940010200.mp4 (1570024 bytes)"}
{"ts":"2026-04-02T19:59:41.238Z","level":"INFO","device":"868120018681","event":"SENT_1210","detail":"02_64_6401_03_86812001868100260402195940010200.mp4"}
{"ts":"2026-04-02T19:59:41.247Z","level":"INFO","device":"868120018681","event":"MEDIA_RX","detail":"7E 80 01 00 05 86 81 20 01 86 81 43 ED 00 02 12 10 00 0B 7E"}
{"ts":"2026-04-02T19:59:41.345Z","level":"INFO","device":"868120018681","event":"SENT_RAW_MARKER","detail":"02_64_6401_03_86812001868100260402195940010200.mp4 packet=1570086 bytes data=1570024 bytes"}
{"ts":"2026-04-02T19:59:41.385Z","level":"INFO","device":"868120018681","event":"SENT_1212","detail":"02_64_6401_03_86812001868100260402195940010200.mp4 type=2"}
{"ts":"2026-04-02T19:59:41.435Z","level":"INFO","device":"868120018681","event":"MEDIA_RX","detail":"7E 92 12 00 36 86 81 20 01 86 81 B8 F8 32 30 32 5F 36 34 5F 36 34 30 31 5F 30 33 5F 38 36 38 31 32 30 30 31 38 36 38 31 30 30 32 36 30 34 30 32 31 39 35 39 34 30 30 31 30 32 30 30 2E 6D 70 34 02 00 00 E2 7E"}
{"ts":"2026-04-02T19:59:41.690Z","level":"INFO","device":"868120018681","event":"BATCH_COMPLETE","detail":"All 2 files sent"}
{"ts":"2026-04-02T19:59:41.707Z","level":"INFO","device":"868120018681","event":"MEDIA_CLOSED","detail":""}
{"ts":"2026-04-02T19:59:50.811Z","level":"INFO","device":"868120018681","event":"GPS_SENT","detail":""}
{"ts":"2026-04-02T19:59:50.858Z","level":"INFO","device":"868120018681","event":"INCIDENT_SENT","detail":"mediaId=2 alarmId=86812001868100260402195950020200"}
{"ts":"2026-04-02T19:59:50.859Z","level":"INFO","device":"868120018681","event":"RX_MSG","detail":"0x8001 bodyLen=5"}
{"ts":"2026-04-02T19:59:50.860Z","level":"INFO","device":"868120018681","event":"SERVER_ACK","detail":"0x0200 result=OK"}
{"ts":"2026-04-02T19:59:50.888Z","level":"INFO","device":"868120018681","event":"RX_MSG","detail":"0x8001 bodyLen=5"}
{"ts":"2026-04-02T19:59:50.902Z","level":"INFO","device":"868120018681","event":"SERVER_ACK","detail":"0x0200 result=OK"}
{"ts":"2026-04-02T19:59:50.903Z","level":"INFO","device":"868120018681","event":"RX_MSG","detail":"0x9208 bodyLen=81"}
{"ts":"2026-04-02T19:59:50.904Z","level":"INFO","device":"868120018681","event":"9208_RAW","detail":"0C35342E33372E3232352E36350D32000086812001868100260402195950020200383638313230303138363831303032363034303231393539353030323032303000000000000000000000000000000000"}
{"ts":"2026-04-02T19:59:50.905Z","level":"INFO","device":"868120018681","event":"UPLOAD_TRIGGERED","detail":"media: 54.37.225.65:3378 | alarmId: 86812001868100260402195950020200"}
{"ts":"2026-04-02T19:59:50.906Z","level":"INFO","device":"868120018681","event":"MEDIA_CONNECTING","detail":"54.37.225.65:3378 files=2"}
{"ts":"2026-04-02T19:59:50.911Z","level":"INFO","device":"868120018681","event":"RX_MSG","detail":"0x8001 bodyLen=5"}
{"ts":"2026-04-02T19:59:50.912Z","level":"INFO","device":"868120018681","event":"SERVER_ACK","detail":"0x0800 result=OK"}
{"ts":"2026-04-02T19:59:50.929Z","level":"INFO","device":"868120018681","event":"MEDIA_CONNECTED","detail":"54.37.225.65:3378"}
{"ts":"2026-04-02T19:59:50.930Z","level":"INFO","device":"868120018681","event":"FILE_START","detail":"[1/2] 00_64_6401_00_86812001868100260402195950020200.jpg (30220 bytes)"}
{"ts":"2026-04-02T19:59:50.930Z","level":"INFO","device":"868120018681","event":"SENT_1210","detail":"00_64_6401_00_86812001868100260402195950020200.jpg"}
{"ts":"2026-04-02T19:59:50.941Z","level":"INFO","device":"868120018681","event":"MEDIA_RX","detail":"7E 80 01 00 05 86 81 20 01 86 81 64 CE 00 00 12 10 00 0D 7E"}
{"ts":"2026-04-02T19:59:51.219Z","level":"INFO","device":"868120018681","event":"SENT_RAW_MARKER","detail":"00_64_6401_00_86812001868100260402195950020200.jpg packet=30282 bytes data=30220 bytes"}
{"ts":"2026-04-02T19:59:51.224Z","level":"INFO","device":"868120018681","event":"SENT_1212","detail":"00_64_6401_00_86812001868100260402195950020200.jpg type=0"}
{"ts":"2026-04-02T19:59:51.244Z","level":"INFO","device":"868120018681","event":"MEDIA_RX","detail":"7E 92 12 00 36 86 81 20 01 86 81 F0 40 32 30 30 5F 36 34 5F 36 34 30 31 5F 30 30 5F 38 36 38 31 32 30 30 31 38 36 38 31 30 30 32 36 30 34 30 32 31 39 35 39 35 30 30 32 30 32 30 30 2E 6A 70 67 00 00 00 47 7E"}
{"ts":"2026-04-02T19:59:51.532Z","level":"INFO","device":"868120018681","event":"FILE_START","detail":"[2/2] 02_64_6401_03_86812001868100260402195950020200.mp4 (1570024 bytes)"}
{"ts":"2026-04-02T19:59:51.534Z","level":"INFO","device":"868120018681","event":"SENT_1210","detail":"02_64_6401_03_86812001868100260402195950020200.mp4"}
{"ts":"2026-04-02T19:59:51.544Z","level":"INFO","device":"868120018681","event":"MEDIA_RX","detail":"7E 80 01 00 05 86 81 20 01 86 81 FF 6C 00 02 12 10 00 36 7E"}
{"ts":"2026-04-02T19:59:51.637Z","level":"INFO","device":"868120018681","event":"SENT_RAW_MARKER","detail":"02_64_6401_03_86812001868100260402195950020200.mp4 packet=1570086 bytes data=1570024 bytes"}
{"ts":"2026-04-02T19:59:51.687Z","level":"INFO","device":"868120018681","event":"SENT_1212","detail":"02_64_6401_03_86812001868100260402195950020200.mp4 type=2"}
{"ts":"2026-04-02T19:59:51.728Z","level":"INFO","device":"868120018681","event":"MEDIA_RX","detail":"7E 92 12 00 36 86 81 20 01 86 81 55 66 32 30 32 5F 36 34 5F 36 34 30 31 5F 30 33 5F 38 36 38 31 32 30 30 31 38 36 38 31 30 30 32 36 30 34 30 32 31 39 35 39 35 30 30 32 30 32 30 30 2E 6D 70 34 02 00 00 93 7E"}
{"ts":"2026-04-02T19:59:51.990Z","level":"INFO","device":"868120018681","event":"BATCH_COMPLETE","detail":"All 2 files sent"}
{"ts":"2026-04-02T19:59:52.029Z","level":"INFO","device":"868120018681","event":"MEDIA_CLOSED","detail":""}
{"ts":"2026-04-02T19:59:54.633Z","level":"INFO","device":"868120018681","event":"DISCONNECTED","detail":"clean stop"}

[SUMMARY] Run duration: 26s
[SUMMARY] GPS packets sent: 1
[SUMMARY] OBD2 packets sent: 0
[SUMMARY] Incidents fired: 2
[SUMMARY] Videos uploaded OK: 2
[SUMMARY] Videos failed: 0
[SUMMARY] Tracker pings sent: 0
[SUMMARY] Reconnections: 0
[SUMMARY] Log file: logs/sim-2026-04-02T19-59-30.log
