{"ts":"2026-03-31T08:22:51.583Z","level":"INFO","device":"868120100001","event":"CONNECTED","detail":""}
{"ts":"2026-03-31T08:22:51.602Z","level":"INFO","device":"868120100001","event":"MEDIA_REQ_PARSED","detail":"CMD: 0x9208 (Alarm Attachment) | Target URL: 54.37.225.65:3378"}
{"ts":"2026-03-31T08:22:51.603Z","level":"INFO","device":"868120100001","event":"MEDIA_CONNECTING","detail":"Attempting TCP connection to Media Server at 54.37.225.65:3378..."}
{"ts":"2026-03-31T08:22:51.607Z","level":"INFO","device":"868120100001","event":"SERVER_ACK","detail":"0x8001"}
{"ts":"2026-03-31T08:22:51.612Z","level":"INFO","device":"868120100001","event":"MEDIA_CONNECTED","detail":"Connection established. Streaming payload for 0x9208 (Alarm Attachment)."}
{"ts":"2026-03-31T08:22:51.612Z","level":"INFO","device":"868120100001","event":"MEDIA_UPLOAD_COMPLETE","detail":"File upload finished. 100% delivered to 54.37.225.65:3378 in 9ms"}
{"ts":"2026-03-31T08:23:01.575Z","level":"INFO","device":"868120100001","event":"INCIDENT_ADAS_SENT","detail":"Triggered 0x64 Alarm + 0x0800 Media Notification (MediaID: 1)"}
{"ts":"2026-03-31T08:23:01.585Z","level":"INFO","device":"868120100001","event":"SERVER_ACK","detail":"0x8001"}
{"ts":"2026-03-31T08:23:01.610Z","level":"INFO","device":"868120100001","event":"SERVER_ACK","detail":"0x8001"}
{"ts":"2026-03-31T08:23:11.577Z","level":"INFO","device":"868120100001","event":"GPS_SENT_0x0200","detail":"Location Updated"}
{"ts":"2026-03-31T08:23:11.577Z","level":"INFO","device":"868120100001","event":"INCIDENT_ADAS_SENT","detail":"Triggered 0x64 Alarm + 0x0800 Media Notification (MediaID: 2)"}
{"ts":"2026-03-31T08:23:11.586Z","level":"INFO","device":"868120100001","event":"SERVER_ACK","detail":"0x8001"}
{"ts":"2026-03-31T08:23:11.593Z","level":"INFO","device":"868120100001","event":"SERVER_ACK","detail":"0x8001"}
{"ts":"2026-03-31T08:23:11.598Z","level":"INFO","device":"868120100001","event":"SERVER_ACK","detail":"0x8001"}
{"ts":"2026-03-31T08:23:16.808Z","level":"INFO","device":"868120100001","event":"LIVE_VIDEO_IGNORED","detail":"Server requested Live Stream (0x9101), but simulator is set to only upload recorded AI attachments."}
{"ts":"2026-03-31T08:23:18.034Z","level":"INFO","device":"868120100001","event":"LIVE_VIDEO_IGNORED","detail":"Server requested Live Stream (0x9101), but simulator is set to only upload recorded AI attachments."}
{"ts":"2026-03-31T08:23:21.581Z","level":"INFO","device":"868120100001","event":"INCIDENT_ADAS_SENT","detail":"Triggered 0x64 Alarm + 0x0800 Media Notification (MediaID: 3)"}
{"ts":"2026-03-31T08:23:21.590Z","level":"INFO","device":"868120100001","event":"SERVER_ACK","detail":"0x8001"}
{"ts":"2026-03-31T08:23:21.597Z","level":"INFO","device":"868120100001","event":"SERVER_ACK","detail":"0x8001"}
{"ts":"2026-03-31T08:23:31.582Z","level":"INFO","device":"868120100001","event":"GPS_SENT_0x0200","detail":"Location Updated"}
{"ts":"2026-03-31T08:23:31.582Z","level":"INFO","device":"868120100001","event":"INCIDENT_ADAS_SENT","detail":"Triggered 0x64 Alarm + 0x0800 Media Notification (MediaID: 4)"}
{"ts":"2026-03-31T08:23:31.590Z","level":"INFO","device":"868120100001","event":"SERVER_ACK","detail":"0x8001"}
{"ts":"2026-03-31T08:23:31.597Z","level":"INFO","device":"868120100001","event":"SERVER_ACK","detail":"0x8001"}
{"ts":"2026-03-31T08:23:31.602Z","level":"INFO","device":"868120100001","event":"SERVER_ACK","detail":"0x8001"}
{"ts":"2026-03-31T08:23:41.587Z","level":"INFO","device":"868120100001","event":"INCIDENT_ADAS_SENT","detail":"Triggered 0x64 Alarm + 0x0800 Media Notification (MediaID: 5)"}
{"ts":"2026-03-31T08:23:41.600Z","level":"INFO","device":"868120100001","event":"SERVER_ACK","detail":"0x8001"}
{"ts":"2026-03-31T08:23:41.608Z","level":"INFO","device":"868120100001","event":"SERVER_ACK","detail":"0x8001"}
{"ts":"2026-03-31T08:23:43.832Z","level":"INFO","device":"868120100001","event":"DISCONNECTED","detail":"clean stop"}

[SUMMARY] Run duration: 54s
[SUMMARY] GPS packets sent: 2
[SUMMARY] OBD2 packets sent: 0
[SUMMARY] Incidents fired: 5
[SUMMARY] Videos uploaded OK: 1
[SUMMARY] Videos failed: 0
[SUMMARY] Tracker pings sent: 0
[SUMMARY] Reconnections: 0
[SUMMARY] Log file: logs/sim-2026-03-31T08-22-51.log
