{"ts":"2026-04-09T16:29:52.530Z","level":"INFO","device":"868120018681","event":"CONNECTED","detail":"id:868120018681"}
{"ts":"2026-04-09T16:29:52.764Z","level":"INFO","device":"868120018681","event":"RX_MSG","detail":"0x8001 bodyLen=5"}
{"ts":"2026-04-09T16:29:52.765Z","level":"INFO","device":"868120018681","event":"SERVER_ACK","detail":"0x0102 result=OK"}
{"ts":"2026-04-09T16:30:52.379Z","level":"INFO","device":"868120018681","event":"INCIDENT_SENT","detail":"mediaId=1 alarmId=86812001868100260409163052010200"}
{"ts":"2026-04-09T16:30:52.596Z","level":"INFO","device":"868120018681","event":"RX_MSG","detail":"0x8001 bodyLen=5"}
{"ts":"2026-04-09T16:30:52.596Z","level":"INFO","device":"868120018681","event":"SERVER_ACK","detail":"0x0200 result=OK"}
{"ts":"2026-04-09T16:30:52.910Z","level":"INFO","device":"868120018681","event":"RX_MSG","detail":"0x9208 bodyLen=81"}
{"ts":"2026-04-09T16:30:52.910Z","level":"INFO","device":"868120018681","event":"9208_RAW","detail":"0C35342E33372E3232352E36350D32000086812001868100260409163052010200383638313230303138363831303032363034303931363330353230313032303000000000000000000000000000000000"}
{"ts":"2026-04-09T16:30:52.912Z","level":"INFO","device":"868120018681","event":"UPLOAD_TRIGGERED","detail":"media: 54.37.225.65:3378 | alarmId: 86812001868100260409163052010200"}
{"ts":"2026-04-09T16:30:52.913Z","level":"INFO","device":"868120018681","event":"MEDIA_CONNECTING","detail":"54.37.225.65:3378 files=2"}
{"ts":"2026-04-09T16:30:52.914Z","level":"INFO","device":"868120018681","event":"RX_MSG","detail":"0x8001 bodyLen=5"}
{"ts":"2026-04-09T16:30:52.915Z","level":"INFO","device":"868120018681","event":"SERVER_ACK","detail":"0x0800 result=OK"}
{"ts":"2026-04-09T16:30:53.103Z","level":"INFO","device":"868120018681","event":"MEDIA_CONNECTED","detail":"54.37.225.65:3378"}
{"ts":"2026-04-09T16:30:53.105Z","level":"INFO","device":"868120018681","event":"FILE_START","detail":"[1/2] 00_64_6401_00_86812001868100260409163052010200.jpg (631 bytes)"}
{"ts":"2026-04-09T16:30:53.106Z","level":"INFO","device":"868120018681","event":"SENT_1210","detail":"00_64_6401_00_86812001868100260409163052010200.jpg"}
{"ts":"2026-04-09T16:30:53.207Z","level":"INFO","device":"868120018681","event":"SENT_RAW_MARKER","detail":"00_64_6401_00_86812001868100260409163052010200.jpg packet=693 bytes data=631 bytes"}
{"ts":"2026-04-09T16:30:53.207Z","level":"INFO","device":"868120018681","event":"SENT_1212","detail":"00_64_6401_00_86812001868100260409163052010200.jpg type=0"}
{"ts":"2026-04-09T16:30:53.304Z","level":"INFO","device":"868120018681","event":"MEDIA_RX","detail":"7E 80 01 00 05 86 81 20 01 86 81 48 09 00 00 12 10 00 E6 7E"}
{"ts":"2026-04-09T16:30:53.499Z","level":"INFO","device":"868120018681","event":"MEDIA_RX","detail":"7E 92 12 00 36 86 81 20 01 86 81 51 E5 32 30 30 5F 36 34 5F 36 34 30 31 5F 30 30 5F 38 36 38 31 32 30 30 31 38 36 38 31 30 30 32 36 30 34 30 39 31 36 33 30 35 32 30 31 30 32 30 30 2E 6A 70 67 00 00 00 49 7E"}
{"ts":"2026-04-09T16:30:53.507Z","level":"INFO","device":"868120018681","event":"FILE_START","detail":"[2/2] 02_64_6401_03_86812001868100260409163052010200.mp4 (1570024 bytes)"}
{"ts":"2026-04-09T16:30:53.508Z","level":"INFO","device":"868120018681","event":"SENT_1210","detail":"02_64_6401_03_86812001868100260409163052010200.mp4"}
{"ts":"2026-04-09T16:30:53.610Z","level":"INFO","device":"868120018681","event":"SENT_RAW_MARKER","detail":"02_64_6401_03_86812001868100260409163052010200.mp4 packet=1570086 bytes data=1570024 bytes"}
{"ts":"2026-04-09T16:30:53.706Z","level":"INFO","device":"868120018681","event":"MEDIA_RX","detail":"7E 80 01 00 05 86 81 20 01 86 81 A4 61 00 02 12 10 00 60 7E"}
{"ts":"2026-04-09T16:30:54.793Z","level":"INFO","device":"868120018681","event":"SENT_1212","detail":"02_64_6401_03_86812001868100260409163052010200.mp4 type=2"}
{"ts":"2026-04-09T16:30:55.093Z","level":"INFO","device":"868120018681","event":"BATCH_COMPLETE","detail":"All 2 files sent"}
{"ts":"2026-04-09T16:30:55.493Z","level":"ERROR","device":"868120018681","event":"MEDIA_ERROR","detail":"54.37.225.65:3378 — read ECONNRESET"}
{"ts":"2026-04-09T16:30:55.494Z","level":"INFO","device":"868120018681","event":"MEDIA_CLOSED","detail":""}
{"ts":"2026-04-09T16:31:52.432Z","level":"INFO","device":"868120018681","event":"INCIDENT_SENT","detail":"mediaId=2 alarmId=86812001868100260409163152020200"}
{"ts":"2026-04-09T16:31:52.649Z","level":"INFO","device":"868120018681","event":"RX_MSG","detail":"0x8001 bodyLen=5"}
{"ts":"2026-04-09T16:31:52.649Z","level":"INFO","device":"868120018681","event":"SERVER_ACK","detail":"0x0200 result=OK"}
{"ts":"2026-04-09T16:31:52.973Z","level":"INFO","device":"868120018681","event":"RX_MSG","detail":"0x9208 bodyLen=81"}
{"ts":"2026-04-09T16:31:52.973Z","level":"INFO","device":"868120018681","event":"9208_RAW","detail":"0C35342E33372E3232352E36350D32000086812001868100260409163152020200383638313230303138363831303032363034303931363331353230323032303000000000000000000000000000000000"}
{"ts":"2026-04-09T16:31:52.973Z","level":"INFO","device":"868120018681","event":"UPLOAD_TRIGGERED","detail":"media: 54.37.225.65:3378 | alarmId: 86812001868100260409163152020200"}
{"ts":"2026-04-09T16:31:52.973Z","level":"INFO","device":"868120018681","event":"MEDIA_CONNECTING","detail":"54.37.225.65:3378 files=2"}
{"ts":"2026-04-09T16:31:52.973Z","level":"INFO","device":"868120018681","event":"RX_MSG","detail":"0x8001 bodyLen=5"}
{"ts":"2026-04-09T16:31:52.973Z","level":"INFO","device":"868120018681","event":"SERVER_ACK","detail":"0x0800 result=OK"}
{"ts":"2026-04-09T16:31:53.161Z","level":"INFO","device":"868120018681","event":"MEDIA_CONNECTED","detail":"54.37.225.65:3378"}
{"ts":"2026-04-09T16:31:53.161Z","level":"INFO","device":"868120018681","event":"FILE_START","detail":"[1/2] 00_64_6401_00_86812001868100260409163152020200.jpg (631 bytes)"}
{"ts":"2026-04-09T16:31:53.161Z","level":"INFO","device":"868120018681","event":"SENT_1210","detail":"00_64_6401_00_86812001868100260409163152020200.jpg"}
{"ts":"2026-04-09T16:31:53.261Z","level":"INFO","device":"868120018681","event":"SENT_RAW_MARKER","detail":"00_64_6401_00_86812001868100260409163152020200.jpg packet=693 bytes data=631 bytes"}
{"ts":"2026-04-09T16:31:53.262Z","level":"INFO","device":"868120018681","event":"SENT_1212","detail":"00_64_6401_00_86812001868100260409163152020200.jpg type=0"}
{"ts":"2026-04-09T16:31:53.563Z","level":"INFO","device":"868120018681","event":"FILE_START","detail":"[2/2] 02_64_6401_03_86812001868100260409163152020200.mp4 (1570024 bytes)"}
{"ts":"2026-04-09T16:31:53.563Z","level":"INFO","device":"868120018681","event":"SENT_1210","detail":"02_64_6401_03_86812001868100260409163152020200.mp4"}
{"ts":"2026-04-09T16:31:53.664Z","level":"INFO","device":"868120018681","event":"SENT_RAW_MARKER","detail":"02_64_6401_03_86812001868100260409163152020200.mp4 packet=1570086 bytes data=1570024 bytes"}
{"ts":"2026-04-09T16:31:54.748Z","level":"INFO","device":"868120018681","event":"MEDIA_RX","detail":"7E 80 01 00 05 86 81 20 01 86 81 75 74 00 00 12 10 00 A6 7E 7E 92 12 00 36 86 81 20 01 86 81 81 A9 32 30 30 5F 36 34 5F 36 34 30 31 5F 30 30 5F 38 36 38 31 32 30 30 31 38 36 38 31 30 30 32 36 30 34 30 39 31 36 33 31 35 32 30 32 30 32 30 30 2E 6A 70 67 00 00 00 D7 7E 7E 80 01 00 05 86 81 20 01 86 81 C9 A9 00 02 12 10 00 C5 7E"}
{"ts":"2026-04-09T16:31:54.939Z","level":"INFO","device":"868120018681","event":"SENT_1212","detail":"02_64_6401_03_86812001868100260409163152020200.mp4 type=2"}
{"ts":"2026-04-09T16:31:55.198Z","level":"INFO","device":"868120018681","event":"MEDIA_RX","detail":"7E 92 12 00 36 86 81 20 01 86 81 19 02 32 30 32 5F 36 34 5F 36 34 30 31 5F 30 33 5F 38 36 38 31 32 30 30 31 38 36 38 31 30 30 32 36 30 34 30 39 31 36 33 31 35 32 30 32 30 32 30 30 2E 6D 70 34 02 00 00 B3 7E"}
{"ts":"2026-04-09T16:31:55.240Z","level":"INFO","device":"868120018681","event":"BATCH_COMPLETE","detail":"All 2 files sent"}
{"ts":"2026-04-09T16:31:55.964Z","level":"INFO","device":"868120018681","event":"MEDIA_CLOSED","detail":""}
{"ts":"2026-04-09T16:32:52.483Z","level":"INFO","device":"868120018681","event":"INCIDENT_SENT","detail":"mediaId=3 alarmId=86812001868100260409163252030200"}
{"ts":"2026-04-09T16:32:52.708Z","level":"INFO","device":"868120018681","event":"RX_MSG","detail":"0x8001 bodyLen=5"}
{"ts":"2026-04-09T16:32:52.708Z","level":"INFO","device":"868120018681","event":"SERVER_ACK","detail":"0x0200 result=OK"}
{"ts":"2026-04-09T16:32:53.046Z","level":"INFO","device":"868120018681","event":"RX_MSG","detail":"0x9208 bodyLen=81"}
{"ts":"2026-04-09T16:32:53.046Z","level":"INFO","device":"868120018681","event":"9208_RAW","detail":"0C35342E33372E3232352E36350D32000086812001868100260409163252030200383638313230303138363831303032363034303931363332353230333032303000000000000000000000000000000000"}
{"ts":"2026-04-09T16:32:53.046Z","level":"INFO","device":"868120018681","event":"UPLOAD_TRIGGERED","detail":"media: 54.37.225.65:3378 | alarmId: 86812001868100260409163252030200"}
{"ts":"2026-04-09T16:32:53.046Z","level":"INFO","device":"868120018681","event":"MEDIA_CONNECTING","detail":"54.37.225.65:3378 files=2"}
{"ts":"2026-04-09T16:32:53.047Z","level":"INFO","device":"868120018681","event":"RX_MSG","detail":"0x8001 bodyLen=5"}
{"ts":"2026-04-09T16:32:53.047Z","level":"INFO","device":"868120018681","event":"SERVER_ACK","detail":"0x0800 result=OK"}
{"ts":"2026-04-09T16:32:53.252Z","level":"INFO","device":"868120018681","event":"MEDIA_CONNECTED","detail":"54.37.225.65:3378"}
{"ts":"2026-04-09T16:32:53.252Z","level":"INFO","device":"868120018681","event":"FILE_START","detail":"[1/2] 00_64_6401_00_86812001868100260409163252030200.jpg (631 bytes)"}
{"ts":"2026-04-09T16:32:53.252Z","level":"INFO","device":"868120018681","event":"SENT_1210","detail":"00_64_6401_00_86812001868100260409163252030200.jpg"}
{"ts":"2026-04-09T16:32:53.352Z","level":"INFO","device":"868120018681","event":"SENT_RAW_MARKER","detail":"00_64_6401_00_86812001868100260409163252030200.jpg packet=693 bytes data=631 bytes"}
{"ts":"2026-04-09T16:32:53.353Z","level":"INFO","device":"868120018681","event":"SENT_1212","detail":"00_64_6401_00_86812001868100260409163252030200.jpg type=0"}
{"ts":"2026-04-09T16:32:53.460Z","level":"INFO","device":"868120018681","event":"MEDIA_RX","detail":"7E 80 01 00 05 86 81 20 01 86 81 15 D3 00 00 12 10 00 61 7E"}
{"ts":"2026-04-09T16:32:53.654Z","level":"INFO","device":"868120018681","event":"FILE_START","detail":"[2/2] 02_64_6401_03_86812001868100260409163252030200.mp4 (1570024 bytes)"}
{"ts":"2026-04-09T16:32:53.654Z","level":"INFO","device":"868120018681","event":"SENT_1210","detail":"02_64_6401_03_86812001868100260409163252030200.mp4"}
{"ts":"2026-04-09T16:32:53.662Z","level":"INFO","device":"868120018681","event":"MEDIA_RX","detail":"7E 92 12 00 36 86 81 20 01 86 81 D6 42 32 30 30 5F 36 34 5F 36 34 30 31 5F 30 30 5F 38 36 38 31 32 30 30 31 38 36 38 31 30 30 32 36 30 34 30 39 31 36 33 32 35 32 30 33 30 32 30 30 2E 6A 70 67 00 00 00 69 7E"}
{"ts":"2026-04-09T16:32:53.754Z","level":"INFO","device":"868120018681","event":"SENT_RAW_MARKER","detail":"02_64_6401_03_86812001868100260409163252030200.mp4 packet=1570086 bytes data=1570024 bytes"}
{"ts":"2026-04-09T16:32:53.960Z","level":"INFO","device":"868120018681","event":"MEDIA_RX","detail":"7E 80 01 00 05 86 81 20 01 86 81 E1 54 00 02 12 10 00 10 7E"}
{"ts":"2026-04-09T16:32:54.931Z","level":"INFO","device":"868120018681","event":"SENT_1212","detail":"02_64_6401_03_86812001868100260409163252030200.mp4 type=2"}
{"ts":"2026-04-09T16:32:55.231Z","level":"INFO","device":"868120018681","event":"BATCH_COMPLETE","detail":"All 2 files sent"}
{"ts":"2026-04-09T16:32:55.643Z","level":"ERROR","device":"868120018681","event":"MEDIA_ERROR","detail":"54.37.225.65:3378 — read ECONNRESET"}
{"ts":"2026-04-09T16:32:55.644Z","level":"INFO","device":"868120018681","event":"MEDIA_CLOSED","detail":""}
{"ts":"2026-04-09T16:33:52.540Z","level":"INFO","device":"868120018681","event":"INCIDENT_SENT","detail":"mediaId=4 alarmId=86812001868100260409163352040200"}
{"ts":"2026-04-09T16:33:52.751Z","level":"INFO","device":"868120018681","event":"RX_MSG","detail":"0x8001 bodyLen=5"}
{"ts":"2026-04-09T16:33:52.751Z","level":"INFO","device":"868120018681","event":"SERVER_ACK","detail":"0x0200 result=OK"}
{"ts":"2026-04-09T16:33:53.078Z","level":"INFO","device":"868120018681","event":"RX_MSG","detail":"0x9208 bodyLen=81"}
{"ts":"2026-04-09T16:33:53.078Z","level":"INFO","device":"868120018681","event":"9208_RAW","detail":"0C35342E33372E3232352E36350D32000086812001868100260409163352040200383638313230303138363831303032363034303931363333353230343032303000000000000000000000000000000000"}
{"ts":"2026-04-09T16:33:53.078Z","level":"INFO","device":"868120018681","event":"UPLOAD_TRIGGERED","detail":"media: 54.37.225.65:3378 | alarmId: 86812001868100260409163352040200"}
{"ts":"2026-04-09T16:33:53.078Z","level":"INFO","device":"868120018681","event":"MEDIA_CONNECTING","detail":"54.37.225.65:3378 files=2"}
{"ts":"2026-04-09T16:33:53.079Z","level":"INFO","device":"868120018681","event":"RX_MSG","detail":"0x8001 bodyLen=5"}
{"ts":"2026-04-09T16:33:53.079Z","level":"INFO","device":"868120018681","event":"SERVER_ACK","detail":"0x0800 result=OK"}
{"ts":"2026-04-09T16:33:53.293Z","level":"INFO","device":"868120018681","event":"MEDIA_CONNECTED","detail":"54.37.225.65:3378"}
{"ts":"2026-04-09T16:33:53.293Z","level":"INFO","device":"868120018681","event":"FILE_START","detail":"[1/2] 00_64_6401_00_86812001868100260409163352040200.jpg (631 bytes)"}
{"ts":"2026-04-09T16:33:53.294Z","level":"INFO","device":"868120018681","event":"SENT_1210","detail":"00_64_6401_00_86812001868100260409163352040200.jpg"}
{"ts":"2026-04-09T16:33:53.395Z","level":"INFO","device":"868120018681","event":"SENT_RAW_MARKER","detail":"00_64_6401_00_86812001868100260409163352040200.jpg packet=693 bytes data=631 bytes"}
{"ts":"2026-04-09T16:33:53.395Z","level":"INFO","device":"868120018681","event":"SENT_1212","detail":"00_64_6401_00_86812001868100260409163352040200.jpg type=0"}
{"ts":"2026-04-09T16:33:53.510Z","level":"INFO","device":"868120018681","event":"MEDIA_RX","detail":"7E 80 01 00 05 86 81 20 01 86 81 F8 C0 00 00 12 10 00 9F 7E"}
{"ts":"2026-04-09T16:33:53.697Z","level":"INFO","device":"868120018681","event":"FILE_START","detail":"[2/2] 02_64_6401_03_86812001868100260409163352040200.mp4 (1570024 bytes)"}
{"ts":"2026-04-09T16:33:53.697Z","level":"INFO","device":"868120018681","event":"SENT_1210","detail":"02_64_6401_03_86812001868100260409163352040200.mp4"}
{"ts":"2026-04-09T16:33:53.722Z","level":"INFO","device":"868120018681","event":"MEDIA_RX","detail":"7E 92 12 00 36 86 81 20 01 86 81 60 07 32 30 30 5F 36 34 5F 36 34 30 31 5F 30 30 5F 38 36 38 31 32 30 30 31 38 36 38 31 30 30 32 36 30 34 30 39 31 36 33 33 35 32 30 34 30 32 30 30 2E 6A 70 67 00 00 00 9C 7E"}
{"ts":"2026-04-09T16:33:53.801Z","level":"INFO","device":"868120018681","event":"SENT_RAW_MARKER","detail":"02_64_6401_03_86812001868100260409163352040200.mp4 packet=1570086 bytes data=1570024 bytes"}
{"ts":"2026-04-09T16:33:54.016Z","level":"INFO","device":"868120018681","event":"MEDIA_RX","detail":"7E 80 01 00 05 86 81 20 01 86 81 12 5E 00 02 12 10 00 E9 7E"}
{"ts":"2026-04-09T16:33:55.065Z","level":"INFO","device":"868120018681","event":"SENT_1212","detail":"02_64_6401_03_86812001868100260409163352040200.mp4 type=2"}
{"ts":"2026-04-09T16:33:55.366Z","level":"INFO","device":"868120018681","event":"BATCH_COMPLETE","detail":"All 2 files sent"}
{"ts":"2026-04-09T16:33:55.795Z","level":"ERROR","device":"868120018681","event":"MEDIA_ERROR","detail":"54.37.225.65:3378 — read ECONNRESET"}
{"ts":"2026-04-09T16:33:55.795Z","level":"INFO","device":"868120018681","event":"MEDIA_CLOSED","detail":""}
{"ts":"2026-04-09T16:34:52.581Z","level":"INFO","device":"868120018681","event":"INCIDENT_SENT","detail":"mediaId=5 alarmId=86812001868100260409163452050200"}
{"ts":"2026-04-09T16:34:52.794Z","level":"INFO","device":"868120018681","event":"RX_MSG","detail":"0x8001 bodyLen=5"}
{"ts":"2026-04-09T16:34:52.794Z","level":"INFO","device":"868120018681","event":"SERVER_ACK","detail":"0x0200 result=OK"}
{"ts":"2026-04-09T16:34:53.127Z","level":"INFO","device":"868120018681","event":"RX_MSG","detail":"0x9208 bodyLen=81"}
{"ts":"2026-04-09T16:34:53.128Z","level":"INFO","device":"868120018681","event":"9208_RAW","detail":"0C35342E33372E3232352E36350D32000086812001868100260409163452050200383638313230303138363831303032363034303931363334353230353032303000000000000000000000000000000000"}
{"ts":"2026-04-09T16:34:53.128Z","level":"INFO","device":"868120018681","event":"UPLOAD_TRIGGERED","detail":"media: 54.37.225.65:3378 | alarmId: 86812001868100260409163452050200"}
{"ts":"2026-04-09T16:34:53.128Z","level":"INFO","device":"868120018681","event":"MEDIA_CONNECTING","detail":"54.37.225.65:3378 files=2"}
{"ts":"2026-04-09T16:34:53.129Z","level":"INFO","device":"868120018681","event":"RX_MSG","detail":"0x8001 bodyLen=5"}
{"ts":"2026-04-09T16:34:53.129Z","level":"INFO","device":"868120018681","event":"SERVER_ACK","detail":"0x0800 result=OK"}
{"ts":"2026-04-09T16:34:53.335Z","level":"INFO","device":"868120018681","event":"MEDIA_CONNECTED","detail":"54.37.225.65:3378"}
{"ts":"2026-04-09T16:34:53.336Z","level":"INFO","device":"868120018681","event":"FILE_START","detail":"[1/2] 00_64_6401_00_86812001868100260409163452050200.jpg (631 bytes)"}
{"ts":"2026-04-09T16:34:53.336Z","level":"INFO","device":"868120018681","event":"SENT_1210","detail":"00_64_6401_00_86812001868100260409163452050200.jpg"}
{"ts":"2026-04-09T16:34:53.437Z","level":"INFO","device":"868120018681","event":"SENT_RAW_MARKER","detail":"00_64_6401_00_86812001868100260409163452050200.jpg packet=693 bytes data=631 bytes"}
{"ts":"2026-04-09T16:34:53.438Z","level":"INFO","device":"868120018681","event":"SENT_1212","detail":"00_64_6401_00_86812001868100260409163452050200.jpg type=0"}
{"ts":"2026-04-09T16:34:53.543Z","level":"INFO","device":"868120018681","event":"MEDIA_RX","detail":"7E 80 01 00 05 86 81 20 01 86 81 D6 3E 00 00 12 10 00 4F 7E"}
{"ts":"2026-04-09T16:34:53.738Z","level":"INFO","device":"868120018681","event":"FILE_START","detail":"[2/2] 02_64_6401_03_86812001868100260409163452050200.mp4 (1570024 bytes)"}
{"ts":"2026-04-09T16:34:53.738Z","level":"INFO","device":"868120018681","event":"SENT_1210","detail":"02_64_6401_03_86812001868100260409163452050200.mp4"}
{"ts":"2026-04-09T16:34:53.843Z","level":"INFO","device":"868120018681","event":"SENT_RAW_MARKER","detail":"02_64_6401_03_86812001868100260409163452050200.mp4 packet=1570086 bytes data=1570024 bytes"}
{"ts":"2026-04-09T16:34:54.591Z","level":"INFO","device":"868120018681","event":"MEDIA_RX","detail":"7E 92 12 00 36 86 81 20 01 86 81 45 0B 32 30 30 5F 36 34 5F 36 34 30 31 5F 30 30 5F 38 36 38 31 32 30 30 31 38 36 38 31 30 30 32 36 30 34 30 39 31 36 33 34 35 32 30 35 30 32 30 30 2E 6A 70 67 00 00 00 B3 7E 7E 80 01 00 05 86 81 20 01 86 81 06 E2 00 02 12 10 00 41 7E"}
{"ts":"2026-04-09T16:34:55.005Z","level":"INFO","device":"868120018681","event":"SENT_1212","detail":"02_64_6401_03_86812001868100260409163452050200.mp4 type=2"}
{"ts":"2026-04-09T16:34:55.301Z","level":"INFO","device":"868120018681","event":"MEDIA_RX","detail":"7E 92 12 00 36 86 81 20 01 86 81 2F BC 32 30 32 5F 36 34 5F 36 34 30 31 5F 30 33 5F 38 36 38 31 32 30 30 31 38 36 38 31 30 30 32 36 30 34 30 39 31 36 33 34 35 32 30 35 30 32 30 30 2E 6D 70 34 02 00 00 39 7E"}
{"ts":"2026-04-09T16:34:55.305Z","level":"INFO","device":"868120018681","event":"BATCH_COMPLETE","detail":"All 2 files sent"}
{"ts":"2026-04-09T16:34:56.052Z","level":"INFO","device":"868120018681","event":"MEDIA_CLOSED","detail":""}
{"ts":"2026-04-09T16:35:52.636Z","level":"INFO","device":"868120018681","event":"INCIDENT_SENT","detail":"mediaId=6 alarmId=86812001868100260409163552060200"}
{"ts":"2026-04-09T16:35:52.853Z","level":"INFO","device":"868120018681","event":"RX_MSG","detail":"0x8001 bodyLen=5"}
{"ts":"2026-04-09T16:35:52.853Z","level":"INFO","device":"868120018681","event":"SERVER_ACK","detail":"0x0200 result=OK"}
{"ts":"2026-04-09T16:35:53.213Z","level":"INFO","device":"868120018681","event":"RX_MSG","detail":"0x9208 bodyLen=81"}
{"ts":"2026-04-09T16:35:53.214Z","level":"INFO","device":"868120018681","event":"9208_RAW","detail":"0C35342E33372E3232352E36350D32000086812001868100260409163552060200383638313230303138363831303032363034303931363335353230363032303000000000000000000000000000000000"}
{"ts":"2026-04-09T16:35:53.214Z","level":"INFO","device":"868120018681","event":"UPLOAD_TRIGGERED","detail":"media: 54.37.225.65:3378 | alarmId: 86812001868100260409163552060200"}
{"ts":"2026-04-09T16:35:53.214Z","level":"INFO","device":"868120018681","event":"MEDIA_CONNECTING","detail":"54.37.225.65:3378 files=2"}
{"ts":"2026-04-09T16:35:53.215Z","level":"INFO","device":"868120018681","event":"RX_MSG","detail":"0x8001 bodyLen=5"}
{"ts":"2026-04-09T16:35:53.215Z","level":"INFO","device":"868120018681","event":"SERVER_ACK","detail":"0x0800 result=OK"}
{"ts":"2026-04-09T16:35:53.403Z","level":"INFO","device":"868120018681","event":"MEDIA_CONNECTED","detail":"54.37.225.65:3378"}
{"ts":"2026-04-09T16:35:53.404Z","level":"INFO","device":"868120018681","event":"FILE_START","detail":"[1/2] 00_64_6401_00_86812001868100260409163552060200.jpg (631 bytes)"}
{"ts":"2026-04-09T16:35:53.404Z","level":"INFO","device":"868120018681","event":"SENT_1210","detail":"00_64_6401_00_86812001868100260409163552060200.jpg"}
{"ts":"2026-04-09T16:35:53.505Z","level":"INFO","device":"868120018681","event":"SENT_RAW_MARKER","detail":"00_64_6401_00_86812001868100260409163552060200.jpg packet=693 bytes data=631 bytes"}
{"ts":"2026-04-09T16:35:53.506Z","level":"INFO","device":"868120018681","event":"SENT_1212","detail":"00_64_6401_00_86812001868100260409163552060200.jpg type=0"}
{"ts":"2026-04-09T16:35:53.593Z","level":"INFO","device":"868120018681","event":"MEDIA_RX","detail":"7E 80 01 00 05 86 81 20 01 86 81 EB B6 00 00 12 10 00 FA 7E"}
{"ts":"2026-04-09T16:35:53.778Z","level":"INFO","device":"868120018681","event":"MEDIA_RX","detail":"7E 92 12 00 36 86 81 20 01 86 81 F5 02 32 30 30 5F 36 34 5F 36 34 30 31 5F 30 30 5F 38 36 38 31 32 30 30 31 38 36 38 31 30 30 32 36 30 34 30 39 31 36 33 35 35 32 30 36 30 32 30 30 2E 6A 70 67 00 00 00 08 7E"}
{"ts":"2026-04-09T16:35:53.808Z","level":"INFO","device":"868120018681","event":"FILE_START","detail":"[2/2] 02_64_6401_03_86812001868100260409163552060200.mp4 (1570024 bytes)"}
{"ts":"2026-04-09T16:35:53.810Z","level":"INFO","device":"868120018681","event":"SENT_1210","detail":"02_64_6401_03_86812001868100260409163552060200.mp4"}
{"ts":"2026-04-09T16:35:53.915Z","level":"INFO","device":"868120018681","event":"SENT_RAW_MARKER","detail":"02_64_6401_03_86812001868100260409163552060200.mp4 packet=1570086 bytes data=1570024 bytes"}
{"ts":"2026-04-09T16:35:53.998Z","level":"INFO","device":"868120018681","event":"MEDIA_RX","detail":"7E 80 01 00 05 86 81 20 01 86 81 C5 80 00 02 12 10 00 E0 7E"}
{"ts":"2026-04-09T16:35:54.992Z","level":"INFO","device":"868120018681","event":"SENT_1212","detail":"02_64_6401_03_86812001868100260409163552060200.mp4 type=2"}
{"ts":"2026-04-09T16:35:55.248Z","level":"INFO","device":"868120018681","event":"MEDIA_RX","detail":"7E 92 12 00 36 86 81 20 01 86 81 16 62 32 30 32 5F 36 34 5F 36 34 30 31 5F 30 33 5F 38 36 38 31 32 30 30 31 38 36 38 31 30 30 32 36 30 34 30 39 31 36 33 35 35 32 30 36 30 32 30 30 2E 6D 70 34 02 00 00 DC 7E"}
{"ts":"2026-04-09T16:35:55.293Z","level":"INFO","device":"868120018681","event":"BATCH_COMPLETE","detail":"All 2 files sent"}
{"ts":"2026-04-09T16:35:55.961Z","level":"INFO","device":"868120018681","event":"MEDIA_CLOSED","detail":""}
{"ts":"2026-04-09T16:36:52.693Z","level":"INFO","device":"868120018681","event":"INCIDENT_SENT","detail":"mediaId=7 alarmId=86812001868100260409163652070200"}
{"ts":"2026-04-09T16:36:52.903Z","level":"INFO","device":"868120018681","event":"RX_MSG","detail":"0x8001 bodyLen=5"}
{"ts":"2026-04-09T16:36:52.903Z","level":"INFO","device":"868120018681","event":"SERVER_ACK","detail":"0x0200 result=OK"}
{"ts":"2026-04-09T16:36:53.222Z","level":"INFO","device":"868120018681","event":"RX_MSG","detail":"0x9208 bodyLen=81"}
{"ts":"2026-04-09T16:36:53.222Z","level":"INFO","device":"868120018681","event":"9208_RAW","detail":"0C35342E33372E3232352E36350D32000086812001868100260409163652070200383638313230303138363831303032363034303931363336353230373032303000000000000000000000000000000000"}
{"ts":"2026-04-09T16:36:53.222Z","level":"INFO","device":"868120018681","event":"UPLOAD_TRIGGERED","detail":"media: 54.37.225.65:3378 | alarmId: 86812001868100260409163652070200"}
{"ts":"2026-04-09T16:36:53.222Z","level":"INFO","device":"868120018681","event":"MEDIA_CONNECTING","detail":"54.37.225.65:3378 files=2"}
{"ts":"2026-04-09T16:36:53.224Z","level":"INFO","device":"868120018681","event":"RX_MSG","detail":"0x8001 bodyLen=5"}
{"ts":"2026-04-09T16:36:53.224Z","level":"INFO","device":"868120018681","event":"SERVER_ACK","detail":"0x0800 result=OK"}
{"ts":"2026-04-09T16:36:53.428Z","level":"INFO","device":"868120018681","event":"MEDIA_CONNECTED","detail":"54.37.225.65:3378"}
{"ts":"2026-04-09T16:36:53.428Z","level":"INFO","device":"868120018681","event":"FILE_START","detail":"[1/2] 00_64_6401_00_86812001868100260409163652070200.jpg (631 bytes)"}
{"ts":"2026-04-09T16:36:53.429Z","level":"INFO","device":"868120018681","event":"SENT_1210","detail":"00_64_6401_00_86812001868100260409163652070200.jpg"}
{"ts":"2026-04-09T16:36:53.529Z","level":"INFO","device":"868120018681","event":"SENT_RAW_MARKER","detail":"00_64_6401_00_86812001868100260409163652070200.jpg packet=693 bytes data=631 bytes"}
{"ts":"2026-04-09T16:36:53.529Z","level":"INFO","device":"868120018681","event":"SENT_1212","detail":"00_64_6401_00_86812001868100260409163652070200.jpg type=0"}
{"ts":"2026-04-09T16:36:53.635Z","level":"INFO","device":"868120018681","event":"MEDIA_RX","detail":"7E 80 01 00 05 86 81 20 01 86 81 81 96 00 00 12 10 00 B0 7E"}
{"ts":"2026-04-09T16:36:53.830Z","level":"INFO","device":"868120018681","event":"FILE_START","detail":"[2/2] 02_64_6401_03_86812001868100260409163652070200.mp4 (1570024 bytes)"}
{"ts":"2026-04-09T16:36:53.831Z","level":"INFO","device":"868120018681","event":"SENT_1210","detail":"02_64_6401_03_86812001868100260409163652070200.mp4"}
{"ts":"2026-04-09T16:36:53.837Z","level":"INFO","device":"868120018681","event":"MEDIA_RX","detail":"7E 92 12 00 36 86 81 20 01 86 81 29 77 32 30 30 5F 36 34 5F 36 34 30 31 5F 30 30 5F 38 36 38 31 32 30 30 31 38 36 38 31 30 30 32 36 30 34 30 39 31 36 33 36 35 32 30 37 30 32 30 30 2E 6A 70 67 00 00 00 A3 7E"}
{"ts":"2026-04-09T16:36:53.934Z","level":"INFO","device":"868120018681","event":"SENT_RAW_MARKER","detail":"02_64_6401_03_86812001868100260409163652070200.mp4 packet=1570086 bytes data=1570024 bytes"}
{"ts":"2026-04-09T16:36:54.140Z","level":"INFO","device":"868120018681","event":"MEDIA_RX","detail":"7E 80 01 00 05 86 81 20 01 86 81 7D 01 16 00 02 12 10 00 CE 7E"}
{"ts":"2026-04-09T16:36:55.168Z","level":"INFO","device":"868120018681","event":"SENT_1212","detail":"02_64_6401_03_86812001868100260409163652070200.mp4 type=2"}
{"ts":"2026-04-09T16:36:55.469Z","level":"INFO","device":"868120018681","event":"BATCH_COMPLETE","detail":"All 2 files sent"}
{"ts":"2026-04-09T16:36:55.879Z","level":"ERROR","device":"868120018681","event":"MEDIA_ERROR","detail":"54.37.225.65:3378 — read ECONNRESET"}
{"ts":"2026-04-09T16:36:55.879Z","level":"INFO","device":"868120018681","event":"MEDIA_CLOSED","detail":""}
{"ts":"2026-04-09T16:37:52.750Z","level":"INFO","device":"868120018681","event":"INCIDENT_SENT","detail":"mediaId=8 alarmId=86812001868100260409163752080200"}
{"ts":"2026-04-09T16:37:52.962Z","level":"INFO","device":"868120018681","event":"RX_MSG","detail":"0x8001 bodyLen=5"}
{"ts":"2026-04-09T16:37:52.962Z","level":"INFO","device":"868120018681","event":"SERVER_ACK","detail":"0x0200 result=OK"}
{"ts":"2026-04-09T16:37:53.275Z","level":"INFO","device":"868120018681","event":"RX_MSG","detail":"0x9208 bodyLen=81"}
{"ts":"2026-04-09T16:37:53.275Z","level":"INFO","device":"868120018681","event":"9208_RAW","detail":"0C35342E33372E3232352E36350D32000086812001868100260409163752080200383638313230303138363831303032363034303931363337353230383032303000000000000000000000000000000000"}
{"ts":"2026-04-09T16:37:53.276Z","level":"INFO","device":"868120018681","event":"UPLOAD_TRIGGERED","detail":"media: 54.37.225.65:3378 | alarmId: 86812001868100260409163752080200"}
{"ts":"2026-04-09T16:37:53.276Z","level":"INFO","device":"868120018681","event":"MEDIA_CONNECTING","detail":"54.37.225.65:3378 files=2"}
{"ts":"2026-04-09T16:37:53.303Z","level":"INFO","device":"868120018681","event":"RX_MSG","detail":"0x8001 bodyLen=5"}
{"ts":"2026-04-09T16:37:53.304Z","level":"INFO","device":"868120018681","event":"SERVER_ACK","detail":"0x0800 result=OK"}
{"ts":"2026-04-09T16:37:53.509Z","level":"INFO","device":"868120018681","event":"MEDIA_CONNECTED","detail":"54.37.225.65:3378"}
{"ts":"2026-04-09T16:37:53.509Z","level":"INFO","device":"868120018681","event":"FILE_START","detail":"[1/2] 00_64_6401_00_86812001868100260409163752080200.jpg (631 bytes)"}
{"ts":"2026-04-09T16:37:53.516Z","level":"INFO","device":"868120018681","event":"SENT_1210","detail":"00_64_6401_00_86812001868100260409163752080200.jpg"}
{"ts":"2026-04-09T16:37:53.616Z","level":"INFO","device":"868120018681","event":"SENT_RAW_MARKER","detail":"00_64_6401_00_86812001868100260409163752080200.jpg packet=693 bytes data=631 bytes"}
{"ts":"2026-04-09T16:37:53.616Z","level":"INFO","device":"868120018681","event":"SENT_1212","detail":"00_64_6401_00_86812001868100260409163752080200.jpg type=0"}
{"ts":"2026-04-09T16:37:53.721Z","level":"INFO","device":"868120018681","event":"MEDIA_RX","detail":"7E 80 01 00 05 86 81 20 01 86 81 6A 5B 00 00 12 10 00 96 7E"}
{"ts":"2026-04-09T16:37:53.917Z","level":"INFO","device":"868120018681","event":"FILE_START","detail":"[2/2] 02_64_6401_03_86812001868100260409163752080200.mp4 (1570024 bytes)"}
{"ts":"2026-04-09T16:37:53.918Z","level":"INFO","device":"868120018681","event":"SENT_1210","detail":"02_64_6401_03_86812001868100260409163752080200.mp4"}
{"ts":"2026-04-09T16:37:53.924Z","level":"INFO","device":"868120018681","event":"MEDIA_RX","detail":"7E 92 12 00 36 86 81 20 01 86 81 F5 8E 32 30 30 5F 36 34 5F 36 34 30 31 5F 30 30 5F 38 36 38 31 32 30 30 31 38 36 38 31 30 30 32 36 30 34 30 39 31 36 33 37 35 32 30 38 30 32 30 30 2E 6A 70 67 00 00 00 88 7E"}
{"ts":"2026-04-09T16:37:54.020Z","level":"INFO","device":"868120018681","event":"SENT_RAW_MARKER","detail":"02_64_6401_03_86812001868100260409163752080200.mp4 packet=1570086 bytes data=1570024 bytes"}
{"ts":"2026-04-09T16:37:54.224Z","level":"INFO","device":"868120018681","event":"MEDIA_RX","detail":"7E 80 01 00 05 86 81 20 01 86 81 BC CE 00 02 12 10 00 D7 7E"}
{"ts":"2026-04-09T16:37:55.589Z","level":"INFO","device":"868120018681","event":"SENT_1212","detail":"02_64_6401_03_86812001868100260409163752080200.mp4 type=2"}
{"ts":"2026-04-09T16:37:55.889Z","level":"INFO","device":"868120018681","event":"BATCH_COMPLETE","detail":"All 2 files sent"}
{"ts":"2026-04-09T16:37:56.435Z","level":"ERROR","device":"868120018681","event":"MEDIA_ERROR","detail":"54.37.225.65:3378 — read ECONNRESET"}
{"ts":"2026-04-09T16:37:56.435Z","level":"INFO","device":"868120018681","event":"MEDIA_CLOSED","detail":""}
{"ts":"2026-04-09T16:38:52.817Z","level":"INFO","device":"868120018681","event":"INCIDENT_SENT","detail":"mediaId=9 alarmId=86812001868100260409163852090200"}
{"ts":"2026-04-09T16:38:53.034Z","level":"INFO","device":"868120018681","event":"RX_MSG","detail":"0x8001 bodyLen=5"}
{"ts":"2026-04-09T16:38:53.036Z","level":"INFO","device":"868120018681","event":"SERVER_ACK","detail":"0x0200 result=OK"}
{"ts":"2026-04-09T16:38:53.371Z","level":"INFO","device":"868120018681","event":"RX_MSG","detail":"0x9208 bodyLen=81"}
{"ts":"2026-04-09T16:38:53.372Z","level":"INFO","device":"868120018681","event":"9208_RAW","detail":"0C35342E33372E3232352E36350D32000086812001868100260409163852090200383638313230303138363831303032363034303931363338353230393032303000000000000000000000000000000000"}
{"ts":"2026-04-09T16:38:53.389Z","level":"INFO","device":"868120018681","event":"UPLOAD_TRIGGERED","detail":"media: 54.37.225.65:3378 | alarmId: 86812001868100260409163852090200"}
{"ts":"2026-04-09T16:38:53.390Z","level":"INFO","device":"868120018681","event":"MEDIA_CONNECTING","detail":"54.37.225.65:3378 files=2"}
{"ts":"2026-04-09T16:38:53.391Z","level":"INFO","device":"868120018681","event":"RX_MSG","detail":"0x8001 bodyLen=5"}
{"ts":"2026-04-09T16:38:53.391Z","level":"INFO","device":"868120018681","event":"SERVER_ACK","detail":"0x0800 result=OK"}
{"ts":"2026-04-09T16:38:53.586Z","level":"INFO","device":"868120018681","event":"MEDIA_CONNECTED","detail":"54.37.225.65:3378"}
{"ts":"2026-04-09T16:38:53.586Z","level":"INFO","device":"868120018681","event":"FILE_START","detail":"[1/2] 00_64_6401_00_86812001868100260409163852090200.jpg (631 bytes)"}
{"ts":"2026-04-09T16:38:53.586Z","level":"INFO","device":"868120018681","event":"SENT_1210","detail":"00_64_6401_00_86812001868100260409163852090200.jpg"}
{"ts":"2026-04-09T16:38:53.688Z","level":"INFO","device":"868120018681","event":"SENT_RAW_MARKER","detail":"00_64_6401_00_86812001868100260409163852090200.jpg packet=693 bytes data=631 bytes"}
{"ts":"2026-04-09T16:38:53.691Z","level":"INFO","device":"868120018681","event":"SENT_1212","detail":"00_64_6401_00_86812001868100260409163852090200.jpg type=0"}
{"ts":"2026-04-09T16:38:53.777Z","level":"INFO","device":"868120018681","event":"MEDIA_RX","detail":"7E 80 01 00 05 86 81 20 01 86 81 44 1A 00 00 12 10 00 F9 7E"}
{"ts":"2026-04-09T16:38:53.963Z","level":"INFO","device":"868120018681","event":"MEDIA_RX","detail":"7E 92 12 00 36 86 81 20 01 86 81 C4 45 32 30 30 5F 36 34 5F 36 34 30 31 5F 30 30 5F 38 36 38 31 32 30 30 31 38 36 38 31 30 30 32 36 30 34 30 39 31 36 33 38 35 32 30 39 30 32 30 30 2E 6A 70 67 00 00 00 7C 7E"}
{"ts":"2026-04-09T16:38:53.992Z","level":"INFO","device":"868120018681","event":"FILE_START","detail":"[2/2] 02_64_6401_03_86812001868100260409163852090200.mp4 (1570024 bytes)"}
{"ts":"2026-04-09T16:38:53.995Z","level":"INFO","device":"868120018681","event":"SENT_1210","detail":"02_64_6401_03_86812001868100260409163852090200.mp4"}
{"ts":"2026-04-09T16:38:54.100Z","level":"INFO","device":"868120018681","event":"SENT_RAW_MARKER","detail":"02_64_6401_03_86812001868100260409163852090200.mp4 packet=1570086 bytes data=1570024 bytes"}
{"ts":"2026-04-09T16:38:54.183Z","level":"INFO","device":"868120018681","event":"MEDIA_RX","detail":"7E 80 01 00 05 86 81 20 01 86 81 71 E5 00 02 12 10 00 31 7E"}
{"ts":"2026-04-09T16:38:55.193Z","level":"INFO","device":"868120018681","event":"SENT_1212","detail":"02_64_6401_03_86812001868100260409163852090200.mp4 type=2"}
{"ts":"2026-04-09T16:38:55.428Z","level":"INFO","device":"868120018681","event":"MEDIA_RX","detail":"7E 92 12 00 36 86 81 20 01 86 81 70 54 32 30 32 5F 36 34 5F 36 34 30 31 5F 30 33 5F 38 36 38 31 32 30 30 31 38 36 38 31 30 30 32 36 30 34 30 39 31 36 33 38 35 32 30 39 30 32 30 30 2E 6D 70 34 02 00 00 8E 7E"}
{"ts":"2026-04-09T16:38:55.493Z","level":"INFO","device":"868120018681","event":"BATCH_COMPLETE","detail":"All 2 files sent"}
{"ts":"2026-04-09T16:38:56.257Z","level":"INFO","device":"868120018681","event":"MEDIA_CLOSED","detail":""}
{"ts":"2026-04-09T16:39:53.113Z","level":"INFO","device":"868120018681","event":"INCIDENT_SENT","detail":"mediaId=10 alarmId=868120018681002604091639520A0200"}
{"ts":"2026-04-09T16:39:53.322Z","level":"INFO","device":"868120018681","event":"RX_MSG","detail":"0x8001 bodyLen=5"}
{"ts":"2026-04-09T16:39:53.322Z","level":"INFO","device":"868120018681","event":"SERVER_ACK","detail":"0x0200 result=OK"}
{"ts":"2026-04-09T16:39:53.667Z","level":"INFO","device":"868120018681","event":"RX_MSG","detail":"0x9208 bodyLen=81"}
{"ts":"2026-04-09T16:39:53.667Z","level":"INFO","device":"868120018681","event":"9208_RAW","detail":"0C35342E33372E3232352E36350D320000868120018681002604091639520A0200383638313230303138363831303032363034303931363339353230613032303000000000000000000000000000000000"}
{"ts":"2026-04-09T16:39:53.667Z","level":"INFO","device":"868120018681","event":"UPLOAD_TRIGGERED","detail":"media: 54.37.225.65:3378 | alarmId: 868120018681002604091639520A0200"}
{"ts":"2026-04-09T16:39:53.667Z","level":"INFO","device":"868120018681","event":"MEDIA_CONNECTING","detail":"54.37.225.65:3378 files=2"}
{"ts":"2026-04-09T16:39:53.669Z","level":"INFO","device":"868120018681","event":"RX_MSG","detail":"0x8001 bodyLen=5"}
{"ts":"2026-04-09T16:39:53.669Z","level":"INFO","device":"868120018681","event":"SERVER_ACK","detail":"0x0800 result=OK"}
{"ts":"2026-04-09T16:39:53.862Z","level":"INFO","device":"868120018681","event":"MEDIA_CONNECTED","detail":"54.37.225.65:3378"}
{"ts":"2026-04-09T16:39:53.862Z","level":"INFO","device":"868120018681","event":"FILE_START","detail":"[1/2] 00_64_6401_00_868120018681002604091639520A0200.jpg (631 bytes)"}
{"ts":"2026-04-09T16:39:53.862Z","level":"INFO","device":"868120018681","event":"SENT_1210","detail":"00_64_6401_00_868120018681002604091639520A0200.jpg"}
{"ts":"2026-04-09T16:39:53.962Z","level":"INFO","device":"868120018681","event":"SENT_RAW_MARKER","detail":"00_64_6401_00_868120018681002604091639520A0200.jpg packet=693 bytes data=631 bytes"}
{"ts":"2026-04-09T16:39:53.962Z","level":"INFO","device":"868120018681","event":"SENT_1212","detail":"00_64_6401_00_868120018681002604091639520A0200.jpg type=0"}
{"ts":"2026-04-09T16:39:54.052Z","level":"INFO","device":"868120018681","event":"MEDIA_RX","detail":"7E 80 01 00 05 86 81 20 01 86 81 83 74 00 00 12 10 00 50 7E"}
{"ts":"2026-04-09T16:39:54.239Z","level":"INFO","device":"868120018681","event":"MEDIA_RX","detail":"7E 92 12 00 36 86 81 20 01 86 81 51 8A 32 30 30 5F 36 34 5F 36 34 30 31 5F 30 30 5F 38 36 38 31 32 30 30 31 38 36 38 31 30 30 32 36 30 34 30 39 31 36 33 39 35 32 30 41 30 32 30 30 2E 6A 70 67 00 00 00 5F 7E"}
{"ts":"2026-04-09T16:39:54.264Z","level":"INFO","device":"868120018681","event":"FILE_START","detail":"[2/2] 02_64_6401_03_868120018681002604091639520A0200.mp4 (1570024 bytes)"}
{"ts":"2026-04-09T16:39:54.264Z","level":"INFO","device":"868120018681","event":"SENT_1210","detail":"02_64_6401_03_868120018681002604091639520A0200.mp4"}
{"ts":"2026-04-09T16:39:54.613Z","level":"INFO","device":"868120018681","event":"SENT_RAW_MARKER","detail":"02_64_6401_03_868120018681002604091639520A0200.mp4 packet=1570086 bytes data=1570024 bytes"}
{"ts":"2026-04-09T16:39:54.613Z","level":"INFO","device":"868120018681","event":"MEDIA_RX","detail":"7E 80 01 00 05 86 81 20 01 86 81 40 08 00 02 12 10 00 ED 7E"}
{"ts":"2026-04-09T16:39:55.553Z","level":"INFO","device":"868120018681","event":"SENT_1212","detail":"02_64_6401_03_868120018681002604091639520A0200.mp4 type=2"}
{"ts":"2026-04-09T16:39:55.860Z","level":"INFO","device":"868120018681","event":"BATCH_COMPLETE","detail":"All 2 files sent"}
{"ts":"2026-04-09T16:39:56.250Z","level":"ERROR","device":"868120018681","event":"MEDIA_ERROR","detail":"54.37.225.65:3378 — read ECONNRESET"}
{"ts":"2026-04-09T16:39:56.250Z","level":"INFO","device":"868120018681","event":"MEDIA_CLOSED","detail":""}
{"ts":"2026-04-09T16:40:52.929Z","level":"INFO","device":"868120018681","event":"INCIDENT_SENT","detail":"mediaId=11 alarmId=868120018681002604091640520B0200"}
{"ts":"2026-04-09T16:40:53.145Z","level":"INFO","device":"868120018681","event":"RX_MSG","detail":"0x8001 bodyLen=5"}
{"ts":"2026-04-09T16:40:53.146Z","level":"INFO","device":"868120018681","event":"SERVER_ACK","detail":"0x0200 result=OK"}
{"ts":"2026-04-09T16:40:53.472Z","level":"INFO","device":"868120018681","event":"RX_MSG","detail":"0x9208 bodyLen=81"}
{"ts":"2026-04-09T16:40:53.473Z","level":"INFO","device":"868120018681","event":"9208_RAW","detail":"0C35342E33372E3232352E36350D320000868120018681002604091640520B0200383638313230303138363831303032363034303931363430353230623032303000000000000000000000000000000000"}
{"ts":"2026-04-09T16:40:53.473Z","level":"INFO","device":"868120018681","event":"UPLOAD_TRIGGERED","detail":"media: 54.37.225.65:3378 | alarmId: 868120018681002604091640520B0200"}
{"ts":"2026-04-09T16:40:53.473Z","level":"INFO","device":"868120018681","event":"MEDIA_CONNECTING","detail":"54.37.225.65:3378 files=2"}
{"ts":"2026-04-09T16:40:53.473Z","level":"INFO","device":"868120018681","event":"RX_MSG","detail":"0x8001 bodyLen=5"}
{"ts":"2026-04-09T16:40:53.473Z","level":"INFO","device":"868120018681","event":"SERVER_ACK","detail":"0x0800 result=OK"}
{"ts":"2026-04-09T16:40:53.661Z","level":"INFO","device":"868120018681","event":"MEDIA_CONNECTED","detail":"54.37.225.65:3378"}
{"ts":"2026-04-09T16:40:53.661Z","level":"INFO","device":"868120018681","event":"FILE_START","detail":"[1/2] 00_64_6401_00_868120018681002604091640520B0200.jpg (631 bytes)"}
{"ts":"2026-04-09T16:40:53.661Z","level":"INFO","device":"868120018681","event":"SENT_1210","detail":"00_64_6401_00_868120018681002604091640520B0200.jpg"}
{"ts":"2026-04-09T16:40:53.762Z","level":"INFO","device":"868120018681","event":"SENT_RAW_MARKER","detail":"00_64_6401_00_868120018681002604091640520B0200.jpg packet=693 bytes data=631 bytes"}
{"ts":"2026-04-09T16:40:53.762Z","level":"INFO","device":"868120018681","event":"SENT_1212","detail":"00_64_6401_00_868120018681002604091640520B0200.jpg type=0"}
{"ts":"2026-04-09T16:40:53.851Z","level":"INFO","device":"868120018681","event":"MEDIA_RX","detail":"7E 80 01 00 05 86 81 20 01 86 81 73 D1 00 00 12 10 00 05 7E"}
{"ts":"2026-04-09T16:40:54.035Z","level":"INFO","device":"868120018681","event":"MEDIA_RX","detail":"7E 92 12 00 36 86 81 20 01 86 81 78 4C 32 30 30 5F 36 34 5F 36 34 30 31 5F 30 30 5F 38 36 38 31 32 30 30 31 38 36 38 31 30 30 32 36 30 34 30 39 31 36 34 30 35 32 30 42 30 32 30 30 2E 6A 70 67 00 00 00 BD 7E"}
{"ts":"2026-04-09T16:40:54.063Z","level":"INFO","device":"868120018681","event":"FILE_START","detail":"[2/2] 02_64_6401_03_868120018681002604091640520B0200.mp4 (1570024 bytes)"}
{"ts":"2026-04-09T16:40:54.064Z","level":"INFO","device":"868120018681","event":"SENT_1210","detail":"02_64_6401_03_868120018681002604091640520B0200.mp4"}
{"ts":"2026-04-09T16:40:54.192Z","level":"INFO","device":"868120018681","event":"SENT_RAW_MARKER","detail":"02_64_6401_03_868120018681002604091640520B0200.mp4 packet=1570086 bytes data=1570024 bytes"}
{"ts":"2026-04-09T16:40:54.251Z","level":"INFO","device":"868120018681","event":"MEDIA_RX","detail":"7E 80 01 00 05 86 81 20 01 86 81 B7 00 00 02 12 10 00 12 7E"}
{"ts":"2026-04-09T16:40:55.309Z","level":"INFO","device":"868120018681","event":"SENT_1212","detail":"02_64_6401_03_868120018681002604091640520B0200.mp4 type=2"}
{"ts":"2026-04-09T16:40:55.610Z","level":"INFO","device":"868120018681","event":"BATCH_COMPLETE","detail":"All 2 files sent"}
{"ts":"2026-04-09T16:40:55.986Z","level":"ERROR","device":"868120018681","event":"MEDIA_ERROR","detail":"54.37.225.65:3378 — read ECONNRESET"}
{"ts":"2026-04-09T16:40:55.987Z","level":"INFO","device":"868120018681","event":"MEDIA_CLOSED","detail":""}
{"ts":"2026-04-09T16:41:52.985Z","level":"INFO","device":"868120018681","event":"INCIDENT_SENT","detail":"mediaId=12 alarmId=868120018681002604091641520C0200"}
{"ts":"2026-04-09T16:41:53.208Z","level":"INFO","device":"868120018681","event":"RX_MSG","detail":"0x8001 bodyLen=5"}
{"ts":"2026-04-09T16:41:53.208Z","level":"INFO","device":"868120018681","event":"SERVER_ACK","detail":"0x0200 result=OK"}
{"ts":"2026-04-09T16:41:53.541Z","level":"INFO","device":"868120018681","event":"RX_MSG","detail":"0x9208 bodyLen=81"}
{"ts":"2026-04-09T16:41:53.541Z","level":"INFO","device":"868120018681","event":"9208_RAW","detail":"0C35342E33372E3232352E36350D320000868120018681002604091641520C0200383638313230303138363831303032363034303931363431353230633032303000000000000000000000000000000000"}
{"ts":"2026-04-09T16:41:53.541Z","level":"INFO","device":"868120018681","event":"UPLOAD_TRIGGERED","detail":"media: 54.37.225.65:3378 | alarmId: 868120018681002604091641520C0200"}
{"ts":"2026-04-09T16:41:53.541Z","level":"INFO","device":"868120018681","event":"MEDIA_CONNECTING","detail":"54.37.225.65:3378 files=2"}
{"ts":"2026-04-09T16:41:53.555Z","level":"INFO","device":"868120018681","event":"RX_MSG","detail":"0x8001 bodyLen=5"}
{"ts":"2026-04-09T16:41:53.556Z","level":"INFO","device":"868120018681","event":"SERVER_ACK","detail":"0x0800 result=OK"}
{"ts":"2026-04-09T16:41:53.752Z","level":"INFO","device":"868120018681","event":"MEDIA_CONNECTED","detail":"54.37.225.65:3378"}
{"ts":"2026-04-09T16:41:53.752Z","level":"INFO","device":"868120018681","event":"FILE_START","detail":"[1/2] 00_64_6401_00_868120018681002604091641520C0200.jpg (631 bytes)"}
{"ts":"2026-04-09T16:41:53.752Z","level":"INFO","device":"868120018681","event":"SENT_1210","detail":"00_64_6401_00_868120018681002604091641520C0200.jpg"}
{"ts":"2026-04-09T16:41:53.853Z","level":"INFO","device":"868120018681","event":"SENT_RAW_MARKER","detail":"00_64_6401_00_868120018681002604091641520C0200.jpg packet=693 bytes data=631 bytes"}
{"ts":"2026-04-09T16:41:53.854Z","level":"INFO","device":"868120018681","event":"SENT_1212","detail":"00_64_6401_00_868120018681002604091641520C0200.jpg type=0"}
{"ts":"2026-04-09T16:41:53.950Z","level":"INFO","device":"868120018681","event":"MEDIA_RX","detail":"7E 80 01 00 05 86 81 20 01 86 81 0B D4 00 00 12 10 00 78 7E"}
{"ts":"2026-04-09T16:41:54.141Z","level":"INFO","device":"868120018681","event":"MEDIA_RX","detail":"7E 92 12 00 36 86 81 20 01 86 81 DA C8 32 30 30 5F 36 34 5F 36 34 30 31 5F 30 30 5F 38 36 38 31 32 30 30 31 38 36 38 31 30 30 32 36 30 34 30 39 31 36 34 31 35 32 30 43 30 32 30 30 2E 6A 70 67 00 00 00 9B 7E"}
{"ts":"2026-04-09T16:41:54.154Z","level":"INFO","device":"868120018681","event":"FILE_START","detail":"[2/2] 02_64_6401_03_868120018681002604091641520C0200.mp4 (1570024 bytes)"}
{"ts":"2026-04-09T16:41:54.154Z","level":"INFO","device":"868120018681","event":"SENT_1210","detail":"02_64_6401_03_868120018681002604091641520C0200.mp4"}
{"ts":"2026-04-09T16:41:54.257Z","level":"INFO","device":"868120018681","event":"SENT_RAW_MARKER","detail":"02_64_6401_03_868120018681002604091641520C0200.mp4 packet=1570086 bytes data=1570024 bytes"}
{"ts":"2026-04-09T16:41:54.352Z","level":"INFO","device":"868120018681","event":"MEDIA_RX","detail":"7E 80 01 00 05 86 81 20 01 86 81 40 A7 00 02 12 10 00 42 7E"}
{"ts":"2026-04-09T16:41:55.564Z","level":"INFO","device":"868120018681","event":"SENT_1212","detail":"02_64_6401_03_868120018681002604091641520C0200.mp4 type=2"}
{"ts":"2026-04-09T16:41:55.840Z","level":"INFO","device":"868120018681","event":"MEDIA_RX","detail":"7E 92 12 00 36 86 81 20 01 86 81 E9 12 32 30 32 5F 36 34 5F 36 34 30 31 5F 30 33 5F 38 36 38 31 32 30 30 31 38 36 38 31 30 30 32 36 30 34 30 39 31 36 34 31 35 32 30 43 30 32 30 30 2E 6D 70 34 02 00 00 25 7E"}
{"ts":"2026-04-09T16:41:55.865Z","level":"INFO","device":"868120018681","event":"BATCH_COMPLETE","detail":"All 2 files sent"}
{"ts":"2026-04-09T16:41:56.550Z","level":"INFO","device":"868120018681","event":"MEDIA_CLOSED","detail":""}
{"ts":"2026-04-09T16:42:53.040Z","level":"INFO","device":"868120018681","event":"INCIDENT_SENT","detail":"mediaId=13 alarmId=868120018681002604091642530D0200"}
{"ts":"2026-04-09T16:42:53.257Z","level":"INFO","device":"868120018681","event":"RX_MSG","detail":"0x8001 bodyLen=5"}
{"ts":"2026-04-09T16:42:53.258Z","level":"INFO","device":"868120018681","event":"SERVER_ACK","detail":"0x0200 result=OK"}
{"ts":"2026-04-09T16:42:53.619Z","level":"INFO","device":"868120018681","event":"RX_MSG","detail":"0x9208 bodyLen=81"}
{"ts":"2026-04-09T16:42:53.619Z","level":"INFO","device":"868120018681","event":"9208_RAW","detail":"0C35342E33372E3232352E36350D320000868120018681002604091642530D0200383638313230303138363831303032363034303931363432353330643032303000000000000000000000000000000000"}
{"ts":"2026-04-09T16:42:53.620Z","level":"INFO","device":"868120018681","event":"UPLOAD_TRIGGERED","detail":"media: 54.37.225.65:3378 | alarmId: 868120018681002604091642530D0200"}
{"ts":"2026-04-09T16:42:53.620Z","level":"INFO","device":"868120018681","event":"MEDIA_CONNECTING","detail":"54.37.225.65:3378 files=2"}
{"ts":"2026-04-09T16:42:53.621Z","level":"INFO","device":"868120018681","event":"RX_MSG","detail":"0x8001 bodyLen=5"}
{"ts":"2026-04-09T16:42:53.621Z","level":"INFO","device":"868120018681","event":"SERVER_ACK","detail":"0x0800 result=OK"}
{"ts":"2026-04-09T16:42:53.816Z","level":"INFO","device":"868120018681","event":"MEDIA_CONNECTED","detail":"54.37.225.65:3378"}
{"ts":"2026-04-09T16:42:53.817Z","level":"INFO","device":"868120018681","event":"FILE_START","detail":"[1/2] 00_64_6401_00_868120018681002604091642530D0200.jpg (631 bytes)"}
{"ts":"2026-04-09T16:42:53.817Z","level":"INFO","device":"868120018681","event":"SENT_1210","detail":"00_64_6401_00_868120018681002604091642530D0200.jpg"}
{"ts":"2026-04-09T16:42:53.917Z","level":"INFO","device":"868120018681","event":"SENT_RAW_MARKER","detail":"00_64_6401_00_868120018681002604091642530D0200.jpg packet=693 bytes data=631 bytes"}
{"ts":"2026-04-09T16:42:53.918Z","level":"INFO","device":"868120018681","event":"SENT_1212","detail":"00_64_6401_00_868120018681002604091642530D0200.jpg type=0"}
{"ts":"2026-04-09T16:42:54.013Z","level":"INFO","device":"868120018681","event":"MEDIA_RX","detail":"7E 80 01 00 05 86 81 20 01 86 81 0A F3 00 00 12 10 00 5E 7E"}
{"ts":"2026-04-09T16:42:54.205Z","level":"INFO","device":"868120018681","event":"MEDIA_RX","detail":"7E 92 12 00 36 86 81 20 01 86 81 C4 3F 32 30 30 5F 36 34 5F 36 34 30 31 5F 30 30 5F 38 36 38 31 32 30 30 31 38 36 38 31 30 30 32 36 30 34 30 39 31 36 34 32 35 33 30 44 30 32 30 30 2E 6A 70 67 00 00 00 77 7E"}
{"ts":"2026-04-09T16:42:54.219Z","level":"INFO","device":"868120018681","event":"FILE_START","detail":"[2/2] 02_64_6401_03_868120018681002604091642530D0200.mp4 (1570024 bytes)"}
{"ts":"2026-04-09T16:42:54.219Z","level":"INFO","device":"868120018681","event":"SENT_1210","detail":"02_64_6401_03_868120018681002604091642530D0200.mp4"}
{"ts":"2026-04-09T16:42:54.321Z","level":"INFO","device":"868120018681","event":"SENT_RAW_MARKER","detail":"02_64_6401_03_868120018681002604091642530D0200.mp4 packet=1570086 bytes data=1570024 bytes"}
{"ts":"2026-04-09T16:42:54.415Z","level":"INFO","device":"868120018681","event":"MEDIA_RX","detail":"7E 80 01 00 05 86 81 20 01 86 81 4A 68 00 02 12 10 00 87 7E"}
{"ts":"2026-04-09T16:42:55.426Z","level":"INFO","device":"868120018681","event":"SENT_1212","detail":"02_64_6401_03_868120018681002604091642530D0200.mp4 type=2"}
{"ts":"2026-04-09T16:42:55.707Z","level":"INFO","device":"868120018681","event":"MEDIA_RX","detail":"7E 92 12 00 36 86 81 20 01 86 81 F8 A5 32 30 32 5F 36 34 5F 36 34 30 31 5F 30 33 5F 38 36 38 31 32 30 30 31 38 36 38 31 30 30 32 36 30 34 30 39 31 36 34 32 35 33 30 44 30 32 30 30 2E 6D 70 34 02 00 00 86 7E"}
{"ts":"2026-04-09T16:42:55.727Z","level":"INFO","device":"868120018681","event":"BATCH_COMPLETE","detail":"All 2 files sent"}
{"ts":"2026-04-09T16:42:56.412Z","level":"INFO","device":"868120018681","event":"MEDIA_CLOSED","detail":""}
{"ts":"2026-04-09T16:43:53.096Z","level":"INFO","device":"868120018681","event":"INCIDENT_SENT","detail":"mediaId=14 alarmId=868120018681002604091643530E0200"}
{"ts":"2026-04-09T16:43:53.314Z","level":"INFO","device":"868120018681","event":"RX_MSG","detail":"0x8001 bodyLen=5"}
{"ts":"2026-04-09T16:43:53.314Z","level":"INFO","device":"868120018681","event":"SERVER_ACK","detail":"0x0200 result=OK"}
{"ts":"2026-04-09T16:43:53.634Z","level":"INFO","device":"868120018681","event":"RX_MSG","detail":"0x9208 bodyLen=81"}
{"ts":"2026-04-09T16:43:53.635Z","level":"INFO","device":"868120018681","event":"9208_RAW","detail":"0C35342E33372E3232352E36350D320000868120018681002604091643530E0200383638313230303138363831303032363034303931363433353330653032303000000000000000000000000000000000"}
{"ts":"2026-04-09T16:43:53.635Z","level":"INFO","device":"868120018681","event":"UPLOAD_TRIGGERED","detail":"media: 54.37.225.65:3378 | alarmId: 868120018681002604091643530E0200"}
{"ts":"2026-04-09T16:43:53.635Z","level":"INFO","device":"868120018681","event":"MEDIA_CONNECTING","detail":"54.37.225.65:3378 files=2"}
{"ts":"2026-04-09T16:43:53.635Z","level":"INFO","device":"868120018681","event":"RX_MSG","detail":"0x8001 bodyLen=5"}
{"ts":"2026-04-09T16:43:53.635Z","level":"INFO","device":"868120018681","event":"SERVER_ACK","detail":"0x0800 result=OK"}
{"ts":"2026-04-09T16:43:53.841Z","level":"INFO","device":"868120018681","event":"MEDIA_CONNECTED","detail":"54.37.225.65:3378"}
{"ts":"2026-04-09T16:43:53.841Z","level":"INFO","device":"868120018681","event":"FILE_START","detail":"[1/2] 00_64_6401_00_868120018681002604091643530E0200.jpg (631 bytes)"}
{"ts":"2026-04-09T16:43:53.842Z","level":"INFO","device":"868120018681","event":"SENT_1210","detail":"00_64_6401_00_868120018681002604091643530E0200.jpg"}
{"ts":"2026-04-09T16:43:53.942Z","level":"INFO","device":"868120018681","event":"SENT_RAW_MARKER","detail":"00_64_6401_00_868120018681002604091643530E0200.jpg packet=693 bytes data=631 bytes"}
{"ts":"2026-04-09T16:43:53.943Z","level":"INFO","device":"868120018681","event":"SENT_1212","detail":"00_64_6401_00_868120018681002604091643530E0200.jpg type=0"}
{"ts":"2026-04-09T16:43:54.047Z","level":"INFO","device":"868120018681","event":"MEDIA_RX","detail":"7E 80 01 00 05 86 81 20 01 86 81 B6 9D 00 00 12 10 00 8C 7E"}
{"ts":"2026-04-09T16:43:54.243Z","level":"INFO","device":"868120018681","event":"FILE_START","detail":"[2/2] 02_64_6401_03_868120018681002604091643530E0200.mp4 (1570024 bytes)"}
{"ts":"2026-04-09T16:43:54.243Z","level":"INFO","device":"868120018681","event":"SENT_1210","detail":"02_64_6401_03_868120018681002604091643530E0200.mp4"}
{"ts":"2026-04-09T16:43:54.250Z","level":"INFO","device":"868120018681","event":"MEDIA_RX","detail":"7E 92 12 00 36 86 81 20 01 86 81 53 7F 32 30 30 5F 36 34 5F 36 34 30 31 5F 30 30 5F 38 36 38 31 32 30 30 31 38 36 38 31 30 30 32 36 30 34 30 39 31 36 34 33 35 33 30 45 30 32 30 30 2E 6A 70 67 00 00 00 A0 7E"}
{"ts":"2026-04-09T16:43:54.348Z","level":"INFO","device":"868120018681","event":"SENT_RAW_MARKER","detail":"02_64_6401_03_868120018681002604091643530E0200.mp4 packet=1570086 bytes data=1570024 bytes"}
{"ts":"2026-04-09T16:43:54.554Z","level":"INFO","device":"868120018681","event":"MEDIA_RX","detail":"7E 80 01 00 05 86 81 20 01 86 81 4F F3 00 02 12 10 00 19 7E"}
{"ts":"2026-04-09T16:43:55.500Z","level":"INFO","device":"868120018681","event":"SENT_1212","detail":"02_64_6401_03_868120018681002604091643530E0200.mp4 type=2"}
{"ts":"2026-04-09T16:43:55.916Z","level":"INFO","device":"868120018681","event":"MEDIA_RX","detail":"7E 92 12 00 36 86 81 20 01 86 81 D7 CD 32 30 32 5F 36 34 5F 36 34 30 31 5F 30 33 5F 38 36 38 31 32 30 30 31 38 36 38 31 30 30 32 36 30 34 30 39 31 36 34 33 35 33 30 45 30 32 30 30 2E 6D 70 34 02 00 00 C1 7E"}
{"ts":"2026-04-09T16:43:56.003Z","level":"INFO","device":"868120018681","event":"BATCH_COMPLETE","detail":"All 2 files sent"}
{"ts":"2026-04-09T16:43:57.413Z","level":"INFO","device":"868120018681","event":"MEDIA_CLOSED","detail":""}
{"ts":"2026-04-09T16:44:53.115Z","level":"INFO","device":"868120018681","event":"INCIDENT_SENT","detail":"mediaId=15 alarmId=868120018681002604091644530F0200"}
{"ts":"2026-04-09T16:44:53.333Z","level":"INFO","device":"868120018681","event":"RX_MSG","detail":"0x8001 bodyLen=5"}
{"ts":"2026-04-09T16:44:53.333Z","level":"INFO","device":"868120018681","event":"SERVER_ACK","detail":"0x0200 result=OK"}
{"ts":"2026-04-09T16:44:53.666Z","level":"INFO","device":"868120018681","event":"RX_MSG","detail":"0x9208 bodyLen=81"}
{"ts":"2026-04-09T16:44:53.667Z","level":"INFO","device":"868120018681","event":"9208_RAW","detail":"0C35342E33372E3232352E36350D320000868120018681002604091644530F0200383638313230303138363831303032363034303931363434353330663032303000000000000000000000000000000000"}
{"ts":"2026-04-09T16:44:53.667Z","level":"INFO","device":"868120018681","event":"UPLOAD_TRIGGERED","detail":"media: 54.37.225.65:3378 | alarmId: 868120018681002604091644530F0200"}
{"ts":"2026-04-09T16:44:53.667Z","level":"INFO","device":"868120018681","event":"MEDIA_CONNECTING","detail":"54.37.225.65:3378 files=2"}
{"ts":"2026-04-09T16:44:53.668Z","level":"INFO","device":"868120018681","event":"RX_MSG","detail":"0x8001 bodyLen=5"}
{"ts":"2026-04-09T16:44:53.668Z","level":"INFO","device":"868120018681","event":"SERVER_ACK","detail":"0x0800 result=OK"}
{"ts":"2026-04-09T16:44:53.863Z","level":"INFO","device":"868120018681","event":"MEDIA_CONNECTED","detail":"54.37.225.65:3378"}
{"ts":"2026-04-09T16:44:53.864Z","level":"INFO","device":"868120018681","event":"FILE_START","detail":"[1/2] 00_64_6401_00_868120018681002604091644530F0200.jpg (631 bytes)"}
{"ts":"2026-04-09T16:44:53.864Z","level":"INFO","device":"868120018681","event":"SENT_1210","detail":"00_64_6401_00_868120018681002604091644530F0200.jpg"}
{"ts":"2026-04-09T16:44:53.964Z","level":"INFO","device":"868120018681","event":"SENT_RAW_MARKER","detail":"00_64_6401_00_868120018681002604091644530F0200.jpg packet=693 bytes data=631 bytes"}
{"ts":"2026-04-09T16:44:53.965Z","level":"INFO","device":"868120018681","event":"SENT_1212","detail":"00_64_6401_00_868120018681002604091644530F0200.jpg type=0"}
{"ts":"2026-04-09T16:44:54.060Z","level":"INFO","device":"868120018681","event":"MEDIA_RX","detail":"7E 80 01 00 05 86 81 20 01 86 81 D9 F3 00 00 12 10 00 8D 7E"}
{"ts":"2026-04-09T16:44:54.252Z","level":"INFO","device":"868120018681","event":"MEDIA_RX","detail":"7E 92 12 00 36 86 81 20 01 86 81 29 47 32 30 30 5F 36 34 5F 36 34 30 31 5F 30 30 5F 38 36 38 31 32 30 30 31 38 36 38 31 30 30 32 36 30 34 30 39 31 36 34 34 35 33 30 46 30 32 30 30 2E 6A 70 67 00 00 00 E6 7E"}
{"ts":"2026-04-09T16:44:54.265Z","level":"INFO","device":"868120018681","event":"FILE_START","detail":"[2/2] 02_64_6401_03_868120018681002604091644530F0200.mp4 (1570024 bytes)"}
{"ts":"2026-04-09T16:44:54.266Z","level":"INFO","device":"868120018681","event":"SENT_1210","detail":"02_64_6401_03_868120018681002604091644530F0200.mp4"}
{"ts":"2026-04-09T16:44:54.370Z","level":"INFO","device":"868120018681","event":"SENT_RAW_MARKER","detail":"02_64_6401_03_868120018681002604091644530F0200.mp4 packet=1570086 bytes data=1570024 bytes"}
{"ts":"2026-04-09T16:44:54.460Z","level":"INFO","device":"868120018681","event":"MEDIA_RX","detail":"7E 80 01 00 05 86 81 20 01 86 81 63 7F 00 02 12 10 00 B9 7E"}
{"ts":"2026-04-09T16:45:00.742Z","level":"INFO","device":"868120018681","event":"SENT_1212","detail":"02_64_6401_03_868120018681002604091644530F0200.mp4 type=2"}
{"ts":"2026-04-09T16:45:01.043Z","level":"INFO","device":"868120018681","event":"BATCH_COMPLETE","detail":"All 2 files sent"}
{"ts":"2026-04-09T16:45:02.098Z","level":"INFO","device":"868120018681","event":"MEDIA_RX","detail":"7E 92 12 00 36 86 81 20 01 86 81 A5 39 32 30 32 5F 36 34 5F 36 34 30 31 5F 30 33 5F 38 36 38 31 32 30 30 31 38 36 38 31 30 30 32 36 30 34 30 39 31 36 34 34 35 33 30 46 30 32 30 30 2E 6D 70 34 02 00 00 43 7E"}
{"ts":"2026-04-09T16:45:02.314Z","level":"INFO","device":"868120018681","event":"MEDIA_CLOSED","detail":""}
{"ts":"2026-04-09T16:45:53.165Z","level":"INFO","device":"868120018681","event":"INCIDENT_SENT","detail":"mediaId=16 alarmId=86812001868100260409164553100200"}
{"ts":"2026-04-09T16:45:53.378Z","level":"INFO","device":"868120018681","event":"RX_MSG","detail":"0x8001 bodyLen=5"}
{"ts":"2026-04-09T16:45:53.379Z","level":"INFO","device":"868120018681","event":"SERVER_ACK","detail":"0x0200 result=OK"}
{"ts":"2026-04-09T16:45:53.748Z","level":"INFO","device":"868120018681","event":"RX_MSG","detail":"0x9208 bodyLen=81"}
{"ts":"2026-04-09T16:45:53.748Z","level":"INFO","device":"868120018681","event":"9208_RAW","detail":"0C35342E33372E3232352E36350D32000086812001868100260409164553100200383638313230303138363831303032363034303931363435353331303032303000000000000000000000000000000000"}
{"ts":"2026-04-09T16:45:53.748Z","level":"INFO","device":"868120018681","event":"UPLOAD_TRIGGERED","detail":"media: 54.37.225.65:3378 | alarmId: 86812001868100260409164553100200"}
{"ts":"2026-04-09T16:45:53.749Z","level":"INFO","device":"868120018681","event":"MEDIA_CONNECTING","detail":"54.37.225.65:3378 files=2"}
{"ts":"2026-04-09T16:45:53.749Z","level":"INFO","device":"868120018681","event":"RX_MSG","detail":"0x8001 bodyLen=5"}
{"ts":"2026-04-09T16:45:53.749Z","level":"INFO","device":"868120018681","event":"SERVER_ACK","detail":"0x0800 result=OK"}
{"ts":"2026-04-09T16:45:53.955Z","level":"INFO","device":"868120018681","event":"MEDIA_CONNECTED","detail":"54.37.225.65:3378"}
{"ts":"2026-04-09T16:45:53.955Z","level":"INFO","device":"868120018681","event":"FILE_START","detail":"[1/2] 00_64_6401_00_86812001868100260409164553100200.jpg (631 bytes)"}
{"ts":"2026-04-09T16:45:53.955Z","level":"INFO","device":"868120018681","event":"SENT_1210","detail":"00_64_6401_00_86812001868100260409164553100200.jpg"}
{"ts":"2026-04-09T16:45:54.056Z","level":"INFO","device":"868120018681","event":"SENT_RAW_MARKER","detail":"00_64_6401_00_86812001868100260409164553100200.jpg packet=693 bytes data=631 bytes"}
{"ts":"2026-04-09T16:45:54.058Z","level":"INFO","device":"868120018681","event":"SENT_1212","detail":"00_64_6401_00_86812001868100260409164553100200.jpg type=0"}
{"ts":"2026-04-09T16:45:54.164Z","level":"INFO","device":"868120018681","event":"MEDIA_RX","detail":"7E 80 01 00 05 86 81 20 01 86 81 68 D9 00 00 12 10 00 16 7E"}
{"ts":"2026-04-09T16:45:54.359Z","level":"INFO","device":"868120018681","event":"FILE_START","detail":"[2/2] 02_64_6401_03_86812001868100260409164553100200.mp4 (1570024 bytes)"}
{"ts":"2026-04-09T16:45:54.360Z","level":"INFO","device":"868120018681","event":"SENT_1210","detail":"02_64_6401_03_86812001868100260409164553100200.mp4"}
{"ts":"2026-04-09T16:45:54.367Z","level":"INFO","device":"868120018681","event":"MEDIA_RX","detail":"7E 92 12 00 36 86 81 20 01 86 81 0D 16 32 30 30 5F 36 34 5F 36 34 30 31 5F 30 30 5F 38 36 38 31 32 30 30 31 38 36 38 31 30 30 32 36 30 34 30 39 31 36 34 35 35 33 31 30 30 32 30 30 2E 6A 70 67 00 00 00 E5 7E"}
{"ts":"2026-04-09T16:45:54.461Z","level":"INFO","device":"868120018681","event":"SENT_RAW_MARKER","detail":"02_64_6401_03_86812001868100260409164553100200.mp4 packet=1570086 bytes data=1570024 bytes"}
{"ts":"2026-04-09T16:45:54.667Z","level":"INFO","device":"868120018681","event":"MEDIA_RX","detail":"7E 80 01 00 05 86 81 20 01 86 81 EF C4 00 02 12 10 00 8E 7E"}
{"ts":"2026-04-09T16:45:55.694Z","level":"INFO","device":"868120018681","event":"SENT_1212","detail":"02_64_6401_03_86812001868100260409164553100200.mp4 type=2"}
{"ts":"2026-04-09T16:45:55.995Z","level":"INFO","device":"868120018681","event":"BATCH_COMPLETE","detail":"All 2 files sent"}
{"ts":"2026-04-09T16:45:56.407Z","level":"ERROR","device":"868120018681","event":"MEDIA_ERROR","detail":"54.37.225.65:3378 — read ECONNRESET"}
{"ts":"2026-04-09T16:45:56.407Z","level":"INFO","device":"868120018681","event":"MEDIA_CLOSED","detail":""}
{"ts":"2026-04-09T16:46:53.218Z","level":"INFO","device":"868120018681","event":"INCIDENT_SENT","detail":"mediaId=17 alarmId=86812001868100260409164653110200"}
{"ts":"2026-04-09T16:46:53.435Z","level":"INFO","device":"868120018681","event":"RX_MSG","detail":"0x8001 bodyLen=5"}
{"ts":"2026-04-09T16:46:53.435Z","level":"INFO","device":"868120018681","event":"SERVER_ACK","detail":"0x0200 result=OK"}
{"ts":"2026-04-09T16:46:53.765Z","level":"INFO","device":"868120018681","event":"RX_MSG","detail":"0x9208 bodyLen=81"}
{"ts":"2026-04-09T16:46:53.765Z","level":"INFO","device":"868120018681","event":"9208_RAW","detail":"0C35342E33372E3232352E36350D32000086812001868100260409164653110200383638313230303138363831303032363034303931363436353331313032303000000000000000000000000000000000"}
{"ts":"2026-04-09T16:46:53.765Z","level":"INFO","device":"868120018681","event":"UPLOAD_TRIGGERED","detail":"media: 54.37.225.65:3378 | alarmId: 86812001868100260409164653110200"}
{"ts":"2026-04-09T16:46:53.765Z","level":"INFO","device":"868120018681","event":"MEDIA_CONNECTING","detail":"54.37.225.65:3378 files=2"}
{"ts":"2026-04-09T16:46:53.769Z","level":"INFO","device":"868120018681","event":"RX_MSG","detail":"0x8001 bodyLen=5"}
{"ts":"2026-04-09T16:46:53.769Z","level":"INFO","device":"868120018681","event":"SERVER_ACK","detail":"0x0800 result=OK"}
{"ts":"2026-04-09T16:46:53.981Z","level":"INFO","device":"868120018681","event":"MEDIA_CONNECTED","detail":"54.37.225.65:3378"}
{"ts":"2026-04-09T16:46:53.981Z","level":"INFO","device":"868120018681","event":"FILE_START","detail":"[1/2] 00_64_6401_00_86812001868100260409164653110200.jpg (631 bytes)"}
{"ts":"2026-04-09T16:46:53.982Z","level":"INFO","device":"868120018681","event":"SENT_1210","detail":"00_64_6401_00_86812001868100260409164653110200.jpg"}
{"ts":"2026-04-09T16:46:54.083Z","level":"INFO","device":"868120018681","event":"SENT_RAW_MARKER","detail":"00_64_6401_00_86812001868100260409164653110200.jpg packet=693 bytes data=631 bytes"}
{"ts":"2026-04-09T16:46:54.083Z","level":"INFO","device":"868120018681","event":"SENT_1212","detail":"00_64_6401_00_86812001868100260409164653110200.jpg type=0"}
{"ts":"2026-04-09T16:46:54.383Z","level":"INFO","device":"868120018681","event":"FILE_START","detail":"[2/2] 02_64_6401_03_86812001868100260409164653110200.mp4 (1570024 bytes)"}
{"ts":"2026-04-09T16:46:54.383Z","level":"INFO","device":"868120018681","event":"SENT_1210","detail":"02_64_6401_03_86812001868100260409164653110200.mp4"}
{"ts":"2026-04-09T16:46:54.484Z","level":"INFO","device":"868120018681","event":"SENT_RAW_MARKER","detail":"02_64_6401_03_86812001868100260409164653110200.mp4 packet=1570086 bytes data=1570024 bytes"}
{"ts":"2026-04-09T16:46:54.700Z","level":"INFO","device":"868120018681","event":"MEDIA_RX","detail":"7E 80 01 00 05 86 81 20 01 86 81 4A DD 00 00 12 10 00 30 7E"}
{"ts":"2026-04-09T16:46:54.908Z","level":"INFO","device":"868120018681","event":"MEDIA_RX","detail":"7E 92 12 00 36 86 81 20 01 86 81 27 09 32 30 30 5F 36 34 5F 36 34 30 31 5F 30 30 5F 38 36 38 31 32 30 30 31 38 36 38 31 30 30 32 36 30 34 30 39 31 36 34 36 35 33 31 31 30 32 30 30 2E 6A 70 67 00 00 00 D2 7E 7E 80 01 00 05 86 81 20 01 86 81 B9 7A 00 02 12 10 00 66 7E"}
{"ts":"2026-04-09T16:46:56.500Z","level":"INFO","device":"868120018681","event":"SENT_1212","detail":"02_64_6401_03_86812001868100260409164653110200.mp4 type=2"}
{"ts":"2026-04-09T16:46:56.803Z","level":"INFO","device":"868120018681","event":"BATCH_COMPLETE","detail":"All 2 files sent"}
{"ts":"2026-04-09T16:46:57.229Z","level":"ERROR","device":"868120018681","event":"MEDIA_ERROR","detail":"54.37.225.65:3378 — read ECONNRESET"}
{"ts":"2026-04-09T16:46:57.229Z","level":"INFO","device":"868120018681","event":"MEDIA_CLOSED","detail":""}
{"ts":"2026-04-09T16:47:53.273Z","level":"INFO","device":"868120018681","event":"INCIDENT_SENT","detail":"mediaId=18 alarmId=86812001868100260409164753120200"}
{"ts":"2026-04-09T16:47:53.487Z","level":"INFO","device":"868120018681","event":"RX_MSG","detail":"0x8001 bodyLen=5"}
{"ts":"2026-04-09T16:47:53.488Z","level":"INFO","device":"868120018681","event":"SERVER_ACK","detail":"0x0200 result=OK"}
{"ts":"2026-04-09T16:47:53.835Z","level":"INFO","device":"868120018681","event":"RX_MSG","detail":"0x9208 bodyLen=81"}
{"ts":"2026-04-09T16:47:53.835Z","level":"INFO","device":"868120018681","event":"9208_RAW","detail":"0C35342E33372E3232352E36350D32000086812001868100260409164753120200383638313230303138363831303032363034303931363437353331323032303000000000000000000000000000000000"}
{"ts":"2026-04-09T16:47:53.835Z","level":"INFO","device":"868120018681","event":"UPLOAD_TRIGGERED","detail":"media: 54.37.225.65:3378 | alarmId: 86812001868100260409164753120200"}
{"ts":"2026-04-09T16:47:53.836Z","level":"INFO","device":"868120018681","event":"MEDIA_CONNECTING","detail":"54.37.225.65:3378 files=2"}
{"ts":"2026-04-09T16:47:53.839Z","level":"INFO","device":"868120018681","event":"RX_MSG","detail":"0x8001 bodyLen=5"}
{"ts":"2026-04-09T16:47:53.840Z","level":"INFO","device":"868120018681","event":"SERVER_ACK","detail":"0x0800 result=OK"}
{"ts":"2026-04-09T16:47:54.052Z","level":"INFO","device":"868120018681","event":"MEDIA_CONNECTED","detail":"54.37.225.65:3378"}
{"ts":"2026-04-09T16:47:54.053Z","level":"INFO","device":"868120018681","event":"FILE_START","detail":"[1/2] 00_64_6401_00_86812001868100260409164753120200.jpg (631 bytes)"}
{"ts":"2026-04-09T16:47:54.053Z","level":"INFO","device":"868120018681","event":"SENT_1210","detail":"00_64_6401_00_86812001868100260409164753120200.jpg"}
{"ts":"2026-04-09T16:47:54.153Z","level":"INFO","device":"868120018681","event":"SENT_RAW_MARKER","detail":"00_64_6401_00_86812001868100260409164753120200.jpg packet=693 bytes data=631 bytes"}
{"ts":"2026-04-09T16:47:54.154Z","level":"INFO","device":"868120018681","event":"SENT_1212","detail":"00_64_6401_00_86812001868100260409164753120200.jpg type=0"}
{"ts":"2026-04-09T16:47:54.267Z","level":"INFO","device":"868120018681","event":"MEDIA_RX","detail":"7E 80 01 00 05 86 81 20 01 86 81 C9 2C 00 00 12 10 00 42 7E"}
{"ts":"2026-04-09T16:47:54.455Z","level":"INFO","device":"868120018681","event":"FILE_START","detail":"[2/2] 02_64_6401_03_86812001868100260409164753120200.mp4 (1570024 bytes)"}
{"ts":"2026-04-09T16:47:54.455Z","level":"INFO","device":"868120018681","event":"SENT_1210","detail":"02_64_6401_03_86812001868100260409164753120200.mp4"}
{"ts":"2026-04-09T16:47:54.477Z","level":"INFO","device":"868120018681","event":"MEDIA_RX","detail":"7E 92 12 00 36 86 81 20 01 86 81 40 BA 32 30 30 5F 36 34 5F 36 34 30 31 5F 30 30 5F 38 36 38 31 32 30 30 31 38 36 38 31 30 30 32 36 30 34 30 39 31 36 34 37 35 33 31 32 30 32 30 30 2E 6A 70 67 00 00 00 04 7E"}
{"ts":"2026-04-09T16:47:54.561Z","level":"INFO","device":"868120018681","event":"SENT_RAW_MARKER","detail":"02_64_6401_03_86812001868100260409164753120200.mp4 packet=1570086 bytes data=1570024 bytes"}
{"ts":"2026-04-09T16:47:54.773Z","level":"INFO","device":"868120018681","event":"MEDIA_RX","detail":"7E 80 01 00 05 86 81 20 01 86 81 5D BB 00 02 12 10 00 43 7E"}
{"ts":"2026-04-09T16:47:55.746Z","level":"INFO","device":"868120018681","event":"SENT_1212","detail":"02_64_6401_03_86812001868100260409164753120200.mp4 type=2"}
{"ts":"2026-04-09T16:47:56.046Z","level":"INFO","device":"868120018681","event":"BATCH_COMPLETE","detail":"All 2 files sent"}
{"ts":"2026-04-09T16:48:53.327Z","level":"INFO","device":"868120018681","event":"INCIDENT_SENT","detail":"mediaId=19 alarmId=86812001868100260409164853130200"}
{"ts":"2026-04-09T16:48:53.549Z","level":"INFO","device":"868120018681","event":"RX_MSG","detail":"0x8001 bodyLen=5"}
{"ts":"2026-04-09T16:48:53.550Z","level":"INFO","device":"868120018681","event":"SERVER_ACK","detail":"0x0200 result=OK"}
{"ts":"2026-04-09T16:48:53.879Z","level":"INFO","device":"868120018681","event":"RX_MSG","detail":"0x9208 bodyLen=81"}
{"ts":"2026-04-09T16:48:53.880Z","level":"INFO","device":"868120018681","event":"9208_RAW","detail":"0C35342E33372E3232352E36350D32000086812001868100260409164853130200383638313230303138363831303032363034303931363438353331333032303000000000000000000000000000000000"}
{"ts":"2026-04-09T16:48:53.880Z","level":"INFO","device":"868120018681","event":"UPLOAD_TRIGGERED","detail":"media: 54.37.225.65:3378 | alarmId: 86812001868100260409164853130200"}
{"ts":"2026-04-09T16:48:53.880Z","level":"INFO","device":"868120018681","event":"MEDIA_CONNECTING","detail":"54.37.225.65:3378 files=2"}
{"ts":"2026-04-09T16:48:53.881Z","level":"INFO","device":"868120018681","event":"RX_MSG","detail":"0x8001 bodyLen=5"}
{"ts":"2026-04-09T16:48:53.881Z","level":"INFO","device":"868120018681","event":"SERVER_ACK","detail":"0x0800 result=OK"}
{"ts":"2026-04-09T16:48:54.086Z","level":"INFO","device":"868120018681","event":"MEDIA_CONNECTED","detail":"54.37.225.65:3378"}
{"ts":"2026-04-09T16:48:54.088Z","level":"INFO","device":"868120018681","event":"FILE_START","detail":"[1/2] 00_64_6401_00_86812001868100260409164853130200.jpg (631 bytes)"}
{"ts":"2026-04-09T16:48:54.089Z","level":"INFO","device":"868120018681","event":"SENT_1210","detail":"00_64_6401_00_86812001868100260409164853130200.jpg"}
{"ts":"2026-04-09T16:48:54.189Z","level":"INFO","device":"868120018681","event":"SENT_RAW_MARKER","detail":"00_64_6401_00_86812001868100260409164853130200.jpg packet=693 bytes data=631 bytes"}
{"ts":"2026-04-09T16:48:54.190Z","level":"INFO","device":"868120018681","event":"SENT_1212","detail":"00_64_6401_00_86812001868100260409164853130200.jpg type=0"}
{"ts":"2026-04-09T16:48:54.295Z","level":"INFO","device":"868120018681","event":"MEDIA_RX","detail":"7E 80 01 00 05 86 81 20 01 86 81 FC 03 00 00 12 10 00 58 7E"}
{"ts":"2026-04-09T16:48:54.491Z","level":"INFO","device":"868120018681","event":"FILE_START","detail":"[2/2] 02_64_6401_03_86812001868100260409164853130200.mp4 (1570024 bytes)"}
{"ts":"2026-04-09T16:48:54.493Z","level":"INFO","device":"868120018681","event":"SENT_1210","detail":"02_64_6401_03_86812001868100260409164853130200.mp4"}
{"ts":"2026-04-09T16:48:54.499Z","level":"INFO","device":"868120018681","event":"MEDIA_RX","detail":"7E 92 12 00 36 86 81 20 01 86 81 C4 FC 32 30 30 5F 36 34 5F 36 34 30 31 5F 30 30 5F 38 36 38 31 32 30 30 31 38 36 38 31 30 30 32 36 30 34 30 39 31 36 34 38 35 33 31 33 30 32 30 30 2E 6A 70 67 00 00 00 C8 7E"}
{"ts":"2026-04-09T16:48:54.596Z","level":"INFO","device":"868120018681","event":"SENT_RAW_MARKER","detail":"02_64_6401_03_86812001868100260409164853130200.mp4 packet=1570086 bytes data=1570024 bytes"}
{"ts":"2026-04-09T16:48:54.807Z","level":"INFO","device":"868120018681","event":"MEDIA_RX","detail":"7E 80 01 00 05 86 81 20 01 86 81 EF 5A 00 02 12 10 00 10 7E"}
{"ts":"2026-04-09T16:48:57.558Z","level":"INFO","device":"868120018681","event":"SENT_1212","detail":"02_64_6401_03_86812001868100260409164853130200.mp4 type=2"}
{"ts":"2026-04-09T16:48:57.859Z","level":"INFO","device":"868120018681","event":"BATCH_COMPLETE","detail":"All 2 files sent"}
{"ts":"2026-04-09T16:48:58.465Z","level":"INFO","device":"868120018681","event":"MEDIA_RX","detail":"7E 92 12 00 36 86 81 20 01 86 81 08 4A 32 30 32 5F 36 34 5F 36 34 30 31 5F 30 33 5F 38 36 38 31 32 30 30 31 38 36 38 31 30 30 32 36 30 34 30 39 31 36 34 38 35 33 31 33 30 32 30 30 2E 6D 70 34 02 00 00 E5 7E"}
{"ts":"2026-04-09T16:48:58.468Z","level":"INFO","device":"868120018681","event":"MEDIA_CLOSED","detail":""}
{"ts":"2026-04-09T16:49:53.381Z","level":"INFO","device":"868120018681","event":"INCIDENT_SENT","detail":"mediaId=20 alarmId=86812001868100260409164953140200"}
{"ts":"2026-04-09T16:49:53.603Z","level":"INFO","device":"868120018681","event":"RX_MSG","detail":"0x8001 bodyLen=5"}
{"ts":"2026-04-09T16:49:53.604Z","level":"INFO","device":"868120018681","event":"SERVER_ACK","detail":"0x0200 result=OK"}
{"ts":"2026-04-09T16:49:53.957Z","level":"INFO","device":"868120018681","event":"RX_MSG","detail":"0x9208 bodyLen=81"}
{"ts":"2026-04-09T16:49:53.960Z","level":"INFO","device":"868120018681","event":"9208_RAW","detail":"0C35342E33372E3232352E36350D32000086812001868100260409164953140200383638313230303138363831303032363034303931363439353331343032303000000000000000000000000000000000"}
{"ts":"2026-04-09T16:49:53.960Z","level":"INFO","device":"868120018681","event":"UPLOAD_TRIGGERED","detail":"media: 54.37.225.65:3378 | alarmId: 86812001868100260409164953140200"}
{"ts":"2026-04-09T16:49:53.960Z","level":"INFO","device":"868120018681","event":"MEDIA_CONNECTING","detail":"54.37.225.65:3378 files=2"}
{"ts":"2026-04-09T16:49:54.169Z","level":"INFO","device":"868120018681","event":"RX_MSG","detail":"0x8001 bodyLen=5"}
{"ts":"2026-04-09T16:49:54.169Z","level":"INFO","device":"868120018681","event":"SERVER_ACK","detail":"0x0800 result=OK"}
{"ts":"2026-04-09T16:49:54.367Z","level":"INFO","device":"868120018681","event":"MEDIA_CONNECTED","detail":"54.37.225.65:3378"}
{"ts":"2026-04-09T16:49:54.368Z","level":"INFO","device":"868120018681","event":"FILE_START","detail":"[1/2] 00_64_6401_00_86812001868100260409164953140200.jpg (631 bytes)"}
{"ts":"2026-04-09T16:49:54.368Z","level":"INFO","device":"868120018681","event":"SENT_1210","detail":"00_64_6401_00_86812001868100260409164953140200.jpg"}
{"ts":"2026-04-09T16:49:54.468Z","level":"INFO","device":"868120018681","event":"SENT_RAW_MARKER","detail":"00_64_6401_00_86812001868100260409164953140200.jpg packet=693 bytes data=631 bytes"}
{"ts":"2026-04-09T16:49:54.468Z","level":"INFO","device":"868120018681","event":"SENT_1212","detail":"00_64_6401_00_86812001868100260409164953140200.jpg type=0"}
{"ts":"2026-04-09T16:49:54.560Z","level":"INFO","device":"868120018681","event":"MEDIA_RX","detail":"7E 80 01 00 05 86 81 20 01 86 81 7C E7 00 00 12 10 00 3C 7E"}
{"ts":"2026-04-09T16:49:54.748Z","level":"INFO","device":"868120018681","event":"MEDIA_RX","detail":"7E 92 12 00 36 86 81 20 01 86 81 7B 3C 32 30 30 5F 36 34 5F 36 34 30 31 5F 30 30 5F 38 36 38 31 32 30 30 31 38 36 38 31 30 30 32 36 30 34 30 39 31 36 34 39 35 33 31 34 30 32 30 30 2E 6A 70 67 00 00 00 B1 7E"}
{"ts":"2026-04-09T16:49:54.770Z","level":"INFO","device":"868120018681","event":"FILE_START","detail":"[2/2] 02_64_6401_03_86812001868100260409164953140200.mp4 (1570024 bytes)"}
{"ts":"2026-04-09T16:49:54.770Z","level":"INFO","device":"868120018681","event":"SENT_1210","detail":"02_64_6401_03_86812001868100260409164953140200.mp4"}
{"ts":"2026-04-09T16:49:54.872Z","level":"INFO","device":"868120018681","event":"SENT_RAW_MARKER","detail":"02_64_6401_03_86812001868100260409164953140200.mp4 packet=1570086 bytes data=1570024 bytes"}
{"ts":"2026-04-09T16:49:54.962Z","level":"INFO","device":"868120018681","event":"MEDIA_RX","detail":"7E 80 01 00 05 86 81 20 01 86 81 3F 76 00 02 12 10 00 EC 7E"}
{"ts":"2026-04-09T16:49:56.000Z","level":"INFO","device":"868120018681","event":"SENT_1212","detail":"02_64_6401_03_86812001868100260409164953140200.mp4 type=2"}
{"ts":"2026-04-09T16:49:56.300Z","level":"INFO","device":"868120018681","event":"BATCH_COMPLETE","detail":"All 2 files sent"}
{"ts":"2026-04-09T16:49:56.679Z","level":"ERROR","device":"868120018681","event":"MEDIA_ERROR","detail":"54.37.225.65:3378 — read ECONNRESET"}
{"ts":"2026-04-09T16:49:56.679Z","level":"INFO","device":"868120018681","event":"MEDIA_CLOSED","detail":""}
{"ts":"2026-04-09T16:50:53.437Z","level":"INFO","device":"868120018681","event":"INCIDENT_SENT","detail":"mediaId=21 alarmId=86812001868100260409165053150200"}
{"ts":"2026-04-09T16:50:53.656Z","level":"INFO","device":"868120018681","event":"RX_MSG","detail":"0x8001 bodyLen=5"}
{"ts":"2026-04-09T16:50:53.657Z","level":"INFO","device":"868120018681","event":"SERVER_ACK","detail":"0x0200 result=OK"}
{"ts":"2026-04-09T16:50:54.000Z","level":"INFO","device":"868120018681","event":"RX_MSG","detail":"0x9208 bodyLen=81"}
{"ts":"2026-04-09T16:50:54.000Z","level":"INFO","device":"868120018681","event":"9208_RAW","detail":"0C35342E33372E3232352E36350D32000086812001868100260409165053150200383638313230303138363831303032363034303931363530353331353032303000000000000000000000000000000000"}
{"ts":"2026-04-09T16:50:54.000Z","level":"INFO","device":"868120018681","event":"UPLOAD_TRIGGERED","detail":"media: 54.37.225.65:3378 | alarmId: 86812001868100260409165053150200"}
{"ts":"2026-04-09T16:50:54.000Z","level":"INFO","device":"868120018681","event":"MEDIA_CONNECTING","detail":"54.37.225.65:3378 files=2"}
{"ts":"2026-04-09T16:50:54.011Z","level":"INFO","device":"868120018681","event":"RX_MSG","detail":"0x8001 bodyLen=5"}
{"ts":"2026-04-09T16:50:54.011Z","level":"INFO","device":"868120018681","event":"SERVER_ACK","detail":"0x0800 result=OK"}
{"ts":"2026-04-09T16:50:54.230Z","level":"INFO","device":"868120018681","event":"MEDIA_CONNECTED","detail":"54.37.225.65:3378"}
{"ts":"2026-04-09T16:50:54.230Z","level":"INFO","device":"868120018681","event":"FILE_START","detail":"[1/2] 00_64_6401_00_86812001868100260409165053150200.jpg (631 bytes)"}
{"ts":"2026-04-09T16:50:54.230Z","level":"INFO","device":"868120018681","event":"SENT_1210","detail":"00_64_6401_00_86812001868100260409165053150200.jpg"}
{"ts":"2026-04-09T16:50:54.330Z","level":"INFO","device":"868120018681","event":"SENT_RAW_MARKER","detail":"00_64_6401_00_86812001868100260409165053150200.jpg packet=693 bytes data=631 bytes"}
{"ts":"2026-04-09T16:50:54.330Z","level":"INFO","device":"868120018681","event":"SENT_1212","detail":"00_64_6401_00_86812001868100260409165053150200.jpg type=0"}
{"ts":"2026-04-09T16:50:54.448Z","level":"INFO","device":"868120018681","event":"MEDIA_RX","detail":"7E 80 01 00 05 86 81 20 01 86 81 03 6C 00 00 12 10 00 C8 7E"}
{"ts":"2026-04-09T16:50:54.630Z","level":"INFO","device":"868120018681","event":"FILE_START","detail":"[2/2] 02_64_6401_03_86812001868100260409165053150200.mp4 (1570024 bytes)"}
{"ts":"2026-04-09T16:50:54.630Z","level":"INFO","device":"868120018681","event":"SENT_1210","detail":"02_64_6401_03_86812001868100260409165053150200.mp4"}
{"ts":"2026-04-09T16:50:54.663Z","level":"INFO","device":"868120018681","event":"MEDIA_RX","detail":"7E 92 12 00 36 86 81 20 01 86 81 4F ED 32 30 30 5F 36 34 5F 36 34 30 31 5F 30 30 5F 38 36 38 31 32 30 30 31 38 36 38 31 30 30 32 36 30 34 30 39 31 36 35 30 35 33 31 35 30 32 30 30 2E 6A 70 67 00 00 00 5D 7E"}
{"ts":"2026-04-09T16:50:54.732Z","level":"INFO","device":"868120018681","event":"SENT_RAW_MARKER","detail":"02_64_6401_03_86812001868100260409165053150200.mp4 packet=1570086 bytes data=1570024 bytes"}
{"ts":"2026-04-09T16:50:54.947Z","level":"INFO","device":"868120018681","event":"MEDIA_RX","detail":"7E 80 01 00 05 86 81 20 01 86 81 23 E1 00 02 12 10 00 67 7E"}
