{"ts":"2026-04-09T19:15:35.334Z","level":"INFO","device":"868120018681","event":"CONNECTED","detail":"id:868120018681"}
{"ts":"2026-04-09T19:15:35.550Z","level":"INFO","device":"868120018681","event":"RX_MSG","detail":"0x8001 bodyLen=5"}
{"ts":"2026-04-09T19:15:35.551Z","level":"INFO","device":"868120018681","event":"SERVER_ACK","detail":"0x0102 result=OK"}
{"ts":"2026-04-09T19:16:35.188Z","level":"INFO","device":"868120018681","event":"INCIDENT_SENT","detail":"mediaId=1 alarmId=86812001868100260409191635010200"}
{"ts":"2026-04-09T19:16:35.396Z","level":"INFO","device":"868120018681","event":"RX_MSG","detail":"0x8001 bodyLen=5"}
{"ts":"2026-04-09T19:16:35.396Z","level":"INFO","device":"868120018681","event":"SERVER_ACK","detail":"0x0200 result=OK"}
{"ts":"2026-04-09T19:16:35.720Z","level":"INFO","device":"868120018681","event":"RX_MSG","detail":"0x9208 bodyLen=81"}
{"ts":"2026-04-09T19:16:35.720Z","level":"INFO","device":"868120018681","event":"9208_RAW","detail":"0C35342E33372E3232352E36350D32000086812001868100260409191635010200383638313230303138363831303032363034303931393136333530313032303000000000000000000000000000000000"}
{"ts":"2026-04-09T19:16:35.721Z","level":"INFO","device":"868120018681","event":"UPLOAD_TRIGGERED","detail":"media: 54.37.225.65:3378 | alarmId: 86812001868100260409191635010200"}
{"ts":"2026-04-09T19:16:35.721Z","level":"INFO","device":"868120018681","event":"MEDIA_CONNECTING","detail":"54.37.225.65:3378 files=2"}
{"ts":"2026-04-09T19:16:35.721Z","level":"INFO","device":"868120018681","event":"RX_MSG","detail":"0x8001 bodyLen=5"}
{"ts":"2026-04-09T19:16:35.722Z","level":"INFO","device":"868120018681","event":"SERVER_ACK","detail":"0x0800 result=OK"}
{"ts":"2026-04-09T19:16:35.926Z","level":"INFO","device":"868120018681","event":"MEDIA_CONNECTED","detail":"54.37.225.65:3378"}
{"ts":"2026-04-09T19:16:35.927Z","level":"INFO","device":"868120018681","event":"FILE_START","detail":"[1/2] 00_64_6401_00_86812001868100260409191635010200.jpg (631 bytes)"}
{"ts":"2026-04-09T19:16:35.927Z","level":"INFO","device":"868120018681","event":"SENT_1210","detail":"00_64_6401_00_86812001868100260409191635010200.jpg"}
{"ts":"2026-04-09T19:16:36.028Z","level":"INFO","device":"868120018681","event":"SENT_RAW_MARKER","detail":"00_64_6401_00_86812001868100260409191635010200.jpg packet=693 bytes data=631 bytes"}
{"ts":"2026-04-09T19:16:36.028Z","level":"INFO","device":"868120018681","event":"SENT_1212","detail":"00_64_6401_00_86812001868100260409191635010200.jpg type=0"}
{"ts":"2026-04-09T19:16:36.140Z","level":"INFO","device":"868120018681","event":"MEDIA_RX","detail":"7E 80 01 00 05 86 81 20 01 86 81 97 4E 00 00 12 10 00 7D 02 7E"}
{"ts":"2026-04-09T19:16:36.328Z","level":"INFO","device":"868120018681","event":"FILE_START","detail":"[2/2] 02_64_6401_03_86812001868100260409191635010200.mp4 (1570024 bytes)"}
{"ts":"2026-04-09T19:16:36.328Z","level":"INFO","device":"868120018681","event":"SENT_1210","detail":"02_64_6401_03_86812001868100260409191635010200.mp4"}
{"ts":"2026-04-09T19:16:36.338Z","level":"INFO","device":"868120018681","event":"MEDIA_RX","detail":"7E 92 12 00 36 86 81 20 01 86 81 84 3C 32 30 30 5F 36 34 5F 36 34 30 31 5F 30 30 5F 38 36 38 31 32 30 30 31 38 36 38 31 30 30 32 36 30 34 30 39 31 39 31 36 33 35 30 31 30 32 30 30 2E 6A 70 67 00 00 00 4F 7E"}
{"ts":"2026-04-09T19:16:36.431Z","level":"INFO","device":"868120018681","event":"SENT_RAW_MARKER","detail":"02_64_6401_03_86812001868100260409191635010200.mp4 packet=1570086 bytes data=1570024 bytes"}
{"ts":"2026-04-09T19:16:36.635Z","level":"INFO","device":"868120018681","event":"MEDIA_RX","detail":"7E 80 01 00 05 86 81 20 01 86 81 B4 0B 00 02 12 10 00 1A 7E"}
{"ts":"2026-04-09T19:16:37.565Z","level":"INFO","device":"868120018681","event":"SENT_1212","detail":"02_64_6401_03_86812001868100260409191635010200.mp4 type=2"}
{"ts":"2026-04-09T19:16:37.865Z","level":"INFO","device":"868120018681","event":"BATCH_COMPLETE","detail":"All 2 files sent"}
{"ts":"2026-04-09T19:16:38.280Z","level":"ERROR","device":"868120018681","event":"MEDIA_ERROR","detail":"54.37.225.65:3378 — read ECONNRESET"}
{"ts":"2026-04-09T19:16:38.281Z","level":"INFO","device":"868120018681","event":"MEDIA_CLOSED","detail":""}
{"ts":"2026-04-09T19:17:35.242Z","level":"INFO","device":"868120018681","event":"INCIDENT_SENT","detail":"mediaId=2 alarmId=86812001868100260409191735020200"}
{"ts":"2026-04-09T19:17:35.450Z","level":"INFO","device":"868120018681","event":"RX_MSG","detail":"0x8001 bodyLen=5"}
{"ts":"2026-04-09T19:17:35.451Z","level":"INFO","device":"868120018681","event":"SERVER_ACK","detail":"0x0200 result=OK"}
{"ts":"2026-04-09T19:17:35.802Z","level":"INFO","device":"868120018681","event":"RX_MSG","detail":"0x9208 bodyLen=81"}
{"ts":"2026-04-09T19:17:35.802Z","level":"INFO","device":"868120018681","event":"9208_RAW","detail":"0C35342E33372E3232352E36350D32000086812001868100260409191735020200383638313230303138363831303032363034303931393137333530323032303000000000000000000000000000000000"}
{"ts":"2026-04-09T19:17:35.802Z","level":"INFO","device":"868120018681","event":"UPLOAD_TRIGGERED","detail":"media: 54.37.225.65:3378 | alarmId: 86812001868100260409191735020200"}
{"ts":"2026-04-09T19:17:35.802Z","level":"INFO","device":"868120018681","event":"MEDIA_CONNECTING","detail":"54.37.225.65:3378 files=2"}
{"ts":"2026-04-09T19:17:35.803Z","level":"INFO","device":"868120018681","event":"RX_MSG","detail":"0x8001 bodyLen=5"}
{"ts":"2026-04-09T19:17:35.803Z","level":"INFO","device":"868120018681","event":"SERVER_ACK","detail":"0x0800 result=OK"}
{"ts":"2026-04-09T19:17:36.007Z","level":"INFO","device":"868120018681","event":"MEDIA_CONNECTED","detail":"54.37.225.65:3378"}
{"ts":"2026-04-09T19:17:36.008Z","level":"INFO","device":"868120018681","event":"FILE_START","detail":"[1/2] 00_64_6401_00_86812001868100260409191735020200.jpg (631 bytes)"}
{"ts":"2026-04-09T19:17:36.009Z","level":"INFO","device":"868120018681","event":"SENT_1210","detail":"00_64_6401_00_86812001868100260409191735020200.jpg"}
{"ts":"2026-04-09T19:17:36.111Z","level":"INFO","device":"868120018681","event":"SENT_RAW_MARKER","detail":"00_64_6401_00_86812001868100260409191735020200.jpg packet=693 bytes data=631 bytes"}
{"ts":"2026-04-09T19:17:36.112Z","level":"INFO","device":"868120018681","event":"SENT_1212","detail":"00_64_6401_00_86812001868100260409191735020200.jpg type=0"}
{"ts":"2026-04-09T19:17:36.215Z","level":"INFO","device":"868120018681","event":"MEDIA_RX","detail":"7E 80 01 00 05 86 81 20 01 86 81 C2 A0 00 00 12 10 00 C5 7E"}
{"ts":"2026-04-09T19:17:36.413Z","level":"INFO","device":"868120018681","event":"FILE_START","detail":"[2/2] 02_64_6401_03_86812001868100260409191735020200.mp4 (1570024 bytes)"}
{"ts":"2026-04-09T19:17:36.414Z","level":"INFO","device":"868120018681","event":"SENT_1210","detail":"02_64_6401_03_86812001868100260409191735020200.mp4"}
{"ts":"2026-04-09T19:17:36.417Z","level":"INFO","device":"868120018681","event":"MEDIA_RX","detail":"7E 92 12 00 36 86 81 20 01 86 81 99 E7 32 30 30 5F 36 34 5F 36 34 30 31 5F 30 30 5F 38 36 38 31 32 30 30 31 38 36 38 31 30 30 32 36 30 34 30 39 31 39 31 37 33 35 30 32 30 32 30 30 2E 6A 70 67 00 00 00 8B 7E"}
{"ts":"2026-04-09T19:17:36.516Z","level":"INFO","device":"868120018681","event":"SENT_RAW_MARKER","detail":"02_64_6401_03_86812001868100260409191735020200.mp4 packet=1570086 bytes data=1570024 bytes"}
{"ts":"2026-04-09T19:17:36.720Z","level":"INFO","device":"868120018681","event":"MEDIA_RX","detail":"7E 80 01 00 05 86 81 20 01 86 81 CB E0 00 02 12 10 00 8E 7E"}
{"ts":"2026-04-09T19:17:37.735Z","level":"INFO","device":"868120018681","event":"SENT_1212","detail":"02_64_6401_03_86812001868100260409191735020200.mp4 type=2"}
{"ts":"2026-04-09T19:17:38.035Z","level":"INFO","device":"868120018681","event":"BATCH_COMPLETE","detail":"All 2 files sent"}
{"ts":"2026-04-09T19:17:38.446Z","level":"ERROR","device":"868120018681","event":"MEDIA_ERROR","detail":"54.37.225.65:3378 — read ECONNRESET"}
{"ts":"2026-04-09T19:17:38.446Z","level":"INFO","device":"868120018681","event":"MEDIA_CLOSED","detail":""}
{"ts":"2026-04-09T19:18:35.292Z","level":"INFO","device":"868120018681","event":"INCIDENT_SENT","detail":"mediaId=3 alarmId=86812001868100260409191835030200"}
{"ts":"2026-04-09T19:18:35.593Z","level":"INFO","device":"868120018681","event":"RX_MSG","detail":"0x8001 bodyLen=5"}
{"ts":"2026-04-09T19:18:35.594Z","level":"INFO","device":"868120018681","event":"SERVER_ACK","detail":"0x0200 result=OK"}
{"ts":"2026-04-09T19:18:35.794Z","level":"INFO","device":"868120018681","event":"RX_MSG","detail":"0x9208 bodyLen=81"}
{"ts":"2026-04-09T19:18:35.794Z","level":"INFO","device":"868120018681","event":"9208_RAW","detail":"0C35342E33372E3232352E36350D32000086812001868100260409191835030200383638313230303138363831303032363034303931393138333530333032303000000000000000000000000000000000"}
{"ts":"2026-04-09T19:18:35.794Z","level":"INFO","device":"868120018681","event":"UPLOAD_TRIGGERED","detail":"media: 54.37.225.65:3378 | alarmId: 86812001868100260409191835030200"}
{"ts":"2026-04-09T19:18:35.794Z","level":"INFO","device":"868120018681","event":"MEDIA_CONNECTING","detail":"54.37.225.65:3378 files=2"}
{"ts":"2026-04-09T19:18:35.984Z","level":"INFO","device":"868120018681","event":"MEDIA_CONNECTED","detail":"54.37.225.65:3378"}
{"ts":"2026-04-09T19:18:35.985Z","level":"INFO","device":"868120018681","event":"FILE_START","detail":"[1/2] 00_64_6401_00_86812001868100260409191835030200.jpg (631 bytes)"}
{"ts":"2026-04-09T19:18:35.985Z","level":"INFO","device":"868120018681","event":"SENT_1210","detail":"00_64_6401_00_86812001868100260409191835030200.jpg"}
{"ts":"2026-04-09T19:18:36.072Z","level":"INFO","device":"868120018681","event":"RX_MSG","detail":"0x8001 bodyLen=5"}
{"ts":"2026-04-09T19:18:36.072Z","level":"INFO","device":"868120018681","event":"SERVER_ACK","detail":"0x0800 result=OK"}
{"ts":"2026-04-09T19:18:36.085Z","level":"INFO","device":"868120018681","event":"SENT_RAW_MARKER","detail":"00_64_6401_00_86812001868100260409191835030200.jpg packet=693 bytes data=631 bytes"}
{"ts":"2026-04-09T19:18:36.086Z","level":"INFO","device":"868120018681","event":"SENT_1212","detail":"00_64_6401_00_86812001868100260409191835030200.jpg type=0"}
{"ts":"2026-04-09T19:18:36.174Z","level":"INFO","device":"868120018681","event":"MEDIA_RX","detail":"7E 80 01 00 05 86 81 20 01 86 81 08 C0 00 00 12 10 00 6F 7E"}
{"ts":"2026-04-09T19:18:36.387Z","level":"INFO","device":"868120018681","event":"FILE_START","detail":"[2/2] 02_64_6401_03_86812001868100260409191835030200.mp4 (1570024 bytes)"}
{"ts":"2026-04-09T19:18:36.388Z","level":"INFO","device":"868120018681","event":"SENT_1210","detail":"02_64_6401_03_86812001868100260409191835030200.mp4"}
{"ts":"2026-04-09T19:18:36.420Z","level":"INFO","device":"868120018681","event":"MEDIA_RX","detail":"7E 92 12 00 36 86 81 20 01 86 81 CB 9D 32 30 30 5F 36 34 5F 36 34 30 31 5F 30 30 5F 38 36 38 31 32 30 30 31 38 36 38 31 30 30 32 36 30 34 30 39 31 39 31 38 33 35 30 33 30 32 30 30 2E 6A 70 67 00 00 00 AD 7E"}
{"ts":"2026-04-09T19:18:36.490Z","level":"INFO","device":"868120018681","event":"SENT_RAW_MARKER","detail":"02_64_6401_03_86812001868100260409191835030200.mp4 packet=1570086 bytes data=1570024 bytes"}
{"ts":"2026-04-09T19:18:36.627Z","level":"INFO","device":"868120018681","event":"MEDIA_RX","detail":"7E 80 01 00 05 86 81 20 01 86 81 CA 47 00 02 12 10 00 28 7E"}
{"ts":"2026-04-09T19:18:37.961Z","level":"INFO","device":"868120018681","event":"SENT_1212","detail":"02_64_6401_03_86812001868100260409191835030200.mp4 type=2"}
{"ts":"2026-04-09T19:18:38.261Z","level":"INFO","device":"868120018681","event":"BATCH_COMPLETE","detail":"All 2 files sent"}
{"ts":"2026-04-09T19:18:39.148Z","level":"ERROR","device":"868120018681","event":"MEDIA_ERROR","detail":"54.37.225.65:3378 — read ECONNRESET"}
{"ts":"2026-04-09T19:18:39.148Z","level":"INFO","device":"868120018681","event":"MEDIA_CLOSED","detail":""}
{"ts":"2026-04-09T19:19:35.349Z","level":"INFO","device":"868120018681","event":"INCIDENT_SENT","detail":"mediaId=4 alarmId=86812001868100260409191935040200"}
{"ts":"2026-04-09T19:19:35.559Z","level":"INFO","device":"868120018681","event":"RX_MSG","detail":"0x8001 bodyLen=5"}
{"ts":"2026-04-09T19:19:35.559Z","level":"INFO","device":"868120018681","event":"SERVER_ACK","detail":"0x0200 result=OK"}
{"ts":"2026-04-09T19:19:35.895Z","level":"INFO","device":"868120018681","event":"RX_MSG","detail":"0x9208 bodyLen=81"}
{"ts":"2026-04-09T19:19:35.895Z","level":"INFO","device":"868120018681","event":"9208_RAW","detail":"0C35342E33372E3232352E36350D32000086812001868100260409191935040200383638313230303138363831303032363034303931393139333530343032303000000000000000000000000000000000"}
{"ts":"2026-04-09T19:19:35.896Z","level":"INFO","device":"868120018681","event":"UPLOAD_TRIGGERED","detail":"media: 54.37.225.65:3378 | alarmId: 86812001868100260409191935040200"}
{"ts":"2026-04-09T19:19:35.896Z","level":"INFO","device":"868120018681","event":"MEDIA_CONNECTING","detail":"54.37.225.65:3378 files=2"}
{"ts":"2026-04-09T19:19:35.897Z","level":"INFO","device":"868120018681","event":"RX_MSG","detail":"0x8001 bodyLen=5"}
{"ts":"2026-04-09T19:19:35.897Z","level":"INFO","device":"868120018681","event":"SERVER_ACK","detail":"0x0800 result=OK"}
{"ts":"2026-04-09T19:19:36.102Z","level":"INFO","device":"868120018681","event":"MEDIA_CONNECTED","detail":"54.37.225.65:3378"}
{"ts":"2026-04-09T19:19:36.103Z","level":"INFO","device":"868120018681","event":"FILE_START","detail":"[1/2] 00_64_6401_00_86812001868100260409191935040200.jpg (631 bytes)"}
{"ts":"2026-04-09T19:19:36.103Z","level":"INFO","device":"868120018681","event":"SENT_1210","detail":"00_64_6401_00_86812001868100260409191935040200.jpg"}
{"ts":"2026-04-09T19:19:36.205Z","level":"INFO","device":"868120018681","event":"SENT_RAW_MARKER","detail":"00_64_6401_00_86812001868100260409191935040200.jpg packet=693 bytes data=631 bytes"}
{"ts":"2026-04-09T19:19:36.206Z","level":"INFO","device":"868120018681","event":"SENT_1212","detail":"00_64_6401_00_86812001868100260409191935040200.jpg type=0"}
{"ts":"2026-04-09T19:19:36.314Z","level":"INFO","device":"868120018681","event":"MEDIA_RX","detail":"7E 80 01 00 05 86 81 20 01 86 81 AF 1F 00 00 12 10 00 17 7E"}
{"ts":"2026-04-09T19:19:36.506Z","level":"INFO","device":"868120018681","event":"FILE_START","detail":"[2/2] 02_64_6401_03_86812001868100260409191935040200.mp4 (1570024 bytes)"}
{"ts":"2026-04-09T19:19:36.507Z","level":"INFO","device":"868120018681","event":"SENT_1210","detail":"02_64_6401_03_86812001868100260409191935040200.mp4"}
{"ts":"2026-04-09T19:19:36.516Z","level":"INFO","device":"868120018681","event":"MEDIA_RX","detail":"7E 92 12 00 36 86 81 20 01 86 81 54 22 32 30 30 5F 36 34 5F 36 34 30 31 5F 30 30 5F 38 36 38 31 32 30 30 31 38 36 38 31 30 30 32 36 30 34 30 39 31 39 31 39 33 35 30 34 30 32 30 30 2E 6A 70 67 00 00 00 8B 7E"}
{"ts":"2026-04-09T19:19:36.611Z","level":"INFO","device":"868120018681","event":"SENT_RAW_MARKER","detail":"02_64_6401_03_86812001868100260409191935040200.mp4 packet=1570086 bytes data=1570024 bytes"}
{"ts":"2026-04-09T19:19:36.816Z","level":"INFO","device":"868120018681","event":"MEDIA_RX","detail":"7E 80 01 00 05 86 81 20 01 86 81 47 B1 00 02 12 10 00 53 7E"}
{"ts":"2026-04-09T19:19:37.754Z","level":"INFO","device":"868120018681","event":"SENT_1212","detail":"02_64_6401_03_86812001868100260409191935040200.mp4 type=2"}
{"ts":"2026-04-09T19:19:38.055Z","level":"INFO","device":"868120018681","event":"BATCH_COMPLETE","detail":"All 2 files sent"}
{"ts":"2026-04-09T19:19:38.466Z","level":"ERROR","device":"868120018681","event":"MEDIA_ERROR","detail":"54.37.225.65:3378 — read ECONNRESET"}
{"ts":"2026-04-09T19:19:38.467Z","level":"INFO","device":"868120018681","event":"MEDIA_CLOSED","detail":""}
{"ts":"2026-04-09T19:20:35.406Z","level":"INFO","device":"868120018681","event":"INCIDENT_SENT","detail":"mediaId=5 alarmId=86812001868100260409192035050200"}
{"ts":"2026-04-09T19:20:35.613Z","level":"INFO","device":"868120018681","event":"RX_MSG","detail":"0x8001 bodyLen=5"}
{"ts":"2026-04-09T19:20:35.613Z","level":"INFO","device":"868120018681","event":"SERVER_ACK","detail":"0x0200 result=OK"}
{"ts":"2026-04-09T19:20:35.964Z","level":"INFO","device":"868120018681","event":"RX_MSG","detail":"0x9208 bodyLen=81"}
{"ts":"2026-04-09T19:20:35.965Z","level":"INFO","device":"868120018681","event":"9208_RAW","detail":"0C35342E33372E3232352E36350D32000086812001868100260409192035050200383638313230303138363831303032363034303931393230333530353032303000000000000000000000000000000000"}
{"ts":"2026-04-09T19:20:35.965Z","level":"INFO","device":"868120018681","event":"UPLOAD_TRIGGERED","detail":"media: 54.37.225.65:3378 | alarmId: 86812001868100260409192035050200"}
{"ts":"2026-04-09T19:20:35.965Z","level":"INFO","device":"868120018681","event":"MEDIA_CONNECTING","detail":"54.37.225.65:3378 files=2"}
{"ts":"2026-04-09T19:20:35.966Z","level":"INFO","device":"868120018681","event":"RX_MSG","detail":"0x8001 bodyLen=5"}
{"ts":"2026-04-09T19:20:35.966Z","level":"INFO","device":"868120018681","event":"SERVER_ACK","detail":"0x0800 result=OK"}
{"ts":"2026-04-09T19:20:36.171Z","level":"INFO","device":"868120018681","event":"MEDIA_CONNECTED","detail":"54.37.225.65:3378"}
{"ts":"2026-04-09T19:20:36.171Z","level":"INFO","device":"868120018681","event":"FILE_START","detail":"[1/2] 00_64_6401_00_86812001868100260409192035050200.jpg (631 bytes)"}
{"ts":"2026-04-09T19:20:36.172Z","level":"INFO","device":"868120018681","event":"SENT_1210","detail":"00_64_6401_00_86812001868100260409192035050200.jpg"}
{"ts":"2026-04-09T19:20:36.273Z","level":"INFO","device":"868120018681","event":"SENT_RAW_MARKER","detail":"00_64_6401_00_86812001868100260409192035050200.jpg packet=693 bytes data=631 bytes"}
{"ts":"2026-04-09T19:20:36.275Z","level":"INFO","device":"868120018681","event":"SENT_1212","detail":"00_64_6401_00_86812001868100260409192035050200.jpg type=0"}
{"ts":"2026-04-09T19:20:36.376Z","level":"INFO","device":"868120018681","event":"MEDIA_RX","detail":"7E 80 01 00 05 86 81 20 01 86 81 41 1A 00 00 12 10 00 FC 7E"}
{"ts":"2026-04-09T19:20:36.575Z","level":"INFO","device":"868120018681","event":"FILE_START","detail":"[2/2] 02_64_6401_03_86812001868100260409192035050200.mp4 (1570024 bytes)"}
{"ts":"2026-04-09T19:20:36.576Z","level":"INFO","device":"868120018681","event":"SENT_1210","detail":"02_64_6401_03_86812001868100260409192035050200.mp4"}
{"ts":"2026-04-09T19:20:36.577Z","level":"INFO","device":"868120018681","event":"MEDIA_RX","detail":"7E 92 12 00 36 86 81 20 01 86 81 C1 37 32 30 30 5F 36 34 5F 36 34 30 31 5F 30 30 5F 38 36 38 31 32 30 30 31 38 36 38 31 30 30 32 36 30 34 30 39 31 39 32 30 33 35 30 35 30 32 30 30 2E 6A 70 67 00 00 00 00 7E"}
{"ts":"2026-04-09T19:20:36.679Z","level":"INFO","device":"868120018681","event":"SENT_RAW_MARKER","detail":"02_64_6401_03_86812001868100260409192035050200.mp4 packet=1570086 bytes data=1570024 bytes"}
{"ts":"2026-04-09T19:20:36.883Z","level":"INFO","device":"868120018681","event":"MEDIA_RX","detail":"7E 80 01 00 05 86 81 20 01 86 81 A1 B8 00 02 12 10 00 BC 7E"}
{"ts":"2026-04-09T19:20:37.708Z","level":"INFO","device":"868120018681","event":"SENT_1212","detail":"02_64_6401_03_86812001868100260409192035050200.mp4 type=2"}
{"ts":"2026-04-09T19:20:38.009Z","level":"INFO","device":"868120018681","event":"BATCH_COMPLETE","detail":"All 2 files sent"}
{"ts":"2026-04-09T19:20:38.417Z","level":"ERROR","device":"868120018681","event":"MEDIA_ERROR","detail":"54.37.225.65:3378 — read ECONNRESET"}
{"ts":"2026-04-09T19:20:38.418Z","level":"INFO","device":"868120018681","event":"MEDIA_CLOSED","detail":""}
{"ts":"2026-04-09T19:21:35.464Z","level":"INFO","device":"868120018681","event":"INCIDENT_SENT","detail":"mediaId=6 alarmId=86812001868100260409192135060200"}
{"ts":"2026-04-09T19:21:35.671Z","level":"INFO","device":"868120018681","event":"RX_MSG","detail":"0x8001 bodyLen=5"}
{"ts":"2026-04-09T19:21:35.671Z","level":"INFO","device":"868120018681","event":"SERVER_ACK","detail":"0x0200 result=OK"}
{"ts":"2026-04-09T19:21:35.982Z","level":"INFO","device":"868120018681","event":"RX_MSG","detail":"0x9208 bodyLen=81"}
{"ts":"2026-04-09T19:21:35.982Z","level":"INFO","device":"868120018681","event":"9208_RAW","detail":"0C35342E33372E3232352E36350D32000086812001868100260409192135060200383638313230303138363831303032363034303931393231333530363032303000000000000000000000000000000000"}
{"ts":"2026-04-09T19:21:35.982Z","level":"INFO","device":"868120018681","event":"UPLOAD_TRIGGERED","detail":"media: 54.37.225.65:3378 | alarmId: 86812001868100260409192135060200"}
{"ts":"2026-04-09T19:21:35.982Z","level":"INFO","device":"868120018681","event":"MEDIA_CONNECTING","detail":"54.37.225.65:3378 files=2"}
{"ts":"2026-04-09T19:21:35.983Z","level":"INFO","device":"868120018681","event":"RX_MSG","detail":"0x8001 bodyLen=5"}
{"ts":"2026-04-09T19:21:35.983Z","level":"INFO","device":"868120018681","event":"SERVER_ACK","detail":"0x0800 result=OK"}
{"ts":"2026-04-09T19:21:36.172Z","level":"INFO","device":"868120018681","event":"MEDIA_CONNECTED","detail":"54.37.225.65:3378"}
{"ts":"2026-04-09T19:21:36.172Z","level":"INFO","device":"868120018681","event":"FILE_START","detail":"[1/2] 00_64_6401_00_86812001868100260409192135060200.jpg (631 bytes)"}
{"ts":"2026-04-09T19:21:36.173Z","level":"INFO","device":"868120018681","event":"SENT_1210","detail":"00_64_6401_00_86812001868100260409192135060200.jpg"}
{"ts":"2026-04-09T19:21:36.274Z","level":"INFO","device":"868120018681","event":"SENT_RAW_MARKER","detail":"00_64_6401_00_86812001868100260409192135060200.jpg packet=693 bytes data=631 bytes"}
{"ts":"2026-04-09T19:21:36.274Z","level":"INFO","device":"868120018681","event":"SENT_1212","detail":"00_64_6401_00_86812001868100260409192135060200.jpg type=0"}
{"ts":"2026-04-09T19:21:36.363Z","level":"INFO","device":"868120018681","event":"MEDIA_RX","detail":"7E 80 01 00 05 86 81 20 01 86 81 1A 29 00 00 12 10 00 94 7E"}
{"ts":"2026-04-09T19:21:36.548Z","level":"INFO","device":"868120018681","event":"MEDIA_RX","detail":"7E 92 12 00 36 86 81 20 01 86 81 4A 59 32 30 30 5F 36 34 5F 36 34 30 31 5F 30 30 5F 38 36 38 31 32 30 30 31 38 36 38 31 30 30 32 36 30 34 30 39 31 39 32 31 33 35 30 36 30 32 30 30 2E 6A 70 67 00 00 00 E7 7E"}
{"ts":"2026-04-09T19:21:36.576Z","level":"INFO","device":"868120018681","event":"FILE_START","detail":"[2/2] 02_64_6401_03_86812001868100260409192135060200.mp4 (1570024 bytes)"}
{"ts":"2026-04-09T19:21:36.576Z","level":"INFO","device":"868120018681","event":"SENT_1210","detail":"02_64_6401_03_86812001868100260409192135060200.mp4"}
{"ts":"2026-04-09T19:21:36.680Z","level":"INFO","device":"868120018681","event":"SENT_RAW_MARKER","detail":"02_64_6401_03_86812001868100260409192135060200.mp4 packet=1570086 bytes data=1570024 bytes"}
{"ts":"2026-04-09T19:21:36.764Z","level":"INFO","device":"868120018681","event":"MEDIA_RX","detail":"7E 80 01 00 05 86 81 20 01 86 81 F4 47 00 02 12 10 00 16 7E"}
{"ts":"2026-04-09T19:21:37.744Z","level":"INFO","device":"868120018681","event":"SENT_1212","detail":"02_64_6401_03_86812001868100260409192135060200.mp4 type=2"}
{"ts":"2026-04-09T19:21:38.046Z","level":"INFO","device":"868120018681","event":"BATCH_COMPLETE","detail":"All 2 files sent"}
{"ts":"2026-04-09T19:21:38.425Z","level":"ERROR","device":"868120018681","event":"MEDIA_ERROR","detail":"54.37.225.65:3378 — read ECONNRESET"}
{"ts":"2026-04-09T19:21:38.425Z","level":"INFO","device":"868120018681","event":"MEDIA_CLOSED","detail":""}
{"ts":"2026-04-09T19:22:35.507Z","level":"INFO","device":"868120018681","event":"INCIDENT_SENT","detail":"mediaId=7 alarmId=86812001868100260409192235070200"}
{"ts":"2026-04-09T19:22:35.715Z","level":"INFO","device":"868120018681","event":"RX_MSG","detail":"0x8001 bodyLen=5"}
{"ts":"2026-04-09T19:22:35.716Z","level":"INFO","device":"868120018681","event":"SERVER_ACK","detail":"0x0200 result=OK"}
{"ts":"2026-04-09T19:22:36.041Z","level":"INFO","device":"868120018681","event":"RX_MSG","detail":"0x9208 bodyLen=81"}
{"ts":"2026-04-09T19:22:36.041Z","level":"INFO","device":"868120018681","event":"9208_RAW","detail":"0C35342E33372E3232352E36350D32000086812001868100260409192235070200383638313230303138363831303032363034303931393232333530373032303000000000000000000000000000000000"}
{"ts":"2026-04-09T19:22:36.041Z","level":"INFO","device":"868120018681","event":"UPLOAD_TRIGGERED","detail":"media: 54.37.225.65:3378 | alarmId: 86812001868100260409192235070200"}
{"ts":"2026-04-09T19:22:36.042Z","level":"INFO","device":"868120018681","event":"MEDIA_CONNECTING","detail":"54.37.225.65:3378 files=2"}
{"ts":"2026-04-09T19:22:36.042Z","level":"INFO","device":"868120018681","event":"RX_MSG","detail":"0x8001 bodyLen=5"}
{"ts":"2026-04-09T19:22:36.042Z","level":"INFO","device":"868120018681","event":"SERVER_ACK","detail":"0x0800 result=OK"}
{"ts":"2026-04-09T19:22:36.230Z","level":"INFO","device":"868120018681","event":"MEDIA_CONNECTED","detail":"54.37.225.65:3378"}
{"ts":"2026-04-09T19:22:36.230Z","level":"INFO","device":"868120018681","event":"FILE_START","detail":"[1/2] 00_64_6401_00_86812001868100260409192235070200.jpg (631 bytes)"}
{"ts":"2026-04-09T19:22:36.230Z","level":"INFO","device":"868120018681","event":"SENT_1210","detail":"00_64_6401_00_86812001868100260409192235070200.jpg"}
{"ts":"2026-04-09T19:22:36.331Z","level":"INFO","device":"868120018681","event":"SENT_RAW_MARKER","detail":"00_64_6401_00_86812001868100260409192235070200.jpg packet=693 bytes data=631 bytes"}
{"ts":"2026-04-09T19:22:36.332Z","level":"INFO","device":"868120018681","event":"SENT_1212","detail":"00_64_6401_00_86812001868100260409192235070200.jpg type=0"}
{"ts":"2026-04-09T19:22:36.420Z","level":"INFO","device":"868120018681","event":"MEDIA_RX","detail":"7E 80 01 00 05 86 81 20 01 86 81 F6 FA 00 00 12 10 00 AB 7E"}
{"ts":"2026-04-09T19:22:36.605Z","level":"INFO","device":"868120018681","event":"MEDIA_RX","detail":"7E 92 12 00 36 86 81 20 01 86 81 88 39 32 30 30 5F 36 34 5F 36 34 30 31 5F 30 30 5F 38 36 38 31 32 30 30 31 38 36 38 31 30 30 32 36 30 34 30 39 31 39 32 32 33 35 30 37 30 32 30 30 2E 6A 70 67 00 00 00 47 7E"}
{"ts":"2026-04-09T19:22:36.632Z","level":"INFO","device":"868120018681","event":"FILE_START","detail":"[2/2] 02_64_6401_03_86812001868100260409192235070200.mp4 (1570024 bytes)"}
{"ts":"2026-04-09T19:22:36.632Z","level":"INFO","device":"868120018681","event":"SENT_1210","detail":"02_64_6401_03_86812001868100260409192235070200.mp4"}
{"ts":"2026-04-09T19:22:36.736Z","level":"INFO","device":"868120018681","event":"SENT_RAW_MARKER","detail":"02_64_6401_03_86812001868100260409192235070200.mp4 packet=1570086 bytes data=1570024 bytes"}
{"ts":"2026-04-09T19:22:36.820Z","level":"INFO","device":"868120018681","event":"MEDIA_RX","detail":"7E 80 01 00 05 86 81 20 01 86 81 D6 E8 00 02 12 10 00 9B 7E"}
{"ts":"2026-04-09T19:22:37.686Z","level":"INFO","device":"868120018681","event":"SENT_1212","detail":"02_64_6401_03_86812001868100260409192235070200.mp4 type=2"}
{"ts":"2026-04-09T19:22:37.987Z","level":"INFO","device":"868120018681","event":"BATCH_COMPLETE","detail":"All 2 files sent"}
{"ts":"2026-04-09T19:22:38.364Z","level":"ERROR","device":"868120018681","event":"MEDIA_ERROR","detail":"54.37.225.65:3378 — read ECONNRESET"}
{"ts":"2026-04-09T19:22:38.367Z","level":"INFO","device":"868120018681","event":"MEDIA_CLOSED","detail":""}
{"ts":"2026-04-09T19:23:35.564Z","level":"INFO","device":"868120018681","event":"INCIDENT_SENT","detail":"mediaId=8 alarmId=86812001868100260409192335080200"}
{"ts":"2026-04-09T19:23:35.772Z","level":"INFO","device":"868120018681","event":"RX_MSG","detail":"0x8001 bodyLen=5"}
{"ts":"2026-04-09T19:23:35.772Z","level":"INFO","device":"868120018681","event":"SERVER_ACK","detail":"0x0200 result=OK"}
{"ts":"2026-04-09T19:23:36.119Z","level":"INFO","device":"868120018681","event":"RX_MSG","detail":"0x9208 bodyLen=81"}
{"ts":"2026-04-09T19:23:36.120Z","level":"INFO","device":"868120018681","event":"9208_RAW","detail":"0C35342E33372E3232352E36350D32000086812001868100260409192335080200383638313230303138363831303032363034303931393233333530383032303000000000000000000000000000000000"}
{"ts":"2026-04-09T19:23:36.120Z","level":"INFO","device":"868120018681","event":"UPLOAD_TRIGGERED","detail":"media: 54.37.225.65:3378 | alarmId: 86812001868100260409192335080200"}
{"ts":"2026-04-09T19:23:36.120Z","level":"INFO","device":"868120018681","event":"MEDIA_CONNECTING","detail":"54.37.225.65:3378 files=2"}
{"ts":"2026-04-09T19:23:36.120Z","level":"INFO","device":"868120018681","event":"RX_MSG","detail":"0x8001 bodyLen=5"}
{"ts":"2026-04-09T19:23:36.120Z","level":"INFO","device":"868120018681","event":"SERVER_ACK","detail":"0x0800 result=OK"}
{"ts":"2026-04-09T19:23:36.332Z","level":"INFO","device":"868120018681","event":"MEDIA_CONNECTED","detail":"54.37.225.65:3378"}
{"ts":"2026-04-09T19:23:36.332Z","level":"INFO","device":"868120018681","event":"FILE_START","detail":"[1/2] 00_64_6401_00_86812001868100260409192335080200.jpg (631 bytes)"}
{"ts":"2026-04-09T19:23:36.333Z","level":"INFO","device":"868120018681","event":"SENT_1210","detail":"00_64_6401_00_86812001868100260409192335080200.jpg"}
{"ts":"2026-04-09T19:23:36.433Z","level":"INFO","device":"868120018681","event":"SENT_RAW_MARKER","detail":"00_64_6401_00_86812001868100260409192335080200.jpg packet=693 bytes data=631 bytes"}
{"ts":"2026-04-09T19:23:36.434Z","level":"INFO","device":"868120018681","event":"SENT_1212","detail":"00_64_6401_00_86812001868100260409192335080200.jpg type=0"}
{"ts":"2026-04-09T19:23:36.545Z","level":"INFO","device":"868120018681","event":"MEDIA_RX","detail":"7E 80 01 00 05 86 81 20 01 86 81 81 42 00 00 12 10 00 64 7E"}
{"ts":"2026-04-09T19:23:36.734Z","level":"INFO","device":"868120018681","event":"FILE_START","detail":"[2/2] 02_64_6401_03_86812001868100260409192335080200.mp4 (1570024 bytes)"}
{"ts":"2026-04-09T19:23:36.734Z","level":"INFO","device":"868120018681","event":"SENT_1210","detail":"02_64_6401_03_86812001868100260409192335080200.mp4"}
{"ts":"2026-04-09T19:23:36.754Z","level":"INFO","device":"868120018681","event":"MEDIA_RX","detail":"7E 92 12 00 36 86 81 20 01 86 81 CA B2 32 30 30 5F 36 34 5F 36 34 30 31 5F 30 30 5F 38 36 38 31 32 30 30 31 38 36 38 31 30 30 32 36 30 34 30 39 31 39 32 33 33 35 30 38 30 32 30 30 2E 6A 70 67 00 00 00 80 7E"}
{"ts":"2026-04-09T19:23:36.839Z","level":"INFO","device":"868120018681","event":"SENT_RAW_MARKER","detail":"02_64_6401_03_86812001868100260409192335080200.mp4 packet=1570086 bytes data=1570024 bytes"}
{"ts":"2026-04-09T19:23:37.051Z","level":"INFO","device":"868120018681","event":"MEDIA_RX","detail":"7E 80 01 00 05 86 81 20 01 86 81 5D 83 00 02 12 10 00 7B 7E"}
{"ts":"2026-04-09T19:23:37.903Z","level":"INFO","device":"868120018681","event":"SENT_1212","detail":"02_64_6401_03_86812001868100260409192335080200.mp4 type=2"}
{"ts":"2026-04-09T19:23:38.203Z","level":"INFO","device":"868120018681","event":"BATCH_COMPLETE","detail":"All 2 files sent"}
{"ts":"2026-04-09T19:23:38.628Z","level":"ERROR","device":"868120018681","event":"MEDIA_ERROR","detail":"54.37.225.65:3378 — read ECONNRESET"}
{"ts":"2026-04-09T19:23:38.628Z","level":"INFO","device":"868120018681","event":"MEDIA_CLOSED","detail":""}
{"ts":"2026-04-09T19:24:35.621Z","level":"INFO","device":"868120018681","event":"INCIDENT_SENT","detail":"mediaId=9 alarmId=86812001868100260409192435090200"}
{"ts":"2026-04-09T19:24:35.830Z","level":"INFO","device":"868120018681","event":"RX_MSG","detail":"0x8001 bodyLen=5"}
{"ts":"2026-04-09T19:24:35.831Z","level":"INFO","device":"868120018681","event":"SERVER_ACK","detail":"0x0200 result=OK"}
{"ts":"2026-04-09T19:24:36.151Z","level":"INFO","device":"868120018681","event":"RX_MSG","detail":"0x9208 bodyLen=81"}
{"ts":"2026-04-09T19:24:36.152Z","level":"INFO","device":"868120018681","event":"9208_RAW","detail":"0C35342E33372E3232352E36350D32000086812001868100260409192435090200383638313230303138363831303032363034303931393234333530393032303000000000000000000000000000000000"}
{"ts":"2026-04-09T19:24:36.152Z","level":"INFO","device":"868120018681","event":"UPLOAD_TRIGGERED","detail":"media: 54.37.225.65:3378 | alarmId: 86812001868100260409192435090200"}
{"ts":"2026-04-09T19:24:36.152Z","level":"INFO","device":"868120018681","event":"MEDIA_CONNECTING","detail":"54.37.225.65:3378 files=2"}
{"ts":"2026-04-09T19:24:36.153Z","level":"INFO","device":"868120018681","event":"RX_MSG","detail":"0x8001 bodyLen=5"}
{"ts":"2026-04-09T19:24:36.153Z","level":"INFO","device":"868120018681","event":"SERVER_ACK","detail":"0x0800 result=OK"}
{"ts":"2026-04-09T19:24:36.358Z","level":"INFO","device":"868120018681","event":"MEDIA_CONNECTED","detail":"54.37.225.65:3378"}
{"ts":"2026-04-09T19:24:36.358Z","level":"INFO","device":"868120018681","event":"FILE_START","detail":"[1/2] 00_64_6401_00_86812001868100260409192435090200.jpg (631 bytes)"}
{"ts":"2026-04-09T19:24:36.358Z","level":"INFO","device":"868120018681","event":"SENT_1210","detail":"00_64_6401_00_86812001868100260409192435090200.jpg"}
{"ts":"2026-04-09T19:24:36.459Z","level":"INFO","device":"868120018681","event":"SENT_RAW_MARKER","detail":"00_64_6401_00_86812001868100260409192435090200.jpg packet=693 bytes data=631 bytes"}
{"ts":"2026-04-09T19:24:36.459Z","level":"INFO","device":"868120018681","event":"SENT_1212","detail":"00_64_6401_00_86812001868100260409192435090200.jpg type=0"}
{"ts":"2026-04-09T19:24:36.564Z","level":"INFO","device":"868120018681","event":"MEDIA_RX","detail":"7E 80 01 00 05 86 81 20 01 86 81 BB 09 00 00 12 10 00 15 7E"}
{"ts":"2026-04-09T19:24:36.761Z","level":"INFO","device":"868120018681","event":"FILE_START","detail":"[2/2] 02_64_6401_03_86812001868100260409192435090200.mp4 (1570024 bytes)"}
{"ts":"2026-04-09T19:24:36.761Z","level":"INFO","device":"868120018681","event":"SENT_1210","detail":"02_64_6401_03_86812001868100260409192435090200.mp4"}
{"ts":"2026-04-09T19:24:36.767Z","level":"INFO","device":"868120018681","event":"MEDIA_RX","detail":"7E 92 12 00 36 86 81 20 01 86 81 A8 CF 32 30 30 5F 36 34 5F 36 34 30 31 5F 30 30 5F 38 36 38 31 32 30 30 31 38 36 38 31 30 30 32 36 30 34 30 39 31 39 32 34 33 35 30 39 30 32 30 30 2E 6A 70 67 00 00 00 99 7E"}
{"ts":"2026-04-09T19:24:36.865Z","level":"INFO","device":"868120018681","event":"SENT_RAW_MARKER","detail":"02_64_6401_03_86812001868100260409192435090200.mp4 packet=1570086 bytes data=1570024 bytes"}
{"ts":"2026-04-09T19:24:37.071Z","level":"INFO","device":"868120018681","event":"MEDIA_RX","detail":"7E 80 01 00 05 86 81 20 01 86 81 D5 20 00 02 12 10 00 50 7E"}
{"ts":"2026-04-09T19:24:38.038Z","level":"INFO","device":"868120018681","event":"SENT_1212","detail":"02_64_6401_03_86812001868100260409192435090200.mp4 type=2"}
{"ts":"2026-04-09T19:24:38.338Z","level":"INFO","device":"868120018681","event":"MEDIA_RX","detail":"7E 92 12 00 36 86 81 20 01 86 81 78 56 32 30 32 5F 36 34 5F 36 34 30 31 5F 30 33 5F 38 36 38 31 32 30 30 31 38 36 38 31 30 30 32 36 30 34 30 39 31 39 32 34 33 35 30 39 30 32 30 30 2E 6D 70 34 02 00 00 87 7E"}
{"ts":"2026-04-09T19:24:38.338Z","level":"INFO","device":"868120018681","event":"BATCH_COMPLETE","detail":"All 2 files sent"}
{"ts":"2026-04-09T19:24:39.143Z","level":"INFO","device":"868120018681","event":"MEDIA_CLOSED","detail":""}
{"ts":"2026-04-09T19:25:35.672Z","level":"INFO","device":"868120018681","event":"INCIDENT_SENT","detail":"mediaId=10 alarmId=868120018681002604091925350A0200"}
{"ts":"2026-04-09T19:25:35.880Z","level":"INFO","device":"868120018681","event":"RX_MSG","detail":"0x8001 bodyLen=5"}
{"ts":"2026-04-09T19:25:35.881Z","level":"INFO","device":"868120018681","event":"SERVER_ACK","detail":"0x0200 result=OK"}
{"ts":"2026-04-09T19:25:36.217Z","level":"INFO","device":"868120018681","event":"RX_MSG","detail":"0x9208 bodyLen=81"}
{"ts":"2026-04-09T19:25:36.217Z","level":"INFO","device":"868120018681","event":"9208_RAW","detail":"0C35342E33372E3232352E36350D320000868120018681002604091925350A0200383638313230303138363831303032363034303931393235333530613032303000000000000000000000000000000000"}
{"ts":"2026-04-09T19:25:36.218Z","level":"INFO","device":"868120018681","event":"UPLOAD_TRIGGERED","detail":"media: 54.37.225.65:3378 | alarmId: 868120018681002604091925350A0200"}
{"ts":"2026-04-09T19:25:36.219Z","level":"INFO","device":"868120018681","event":"MEDIA_CONNECTING","detail":"54.37.225.65:3378 files=2"}
{"ts":"2026-04-09T19:25:36.219Z","level":"INFO","device":"868120018681","event":"RX_MSG","detail":"0x8001 bodyLen=5"}
{"ts":"2026-04-09T19:25:36.219Z","level":"INFO","device":"868120018681","event":"SERVER_ACK","detail":"0x0800 result=OK"}
{"ts":"2026-04-09T19:25:36.424Z","level":"INFO","device":"868120018681","event":"MEDIA_CONNECTED","detail":"54.37.225.65:3378"}
{"ts":"2026-04-09T19:25:36.424Z","level":"INFO","device":"868120018681","event":"FILE_START","detail":"[1/2] 00_64_6401_00_868120018681002604091925350A0200.jpg (631 bytes)"}
{"ts":"2026-04-09T19:25:36.425Z","level":"INFO","device":"868120018681","event":"SENT_1210","detail":"00_64_6401_00_868120018681002604091925350A0200.jpg"}
{"ts":"2026-04-09T19:25:36.525Z","level":"INFO","device":"868120018681","event":"SENT_RAW_MARKER","detail":"00_64_6401_00_868120018681002604091925350A0200.jpg packet=693 bytes data=631 bytes"}
{"ts":"2026-04-09T19:25:36.526Z","level":"INFO","device":"868120018681","event":"SENT_1212","detail":"00_64_6401_00_868120018681002604091925350A0200.jpg type=0"}
{"ts":"2026-04-09T19:25:36.631Z","level":"INFO","device":"868120018681","event":"MEDIA_RX","detail":"7E 80 01 00 05 86 81 20 01 86 81 9D E2 00 00 12 10 00 D8 7E"}
{"ts":"2026-04-09T19:25:36.827Z","level":"INFO","device":"868120018681","event":"FILE_START","detail":"[2/2] 02_64_6401_03_868120018681002604091925350A0200.mp4 (1570024 bytes)"}
{"ts":"2026-04-09T19:25:36.827Z","level":"INFO","device":"868120018681","event":"SENT_1210","detail":"02_64_6401_03_868120018681002604091925350A0200.mp4"}
{"ts":"2026-04-09T19:25:36.833Z","level":"INFO","device":"868120018681","event":"MEDIA_RX","detail":"7E 92 12 00 36 86 81 20 01 86 81 BC C1 32 30 30 5F 36 34 5F 36 34 30 31 5F 30 30 5F 38 36 38 31 32 30 30 31 38 36 38 31 30 30 32 36 30 34 30 39 31 39 32 35 33 35 30 41 30 32 30 30 2E 6A 70 67 00 00 00 FA 7E"}
{"ts":"2026-04-09T19:25:36.928Z","level":"INFO","device":"868120018681","event":"SENT_RAW_MARKER","detail":"02_64_6401_03_868120018681002604091925350A0200.mp4 packet=1570086 bytes data=1570024 bytes"}
{"ts":"2026-04-09T19:25:37.134Z","level":"INFO","device":"868120018681","event":"MEDIA_RX","detail":"7E 80 01 00 05 86 81 20 01 86 81 45 C1 00 02 12 10 00 21 7E"}
{"ts":"2026-04-09T19:25:38.108Z","level":"INFO","device":"868120018681","event":"SENT_1212","detail":"02_64_6401_03_868120018681002604091925350A0200.mp4 type=2"}
{"ts":"2026-04-09T19:25:38.409Z","level":"INFO","device":"868120018681","event":"BATCH_COMPLETE","detail":"All 2 files sent"}
{"ts":"2026-04-09T19:25:38.821Z","level":"ERROR","device":"868120018681","event":"MEDIA_ERROR","detail":"54.37.225.65:3378 — read ECONNRESET"}
{"ts":"2026-04-09T19:25:38.822Z","level":"INFO","device":"868120018681","event":"MEDIA_CLOSED","detail":""}
{"ts":"2026-04-09T19:26:35.728Z","level":"INFO","device":"868120018681","event":"INCIDENT_SENT","detail":"mediaId=11 alarmId=868120018681002604091926350B0200"}
{"ts":"2026-04-09T19:26:35.934Z","level":"INFO","device":"868120018681","event":"RX_MSG","detail":"0x8001 bodyLen=5"}
{"ts":"2026-04-09T19:26:35.934Z","level":"INFO","device":"868120018681","event":"SERVER_ACK","detail":"0x0200 result=OK"}
{"ts":"2026-04-09T19:26:36.278Z","level":"INFO","device":"868120018681","event":"RX_MSG","detail":"0x9208 bodyLen=81"}
{"ts":"2026-04-09T19:26:36.278Z","level":"INFO","device":"868120018681","event":"9208_RAW","detail":"0C35342E33372E3232352E36350D320000868120018681002604091926350B0200383638313230303138363831303032363034303931393236333530623032303000000000000000000000000000000000"}
{"ts":"2026-04-09T19:26:36.278Z","level":"INFO","device":"868120018681","event":"UPLOAD_TRIGGERED","detail":"media: 54.37.225.65:3378 | alarmId: 868120018681002604091926350B0200"}
{"ts":"2026-04-09T19:26:36.279Z","level":"INFO","device":"868120018681","event":"MEDIA_CONNECTING","detail":"54.37.225.65:3378 files=2"}
{"ts":"2026-04-09T19:26:36.279Z","level":"INFO","device":"868120018681","event":"RX_MSG","detail":"0x8001 bodyLen=5"}
{"ts":"2026-04-09T19:26:36.279Z","level":"INFO","device":"868120018681","event":"SERVER_ACK","detail":"0x0800 result=OK"}
{"ts":"2026-04-09T19:26:36.466Z","level":"INFO","device":"868120018681","event":"MEDIA_CONNECTED","detail":"54.37.225.65:3378"}
{"ts":"2026-04-09T19:26:36.467Z","level":"INFO","device":"868120018681","event":"FILE_START","detail":"[1/2] 00_64_6401_00_868120018681002604091926350B0200.jpg (631 bytes)"}
{"ts":"2026-04-09T19:26:36.467Z","level":"INFO","device":"868120018681","event":"SENT_1210","detail":"00_64_6401_00_868120018681002604091926350B0200.jpg"}
{"ts":"2026-04-09T19:26:36.568Z","level":"INFO","device":"868120018681","event":"SENT_RAW_MARKER","detail":"00_64_6401_00_868120018681002604091926350B0200.jpg packet=693 bytes data=631 bytes"}
{"ts":"2026-04-09T19:26:36.568Z","level":"INFO","device":"868120018681","event":"SENT_1212","detail":"00_64_6401_00_868120018681002604091926350B0200.jpg type=0"}
{"ts":"2026-04-09T19:26:36.656Z","level":"INFO","device":"868120018681","event":"MEDIA_RX","detail":"7E 80 01 00 05 86 81 20 01 86 81 4F 9B 00 00 12 10 00 73 7E"}
{"ts":"2026-04-09T19:26:36.841Z","level":"INFO","device":"868120018681","event":"MEDIA_RX","detail":"7E 92 12 00 36 86 81 20 01 86 81 EE BE 32 30 30 5F 36 34 5F 36 34 30 31 5F 30 30 5F 38 36 38 31 32 30 30 31 38 36 38 31 30 30 32 36 30 34 30 39 31 39 32 36 33 35 30 42 30 32 30 30 2E 6A 70 67 00 00 00 D7 7E"}
{"ts":"2026-04-09T19:26:36.868Z","level":"INFO","device":"868120018681","event":"FILE_START","detail":"[2/2] 02_64_6401_03_868120018681002604091926350B0200.mp4 (1570024 bytes)"}
{"ts":"2026-04-09T19:26:36.868Z","level":"INFO","device":"868120018681","event":"SENT_1210","detail":"02_64_6401_03_868120018681002604091926350B0200.mp4"}
{"ts":"2026-04-09T19:26:36.970Z","level":"INFO","device":"868120018681","event":"SENT_RAW_MARKER","detail":"02_64_6401_03_868120018681002604091926350B0200.mp4 packet=1570086 bytes data=1570024 bytes"}
{"ts":"2026-04-09T19:26:37.056Z","level":"INFO","device":"868120018681","event":"MEDIA_RX","detail":"7E 80 01 00 05 86 81 20 01 86 81 37 C0 00 02 12 10 00 52 7E"}
{"ts":"2026-04-09T19:26:38.051Z","level":"INFO","device":"868120018681","event":"SENT_1212","detail":"02_64_6401_03_868120018681002604091926350B0200.mp4 type=2"}
{"ts":"2026-04-09T19:26:38.315Z","level":"INFO","device":"868120018681","event":"MEDIA_RX","detail":"7E 92 12 00 36 86 81 20 01 86 81 17 5D 32 30 32 5F 36 34 5F 36 34 30 31 5F 30 33 5F 38 36 38 31 32 30 30 31 38 36 38 31 30 30 32 36 30 34 30 39 31 39 32 36 33 35 30 42 30 32 30 30 2E 6D 70 34 02 00 00 9A 7E"}
{"ts":"2026-04-09T19:26:38.351Z","level":"INFO","device":"868120018681","event":"BATCH_COMPLETE","detail":"All 2 files sent"}
{"ts":"2026-04-09T19:26:39.015Z","level":"INFO","device":"868120018681","event":"MEDIA_CLOSED","detail":""}
{"ts":"2026-04-09T19:27:35.785Z","level":"INFO","device":"868120018681","event":"INCIDENT_SENT","detail":"mediaId=12 alarmId=868120018681002604091927350C0200"}
{"ts":"2026-04-09T19:27:35.991Z","level":"INFO","device":"868120018681","event":"RX_MSG","detail":"0x8001 bodyLen=5"}
{"ts":"2026-04-09T19:27:35.991Z","level":"INFO","device":"868120018681","event":"SERVER_ACK","detail":"0x0200 result=OK"}
{"ts":"2026-04-09T19:27:36.313Z","level":"INFO","device":"868120018681","event":"RX_MSG","detail":"0x9208 bodyLen=81"}
{"ts":"2026-04-09T19:27:36.313Z","level":"INFO","device":"868120018681","event":"9208_RAW","detail":"0C35342E33372E3232352E36350D320000868120018681002604091927350C0200383638313230303138363831303032363034303931393237333530633032303000000000000000000000000000000000"}
{"ts":"2026-04-09T19:27:36.313Z","level":"INFO","device":"868120018681","event":"UPLOAD_TRIGGERED","detail":"media: 54.37.225.65:3378 | alarmId: 868120018681002604091927350C0200"}
{"ts":"2026-04-09T19:27:36.313Z","level":"INFO","device":"868120018681","event":"MEDIA_CONNECTING","detail":"54.37.225.65:3378 files=2"}
{"ts":"2026-04-09T19:27:36.314Z","level":"INFO","device":"868120018681","event":"RX_MSG","detail":"0x8001 bodyLen=5"}
{"ts":"2026-04-09T19:27:36.314Z","level":"INFO","device":"868120018681","event":"SERVER_ACK","detail":"0x0800 result=OK"}
{"ts":"2026-04-09T19:27:36.519Z","level":"INFO","device":"868120018681","event":"MEDIA_CONNECTED","detail":"54.37.225.65:3378"}
{"ts":"2026-04-09T19:27:36.519Z","level":"INFO","device":"868120018681","event":"FILE_START","detail":"[1/2] 00_64_6401_00_868120018681002604091927350C0200.jpg (631 bytes)"}
{"ts":"2026-04-09T19:27:36.521Z","level":"INFO","device":"868120018681","event":"SENT_1210","detail":"00_64_6401_00_868120018681002604091927350C0200.jpg"}
{"ts":"2026-04-09T19:27:36.622Z","level":"INFO","device":"868120018681","event":"SENT_RAW_MARKER","detail":"00_64_6401_00_868120018681002604091927350C0200.jpg packet=693 bytes data=631 bytes"}
{"ts":"2026-04-09T19:27:36.624Z","level":"INFO","device":"868120018681","event":"SENT_1212","detail":"00_64_6401_00_868120018681002604091927350C0200.jpg type=0"}
{"ts":"2026-04-09T19:27:36.726Z","level":"INFO","device":"868120018681","event":"MEDIA_RX","detail":"7E 80 01 00 05 86 81 20 01 86 81 38 83 00 00 12 10 00 1C 7E"}
{"ts":"2026-04-09T19:27:36.924Z","level":"INFO","device":"868120018681","event":"FILE_START","detail":"[2/2] 02_64_6401_03_868120018681002604091927350C0200.mp4 (1570024 bytes)"}
{"ts":"2026-04-09T19:27:36.924Z","level":"INFO","device":"868120018681","event":"SENT_1210","detail":"02_64_6401_03_868120018681002604091927350C0200.mp4"}
{"ts":"2026-04-09T19:27:36.928Z","level":"INFO","device":"868120018681","event":"MEDIA_RX","detail":"7E 92 12 00 36 86 81 20 01 86 81 36 7F 32 30 30 5F 36 34 5F 36 34 30 31 5F 30 30 5F 38 36 38 31 32 30 30 31 38 36 38 31 30 30 32 36 30 34 30 39 31 39 32 37 33 35 30 43 30 32 30 30 2E 6A 70 67 00 00 00 CE 7E"}
{"ts":"2026-04-09T19:27:37.026Z","level":"INFO","device":"868120018681","event":"SENT_RAW_MARKER","detail":"02_64_6401_03_868120018681002604091927350C0200.mp4 packet=1570086 bytes data=1570024 bytes"}
{"ts":"2026-04-09T19:27:37.230Z","level":"INFO","device":"868120018681","event":"MEDIA_RX","detail":"7E 80 01 00 05 86 81 20 01 86 81 22 A4 00 02 12 10 00 23 7E"}
{"ts":"2026-04-09T19:27:38.163Z","level":"INFO","device":"868120018681","event":"SENT_1212","detail":"02_64_6401_03_868120018681002604091927350C0200.mp4 type=2"}
{"ts":"2026-04-09T19:27:38.463Z","level":"INFO","device":"868120018681","event":"BATCH_COMPLETE","detail":"All 2 files sent"}
{"ts":"2026-04-09T19:27:38.873Z","level":"ERROR","device":"868120018681","event":"MEDIA_ERROR","detail":"54.37.225.65:3378 — read ECONNRESET"}
{"ts":"2026-04-09T19:27:38.873Z","level":"INFO","device":"868120018681","event":"MEDIA_CLOSED","detail":""}
{"ts":"2026-04-09T19:28:35.827Z","level":"INFO","device":"868120018681","event":"INCIDENT_SENT","detail":"mediaId=13 alarmId=868120018681002604091928350D0200"}
{"ts":"2026-04-09T19:28:36.033Z","level":"INFO","device":"868120018681","event":"RX_MSG","detail":"0x8001 bodyLen=5"}
{"ts":"2026-04-09T19:28:36.034Z","level":"INFO","device":"868120018681","event":"SERVER_ACK","detail":"0x0200 result=OK"}
{"ts":"2026-04-09T19:28:36.384Z","level":"INFO","device":"868120018681","event":"RX_MSG","detail":"0x9208 bodyLen=81"}
{"ts":"2026-04-09T19:28:36.384Z","level":"INFO","device":"868120018681","event":"9208_RAW","detail":"0C35342E33372E3232352E36350D320000868120018681002604091928350D0200383638313230303138363831303032363034303931393238333530643032303000000000000000000000000000000000"}
{"ts":"2026-04-09T19:28:36.384Z","level":"INFO","device":"868120018681","event":"UPLOAD_TRIGGERED","detail":"media: 54.37.225.65:3378 | alarmId: 868120018681002604091928350D0200"}
{"ts":"2026-04-09T19:28:36.384Z","level":"INFO","device":"868120018681","event":"MEDIA_CONNECTING","detail":"54.37.225.65:3378 files=2"}
{"ts":"2026-04-09T19:28:36.385Z","level":"INFO","device":"868120018681","event":"RX_MSG","detail":"0x8001 bodyLen=5"}
{"ts":"2026-04-09T19:28:36.385Z","level":"INFO","device":"868120018681","event":"SERVER_ACK","detail":"0x0800 result=OK"}
{"ts":"2026-04-09T19:28:36.572Z","level":"INFO","device":"868120018681","event":"MEDIA_CONNECTED","detail":"54.37.225.65:3378"}
{"ts":"2026-04-09T19:28:36.573Z","level":"INFO","device":"868120018681","event":"FILE_START","detail":"[1/2] 00_64_6401_00_868120018681002604091928350D0200.jpg (631 bytes)"}
{"ts":"2026-04-09T19:28:36.573Z","level":"INFO","device":"868120018681","event":"SENT_1210","detail":"00_64_6401_00_868120018681002604091928350D0200.jpg"}
{"ts":"2026-04-09T19:28:36.674Z","level":"INFO","device":"868120018681","event":"SENT_RAW_MARKER","detail":"00_64_6401_00_868120018681002604091928350D0200.jpg packet=693 bytes data=631 bytes"}
{"ts":"2026-04-09T19:28:36.674Z","level":"INFO","device":"868120018681","event":"SENT_1212","detail":"00_64_6401_00_868120018681002604091928350D0200.jpg type=0"}
{"ts":"2026-04-09T19:28:36.761Z","level":"INFO","device":"868120018681","event":"MEDIA_RX","detail":"7E 80 01 00 05 86 81 20 01 86 81 CF 98 00 00 12 10 00 F0 7E"}
{"ts":"2026-04-09T19:28:36.946Z","level":"INFO","device":"868120018681","event":"MEDIA_RX","detail":"7E 92 12 00 36 86 81 20 01 86 81 31 89 32 30 30 5F 36 34 5F 36 34 30 31 5F 30 30 5F 38 36 38 31 32 30 30 31 38 36 38 31 30 30 32 36 30 34 30 39 31 39 32 38 33 35 30 44 30 32 30 30 2E 6A 70 67 00 00 00 37 7E"}
{"ts":"2026-04-09T19:28:36.974Z","level":"INFO","device":"868120018681","event":"FILE_START","detail":"[2/2] 02_64_6401_03_868120018681002604091928350D0200.mp4 (1570024 bytes)"}
{"ts":"2026-04-09T19:28:36.975Z","level":"INFO","device":"868120018681","event":"SENT_1210","detail":"02_64_6401_03_868120018681002604091928350D0200.mp4"}
{"ts":"2026-04-09T19:28:37.079Z","level":"INFO","device":"868120018681","event":"SENT_RAW_MARKER","detail":"02_64_6401_03_868120018681002604091928350D0200.mp4 packet=1570086 bytes data=1570024 bytes"}
{"ts":"2026-04-09T19:28:37.162Z","level":"INFO","device":"868120018681","event":"MEDIA_RX","detail":"7E 80 01 00 05 86 81 20 01 86 81 70 AC 00 02 12 10 00 79 7E"}
{"ts":"2026-04-09T19:28:38.157Z","level":"INFO","device":"868120018681","event":"SENT_1212","detail":"02_64_6401_03_868120018681002604091928350D0200.mp4 type=2"}
{"ts":"2026-04-09T19:28:38.458Z","level":"INFO","device":"868120018681","event":"BATCH_COMPLETE","detail":"All 2 files sent"}
{"ts":"2026-04-09T19:28:38.834Z","level":"ERROR","device":"868120018681","event":"MEDIA_ERROR","detail":"54.37.225.65:3378 — read ECONNRESET"}
{"ts":"2026-04-09T19:28:38.834Z","level":"INFO","device":"868120018681","event":"MEDIA_CLOSED","detail":""}
{"ts":"2026-04-09T19:29:35.884Z","level":"INFO","device":"868120018681","event":"INCIDENT_SENT","detail":"mediaId=14 alarmId=868120018681002604091929350E0200"}
{"ts":"2026-04-09T19:29:36.090Z","level":"INFO","device":"868120018681","event":"RX_MSG","detail":"0x8001 bodyLen=5"}
{"ts":"2026-04-09T19:29:36.091Z","level":"INFO","device":"868120018681","event":"SERVER_ACK","detail":"0x0200 result=OK"}
{"ts":"2026-04-09T19:29:36.412Z","level":"INFO","device":"868120018681","event":"RX_MSG","detail":"0x9208 bodyLen=81"}
{"ts":"2026-04-09T19:29:36.412Z","level":"INFO","device":"868120018681","event":"9208_RAW","detail":"0C35342E33372E3232352E36350D320000868120018681002604091929350E0200383638313230303138363831303032363034303931393239333530653032303000000000000000000000000000000000"}
{"ts":"2026-04-09T19:29:36.412Z","level":"INFO","device":"868120018681","event":"UPLOAD_TRIGGERED","detail":"media: 54.37.225.65:3378 | alarmId: 868120018681002604091929350E0200"}
{"ts":"2026-04-09T19:29:36.412Z","level":"INFO","device":"868120018681","event":"MEDIA_CONNECTING","detail":"54.37.225.65:3378 files=2"}
{"ts":"2026-04-09T19:29:36.412Z","level":"INFO","device":"868120018681","event":"RX_MSG","detail":"0x8001 bodyLen=5"}
{"ts":"2026-04-09T19:29:36.412Z","level":"INFO","device":"868120018681","event":"SERVER_ACK","detail":"0x0800 result=OK"}
{"ts":"2026-04-09T19:29:36.607Z","level":"INFO","device":"868120018681","event":"MEDIA_CONNECTED","detail":"54.37.225.65:3378"}
{"ts":"2026-04-09T19:29:36.608Z","level":"INFO","device":"868120018681","event":"FILE_START","detail":"[1/2] 00_64_6401_00_868120018681002604091929350E0200.jpg (631 bytes)"}
{"ts":"2026-04-09T19:29:36.608Z","level":"INFO","device":"868120018681","event":"SENT_1210","detail":"00_64_6401_00_868120018681002604091929350E0200.jpg"}
{"ts":"2026-04-09T19:29:36.708Z","level":"INFO","device":"868120018681","event":"SENT_RAW_MARKER","detail":"00_64_6401_00_868120018681002604091929350E0200.jpg packet=693 bytes data=631 bytes"}
{"ts":"2026-04-09T19:29:36.709Z","level":"INFO","device":"868120018681","event":"SENT_1212","detail":"00_64_6401_00_868120018681002604091929350E0200.jpg type=0"}
{"ts":"2026-04-09T19:29:36.802Z","level":"INFO","device":"868120018681","event":"MEDIA_RX","detail":"7E 80 01 00 05 86 81 20 01 86 81 BB 95 00 00 12 10 00 89 7E"}
{"ts":"2026-04-09T19:29:36.994Z","level":"INFO","device":"868120018681","event":"MEDIA_RX","detail":"7E 92 12 00 36 86 81 20 01 86 81 4F FE 32 30 30 5F 36 34 5F 36 34 30 31 5F 30 30 5F 38 36 38 31 32 30 30 31 38 36 38 31 30 30 32 36 30 34 30 39 31 39 32 39 33 35 30 45 30 32 30 30 2E 6A 70 67 00 00 00 3E 7E"}
{"ts":"2026-04-09T19:29:37.009Z","level":"INFO","device":"868120018681","event":"FILE_START","detail":"[2/2] 02_64_6401_03_868120018681002604091929350E0200.mp4 (1570024 bytes)"}
{"ts":"2026-04-09T19:29:37.010Z","level":"INFO","device":"868120018681","event":"SENT_1210","detail":"02_64_6401_03_868120018681002604091929350E0200.mp4"}
{"ts":"2026-04-09T19:29:37.114Z","level":"INFO","device":"868120018681","event":"SENT_RAW_MARKER","detail":"02_64_6401_03_868120018681002604091929350E0200.mp4 packet=1570086 bytes data=1570024 bytes"}
{"ts":"2026-04-09T19:29:37.203Z","level":"INFO","device":"868120018681","event":"MEDIA_RX","detail":"7E 80 01 00 05 86 81 20 01 86 81 93 8E 00 02 12 10 00 B8 7E"}
{"ts":"2026-04-09T19:29:38.209Z","level":"INFO","device":"868120018681","event":"SENT_1212","detail":"02_64_6401_03_868120018681002604091929350E0200.mp4 type=2"}
{"ts":"2026-04-09T19:29:38.509Z","level":"INFO","device":"868120018681","event":"BATCH_COMPLETE","detail":"All 2 files sent"}
{"ts":"2026-04-09T19:29:38.898Z","level":"ERROR","device":"868120018681","event":"MEDIA_ERROR","detail":"54.37.225.65:3378 — read ECONNRESET"}
{"ts":"2026-04-09T19:29:38.898Z","level":"INFO","device":"868120018681","event":"MEDIA_CLOSED","detail":""}
{"ts":"2026-04-09T19:30:35.927Z","level":"INFO","device":"868120018681","event":"INCIDENT_SENT","detail":"mediaId=15 alarmId=868120018681002604091930350F0200"}
{"ts":"2026-04-09T19:30:36.133Z","level":"INFO","device":"868120018681","event":"RX_MSG","detail":"0x8001 bodyLen=5"}
{"ts":"2026-04-09T19:30:36.133Z","level":"INFO","device":"868120018681","event":"SERVER_ACK","detail":"0x0200 result=OK"}
{"ts":"2026-04-09T19:30:36.475Z","level":"INFO","device":"868120018681","event":"RX_MSG","detail":"0x9208 bodyLen=81"}
{"ts":"2026-04-09T19:30:36.475Z","level":"INFO","device":"868120018681","event":"9208_RAW","detail":"0C35342E33372E3232352E36350D320000868120018681002604091930350F0200383638313230303138363831303032363034303931393330333530663032303000000000000000000000000000000000"}
{"ts":"2026-04-09T19:30:36.475Z","level":"INFO","device":"868120018681","event":"UPLOAD_TRIGGERED","detail":"media: 54.37.225.65:3378 | alarmId: 868120018681002604091930350F0200"}
{"ts":"2026-04-09T19:30:36.475Z","level":"INFO","device":"868120018681","event":"MEDIA_CONNECTING","detail":"54.37.225.65:3378 files=2"}
{"ts":"2026-04-09T19:30:36.476Z","level":"INFO","device":"868120018681","event":"RX_MSG","detail":"0x8001 bodyLen=5"}
{"ts":"2026-04-09T19:30:36.476Z","level":"INFO","device":"868120018681","event":"SERVER_ACK","detail":"0x0800 result=OK"}
{"ts":"2026-04-09T19:30:36.680Z","level":"INFO","device":"868120018681","event":"MEDIA_CONNECTED","detail":"54.37.225.65:3378"}
{"ts":"2026-04-09T19:30:36.680Z","level":"INFO","device":"868120018681","event":"FILE_START","detail":"[1/2] 00_64_6401_00_868120018681002604091930350F0200.jpg (631 bytes)"}
{"ts":"2026-04-09T19:30:36.680Z","level":"INFO","device":"868120018681","event":"SENT_1210","detail":"00_64_6401_00_868120018681002604091930350F0200.jpg"}
{"ts":"2026-04-09T19:30:36.781Z","level":"INFO","device":"868120018681","event":"SENT_RAW_MARKER","detail":"00_64_6401_00_868120018681002604091930350F0200.jpg packet=693 bytes data=631 bytes"}
{"ts":"2026-04-09T19:30:36.781Z","level":"INFO","device":"868120018681","event":"SENT_1212","detail":"00_64_6401_00_868120018681002604091930350F0200.jpg type=0"}
{"ts":"2026-04-09T19:30:36.886Z","level":"INFO","device":"868120018681","event":"MEDIA_RX","detail":"7E 80 01 00 05 86 81 20 01 86 81 DA 0E 00 00 12 10 00 73 7E"}
{"ts":"2026-04-09T19:30:37.082Z","level":"INFO","device":"868120018681","event":"FILE_START","detail":"[2/2] 02_64_6401_03_868120018681002604091930350F0200.mp4 (1570024 bytes)"}
{"ts":"2026-04-09T19:30:37.082Z","level":"INFO","device":"868120018681","event":"SENT_1210","detail":"02_64_6401_03_868120018681002604091930350F0200.mp4"}
{"ts":"2026-04-09T19:30:37.088Z","level":"INFO","device":"868120018681","event":"MEDIA_RX","detail":"7E 92 12 00 36 86 81 20 01 86 81 86 30 32 30 30 5F 36 34 5F 36 34 30 31 5F 30 30 5F 38 36 38 31 32 30 30 31 38 36 38 31 30 30 32 36 30 34 30 39 31 39 33 30 33 35 30 46 30 32 30 30 2E 6A 70 67 00 00 00 32 7E"}
{"ts":"2026-04-09T19:30:37.184Z","level":"INFO","device":"868120018681","event":"SENT_RAW_MARKER","detail":"02_64_6401_03_868120018681002604091930350F0200.mp4 packet=1570086 bytes data=1570024 bytes"}
{"ts":"2026-04-09T19:30:37.390Z","level":"INFO","device":"868120018681","event":"MEDIA_RX","detail":"7E 80 01 00 05 86 81 20 01 86 81 0E 88 00 02 12 10 00 23 7E"}
{"ts":"2026-04-09T19:30:38.216Z","level":"INFO","device":"868120018681","event":"SENT_1212","detail":"02_64_6401_03_868120018681002604091930350F0200.mp4 type=2"}
{"ts":"2026-04-09T19:30:38.517Z","level":"INFO","device":"868120018681","event":"BATCH_COMPLETE","detail":"All 2 files sent"}
{"ts":"2026-04-09T19:30:38.927Z","level":"ERROR","device":"868120018681","event":"MEDIA_ERROR","detail":"54.37.225.65:3378 — read ECONNRESET"}
{"ts":"2026-04-09T19:30:38.927Z","level":"INFO","device":"868120018681","event":"MEDIA_CLOSED","detail":""}
{"ts":"2026-04-09T19:31:35.985Z","level":"INFO","device":"868120018681","event":"INCIDENT_SENT","detail":"mediaId=16 alarmId=86812001868100260409193135100200"}
{"ts":"2026-04-09T19:31:36.192Z","level":"INFO","device":"868120018681","event":"RX_MSG","detail":"0x8001 bodyLen=5"}
{"ts":"2026-04-09T19:31:36.192Z","level":"INFO","device":"868120018681","event":"SERVER_ACK","detail":"0x0200 result=OK"}
{"ts":"2026-04-09T19:31:36.521Z","level":"INFO","device":"868120018681","event":"RX_MSG","detail":"0x9208 bodyLen=81"}
{"ts":"2026-04-09T19:31:36.522Z","level":"INFO","device":"868120018681","event":"9208_RAW","detail":"0C35342E33372E3232352E36350D32000086812001868100260409193135100200383638313230303138363831303032363034303931393331333531303032303000000000000000000000000000000000"}
{"ts":"2026-04-09T19:31:36.522Z","level":"INFO","device":"868120018681","event":"UPLOAD_TRIGGERED","detail":"media: 54.37.225.65:3378 | alarmId: 86812001868100260409193135100200"}
{"ts":"2026-04-09T19:31:36.522Z","level":"INFO","device":"868120018681","event":"MEDIA_CONNECTING","detail":"54.37.225.65:3378 files=2"}
{"ts":"2026-04-09T19:31:36.523Z","level":"INFO","device":"868120018681","event":"RX_MSG","detail":"0x8001 bodyLen=5"}
{"ts":"2026-04-09T19:31:36.523Z","level":"INFO","device":"868120018681","event":"SERVER_ACK","detail":"0x0800 result=OK"}
{"ts":"2026-04-09T19:31:36.728Z","level":"INFO","device":"868120018681","event":"MEDIA_CONNECTED","detail":"54.37.225.65:3378"}
{"ts":"2026-04-09T19:31:36.728Z","level":"INFO","device":"868120018681","event":"FILE_START","detail":"[1/2] 00_64_6401_00_86812001868100260409193135100200.jpg (631 bytes)"}
{"ts":"2026-04-09T19:31:36.728Z","level":"INFO","device":"868120018681","event":"SENT_1210","detail":"00_64_6401_00_86812001868100260409193135100200.jpg"}
{"ts":"2026-04-09T19:31:36.829Z","level":"INFO","device":"868120018681","event":"SENT_RAW_MARKER","detail":"00_64_6401_00_86812001868100260409193135100200.jpg packet=693 bytes data=631 bytes"}
{"ts":"2026-04-09T19:31:36.830Z","level":"INFO","device":"868120018681","event":"SENT_1212","detail":"00_64_6401_00_86812001868100260409193135100200.jpg type=0"}
{"ts":"2026-04-09T19:31:36.935Z","level":"INFO","device":"868120018681","event":"MEDIA_RX","detail":"7E 80 01 00 05 86 81 20 01 86 81 59 80 00 00 12 10 00 7D 02 7E"}
{"ts":"2026-04-09T19:31:37.131Z","level":"INFO","device":"868120018681","event":"FILE_START","detail":"[2/2] 02_64_6401_03_86812001868100260409193135100200.mp4 (1570024 bytes)"}
{"ts":"2026-04-09T19:31:37.131Z","level":"INFO","device":"868120018681","event":"SENT_1210","detail":"02_64_6401_03_86812001868100260409193135100200.mp4"}
{"ts":"2026-04-09T19:31:37.137Z","level":"INFO","device":"868120018681","event":"MEDIA_RX","detail":"7E 92 12 00 36 86 81 20 01 86 81 CD 54 32 30 30 5F 36 34 5F 36 34 30 31 5F 30 30 5F 38 36 38 31 32 30 30 31 38 36 38 31 30 30 32 36 30 34 30 39 31 39 33 31 33 35 31 30 30 32 30 30 2E 6A 70 67 00 00 00 6B 7E"}
{"ts":"2026-04-09T19:31:37.232Z","level":"INFO","device":"868120018681","event":"SENT_RAW_MARKER","detail":"02_64_6401_03_86812001868100260409193135100200.mp4 packet=1570086 bytes data=1570024 bytes"}
{"ts":"2026-04-09T19:31:37.436Z","level":"INFO","device":"868120018681","event":"MEDIA_RX","detail":"7E 80 01 00 05 86 81 20 01 86 81 0A B9 00 02 12 10 00 16 7E"}
{"ts":"2026-04-09T19:31:38.263Z","level":"INFO","device":"868120018681","event":"SENT_1212","detail":"02_64_6401_03_86812001868100260409193135100200.mp4 type=2"}
{"ts":"2026-04-09T19:31:38.564Z","level":"INFO","device":"868120018681","event":"BATCH_COMPLETE","detail":"All 2 files sent"}
{"ts":"2026-04-09T19:31:38.975Z","level":"ERROR","device":"868120018681","event":"MEDIA_ERROR","detail":"54.37.225.65:3378 — read ECONNRESET"}
{"ts":"2026-04-09T19:31:38.975Z","level":"INFO","device":"868120018681","event":"MEDIA_CLOSED","detail":""}
{"ts":"2026-04-09T19:32:36.041Z","level":"INFO","device":"868120018681","event":"INCIDENT_SENT","detail":"mediaId=17 alarmId=86812001868100260409193236110200"}
{"ts":"2026-04-09T19:32:36.248Z","level":"INFO","device":"868120018681","event":"RX_MSG","detail":"0x8001 bodyLen=5"}
{"ts":"2026-04-09T19:32:36.248Z","level":"INFO","device":"868120018681","event":"SERVER_ACK","detail":"0x0200 result=OK"}
{"ts":"2026-04-09T19:32:36.578Z","level":"INFO","device":"868120018681","event":"RX_MSG","detail":"0x9208 bodyLen=81"}
{"ts":"2026-04-09T19:32:36.579Z","level":"INFO","device":"868120018681","event":"9208_RAW","detail":"0C35342E33372E3232352E36350D32000086812001868100260409193236110200383638313230303138363831303032363034303931393332333631313032303000000000000000000000000000000000"}
{"ts":"2026-04-09T19:32:36.579Z","level":"INFO","device":"868120018681","event":"UPLOAD_TRIGGERED","detail":"media: 54.37.225.65:3378 | alarmId: 86812001868100260409193236110200"}
{"ts":"2026-04-09T19:32:36.579Z","level":"INFO","device":"868120018681","event":"MEDIA_CONNECTING","detail":"54.37.225.65:3378 files=2"}
{"ts":"2026-04-09T19:32:36.579Z","level":"INFO","device":"868120018681","event":"RX_MSG","detail":"0x8001 bodyLen=5"}
{"ts":"2026-04-09T19:32:36.579Z","level":"INFO","device":"868120018681","event":"SERVER_ACK","detail":"0x0800 result=OK"}
{"ts":"2026-04-09T19:32:36.767Z","level":"INFO","device":"868120018681","event":"MEDIA_CONNECTED","detail":"54.37.225.65:3378"}
{"ts":"2026-04-09T19:32:36.767Z","level":"INFO","device":"868120018681","event":"FILE_START","detail":"[1/2] 00_64_6401_00_86812001868100260409193236110200.jpg (631 bytes)"}
{"ts":"2026-04-09T19:32:36.768Z","level":"INFO","device":"868120018681","event":"SENT_1210","detail":"00_64_6401_00_86812001868100260409193236110200.jpg"}
{"ts":"2026-04-09T19:32:36.868Z","level":"INFO","device":"868120018681","event":"SENT_RAW_MARKER","detail":"00_64_6401_00_86812001868100260409193236110200.jpg packet=693 bytes data=631 bytes"}
{"ts":"2026-04-09T19:32:36.869Z","level":"INFO","device":"868120018681","event":"SENT_1212","detail":"00_64_6401_00_86812001868100260409193236110200.jpg type=0"}
{"ts":"2026-04-09T19:32:36.958Z","level":"INFO","device":"868120018681","event":"MEDIA_RX","detail":"7E 80 01 00 05 86 81 20 01 86 81 51 BC 00 00 12 10 00 4A 7E"}
{"ts":"2026-04-09T19:32:37.143Z","level":"INFO","device":"868120018681","event":"MEDIA_RX","detail":"7E 92 12 00 36 86 81 20 01 86 81 50 D8 32 30 30 5F 36 34 5F 36 34 30 31 5F 30 30 5F 38 36 38 31 32 30 30 31 38 36 38 31 30 30 32 36 30 34 30 39 31 39 33 32 33 36 31 31 30 32 30 30 2E 6A 70 67 00 00 00 7B 7E"}
{"ts":"2026-04-09T19:32:37.170Z","level":"INFO","device":"868120018681","event":"FILE_START","detail":"[2/2] 02_64_6401_03_86812001868100260409193236110200.mp4 (1570024 bytes)"}
{"ts":"2026-04-09T19:32:37.170Z","level":"INFO","device":"868120018681","event":"SENT_1210","detail":"02_64_6401_03_86812001868100260409193236110200.mp4"}
{"ts":"2026-04-09T19:32:37.272Z","level":"INFO","device":"868120018681","event":"SENT_RAW_MARKER","detail":"02_64_6401_03_86812001868100260409193236110200.mp4 packet=1570086 bytes data=1570024 bytes"}
{"ts":"2026-04-09T19:32:37.357Z","level":"INFO","device":"868120018681","event":"MEDIA_RX","detail":"7E 80 01 00 05 86 81 20 01 86 81 CE 01 00 02 12 10 00 6A 7E"}
{"ts":"2026-04-09T19:32:39.441Z","level":"INFO","device":"868120018681","event":"SENT_1212","detail":"02_64_6401_03_86812001868100260409193236110200.mp4 type=2"}
{"ts":"2026-04-09T19:32:39.742Z","level":"INFO","device":"868120018681","event":"BATCH_COMPLETE","detail":"All 2 files sent"}
{"ts":"2026-04-09T19:32:40.121Z","level":"ERROR","device":"868120018681","event":"MEDIA_ERROR","detail":"54.37.225.65:3378 — read ECONNRESET"}
{"ts":"2026-04-09T19:32:40.121Z","level":"INFO","device":"868120018681","event":"MEDIA_CLOSED","detail":""}
{"ts":"2026-04-09T19:33:36.097Z","level":"INFO","device":"868120018681","event":"INCIDENT_SENT","detail":"mediaId=18 alarmId=86812001868100260409193336120200"}
{"ts":"2026-04-09T19:33:36.304Z","level":"INFO","device":"868120018681","event":"RX_MSG","detail":"0x8001 bodyLen=5"}
{"ts":"2026-04-09T19:33:36.304Z","level":"INFO","device":"868120018681","event":"SERVER_ACK","detail":"0x0200 result=OK"}
{"ts":"2026-04-09T19:33:36.639Z","level":"INFO","device":"868120018681","event":"RX_MSG","detail":"0x9208 bodyLen=81"}
{"ts":"2026-04-09T19:33:36.639Z","level":"INFO","device":"868120018681","event":"9208_RAW","detail":"0C35342E33372E3232352E36350D32000086812001868100260409193336120200383638313230303138363831303032363034303931393333333631323032303000000000000000000000000000000000"}
{"ts":"2026-04-09T19:33:36.639Z","level":"INFO","device":"868120018681","event":"UPLOAD_TRIGGERED","detail":"media: 54.37.225.65:3378 | alarmId: 86812001868100260409193336120200"}
{"ts":"2026-04-09T19:33:36.639Z","level":"INFO","device":"868120018681","event":"MEDIA_CONNECTING","detail":"54.37.225.65:3378 files=2"}
{"ts":"2026-04-09T19:33:36.639Z","level":"INFO","device":"868120018681","event":"RX_MSG","detail":"0x8001 bodyLen=5"}
{"ts":"2026-04-09T19:33:36.639Z","level":"INFO","device":"868120018681","event":"SERVER_ACK","detail":"0x0800 result=OK"}
{"ts":"2026-04-09T19:33:36.844Z","level":"INFO","device":"868120018681","event":"MEDIA_CONNECTED","detail":"54.37.225.65:3378"}
{"ts":"2026-04-09T19:33:36.844Z","level":"INFO","device":"868120018681","event":"FILE_START","detail":"[1/2] 00_64_6401_00_86812001868100260409193336120200.jpg (631 bytes)"}
{"ts":"2026-04-09T19:33:36.844Z","level":"INFO","device":"868120018681","event":"SENT_1210","detail":"00_64_6401_00_86812001868100260409193336120200.jpg"}
{"ts":"2026-04-09T19:33:36.945Z","level":"INFO","device":"868120018681","event":"SENT_RAW_MARKER","detail":"00_64_6401_00_86812001868100260409193336120200.jpg packet=693 bytes data=631 bytes"}
{"ts":"2026-04-09T19:33:36.947Z","level":"INFO","device":"868120018681","event":"SENT_1212","detail":"00_64_6401_00_86812001868100260409193336120200.jpg type=0"}
{"ts":"2026-04-09T19:33:37.050Z","level":"INFO","device":"868120018681","event":"MEDIA_RX","detail":"7E 80 01 00 05 86 81 20 01 86 81 B0 1F 00 00 12 10 00 08 7E"}
{"ts":"2026-04-09T19:33:37.248Z","level":"INFO","device":"868120018681","event":"FILE_START","detail":"[2/2] 02_64_6401_03_86812001868100260409193336120200.mp4 (1570024 bytes)"}
{"ts":"2026-04-09T19:33:37.249Z","level":"INFO","device":"868120018681","event":"SENT_1210","detail":"02_64_6401_03_86812001868100260409193336120200.mp4"}
{"ts":"2026-04-09T19:33:37.253Z","level":"INFO","device":"868120018681","event":"MEDIA_RX","detail":"7E 92 12 00 36 86 81 20 01 86 81 C2 4B 32 30 30 5F 36 34 5F 36 34 30 31 5F 30 30 5F 38 36 38 31 32 30 30 31 38 36 38 31 30 30 32 36 30 34 30 39 31 39 33 33 33 36 31 32 30 32 30 30 2E 6A 70 67 00 00 00 78 7E"}
{"ts":"2026-04-09T19:33:37.351Z","level":"INFO","device":"868120018681","event":"SENT_RAW_MARKER","detail":"02_64_6401_03_86812001868100260409193336120200.mp4 packet=1570086 bytes data=1570024 bytes"}
{"ts":"2026-04-09T19:33:37.556Z","level":"INFO","device":"868120018681","event":"MEDIA_RX","detail":"7E 80 01 00 05 86 81 20 01 86 81 E0 C3 00 02 12 10 00 86 7E"}
{"ts":"2026-04-09T19:33:38.814Z","level":"INFO","device":"868120018681","event":"SENT_1212","detail":"02_64_6401_03_86812001868100260409193336120200.mp4 type=2"}
{"ts":"2026-04-09T19:33:39.115Z","level":"INFO","device":"868120018681","event":"BATCH_COMPLETE","detail":"All 2 files sent"}
{"ts":"2026-04-09T19:33:39.525Z","level":"ERROR","device":"868120018681","event":"MEDIA_ERROR","detail":"54.37.225.65:3378 — read ECONNRESET"}
{"ts":"2026-04-09T19:33:39.525Z","level":"INFO","device":"868120018681","event":"MEDIA_CLOSED","detail":""}
{"ts":"2026-04-09T19:34:36.154Z","level":"INFO","device":"868120018681","event":"INCIDENT_SENT","detail":"mediaId=19 alarmId=86812001868100260409193436130200"}
{"ts":"2026-04-09T19:34:36.360Z","level":"INFO","device":"868120018681","event":"RX_MSG","detail":"0x8001 bodyLen=5"}
{"ts":"2026-04-09T19:34:36.360Z","level":"INFO","device":"868120018681","event":"SERVER_ACK","detail":"0x0200 result=OK"}
{"ts":"2026-04-09T19:34:36.690Z","level":"INFO","device":"868120018681","event":"RX_MSG","detail":"0x9208 bodyLen=81"}
{"ts":"2026-04-09T19:34:36.690Z","level":"INFO","device":"868120018681","event":"9208_RAW","detail":"0C35342E33372E3232352E36350D32000086812001868100260409193436130200383638313230303138363831303032363034303931393334333631333032303000000000000000000000000000000000"}
{"ts":"2026-04-09T19:34:36.690Z","level":"INFO","device":"868120018681","event":"UPLOAD_TRIGGERED","detail":"media: 54.37.225.65:3378 | alarmId: 86812001868100260409193436130200"}
{"ts":"2026-04-09T19:34:36.690Z","level":"INFO","device":"868120018681","event":"MEDIA_CONNECTING","detail":"54.37.225.65:3378 files=2"}
{"ts":"2026-04-09T19:34:36.690Z","level":"INFO","device":"868120018681","event":"RX_MSG","detail":"0x8001 bodyLen=5"}
{"ts":"2026-04-09T19:34:36.690Z","level":"INFO","device":"868120018681","event":"SERVER_ACK","detail":"0x0800 result=OK"}
{"ts":"2026-04-09T19:34:36.895Z","level":"INFO","device":"868120018681","event":"MEDIA_CONNECTED","detail":"54.37.225.65:3378"}
{"ts":"2026-04-09T19:34:36.895Z","level":"INFO","device":"868120018681","event":"FILE_START","detail":"[1/2] 00_64_6401_00_86812001868100260409193436130200.jpg (631 bytes)"}
{"ts":"2026-04-09T19:34:36.895Z","level":"INFO","device":"868120018681","event":"SENT_1210","detail":"00_64_6401_00_86812001868100260409193436130200.jpg"}
{"ts":"2026-04-09T19:34:36.995Z","level":"INFO","device":"868120018681","event":"SENT_RAW_MARKER","detail":"00_64_6401_00_86812001868100260409193436130200.jpg packet=693 bytes data=631 bytes"}
{"ts":"2026-04-09T19:34:36.995Z","level":"INFO","device":"868120018681","event":"SENT_1212","detail":"00_64_6401_00_86812001868100260409193436130200.jpg type=0"}
{"ts":"2026-04-09T19:34:37.101Z","level":"INFO","device":"868120018681","event":"MEDIA_RX","detail":"7E 80 01 00 05 86 81 20 01 86 81 03 E1 00 00 12 10 00 45 7E"}
{"ts":"2026-04-09T19:34:37.296Z","level":"INFO","device":"868120018681","event":"FILE_START","detail":"[2/2] 02_64_6401_03_86812001868100260409193436130200.mp4 (1570024 bytes)"}
{"ts":"2026-04-09T19:34:37.296Z","level":"INFO","device":"868120018681","event":"SENT_1210","detail":"02_64_6401_03_86812001868100260409193436130200.mp4"}
{"ts":"2026-04-09T19:34:37.303Z","level":"INFO","device":"868120018681","event":"MEDIA_RX","detail":"7E 92 12 00 36 86 81 20 01 86 81 86 3C 32 30 30 5F 36 34 5F 36 34 30 31 5F 30 30 5F 38 36 38 31 32 30 30 31 38 36 38 31 30 30 32 36 30 34 30 39 31 39 33 34 33 36 31 33 30 32 30 30 2E 6A 70 67 00 00 00 4D 7E"}
{"ts":"2026-04-09T19:34:37.398Z","level":"INFO","device":"868120018681","event":"SENT_RAW_MARKER","detail":"02_64_6401_03_86812001868100260409193436130200.mp4 packet=1570086 bytes data=1570024 bytes"}
{"ts":"2026-04-09T19:34:37.602Z","level":"INFO","device":"868120018681","event":"MEDIA_RX","detail":"7E 80 01 00 05 86 81 20 01 86 81 EC 46 00 02 12 10 00 0F 7E"}
{"ts":"2026-04-09T19:34:38.623Z","level":"INFO","device":"868120018681","event":"SENT_1212","detail":"02_64_6401_03_86812001868100260409193436130200.mp4 type=2"}
{"ts":"2026-04-09T19:34:38.924Z","level":"INFO","device":"868120018681","event":"BATCH_COMPLETE","detail":"All 2 files sent"}
{"ts":"2026-04-09T19:34:39.333Z","level":"ERROR","device":"868120018681","event":"MEDIA_ERROR","detail":"54.37.225.65:3378 — read ECONNRESET"}
{"ts":"2026-04-09T19:34:39.333Z","level":"INFO","device":"868120018681","event":"MEDIA_CLOSED","detail":""}
{"ts":"2026-04-09T19:35:36.212Z","level":"INFO","device":"868120018681","event":"INCIDENT_SENT","detail":"mediaId=20 alarmId=86812001868100260409193536140200"}
{"ts":"2026-04-09T19:35:36.418Z","level":"INFO","device":"868120018681","event":"RX_MSG","detail":"0x8001 bodyLen=5"}
{"ts":"2026-04-09T19:35:36.420Z","level":"INFO","device":"868120018681","event":"SERVER_ACK","detail":"0x0200 result=OK"}
{"ts":"2026-04-09T19:35:36.766Z","level":"INFO","device":"868120018681","event":"RX_MSG","detail":"0x9208 bodyLen=81"}
{"ts":"2026-04-09T19:35:36.767Z","level":"INFO","device":"868120018681","event":"9208_RAW","detail":"0C35342E33372E3232352E36350D32000086812001868100260409193536140200383638313230303138363831303032363034303931393335333631343032303000000000000000000000000000000000"}
{"ts":"2026-04-09T19:35:36.767Z","level":"INFO","device":"868120018681","event":"UPLOAD_TRIGGERED","detail":"media: 54.37.225.65:3378 | alarmId: 86812001868100260409193536140200"}
{"ts":"2026-04-09T19:35:36.767Z","level":"INFO","device":"868120018681","event":"MEDIA_CONNECTING","detail":"54.37.225.65:3378 files=2"}
{"ts":"2026-04-09T19:35:36.767Z","level":"INFO","device":"868120018681","event":"RX_MSG","detail":"0x8001 bodyLen=5"}
{"ts":"2026-04-09T19:35:36.767Z","level":"INFO","device":"868120018681","event":"SERVER_ACK","detail":"0x0800 result=OK"}
{"ts":"2026-04-09T19:35:36.972Z","level":"INFO","device":"868120018681","event":"MEDIA_CONNECTED","detail":"54.37.225.65:3378"}
{"ts":"2026-04-09T19:35:36.972Z","level":"INFO","device":"868120018681","event":"FILE_START","detail":"[1/2] 00_64_6401_00_86812001868100260409193536140200.jpg (631 bytes)"}
{"ts":"2026-04-09T19:35:36.973Z","level":"INFO","device":"868120018681","event":"SENT_1210","detail":"00_64_6401_00_86812001868100260409193536140200.jpg"}
{"ts":"2026-04-09T19:35:37.073Z","level":"INFO","device":"868120018681","event":"SENT_RAW_MARKER","detail":"00_64_6401_00_86812001868100260409193536140200.jpg packet=693 bytes data=631 bytes"}
{"ts":"2026-04-09T19:35:37.074Z","level":"INFO","device":"868120018681","event":"SENT_1212","detail":"00_64_6401_00_86812001868100260409193536140200.jpg type=0"}
{"ts":"2026-04-09T19:35:37.181Z","level":"INFO","device":"868120018681","event":"MEDIA_RX","detail":"7E 80 01 00 05 86 81 20 01 86 81 D0 20 00 00 12 10 00 57 7E"}
{"ts":"2026-04-09T19:35:37.375Z","level":"INFO","device":"868120018681","event":"FILE_START","detail":"[2/2] 02_64_6401_03_86812001868100260409193536140200.mp4 (1570024 bytes)"}
{"ts":"2026-04-09T19:35:37.375Z","level":"INFO","device":"868120018681","event":"SENT_1210","detail":"02_64_6401_03_86812001868100260409193536140200.mp4"}
{"ts":"2026-04-09T19:35:37.381Z","level":"INFO","device":"868120018681","event":"MEDIA_RX","detail":"7E 92 12 00 36 86 81 20 01 86 81 36 AC 32 30 30 5F 36 34 5F 36 34 30 31 5F 30 30 5F 38 36 38 31 32 30 30 31 38 36 38 31 30 30 32 36 30 34 30 39 31 39 33 35 33 36 31 34 30 32 30 30 2E 6A 70 67 00 00 00 6B 7E"}
{"ts":"2026-04-09T19:35:37.530Z","level":"INFO","device":"868120018681","event":"SENT_RAW_MARKER","detail":"02_64_6401_03_86812001868100260409193536140200.mp4 packet=1570086 bytes data=1570024 bytes"}
{"ts":"2026-04-09T19:35:37.694Z","level":"INFO","device":"868120018681","event":"MEDIA_RX","detail":"7E 80 01 00 05 86 81 20 01 86 81 8E 06 00 02 12 10 00 2D 7E"}
{"ts":"2026-04-09T19:35:38.704Z","level":"INFO","device":"868120018681","event":"SENT_1212","detail":"02_64_6401_03_86812001868100260409193536140200.mp4 type=2"}
{"ts":"2026-04-09T19:35:39.006Z","level":"INFO","device":"868120018681","event":"BATCH_COMPLETE","detail":"All 2 files sent"}
{"ts":"2026-04-09T19:35:39.416Z","level":"ERROR","device":"868120018681","event":"MEDIA_ERROR","detail":"54.37.225.65:3378 — read ECONNRESET"}
{"ts":"2026-04-09T19:35:39.416Z","level":"INFO","device":"868120018681","event":"MEDIA_CLOSED","detail":""}
{"ts":"2026-04-09T19:36:16.080Z","level":"INFO","device":"868120018681","event":"RECONNECTING","detail":"attempt 1, backoff 1798ms"}
{"ts":"2026-04-09T19:36:18.083Z","level":"INFO","device":"868120018681","event":"CONNECTED","detail":"id:868120018681"}
{"ts":"2026-04-09T19:36:18.293Z","level":"INFO","device":"868120018681","event":"RX_MSG","detail":"0x8001 bodyLen=5"}
{"ts":"2026-04-09T19:36:18.294Z","level":"INFO","device":"868120018681","event":"SERVER_ACK","detail":"0x0102 result=OK"}
{"ts":"2026-04-09T19:46:18.296Z","level":"INFO","device":"868120018681","event":"RECONNECTING","detail":"attempt 1, backoff 1798ms"}
{"ts":"2026-04-09T19:46:20.302Z","level":"INFO","device":"868120018681","event":"CONNECTED","detail":"id:868120018681"}
{"ts":"2026-04-09T19:46:20.509Z","level":"INFO","device":"868120018681","event":"RX_MSG","detail":"0x8001 bodyLen=5"}
{"ts":"2026-04-09T19:46:20.510Z","level":"INFO","device":"868120018681","event":"SERVER_ACK","detail":"0x0102 result=OK"}
{"ts":"2026-04-09T19:54:26.561Z","level":"INFO","device":"868120018681","event":"RECONNECTING","detail":"attempt 1, backoff 1099ms"}
{"ts":"2026-04-09T19:54:27.960Z","level":"INFO","device":"868120018681","event":"CONNECTED","detail":"id:868120018681"}
{"ts":"2026-04-09T19:54:28.232Z","level":"INFO","device":"868120018681","event":"RX_MSG","detail":"0x8001 bodyLen=5"}
{"ts":"2026-04-09T19:54:28.233Z","level":"INFO","device":"868120018681","event":"SERVER_ACK","detail":"0x0102 result=OK"}
{"ts":"2026-04-09T20:03:40.628Z","level":"INFO","device":"868120018681","event":"RECONNECTING","detail":"attempt 1, backoff 1126ms"}
{"ts":"2026-04-09T20:03:41.943Z","level":"INFO","device":"868120018681","event":"CONNECTED","detail":"id:868120018681"}
{"ts":"2026-04-09T20:03:42.143Z","level":"INFO","device":"868120018681","event":"RX_MSG","detail":"0x8001 bodyLen=5"}
{"ts":"2026-04-09T20:03:42.143Z","level":"INFO","device":"868120018681","event":"SERVER_ACK","detail":"0x0102 result=OK"}
{"ts":"2026-04-09T20:08:03.506Z","level":"INFO","device":"868120018681","event":"RECONNECTING","detail":"attempt 1, backoff 1214ms"}
{"ts":"2026-04-09T20:08:04.927Z","level":"INFO","device":"868120018681","event":"CONNECTED","detail":"id:868120018681"}
{"ts":"2026-04-09T20:08:05.136Z","level":"INFO","device":"868120018681","event":"RX_MSG","detail":"0x8001 bodyLen=5"}
{"ts":"2026-04-09T20:08:05.136Z","level":"INFO","device":"868120018681","event":"SERVER_ACK","detail":"0x0102 result=OK"}
