{"ts":"2026-04-10T18:10:21.473Z","level":"INFO","device":"868120018681","event":"CONNECTED","detail":"id:868120018681"}
{"ts":"2026-04-10T18:10:21.492Z","level":"INFO","device":"200000000001","event":"OBD2_CONNECTED","detail":"Binary Mode"}
{"ts":"2026-04-10T18:10:21.665Z","level":"INFO","device":"868120018681","event":"RX_MSG","detail":"0x8001 bodyLen=5"}
{"ts":"2026-04-10T18:10:21.665Z","level":"INFO","device":"868120018681","event":"SERVER_ACK","detail":"0x0102 result=OK"}
{"ts":"2026-04-10T18:10:21.702Z","level":"INFO","device":"200000000001","event":"SERVER_ACK","detail":"0x8100 Registration Reply Received"}
{"ts":"2026-04-10T18:10:22.202Z","level":"INFO","device":"200000000001","event":"SERVER_ACK","detail":"0x8001 Universal Reply Received"}
{"ts":"2026-04-10T18:10:31.294Z","level":"INFO","device":"868120018681","event":"INCIDENT_SENT","detail":"mediaId=1 alarmId=86812001868100260410181031010200"}
{"ts":"2026-04-10T18:10:31.484Z","level":"INFO","device":"868120018681","event":"RX_MSG","detail":"0x8001 bodyLen=5"}
{"ts":"2026-04-10T18:10:31.484Z","level":"INFO","device":"868120018681","event":"SERVER_ACK","detail":"0x0200 result=OK"}
{"ts":"2026-04-10T18:10:31.796Z","level":"INFO","device":"868120018681","event":"RX_MSG","detail":"0x9208 bodyLen=81"}
{"ts":"2026-04-10T18:10:31.796Z","level":"INFO","device":"868120018681","event":"9208_RAW","detail":"0C35342E33372E3232352E36350D320000868120018681002604101801430B0200383638313230303138363831303032363034313031383031343330623032303000000000000000000000000000000000"}
{"ts":"2026-04-10T18:10:31.797Z","level":"INFO","device":"868120018681","event":"UPLOAD_TRIGGERED","detail":"media: 54.37.225.65:3378 | alarmId: 868120018681002604101801430B0200"}
{"ts":"2026-04-10T18:10:31.797Z","level":"INFO","device":"868120018681","event":"MEDIA_CONNECTING","detail":"54.37.225.65:3378 files=2"}
{"ts":"2026-04-10T18:10:31.797Z","level":"INFO","device":"868120018681","event":"RX_MSG","detail":"0x8001 bodyLen=5"}
{"ts":"2026-04-10T18:10:31.797Z","level":"INFO","device":"868120018681","event":"SERVER_ACK","detail":"0x0800 result=OK"}
{"ts":"2026-04-10T18:10:32.003Z","level":"INFO","device":"868120018681","event":"MEDIA_CONNECTED","detail":"54.37.225.65:3378"}
{"ts":"2026-04-10T18:10:32.003Z","level":"INFO","device":"868120018681","event":"FILE_START","detail":"[1/2] 00_64_6401_00_868120018681002604101801430B0200.jpg (631 bytes)"}
{"ts":"2026-04-10T18:10:32.004Z","level":"INFO","device":"868120018681","event":"SENT_1210","detail":"00_64_6401_00_868120018681002604101801430B0200.jpg"}
{"ts":"2026-04-10T18:10:32.105Z","level":"INFO","device":"868120018681","event":"SENT_RAW_MARKER","detail":"00_64_6401_00_868120018681002604101801430B0200.jpg packet=693 bytes data=631 bytes"}
{"ts":"2026-04-10T18:10:32.105Z","level":"INFO","device":"868120018681","event":"SENT_1212","detail":"00_64_6401_00_868120018681002604101801430B0200.jpg type=0"}
{"ts":"2026-04-10T18:10:32.209Z","level":"INFO","device":"868120018681","event":"MEDIA_RX","detail":"7E 80 01 00 05 86 81 20 01 86 81 90 4E 00 00 12 10 00 79 7E"}
{"ts":"2026-04-10T18:10:32.406Z","level":"INFO","device":"868120018681","event":"FILE_START","detail":"[2/2] 02_64_6401_03_868120018681002604101801430B0200.mp4 (1570024 bytes)"}
{"ts":"2026-04-10T18:10:32.406Z","level":"INFO","device":"868120018681","event":"SENT_1210","detail":"02_64_6401_03_868120018681002604101801430B0200.mp4"}
{"ts":"2026-04-10T18:10:32.412Z","level":"INFO","device":"868120018681","event":"MEDIA_RX","detail":"7E 92 12 00 36 86 81 20 01 86 81 B4 15 32 30 30 5F 36 34 5F 36 34 30 31 5F 30 30 5F 38 36 38 31 32 30 30 31 38 36 38 31 30 30 32 36 30 34 31 30 31 38 30 31 34 33 30 42 30 32 30 30 2E 6A 70 67 00 00 00 2B 7E"}
{"ts":"2026-04-10T18:10:32.508Z","level":"INFO","device":"868120018681","event":"SENT_RAW_MARKER","detail":"02_64_6401_03_868120018681002604101801430B0200.mp4 packet=1570086 bytes data=1570024 bytes"}
{"ts":"2026-04-10T18:10:32.713Z","level":"INFO","device":"868120018681","event":"MEDIA_RX","detail":"7E 80 01 00 05 86 81 20 01 86 81 49 4A 00 02 12 10 00 A6 7E"}
{"ts":"2026-04-10T18:10:33.938Z","level":"INFO","device":"868120018681","event":"SENT_1212","detail":"02_64_6401_03_868120018681002604101801430B0200.mp4 type=2"}
{"ts":"2026-04-10T18:10:34.238Z","level":"INFO","device":"868120018681","event":"BATCH_COMPLETE","detail":"All 2 files sent"}
{"ts":"2026-04-10T18:10:34.467Z","level":"INFO","device":"868120018681","event":"RX_MSG","detail":"0x9208 bodyLen=81"}
{"ts":"2026-04-10T18:10:34.468Z","level":"INFO","device":"868120018681","event":"9208_RAW","detail":"0C35342E33372E3232352E36350D320000868120018681002604101801530C0200383638313230303138363831303032363034313031383031353330633032303000000000000000000000000000000000"}
{"ts":"2026-04-10T18:10:34.468Z","level":"INFO","device":"868120018681","event":"UPLOAD_TRIGGERED","detail":"media: 54.37.225.65:3378 | alarmId: 868120018681002604101801530C0200"}
{"ts":"2026-04-10T18:10:34.468Z","level":"INFO","device":"868120018681","event":"MEDIA_CONNECTING","detail":"54.37.225.65:3378 files=2"}
{"ts":"2026-04-10T18:10:34.651Z","level":"ERROR","device":"868120018681","event":"MEDIA_ERROR","detail":"54.37.225.65:3378 — read ECONNRESET"}
{"ts":"2026-04-10T18:10:34.651Z","level":"INFO","device":"868120018681","event":"MEDIA_CLOSED","detail":""}
{"ts":"2026-04-10T18:10:34.657Z","level":"INFO","device":"868120018681","event":"MEDIA_CONNECTED","detail":"54.37.225.65:3378"}
{"ts":"2026-04-10T18:10:34.657Z","level":"INFO","device":"868120018681","event":"FILE_START","detail":"[1/2] 00_64_6401_00_868120018681002604101801530C0200.jpg (631 bytes)"}
{"ts":"2026-04-10T18:10:34.658Z","level":"INFO","device":"868120018681","event":"SENT_1210","detail":"00_64_6401_00_868120018681002604101801530C0200.jpg"}
{"ts":"2026-04-10T18:10:34.758Z","level":"INFO","device":"868120018681","event":"SENT_RAW_MARKER","detail":"00_64_6401_00_868120018681002604101801530C0200.jpg packet=693 bytes data=631 bytes"}
{"ts":"2026-04-10T18:10:34.758Z","level":"INFO","device":"868120018681","event":"SENT_1212","detail":"00_64_6401_00_868120018681002604101801530C0200.jpg type=0"}
{"ts":"2026-04-10T18:10:34.848Z","level":"INFO","device":"868120018681","event":"MEDIA_RX","detail":"7E 80 01 00 05 86 81 20 01 86 81 FB A3 00 00 12 10 00 FF 7E"}
{"ts":"2026-04-10T18:10:35.034Z","level":"INFO","device":"868120018681","event":"MEDIA_RX","detail":"7E 92 12 00 36 86 81 20 01 86 81 0E 2E 32 30 30 5F 36 34 5F 36 34 30 31 5F 30 30 5F 38 36 38 31 32 30 30 31 38 36 38 31 30 30 32 36 30 34 31 30 31 38 30 31 35 33 30 43 30 32 30 30 2E 6A 70 67 00 00 00 AA 7E"}
{"ts":"2026-04-10T18:10:35.059Z","level":"INFO","device":"868120018681","event":"FILE_START","detail":"[2/2] 02_64_6401_03_868120018681002604101801530C0200.mp4 (1570024 bytes)"}
{"ts":"2026-04-10T18:10:35.059Z","level":"INFO","device":"868120018681","event":"SENT_1210","detail":"02_64_6401_03_868120018681002604101801530C0200.mp4"}
{"ts":"2026-04-10T18:10:35.160Z","level":"INFO","device":"868120018681","event":"SENT_RAW_MARKER","detail":"02_64_6401_03_868120018681002604101801530C0200.mp4 packet=1570086 bytes data=1570024 bytes"}
{"ts":"2026-04-10T18:10:35.247Z","level":"INFO","device":"868120018681","event":"MEDIA_RX","detail":"7E 80 01 00 05 86 81 20 01 86 81 7D 02 71 00 02 12 10 00 AA 7E"}
{"ts":"2026-04-10T18:10:36.285Z","level":"INFO","device":"200000000001","event":"OBD2_SENT_0x0200","detail":"Lat: 51.736718, Lng: 0.470393 | Speed: 43km/h | RPM: 2513"}
{"ts":"2026-04-10T18:10:36.406Z","level":"INFO","device":"868120018681","event":"SENT_1212","detail":"02_64_6401_03_868120018681002604101801530C0200.mp4 type=2"}
{"ts":"2026-04-10T18:10:36.497Z","level":"INFO","device":"200000000001","event":"SERVER_ACK","detail":"0x8001 Universal Reply Received"}
{"ts":"2026-04-10T18:10:36.708Z","level":"INFO","device":"868120018681","event":"BATCH_COMPLETE","detail":"All 2 files sent"}
{"ts":"2026-04-10T18:10:37.085Z","level":"ERROR","device":"868120018681","event":"MEDIA_ERROR","detail":"54.37.225.65:3378 — read ECONNRESET"}
{"ts":"2026-04-10T18:10:37.085Z","level":"INFO","device":"868120018681","event":"MEDIA_CLOSED","detail":""}
{"ts":"2026-04-10T18:10:37.158Z","level":"INFO","device":"868120018681","event":"RX_MSG","detail":"0x9208 bodyLen=81"}
{"ts":"2026-04-10T18:10:37.159Z","level":"INFO","device":"868120018681","event":"9208_RAW","detail":"0C35342E33372E3232352E36350D320000868120018681002604101802030D0200383638313230303138363831303032363034313031383032303330643032303000000000000000000000000000000000"}
{"ts":"2026-04-10T18:10:37.159Z","level":"INFO","device":"868120018681","event":"UPLOAD_TRIGGERED","detail":"media: 54.37.225.65:3378 | alarmId: 868120018681002604101802030D0200"}
{"ts":"2026-04-10T18:10:37.159Z","level":"INFO","device":"868120018681","event":"MEDIA_CONNECTING","detail":"54.37.225.65:3378 files=2"}
{"ts":"2026-04-10T18:10:37.365Z","level":"INFO","device":"868120018681","event":"MEDIA_CONNECTED","detail":"54.37.225.65:3378"}
{"ts":"2026-04-10T18:10:37.365Z","level":"INFO","device":"868120018681","event":"FILE_START","detail":"[1/2] 00_64_6401_00_868120018681002604101802030D0200.jpg (631 bytes)"}
{"ts":"2026-04-10T18:10:37.366Z","level":"INFO","device":"868120018681","event":"SENT_1210","detail":"00_64_6401_00_868120018681002604101802030D0200.jpg"}
{"ts":"2026-04-10T18:10:37.467Z","level":"INFO","device":"868120018681","event":"SENT_RAW_MARKER","detail":"00_64_6401_00_868120018681002604101802030D0200.jpg packet=693 bytes data=631 bytes"}
{"ts":"2026-04-10T18:10:37.467Z","level":"INFO","device":"868120018681","event":"SENT_1212","detail":"00_64_6401_00_868120018681002604101802030D0200.jpg type=0"}
{"ts":"2026-04-10T18:10:37.573Z","level":"INFO","device":"868120018681","event":"MEDIA_RX","detail":"7E 80 01 00 05 86 81 20 01 86 81 A3 8E 00 00 12 10 00 8A 7E"}
{"ts":"2026-04-10T18:10:37.769Z","level":"INFO","device":"868120018681","event":"FILE_START","detail":"[2/2] 02_64_6401_03_868120018681002604101802030D0200.mp4 (1570024 bytes)"}
{"ts":"2026-04-10T18:10:37.770Z","level":"INFO","device":"868120018681","event":"SENT_1210","detail":"02_64_6401_03_868120018681002604101802030D0200.mp4"}
{"ts":"2026-04-10T18:10:37.776Z","level":"INFO","device":"868120018681","event":"MEDIA_RX","detail":"7E 92 12 00 36 86 81 20 01 86 81 DF F6 32 30 30 5F 36 34 5F 36 34 30 31 5F 30 30 5F 38 36 38 31 32 30 30 31 38 36 38 31 30 30 32 36 30 34 31 30 31 38 30 32 30 33 30 44 30 32 30 30 2E 6A 70 67 00 00 00 A2 7E"}
{"ts":"2026-04-10T18:10:37.872Z","level":"INFO","device":"868120018681","event":"SENT_RAW_MARKER","detail":"02_64_6401_03_868120018681002604101802030D0200.mp4 packet=1570086 bytes data=1570024 bytes"}
{"ts":"2026-04-10T18:10:38.083Z","level":"INFO","device":"868120018681","event":"MEDIA_RX","detail":"7E 80 01 00 05 86 81 20 01 86 81 3E 24 00 02 12 10 00 BF 7E"}
{"ts":"2026-04-10T18:10:39.032Z","level":"INFO","device":"868120018681","event":"SENT_1212","detail":"02_64_6401_03_868120018681002604101802030D0200.mp4 type=2"}
{"ts":"2026-04-10T18:10:39.332Z","level":"INFO","device":"868120018681","event":"BATCH_COMPLETE","detail":"All 2 files sent"}
{"ts":"2026-04-10T18:10:39.474Z","level":"INFO","device":"868120018681","event":"RX_MSG","detail":"0x9208 bodyLen=81"}
{"ts":"2026-04-10T18:10:39.475Z","level":"INFO","device":"868120018681","event":"9208_RAW","detail":"0C35342E33372E3232352E36350D320000868120018681002604101802130E0200383638313230303138363831303032363034313031383032313330653032303000000000000000000000000000000000"}
{"ts":"2026-04-10T18:10:39.477Z","level":"INFO","device":"868120018681","event":"UPLOAD_TRIGGERED","detail":"media: 54.37.225.65:3378 | alarmId: 868120018681002604101802130E0200"}
{"ts":"2026-04-10T18:10:39.477Z","level":"INFO","device":"868120018681","event":"MEDIA_CONNECTING","detail":"54.37.225.65:3378 files=2"}
{"ts":"2026-04-10T18:10:39.664Z","level":"INFO","device":"868120018681","event":"MEDIA_CONNECTED","detail":"54.37.225.65:3378"}
{"ts":"2026-04-10T18:10:39.664Z","level":"INFO","device":"868120018681","event":"FILE_START","detail":"[1/2] 00_64_6401_00_868120018681002604101802130E0200.jpg (631 bytes)"}
{"ts":"2026-04-10T18:10:39.665Z","level":"INFO","device":"868120018681","event":"SENT_1210","detail":"00_64_6401_00_868120018681002604101802130E0200.jpg"}
{"ts":"2026-04-10T18:10:39.743Z","level":"ERROR","device":"868120018681","event":"MEDIA_ERROR","detail":"54.37.225.65:3378 — read ECONNRESET"}
{"ts":"2026-04-10T18:10:39.745Z","level":"INFO","device":"868120018681","event":"MEDIA_CLOSED","detail":""}
{"ts":"2026-04-10T18:10:39.769Z","level":"INFO","device":"868120018681","event":"SENT_RAW_MARKER","detail":"00_64_6401_00_868120018681002604101802130E0200.jpg packet=693 bytes data=631 bytes"}
{"ts":"2026-04-10T18:10:39.769Z","level":"INFO","device":"868120018681","event":"SENT_1212","detail":"00_64_6401_00_868120018681002604101802130E0200.jpg type=0"}
{"ts":"2026-04-10T18:10:39.789Z","level":"INFO","device":"868120018681","event":"RX_MSG","detail":"0x9208 bodyLen=81"}
{"ts":"2026-04-10T18:10:39.790Z","level":"INFO","device":"868120018681","event":"9208_RAW","detail":"0C35342E33372E3232352E36350D320000868120018681002604101802230F0200383638313230303138363831303032363034313031383032323330663032303000000000000000000000000000000000"}
{"ts":"2026-04-10T18:10:39.790Z","level":"INFO","device":"868120018681","event":"UPLOAD_TRIGGERED","detail":"media: 54.37.225.65:3378 | alarmId: 868120018681002604101802230F0200"}
{"ts":"2026-04-10T18:10:39.790Z","level":"INFO","device":"868120018681","event":"MEDIA_CONNECTING","detail":"54.37.225.65:3378 files=2"}
{"ts":"2026-04-10T18:10:39.856Z","level":"INFO","device":"868120018681","event":"MEDIA_RX","detail":"7E 80 01 00 05 86 81 20 01 86 81 C8 F8 00 00 12 10 00 97 7E"}
{"ts":"2026-04-10T18:10:39.995Z","level":"INFO","device":"868120018681","event":"MEDIA_CONNECTED","detail":"54.37.225.65:3378"}
{"ts":"2026-04-10T18:10:39.995Z","level":"INFO","device":"868120018681","event":"FILE_START","detail":"[1/2] 00_64_6401_00_868120018681002604101802230F0200.jpg (631 bytes)"}
{"ts":"2026-04-10T18:10:39.996Z","level":"INFO","device":"868120018681","event":"SENT_1210","detail":"00_64_6401_00_868120018681002604101802230F0200.jpg"}
{"ts":"2026-04-10T18:10:40.042Z","level":"INFO","device":"868120018681","event":"MEDIA_RX","detail":"7E 92 12 00 36 86 81 20 01 86 81 21 01 32 30 30 5F 36 34 5F 36 34 30 31 5F 30 30 5F 38 36 38 31 32 30 30 31 38 36 38 31 30 30 32 36 30 34 31 30 31 38 30 32 31 33 30 45 30 32 30 30 2E 6A 70 67 00 00 00 AB 7E"}
{"ts":"2026-04-10T18:10:40.072Z","level":"INFO","device":"868120018681","event":"FILE_START","detail":"[2/2] 02_64_6401_03_868120018681002604101802130E0200.mp4 (1570024 bytes)"}
{"ts":"2026-04-10T18:10:40.073Z","level":"INFO","device":"868120018681","event":"SENT_1210","detail":"02_64_6401_03_868120018681002604101802130E0200.mp4"}
{"ts":"2026-04-10T18:10:40.097Z","level":"INFO","device":"868120018681","event":"SENT_RAW_MARKER","detail":"00_64_6401_00_868120018681002604101802230F0200.jpg packet=693 bytes data=631 bytes"}
{"ts":"2026-04-10T18:10:40.098Z","level":"INFO","device":"868120018681","event":"SENT_1212","detail":"00_64_6401_00_868120018681002604101802230F0200.jpg type=0"}
{"ts":"2026-04-10T18:10:40.174Z","level":"INFO","device":"868120018681","event":"SENT_RAW_MARKER","detail":"02_64_6401_03_868120018681002604101802130E0200.mp4 packet=1570086 bytes data=1570024 bytes"}
{"ts":"2026-04-10T18:10:40.201Z","level":"INFO","device":"868120018681","event":"MEDIA_RX","detail":"7E 80 01 00 05 86 81 20 01 86 81 CF D8 00 00 12 10 00 B0 7E"}
{"ts":"2026-04-10T18:10:40.261Z","level":"INFO","device":"868120018681","event":"MEDIA_RX","detail":"7E 80 01 00 05 86 81 20 01 86 81 00 8B 00 02 12 10 00 2E 7E"}
{"ts":"2026-04-10T18:10:40.399Z","level":"INFO","device":"868120018681","event":"FILE_START","detail":"[2/2] 02_64_6401_03_868120018681002604101802230F0200.mp4 (1570024 bytes)"}
{"ts":"2026-04-10T18:10:40.400Z","level":"INFO","device":"868120018681","event":"SENT_1210","detail":"02_64_6401_03_868120018681002604101802230F0200.mp4"}
{"ts":"2026-04-10T18:10:40.403Z","level":"INFO","device":"868120018681","event":"MEDIA_RX","detail":"7E 92 12 00 36 86 81 20 01 86 81 2C A1 32 30 30 5F 36 34 5F 36 34 30 31 5F 30 30 5F 38 36 38 31 32 30 30 31 38 36 38 31 30 30 32 36 30 34 31 30 31 38 30 32 32 33 30 46 30 32 30 30 2E 6A 70 67 00 00 00 06 7E"}
{"ts":"2026-04-10T18:10:40.503Z","level":"INFO","device":"868120018681","event":"SENT_RAW_MARKER","detail":"02_64_6401_03_868120018681002604101802230F0200.mp4 packet=1570086 bytes data=1570024 bytes"}
{"ts":"2026-04-10T18:10:40.710Z","level":"INFO","device":"868120018681","event":"MEDIA_RX","detail":"7E 80 01 00 05 86 81 20 01 86 81 45 20 00 02 12 10 00 C0 7E"}
{"ts":"2026-04-10T18:10:41.283Z","level":"INFO","device":"868120018681","event":"GPS_SENT","detail":""}
{"ts":"2026-04-10T18:10:41.294Z","level":"INFO","device":"868120018681","event":"INCIDENT_SENT","detail":"mediaId=2 alarmId=86812001868100260410181041020200"}
{"ts":"2026-04-10T18:10:41.312Z","level":"INFO","device":"868120018681","event":"SENT_1212","detail":"02_64_6401_03_868120018681002604101802130E0200.mp4 type=2"}
{"ts":"2026-04-10T18:10:41.471Z","level":"INFO","device":"868120018681","event":"RX_MSG","detail":"0x8001 bodyLen=5"}
{"ts":"2026-04-10T18:10:41.471Z","level":"INFO","device":"868120018681","event":"SERVER_ACK","detail":"0x0200 result=OK"}
{"ts":"2026-04-10T18:10:41.544Z","level":"INFO","device":"868120018681","event":"SENT_1212","detail":"02_64_6401_03_868120018681002604101802230F0200.mp4 type=2"}
{"ts":"2026-04-10T18:10:41.613Z","level":"INFO","device":"868120018681","event":"BATCH_COMPLETE","detail":"All 2 files sent"}
{"ts":"2026-04-10T18:10:41.779Z","level":"INFO","device":"868120018681","event":"RX_MSG","detail":"0x8001 bodyLen=5"}
{"ts":"2026-04-10T18:10:41.779Z","level":"INFO","device":"868120018681","event":"SERVER_ACK","detail":"0x0200 result=OK"}
{"ts":"2026-04-10T18:10:41.779Z","level":"INFO","device":"868120018681","event":"RX_MSG","detail":"0x8001 bodyLen=5"}
{"ts":"2026-04-10T18:10:41.779Z","level":"INFO","device":"868120018681","event":"SERVER_ACK","detail":"0x0800 result=OK"}
{"ts":"2026-04-10T18:10:41.845Z","level":"INFO","device":"868120018681","event":"BATCH_COMPLETE","detail":"All 2 files sent"}
{"ts":"2026-04-10T18:10:41.988Z","level":"ERROR","device":"868120018681","event":"MEDIA_ERROR","detail":"54.37.225.65:3378 — read ECONNRESET"}
{"ts":"2026-04-10T18:10:41.988Z","level":"INFO","device":"868120018681","event":"MEDIA_CLOSED","detail":""}
{"ts":"2026-04-10T18:10:42.255Z","level":"ERROR","device":"868120018681","event":"MEDIA_ERROR","detail":"54.37.225.65:3378 — read ECONNRESET"}
{"ts":"2026-04-10T18:10:42.255Z","level":"INFO","device":"868120018681","event":"MEDIA_CLOSED","detail":""}
{"ts":"2026-04-10T18:10:43.665Z","level":"INFO","device":"868120018681","event":"RX_MSG","detail":"0x9208 bodyLen=81"}
{"ts":"2026-04-10T18:10:43.665Z","level":"INFO","device":"868120018681","event":"9208_RAW","detail":"0C35342E33372E3232352E36350D32000086812001868100260410180233100200383638313230303138363831303032363034313031383032333331303032303000000000000000000000000000000000"}
{"ts":"2026-04-10T18:10:43.665Z","level":"INFO","device":"868120018681","event":"UPLOAD_TRIGGERED","detail":"media: 54.37.225.65:3378 | alarmId: 86812001868100260410180233100200"}
{"ts":"2026-04-10T18:10:43.665Z","level":"INFO","device":"868120018681","event":"MEDIA_CONNECTING","detail":"54.37.225.65:3378 files=2"}
{"ts":"2026-04-10T18:10:43.871Z","level":"INFO","device":"868120018681","event":"MEDIA_CONNECTED","detail":"54.37.225.65:3378"}
{"ts":"2026-04-10T18:10:43.871Z","level":"INFO","device":"868120018681","event":"FILE_START","detail":"[1/2] 00_64_6401_00_86812001868100260410180233100200.jpg (631 bytes)"}
{"ts":"2026-04-10T18:10:43.872Z","level":"INFO","device":"868120018681","event":"SENT_1210","detail":"00_64_6401_00_86812001868100260410180233100200.jpg"}
{"ts":"2026-04-10T18:10:43.972Z","level":"INFO","device":"868120018681","event":"SENT_RAW_MARKER","detail":"00_64_6401_00_86812001868100260410180233100200.jpg packet=693 bytes data=631 bytes"}
{"ts":"2026-04-10T18:10:43.972Z","level":"INFO","device":"868120018681","event":"SENT_1212","detail":"00_64_6401_00_86812001868100260410180233100200.jpg type=0"}
{"ts":"2026-04-10T18:10:44.077Z","level":"INFO","device":"868120018681","event":"MEDIA_RX","detail":"7E 80 01 00 05 86 81 20 01 86 81 AE 3B 00 00 12 10 00 32 7E"}
{"ts":"2026-04-10T18:10:44.272Z","level":"INFO","device":"868120018681","event":"FILE_START","detail":"[2/2] 02_64_6401_03_86812001868100260410180233100200.mp4 (1570024 bytes)"}
{"ts":"2026-04-10T18:10:44.272Z","level":"INFO","device":"868120018681","event":"SENT_1210","detail":"02_64_6401_03_86812001868100260410180233100200.mp4"}
{"ts":"2026-04-10T18:10:44.279Z","level":"INFO","device":"868120018681","event":"MEDIA_RX","detail":"7E 92 12 00 36 86 81 20 01 86 81 B5 F5 32 30 30 5F 36 34 5F 36 34 30 31 5F 30 30 5F 38 36 38 31 32 30 30 31 38 36 38 31 30 30 32 36 30 34 31 30 31 38 30 32 33 33 31 30 30 32 30 30 2E 6A 70 67 00 00 00 BD 7E"}
{"ts":"2026-04-10T18:10:44.373Z","level":"INFO","device":"868120018681","event":"SENT_RAW_MARKER","detail":"02_64_6401_03_86812001868100260410180233100200.mp4 packet=1570086 bytes data=1570024 bytes"}
{"ts":"2026-04-10T18:10:44.577Z","level":"INFO","device":"868120018681","event":"MEDIA_RX","detail":"7E 80 01 00 05 86 81 20 01 86 81 3B AA 00 02 12 10 00 34 7E"}
{"ts":"2026-04-10T18:10:45.394Z","level":"INFO","device":"868120018681","event":"SENT_1212","detail":"02_64_6401_03_86812001868100260410180233100200.mp4 type=2"}
{"ts":"2026-04-10T18:10:45.695Z","level":"INFO","device":"868120018681","event":"BATCH_COMPLETE","detail":"All 2 files sent"}
{"ts":"2026-04-10T18:10:46.105Z","level":"ERROR","device":"868120018681","event":"MEDIA_ERROR","detail":"54.37.225.65:3378 — read ECONNRESET"}
{"ts":"2026-04-10T18:10:46.105Z","level":"INFO","device":"868120018681","event":"MEDIA_CLOSED","detail":""}
{"ts":"2026-04-10T18:10:47.777Z","level":"INFO","device":"868120018681","event":"RX_MSG","detail":"0x9208 bodyLen=81"}
{"ts":"2026-04-10T18:10:47.779Z","level":"INFO","device":"868120018681","event":"9208_RAW","detail":"0C35342E33372E3232352E36350D32000086812001868100260410180243110200383638313230303138363831303032363034313031383032343331313032303000000000000000000000000000000000"}
{"ts":"2026-04-10T18:10:47.779Z","level":"INFO","device":"868120018681","event":"UPLOAD_TRIGGERED","detail":"media: 54.37.225.65:3378 | alarmId: 86812001868100260410180243110200"}
{"ts":"2026-04-10T18:10:47.779Z","level":"INFO","device":"868120018681","event":"MEDIA_CONNECTING","detail":"54.37.225.65:3378 files=2"}
{"ts":"2026-04-10T18:10:47.968Z","level":"INFO","device":"868120018681","event":"MEDIA_CONNECTED","detail":"54.37.225.65:3378"}
{"ts":"2026-04-10T18:10:47.968Z","level":"INFO","device":"868120018681","event":"FILE_START","detail":"[1/2] 00_64_6401_00_86812001868100260410180243110200.jpg (631 bytes)"}
{"ts":"2026-04-10T18:10:47.968Z","level":"INFO","device":"868120018681","event":"SENT_1210","detail":"00_64_6401_00_86812001868100260410180243110200.jpg"}
{"ts":"2026-04-10T18:10:48.069Z","level":"INFO","device":"868120018681","event":"SENT_RAW_MARKER","detail":"00_64_6401_00_86812001868100260410180243110200.jpg packet=693 bytes data=631 bytes"}
{"ts":"2026-04-10T18:10:48.069Z","level":"INFO","device":"868120018681","event":"SENT_1212","detail":"00_64_6401_00_86812001868100260410180243110200.jpg type=0"}
{"ts":"2026-04-10T18:10:48.158Z","level":"INFO","device":"868120018681","event":"MEDIA_RX","detail":"7E 80 01 00 05 86 81 20 01 86 81 CE 72 00 00 12 10 00 1B 7E"}
{"ts":"2026-04-10T18:10:48.343Z","level":"INFO","device":"868120018681","event":"MEDIA_RX","detail":"7E 92 12 00 36 86 81 20 01 86 81 F7 3F 32 30 30 5F 36 34 5F 36 34 30 31 5F 30 30 5F 38 36 38 31 32 30 30 31 38 36 38 31 30 30 32 36 30 34 31 30 31 38 30 32 34 33 31 31 30 32 30 30 2E 6A 70 67 00 00 00 33 7E"}
{"ts":"2026-04-10T18:10:48.370Z","level":"INFO","device":"868120018681","event":"FILE_START","detail":"[2/2] 02_64_6401_03_86812001868100260410180243110200.mp4 (1570024 bytes)"}
{"ts":"2026-04-10T18:10:48.370Z","level":"INFO","device":"868120018681","event":"SENT_1210","detail":"02_64_6401_03_86812001868100260410180243110200.mp4"}
{"ts":"2026-04-10T18:10:48.471Z","level":"INFO","device":"868120018681","event":"SENT_RAW_MARKER","detail":"02_64_6401_03_86812001868100260410180243110200.mp4 packet=1570086 bytes data=1570024 bytes"}
{"ts":"2026-04-10T18:10:48.558Z","level":"INFO","device":"868120018681","event":"MEDIA_RX","detail":"7E 80 01 00 05 86 81 20 01 86 81 F7 C1 00 02 12 10 00 93 7E"}
{"ts":"2026-04-10T18:10:49.591Z","level":"INFO","device":"868120018681","event":"SENT_1212","detail":"02_64_6401_03_86812001868100260410180243110200.mp4 type=2"}
{"ts":"2026-04-10T18:10:49.892Z","level":"INFO","device":"868120018681","event":"BATCH_COMPLETE","detail":"All 2 files sent"}
{"ts":"2026-04-10T18:10:50.267Z","level":"ERROR","device":"868120018681","event":"MEDIA_ERROR","detail":"54.37.225.65:3378 — read ECONNRESET"}
{"ts":"2026-04-10T18:10:50.267Z","level":"INFO","device":"868120018681","event":"MEDIA_CLOSED","detail":""}
{"ts":"2026-04-10T18:10:51.285Z","level":"INFO","device":"200000000001","event":"HEARTBEAT_SENT","detail":"0x0002"}
{"ts":"2026-04-10T18:10:51.285Z","level":"INFO","device":"200000000001","event":"OBD2_SENT_0x0200","detail":"Lat: 51.737431, Lng: 0.473184 | Speed: 47km/h | RPM: 2692"}
{"ts":"2026-04-10T18:10:51.294Z","level":"INFO","device":"868120018681","event":"INCIDENT_SENT","detail":"mediaId=3 alarmId=86812001868100260410181051030200"}
{"ts":"2026-04-10T18:10:51.483Z","level":"INFO","device":"868120018681","event":"RX_MSG","detail":"0x8001 bodyLen=5"}
{"ts":"2026-04-10T18:10:51.483Z","level":"INFO","device":"868120018681","event":"SERVER_ACK","detail":"0x0200 result=OK"}
{"ts":"2026-04-10T18:10:51.492Z","level":"INFO","device":"200000000001","event":"SERVER_ACK","detail":"0x8001 Universal Reply Received"}
{"ts":"2026-04-10T18:10:51.796Z","level":"INFO","device":"868120018681","event":"RX_MSG","detail":"0x9208 bodyLen=81"}
{"ts":"2026-04-10T18:10:51.796Z","level":"INFO","device":"868120018681","event":"9208_RAW","detail":"0C35342E33372E3232352E36350D32000086812001868100260410180421010200383638313230303138363831303032363034313031383034323130313032303000000000000000000000000000000000"}
{"ts":"2026-04-10T18:10:51.796Z","level":"INFO","device":"868120018681","event":"UPLOAD_TRIGGERED","detail":"media: 54.37.225.65:3378 | alarmId: 86812001868100260410180421010200"}
{"ts":"2026-04-10T18:10:51.796Z","level":"INFO","device":"868120018681","event":"MEDIA_CONNECTING","detail":"54.37.225.65:3378 files=2"}
{"ts":"2026-04-10T18:10:51.796Z","level":"INFO","device":"868120018681","event":"RX_MSG","detail":"0x8001 bodyLen=5"}
{"ts":"2026-04-10T18:10:51.796Z","level":"INFO","device":"868120018681","event":"SERVER_ACK","detail":"0x0800 result=OK"}
{"ts":"2026-04-10T18:10:51.815Z","level":"INFO","device":"200000000001","event":"SERVER_ACK","detail":"0x8001 Universal Reply Received"}
{"ts":"2026-04-10T18:10:52.001Z","level":"INFO","device":"868120018681","event":"MEDIA_CONNECTED","detail":"54.37.225.65:3378"}
{"ts":"2026-04-10T18:10:52.001Z","level":"INFO","device":"868120018681","event":"FILE_START","detail":"[1/2] 00_64_6401_00_86812001868100260410180421010200.jpg (631 bytes)"}
{"ts":"2026-04-10T18:10:52.001Z","level":"INFO","device":"868120018681","event":"SENT_1210","detail":"00_64_6401_00_86812001868100260410180421010200.jpg"}
{"ts":"2026-04-10T18:10:52.101Z","level":"INFO","device":"868120018681","event":"SENT_RAW_MARKER","detail":"00_64_6401_00_86812001868100260410180421010200.jpg packet=693 bytes data=631 bytes"}
{"ts":"2026-04-10T18:10:52.101Z","level":"INFO","device":"868120018681","event":"SENT_1212","detail":"00_64_6401_00_86812001868100260410180421010200.jpg type=0"}
{"ts":"2026-04-10T18:10:52.207Z","level":"INFO","device":"868120018681","event":"MEDIA_RX","detail":"7E 80 01 00 05 86 81 20 01 86 81 94 6A 00 00 12 10 00 59 7E"}
{"ts":"2026-04-10T18:10:52.401Z","level":"INFO","device":"868120018681","event":"FILE_START","detail":"[2/2] 02_64_6401_03_86812001868100260410180421010200.mp4 (1570024 bytes)"}
{"ts":"2026-04-10T18:10:52.402Z","level":"INFO","device":"868120018681","event":"SENT_1210","detail":"02_64_6401_03_86812001868100260410180421010200.mp4"}
{"ts":"2026-04-10T18:10:52.412Z","level":"INFO","device":"868120018681","event":"MEDIA_RX","detail":"7E 92 12 00 36 86 81 20 01 86 81 16 FB 32 30 30 5F 36 34 5F 36 34 30 31 5F 30 30 5F 38 36 38 31 32 30 30 31 38 36 38 31 30 30 32 36 30 34 31 30 31 38 30 34 32 31 30 31 30 32 30 30 2E 6A 70 67 00 00 00 15 7E"}
{"ts":"2026-04-10T18:10:52.503Z","level":"INFO","device":"868120018681","event":"SENT_RAW_MARKER","detail":"02_64_6401_03_86812001868100260410180421010200.mp4 packet=1570086 bytes data=1570024 bytes"}
{"ts":"2026-04-10T18:10:52.711Z","level":"INFO","device":"868120018681","event":"MEDIA_RX","detail":"7E 80 01 00 05 86 81 20 01 86 81 EA A9 00 02 12 10 00 E6 7E"}
{"ts":"2026-04-10T18:10:53.662Z","level":"INFO","device":"868120018681","event":"SENT_1212","detail":"02_64_6401_03_86812001868100260410180421010200.mp4 type=2"}
{"ts":"2026-04-10T18:10:53.963Z","level":"INFO","device":"868120018681","event":"BATCH_COMPLETE","detail":"All 2 files sent"}
{"ts":"2026-04-10T18:10:54.373Z","level":"ERROR","device":"868120018681","event":"MEDIA_ERROR","detail":"54.37.225.65:3378 — read ECONNRESET"}
{"ts":"2026-04-10T18:10:54.373Z","level":"INFO","device":"868120018681","event":"MEDIA_CLOSED","detail":""}
{"ts":"2026-04-10T18:10:55.978Z","level":"INFO","device":"868120018681","event":"RX_MSG","detail":"0x9208 bodyLen=81"}
{"ts":"2026-04-10T18:10:55.979Z","level":"INFO","device":"868120018681","event":"9208_RAW","detail":"0C35342E33372E3232352E36350D32000086812001868100260410180431020200383638313230303138363831303032363034313031383034333130323032303000000000000000000000000000000000"}
{"ts":"2026-04-10T18:10:55.981Z","level":"INFO","device":"868120018681","event":"UPLOAD_TRIGGERED","detail":"media: 54.37.225.65:3378 | alarmId: 86812001868100260410180431020200"}
{"ts":"2026-04-10T18:10:55.981Z","level":"INFO","device":"868120018681","event":"MEDIA_CONNECTING","detail":"54.37.225.65:3378 files=2"}
{"ts":"2026-04-10T18:10:56.186Z","level":"INFO","device":"868120018681","event":"MEDIA_CONNECTED","detail":"54.37.225.65:3378"}
{"ts":"2026-04-10T18:10:56.186Z","level":"INFO","device":"868120018681","event":"FILE_START","detail":"[1/2] 00_64_6401_00_86812001868100260410180431020200.jpg (631 bytes)"}
{"ts":"2026-04-10T18:10:56.186Z","level":"INFO","device":"868120018681","event":"SENT_1210","detail":"00_64_6401_00_86812001868100260410180431020200.jpg"}
{"ts":"2026-04-10T18:10:56.286Z","level":"INFO","device":"868120018681","event":"SENT_RAW_MARKER","detail":"00_64_6401_00_86812001868100260410180431020200.jpg packet=693 bytes data=631 bytes"}
{"ts":"2026-04-10T18:10:56.289Z","level":"INFO","device":"868120018681","event":"SENT_1212","detail":"00_64_6401_00_86812001868100260410180431020200.jpg type=0"}
{"ts":"2026-04-10T18:10:56.395Z","level":"INFO","device":"868120018681","event":"MEDIA_RX","detail":"7E 80 01 00 05 86 81 20 01 86 81 B2 CD 00 00 12 10 00 D8 7E"}
{"ts":"2026-04-10T18:10:56.589Z","level":"INFO","device":"868120018681","event":"FILE_START","detail":"[2/2] 02_64_6401_03_86812001868100260410180431020200.mp4 (1570024 bytes)"}
{"ts":"2026-04-10T18:10:56.589Z","level":"INFO","device":"868120018681","event":"SENT_1210","detail":"02_64_6401_03_86812001868100260410180431020200.mp4"}
{"ts":"2026-04-10T18:10:56.598Z","level":"INFO","device":"868120018681","event":"MEDIA_RX","detail":"7E 92 12 00 36 86 81 20 01 86 81 41 A2 32 30 30 5F 36 34 5F 36 34 30 31 5F 30 30 5F 38 36 38 31 32 30 30 31 38 36 38 31 30 30 32 36 30 34 31 30 31 38 30 34 33 31 30 32 30 32 30 30 2E 6A 70 67 00 00 00 19 7E"}
{"ts":"2026-04-10T18:10:56.690Z","level":"INFO","device":"868120018681","event":"SENT_RAW_MARKER","detail":"02_64_6401_03_86812001868100260410180431020200.mp4 packet=1570086 bytes data=1570024 bytes"}
{"ts":"2026-04-10T18:10:56.896Z","level":"INFO","device":"868120018681","event":"MEDIA_RX","detail":"7E 80 01 00 05 86 81 20 01 86 81 1B EE 00 02 12 10 00 50 7E"}
{"ts":"2026-04-10T18:10:57.717Z","level":"INFO","device":"868120018681","event":"SENT_1212","detail":"02_64_6401_03_86812001868100260410180431020200.mp4 type=2"}
{"ts":"2026-04-10T18:10:58.017Z","level":"INFO","device":"868120018681","event":"BATCH_COMPLETE","detail":"All 2 files sent"}
{"ts":"2026-04-10T18:10:58.428Z","level":"ERROR","device":"868120018681","event":"MEDIA_ERROR","detail":"54.37.225.65:3378 — read ECONNRESET"}
{"ts":"2026-04-10T18:10:58.429Z","level":"INFO","device":"868120018681","event":"MEDIA_CLOSED","detail":""}
{"ts":"2026-04-10T18:11:00.146Z","level":"INFO","device":"868120018681","event":"RX_MSG","detail":"0x9208 bodyLen=81"}
{"ts":"2026-04-10T18:11:00.146Z","level":"INFO","device":"868120018681","event":"9208_RAW","detail":"0C35342E33372E3232352E36350D32000086812001868100260410180441030200383638313230303138363831303032363034313031383034343130333032303000000000000000000000000000000000"}
{"ts":"2026-04-10T18:11:00.146Z","level":"INFO","device":"868120018681","event":"UPLOAD_TRIGGERED","detail":"media: 54.37.225.65:3378 | alarmId: 86812001868100260410180441030200"}
{"ts":"2026-04-10T18:11:00.146Z","level":"INFO","device":"868120018681","event":"MEDIA_CONNECTING","detail":"54.37.225.65:3378 files=2"}
{"ts":"2026-04-10T18:11:00.335Z","level":"INFO","device":"868120018681","event":"MEDIA_CONNECTED","detail":"54.37.225.65:3378"}
{"ts":"2026-04-10T18:11:00.337Z","level":"INFO","device":"868120018681","event":"FILE_START","detail":"[1/2] 00_64_6401_00_86812001868100260410180441030200.jpg (631 bytes)"}
{"ts":"2026-04-10T18:11:00.337Z","level":"INFO","device":"868120018681","event":"SENT_1210","detail":"00_64_6401_00_86812001868100260410180441030200.jpg"}
{"ts":"2026-04-10T18:11:00.439Z","level":"INFO","device":"868120018681","event":"SENT_RAW_MARKER","detail":"00_64_6401_00_86812001868100260410180441030200.jpg packet=693 bytes data=631 bytes"}
{"ts":"2026-04-10T18:11:00.439Z","level":"INFO","device":"868120018681","event":"SENT_1212","detail":"00_64_6401_00_86812001868100260410180441030200.jpg type=0"}
{"ts":"2026-04-10T18:11:00.526Z","level":"INFO","device":"868120018681","event":"MEDIA_RX","detail":"7E 80 01 00 05 86 81 20 01 86 81 8B 3B 00 00 12 10 00 17 7E"}
{"ts":"2026-04-10T18:11:00.711Z","level":"INFO","device":"868120018681","event":"MEDIA_RX","detail":"7E 92 12 00 36 86 81 20 01 86 81 E5 2B 32 30 30 5F 36 34 5F 36 34 30 31 5F 30 30 5F 38 36 38 31 32 30 30 31 38 36 38 31 30 30 32 36 30 34 31 30 31 38 30 34 34 31 30 33 30 32 30 30 2E 6A 70 67 00 00 00 32 7E"}
{"ts":"2026-04-10T18:11:00.739Z","level":"INFO","device":"868120018681","event":"FILE_START","detail":"[2/2] 02_64_6401_03_86812001868100260410180441030200.mp4 (1570024 bytes)"}
{"ts":"2026-04-10T18:11:00.740Z","level":"INFO","device":"868120018681","event":"SENT_1210","detail":"02_64_6401_03_86812001868100260410180441030200.mp4"}
{"ts":"2026-04-10T18:11:00.841Z","level":"INFO","device":"868120018681","event":"SENT_RAW_MARKER","detail":"02_64_6401_03_86812001868100260410180441030200.mp4 packet=1570086 bytes data=1570024 bytes"}
{"ts":"2026-04-10T18:11:00.928Z","level":"INFO","device":"868120018681","event":"MEDIA_RX","detail":"7E 80 01 00 05 86 81 20 01 86 81 72 E8 00 02 12 10 00 3F 7E"}
{"ts":"2026-04-10T18:11:01.283Z","level":"INFO","device":"868120018681","event":"GPS_SENT","detail":""}
{"ts":"2026-04-10T18:11:01.295Z","level":"INFO","device":"868120018681","event":"INCIDENT_SENT","detail":"mediaId=4 alarmId=86812001868100260410181101040200"}
{"ts":"2026-04-10T18:11:01.471Z","level":"INFO","device":"868120018681","event":"RX_MSG","detail":"0x8001 bodyLen=5"}
{"ts":"2026-04-10T18:11:01.471Z","level":"INFO","device":"868120018681","event":"SERVER_ACK","detail":"0x0200 result=OK"}
{"ts":"2026-04-10T18:11:01.760Z","level":"INFO","device":"868120018681","event":"RX_MSG","detail":"0x8001 bodyLen=5"}
{"ts":"2026-04-10T18:11:01.761Z","level":"INFO","device":"868120018681","event":"SERVER_ACK","detail":"0x0200 result=OK"}
{"ts":"2026-04-10T18:11:01.761Z","level":"INFO","device":"868120018681","event":"RX_MSG","detail":"0x8001 bodyLen=5"}
{"ts":"2026-04-10T18:11:01.761Z","level":"INFO","device":"868120018681","event":"SERVER_ACK","detail":"0x0800 result=OK"}
{"ts":"2026-04-10T18:11:06.285Z","level":"INFO","device":"200000000001","event":"OBD2_SENT_0x0200","detail":"Lat: 51.737762, Lng: 0.475683 | Speed: 43km/h | RPM: 2511"}
{"ts":"2026-04-10T18:11:06.492Z","level":"INFO","device":"200000000001","event":"SERVER_ACK","detail":"0x8001 Universal Reply Received"}
{"ts":"2026-04-10T18:11:06.630Z","level":"INFO","device":"868120018681","event":"SENT_1212","detail":"02_64_6401_03_86812001868100260410180441030200.mp4 type=2"}
{"ts":"2026-04-10T18:11:06.931Z","level":"INFO","device":"868120018681","event":"BATCH_COMPLETE","detail":"All 2 files sent"}
{"ts":"2026-04-10T18:11:07.947Z","level":"INFO","device":"868120018681","event":"MEDIA_CLOSED","detail":""}
{"ts":"2026-04-10T18:11:09.955Z","level":"INFO","device":"868120018681","event":"RX_MSG","detail":"0x9208 bodyLen=81"}
{"ts":"2026-04-10T18:11:09.955Z","level":"INFO","device":"868120018681","event":"9208_RAW","detail":"0C35342E33372E3232352E36350D32000086812001868100260410180451040200383638313230303138363831303032363034313031383034353130343032303000000000000000000000000000000000"}
{"ts":"2026-04-10T18:11:09.955Z","level":"INFO","device":"868120018681","event":"UPLOAD_TRIGGERED","detail":"media: 54.37.225.65:3378 | alarmId: 86812001868100260410180451040200"}
{"ts":"2026-04-10T18:11:09.955Z","level":"INFO","device":"868120018681","event":"MEDIA_CONNECTING","detail":"54.37.225.65:3378 files=2"}
{"ts":"2026-04-10T18:11:10.161Z","level":"INFO","device":"868120018681","event":"MEDIA_CONNECTED","detail":"54.37.225.65:3378"}
{"ts":"2026-04-10T18:11:10.161Z","level":"INFO","device":"868120018681","event":"FILE_START","detail":"[1/2] 00_64_6401_00_86812001868100260410180451040200.jpg (631 bytes)"}
{"ts":"2026-04-10T18:11:10.161Z","level":"INFO","device":"868120018681","event":"SENT_1210","detail":"00_64_6401_00_86812001868100260410180451040200.jpg"}
{"ts":"2026-04-10T18:11:10.262Z","level":"INFO","device":"868120018681","event":"SENT_RAW_MARKER","detail":"00_64_6401_00_86812001868100260410180451040200.jpg packet=693 bytes data=631 bytes"}
{"ts":"2026-04-10T18:11:10.262Z","level":"INFO","device":"868120018681","event":"SENT_1212","detail":"00_64_6401_00_86812001868100260410180451040200.jpg type=0"}
{"ts":"2026-04-10T18:11:10.368Z","level":"INFO","device":"868120018681","event":"MEDIA_RX","detail":"7E 80 01 00 05 86 81 20 01 86 81 AC 97 00 00 12 10 00 9C 7E"}
{"ts":"2026-04-10T18:11:10.562Z","level":"INFO","device":"868120018681","event":"FILE_START","detail":"[2/2] 02_64_6401_03_86812001868100260410180451040200.mp4 (1570024 bytes)"}
{"ts":"2026-04-10T18:11:10.562Z","level":"INFO","device":"868120018681","event":"SENT_1210","detail":"02_64_6401_03_86812001868100260410180451040200.mp4"}
{"ts":"2026-04-10T18:11:10.570Z","level":"INFO","device":"868120018681","event":"MEDIA_RX","detail":"7E 92 12 00 36 86 81 20 01 86 81 42 FC 32 30 30 5F 36 34 5F 36 34 30 31 5F 30 30 5F 38 36 38 31 32 30 30 31 38 36 38 31 30 30 32 36 30 34 31 30 31 38 30 34 35 31 30 34 30 32 30 30 2E 6A 70 67 00 00 00 44 7E"}
{"ts":"2026-04-10T18:11:10.663Z","level":"INFO","device":"868120018681","event":"SENT_RAW_MARKER","detail":"02_64_6401_03_86812001868100260410180451040200.mp4 packet=1570086 bytes data=1570024 bytes"}
{"ts":"2026-04-10T18:11:10.870Z","level":"INFO","device":"868120018681","event":"MEDIA_RX","detail":"7E 80 01 00 05 86 81 20 01 86 81 0F 39 00 02 12 10 00 93 7E"}
{"ts":"2026-04-10T18:11:11.295Z","level":"INFO","device":"868120018681","event":"INCIDENT_SENT","detail":"mediaId=5 alarmId=86812001868100260410181111050200"}
{"ts":"2026-04-10T18:11:11.483Z","level":"INFO","device":"868120018681","event":"RX_MSG","detail":"0x8001 bodyLen=5"}
{"ts":"2026-04-10T18:11:11.485Z","level":"INFO","device":"868120018681","event":"SERVER_ACK","detail":"0x0200 result=OK"}
{"ts":"2026-04-10T18:11:11.810Z","level":"INFO","device":"868120018681","event":"RX_MSG","detail":"0x8001 bodyLen=5"}
{"ts":"2026-04-10T18:11:11.810Z","level":"INFO","device":"868120018681","event":"SERVER_ACK","detail":"0x0800 result=OK"}
{"ts":"2026-04-10T18:11:11.811Z","level":"INFO","device":"868120018681","event":"SENT_1212","detail":"02_64_6401_03_86812001868100260410180451040200.mp4 type=2"}
{"ts":"2026-04-10T18:11:12.111Z","level":"INFO","device":"868120018681","event":"BATCH_COMPLETE","detail":"All 2 files sent"}
{"ts":"2026-04-10T18:11:12.521Z","level":"ERROR","device":"868120018681","event":"MEDIA_ERROR","detail":"54.37.225.65:3378 — read ECONNRESET"}
{"ts":"2026-04-10T18:11:12.521Z","level":"INFO","device":"868120018681","event":"MEDIA_CLOSED","detail":""}
{"ts":"2026-04-10T18:11:14.123Z","level":"INFO","device":"868120018681","event":"RX_MSG","detail":"0x9208 bodyLen=81"}
{"ts":"2026-04-10T18:11:14.124Z","level":"INFO","device":"868120018681","event":"9208_RAW","detail":"0C35342E33372E3232352E36350D32000086812001868100260410180501050200383638313230303138363831303032363034313031383035303130353032303000000000000000000000000000000000"}
{"ts":"2026-04-10T18:11:14.124Z","level":"INFO","device":"868120018681","event":"UPLOAD_TRIGGERED","detail":"media: 54.37.225.65:3378 | alarmId: 86812001868100260410180501050200"}
{"ts":"2026-04-10T18:11:14.124Z","level":"INFO","device":"868120018681","event":"MEDIA_CONNECTING","detail":"54.37.225.65:3378 files=2"}
{"ts":"2026-04-10T18:11:14.328Z","level":"INFO","device":"868120018681","event":"MEDIA_CONNECTED","detail":"54.37.225.65:3378"}
{"ts":"2026-04-10T18:11:14.328Z","level":"INFO","device":"868120018681","event":"FILE_START","detail":"[1/2] 00_64_6401_00_86812001868100260410180501050200.jpg (631 bytes)"}
{"ts":"2026-04-10T18:11:14.328Z","level":"INFO","device":"868120018681","event":"SENT_1210","detail":"00_64_6401_00_86812001868100260410180501050200.jpg"}
{"ts":"2026-04-10T18:11:14.428Z","level":"INFO","device":"868120018681","event":"SENT_RAW_MARKER","detail":"00_64_6401_00_86812001868100260410180501050200.jpg packet=693 bytes data=631 bytes"}
{"ts":"2026-04-10T18:11:14.428Z","level":"INFO","device":"868120018681","event":"SENT_1212","detail":"00_64_6401_00_86812001868100260410180501050200.jpg type=0"}
{"ts":"2026-04-10T18:11:14.533Z","level":"INFO","device":"868120018681","event":"MEDIA_RX","detail":"7E 80 01 00 05 86 81 20 01 86 81 23 31 00 00 12 10 00 B5 7E"}
{"ts":"2026-04-10T18:11:14.729Z","level":"INFO","device":"868120018681","event":"FILE_START","detail":"[2/2] 02_64_6401_03_86812001868100260410180501050200.mp4 (1570024 bytes)"}
{"ts":"2026-04-10T18:11:14.729Z","level":"INFO","device":"868120018681","event":"SENT_1210","detail":"02_64_6401_03_86812001868100260410180501050200.mp4"}
{"ts":"2026-04-10T18:11:14.735Z","level":"INFO","device":"868120018681","event":"MEDIA_RX","detail":"7E 92 12 00 36 86 81 20 01 86 81 F8 08 32 30 30 5F 36 34 5F 36 34 30 31 5F 30 30 5F 38 36 38 31 32 30 30 31 38 36 38 31 30 30 32 36 30 34 31 30 31 38 30 35 30 31 30 35 30 32 30 30 2E 6A 70 67 00 00 00 0F 7E"}
{"ts":"2026-04-10T18:11:14.831Z","level":"INFO","device":"868120018681","event":"SENT_RAW_MARKER","detail":"02_64_6401_03_86812001868100260410180501050200.mp4 packet=1570086 bytes data=1570024 bytes"}
{"ts":"2026-04-10T18:11:15.035Z","level":"INFO","device":"868120018681","event":"MEDIA_RX","detail":"7E 80 01 00 05 86 81 20 01 86 81 FD B7 00 02 12 10 00 EF 7E"}
{"ts":"2026-04-10T18:11:16.049Z","level":"INFO","device":"868120018681","event":"SENT_1212","detail":"02_64_6401_03_86812001868100260410180501050200.mp4 type=2"}
{"ts":"2026-04-10T18:11:16.349Z","level":"INFO","device":"868120018681","event":"BATCH_COMPLETE","detail":"All 2 files sent"}
{"ts":"2026-04-10T18:11:16.759Z","level":"ERROR","device":"868120018681","event":"MEDIA_ERROR","detail":"54.37.225.65:3378 — read ECONNRESET"}
{"ts":"2026-04-10T18:11:16.759Z","level":"INFO","device":"868120018681","event":"MEDIA_CLOSED","detail":""}
{"ts":"2026-04-10T18:11:18.446Z","level":"INFO","device":"868120018681","event":"RX_MSG","detail":"0x9208 bodyLen=81"}
{"ts":"2026-04-10T18:11:18.446Z","level":"INFO","device":"868120018681","event":"9208_RAW","detail":"0C35342E33372E3232352E36350D32000086812001868100260410180511060200383638313230303138363831303032363034313031383035313130363032303000000000000000000000000000000000"}
{"ts":"2026-04-10T18:11:18.446Z","level":"INFO","device":"868120018681","event":"UPLOAD_TRIGGERED","detail":"media: 54.37.225.65:3378 | alarmId: 86812001868100260410180511060200"}
{"ts":"2026-04-10T18:11:18.446Z","level":"INFO","device":"868120018681","event":"MEDIA_CONNECTING","detail":"54.37.225.65:3378 files=2"}
{"ts":"2026-04-10T18:11:18.634Z","level":"INFO","device":"868120018681","event":"MEDIA_CONNECTED","detail":"54.37.225.65:3378"}
{"ts":"2026-04-10T18:11:18.635Z","level":"INFO","device":"868120018681","event":"FILE_START","detail":"[1/2] 00_64_6401_00_86812001868100260410180511060200.jpg (631 bytes)"}
{"ts":"2026-04-10T18:11:18.635Z","level":"INFO","device":"868120018681","event":"SENT_1210","detail":"00_64_6401_00_86812001868100260410180511060200.jpg"}
{"ts":"2026-04-10T18:11:18.735Z","level":"INFO","device":"868120018681","event":"SENT_RAW_MARKER","detail":"00_64_6401_00_86812001868100260410180511060200.jpg packet=693 bytes data=631 bytes"}
{"ts":"2026-04-10T18:11:18.736Z","level":"INFO","device":"868120018681","event":"SENT_1212","detail":"00_64_6401_00_86812001868100260410180511060200.jpg type=0"}
{"ts":"2026-04-10T18:11:18.826Z","level":"INFO","device":"868120018681","event":"MEDIA_RX","detail":"7E 80 01 00 05 86 81 20 01 86 81 7D 01 7D 01 00 00 12 10 00 A7 7E"}
{"ts":"2026-04-10T18:11:19.012Z","level":"INFO","device":"868120018681","event":"MEDIA_RX","detail":"7E 92 12 00 36 86 81 20 01 86 81 2D FE 32 30 30 5F 36 34 5F 36 34 30 31 5F 30 30 5F 38 36 38 31 32 30 30 31 38 36 38 31 30 30 32 36 30 34 31 30 31 38 30 35 31 31 30 36 30 32 30 30 2E 6A 70 67 00 00 00 2E 7E"}
{"ts":"2026-04-10T18:11:19.036Z","level":"INFO","device":"868120018681","event":"FILE_START","detail":"[2/2] 02_64_6401_03_86812001868100260410180511060200.mp4 (1570024 bytes)"}
{"ts":"2026-04-10T18:11:19.037Z","level":"INFO","device":"868120018681","event":"SENT_1210","detail":"02_64_6401_03_86812001868100260410180511060200.mp4"}
{"ts":"2026-04-10T18:11:19.138Z","level":"INFO","device":"868120018681","event":"SENT_RAW_MARKER","detail":"02_64_6401_03_86812001868100260410180511060200.mp4 packet=1570086 bytes data=1570024 bytes"}
{"ts":"2026-04-10T18:11:19.224Z","level":"INFO","device":"868120018681","event":"MEDIA_RX","detail":"7E 80 01 00 05 86 81 20 01 86 81 D3 44 00 02 12 10 00 32 7E"}
{"ts":"2026-04-10T18:11:21.284Z","level":"INFO","device":"868120018681","event":"GPS_SENT","detail":""}
{"ts":"2026-04-10T18:11:21.286Z","level":"INFO","device":"200000000001","event":"HEARTBEAT_SENT","detail":"0x0002"}
{"ts":"2026-04-10T18:11:21.287Z","level":"INFO","device":"200000000001","event":"OBD2_SENT_0x0200","detail":"Lat: 51.737527, Lng: 0.478490 | Speed: 46km/h | RPM: 2660"}
{"ts":"2026-04-10T18:11:21.295Z","level":"INFO","device":"868120018681","event":"INCIDENT_SENT","detail":"mediaId=6 alarmId=86812001868100260410181121060200"}
{"ts":"2026-04-10T18:11:21.473Z","level":"INFO","device":"868120018681","event":"RX_MSG","detail":"0x8001 bodyLen=5"}
{"ts":"2026-04-10T18:11:21.473Z","level":"INFO","device":"868120018681","event":"SERVER_ACK","detail":"0x0200 result=OK"}
{"ts":"2026-04-10T18:11:21.496Z","level":"INFO","device":"200000000001","event":"SERVER_ACK","detail":"0x8001 Universal Reply Received"}
{"ts":"2026-04-10T18:11:21.765Z","level":"INFO","device":"868120018681","event":"RX_MSG","detail":"0x8001 bodyLen=5"}
{"ts":"2026-04-10T18:11:21.765Z","level":"INFO","device":"868120018681","event":"SERVER_ACK","detail":"0x0200 result=OK"}
{"ts":"2026-04-10T18:11:21.765Z","level":"INFO","device":"868120018681","event":"RX_MSG","detail":"0x8001 bodyLen=5"}
{"ts":"2026-04-10T18:11:21.765Z","level":"INFO","device":"868120018681","event":"SERVER_ACK","detail":"0x0800 result=OK"}
{"ts":"2026-04-10T18:11:21.811Z","level":"INFO","device":"200000000001","event":"SERVER_ACK","detail":"0x8001 Universal Reply Received"}
{"ts":"2026-04-10T18:11:22.497Z","level":"INFO","device":"868120018681","event":"SENT_1212","detail":"02_64_6401_03_86812001868100260410180511060200.mp4 type=2"}
{"ts":"2026-04-10T18:11:22.798Z","level":"INFO","device":"868120018681","event":"BATCH_COMPLETE","detail":"All 2 files sent"}
{"ts":"2026-04-10T18:11:23.753Z","level":"INFO","device":"868120018681","event":"MEDIA_CLOSED","detail":""}
{"ts":"2026-04-10T18:11:25.260Z","level":"INFO","device":"868120018681","event":"RX_MSG","detail":"0x9208 bodyLen=81"}
{"ts":"2026-04-10T18:11:25.260Z","level":"INFO","device":"868120018681","event":"9208_RAW","detail":"0C35342E33372E3232352E36350D32000086812001868100260410180521070200383638313230303138363831303032363034313031383035323130373032303000000000000000000000000000000000"}
{"ts":"2026-04-10T18:11:25.260Z","level":"INFO","device":"868120018681","event":"UPLOAD_TRIGGERED","detail":"media: 54.37.225.65:3378 | alarmId: 86812001868100260410180521070200"}
{"ts":"2026-04-10T18:11:25.260Z","level":"INFO","device":"868120018681","event":"MEDIA_CONNECTING","detail":"54.37.225.65:3378 files=2"}
{"ts":"2026-04-10T18:11:25.455Z","level":"INFO","device":"868120018681","event":"MEDIA_CONNECTED","detail":"54.37.225.65:3378"}
{"ts":"2026-04-10T18:11:25.455Z","level":"INFO","device":"868120018681","event":"FILE_START","detail":"[1/2] 00_64_6401_00_86812001868100260410180521070200.jpg (631 bytes)"}
{"ts":"2026-04-10T18:11:25.455Z","level":"INFO","device":"868120018681","event":"SENT_1210","detail":"00_64_6401_00_86812001868100260410180521070200.jpg"}
{"ts":"2026-04-10T18:11:25.556Z","level":"INFO","device":"868120018681","event":"SENT_RAW_MARKER","detail":"00_64_6401_00_86812001868100260410180521070200.jpg packet=693 bytes data=631 bytes"}
{"ts":"2026-04-10T18:11:25.556Z","level":"INFO","device":"868120018681","event":"SENT_1212","detail":"00_64_6401_00_86812001868100260410180521070200.jpg type=0"}
{"ts":"2026-04-10T18:11:25.652Z","level":"INFO","device":"868120018681","event":"MEDIA_RX","detail":"7E 80 01 00 05 86 81 20 01 86 81 1B A8 00 00 12 10 00 14 7E"}
{"ts":"2026-04-10T18:11:25.844Z","level":"INFO","device":"868120018681","event":"MEDIA_RX","detail":"7E 92 12 00 36 86 81 20 01 86 81 2B 4E 32 30 30 5F 36 34 5F 36 34 30 31 5F 30 30 5F 38 36 38 31 32 30 30 31 38 36 38 31 30 30 32 36 30 34 31 30 31 38 30 35 32 31 30 37 30 32 30 30 2E 6A 70 67 00 00 00 9A 7E"}
{"ts":"2026-04-10T18:11:25.856Z","level":"INFO","device":"868120018681","event":"FILE_START","detail":"[2/2] 02_64_6401_03_86812001868100260410180521070200.mp4 (1570024 bytes)"}
{"ts":"2026-04-10T18:11:25.857Z","level":"INFO","device":"868120018681","event":"SENT_1210","detail":"02_64_6401_03_86812001868100260410180521070200.mp4"}
{"ts":"2026-04-10T18:11:25.958Z","level":"INFO","device":"868120018681","event":"SENT_RAW_MARKER","detail":"02_64_6401_03_86812001868100260410180521070200.mp4 packet=1570086 bytes data=1570024 bytes"}
{"ts":"2026-04-10T18:11:26.052Z","level":"INFO","device":"868120018681","event":"MEDIA_RX","detail":"7E 80 01 00 05 86 81 20 01 86 81 C1 25 00 02 12 10 00 41 7E"}
{"ts":"2026-04-10T18:11:27.257Z","level":"INFO","device":"868120018681","event":"SENT_1212","detail":"02_64_6401_03_86812001868100260410180521070200.mp4 type=2"}
{"ts":"2026-04-10T18:11:27.558Z","level":"INFO","device":"868120018681","event":"BATCH_COMPLETE","detail":"All 2 files sent"}
{"ts":"2026-04-10T18:11:27.948Z","level":"ERROR","device":"868120018681","event":"MEDIA_ERROR","detail":"54.37.225.65:3378 — read ECONNRESET"}
{"ts":"2026-04-10T18:11:27.948Z","level":"INFO","device":"868120018681","event":"MEDIA_CLOSED","detail":""}
{"ts":"2026-04-10T18:11:29.670Z","level":"INFO","device":"868120018681","event":"RX_MSG","detail":"0x9208 bodyLen=81"}
{"ts":"2026-04-10T18:11:29.670Z","level":"INFO","device":"868120018681","event":"9208_RAW","detail":"0C35342E33372E3232352E36350D32000086812001868100260410180531080200383638313230303138363831303032363034313031383035333130383032303000000000000000000000000000000000"}
{"ts":"2026-04-10T18:11:29.670Z","level":"INFO","device":"868120018681","event":"UPLOAD_TRIGGERED","detail":"media: 54.37.225.65:3378 | alarmId: 86812001868100260410180531080200"}
{"ts":"2026-04-10T18:11:29.670Z","level":"INFO","device":"868120018681","event":"MEDIA_CONNECTING","detail":"54.37.225.65:3378 files=2"}
{"ts":"2026-04-10T18:11:29.876Z","level":"INFO","device":"868120018681","event":"MEDIA_CONNECTED","detail":"54.37.225.65:3378"}
{"ts":"2026-04-10T18:11:29.876Z","level":"INFO","device":"868120018681","event":"FILE_START","detail":"[1/2] 00_64_6401_00_86812001868100260410180531080200.jpg (631 bytes)"}
{"ts":"2026-04-10T18:11:29.876Z","level":"INFO","device":"868120018681","event":"SENT_1210","detail":"00_64_6401_00_86812001868100260410180531080200.jpg"}
{"ts":"2026-04-10T18:11:29.976Z","level":"INFO","device":"868120018681","event":"SENT_RAW_MARKER","detail":"00_64_6401_00_86812001868100260410180531080200.jpg packet=693 bytes data=631 bytes"}
{"ts":"2026-04-10T18:11:29.977Z","level":"INFO","device":"868120018681","event":"SENT_1212","detail":"00_64_6401_00_86812001868100260410180531080200.jpg type=0"}
{"ts":"2026-04-10T18:11:30.082Z","level":"INFO","device":"868120018681","event":"MEDIA_RX","detail":"7E 80 01 00 05 86 81 20 01 86 81 0F AF 00 00 12 10 00 07 7E"}
{"ts":"2026-04-10T18:11:30.277Z","level":"INFO","device":"868120018681","event":"FILE_START","detail":"[2/2] 02_64_6401_03_86812001868100260410180531080200.mp4 (1570024 bytes)"}
{"ts":"2026-04-10T18:11:30.277Z","level":"INFO","device":"868120018681","event":"SENT_1210","detail":"02_64_6401_03_86812001868100260410180531080200.mp4"}
{"ts":"2026-04-10T18:11:30.284Z","level":"INFO","device":"868120018681","event":"MEDIA_RX","detail":"7E 92 12 00 36 86 81 20 01 86 81 3B E3 32 30 30 5F 36 34 5F 36 34 30 31 5F 30 30 5F 38 36 38 31 32 30 30 31 38 36 38 31 30 30 32 36 30 34 31 30 31 38 30 35 33 31 30 38 30 32 30 30 2E 6A 70 67 00 00 00 29 7E"}
{"ts":"2026-04-10T18:11:30.378Z","level":"INFO","device":"868120018681","event":"SENT_RAW_MARKER","detail":"02_64_6401_03_86812001868100260410180531080200.mp4 packet=1570086 bytes data=1570024 bytes"}
{"ts":"2026-04-10T18:11:30.583Z","level":"INFO","device":"868120018681","event":"MEDIA_RX","detail":"7E 80 01 00 05 86 81 20 01 86 81 07 C7 00 02 12 10 00 65 7E"}
{"ts":"2026-04-10T18:11:31.295Z","level":"INFO","device":"868120018681","event":"INCIDENT_SENT","detail":"mediaId=7 alarmId=86812001868100260410181131070200"}
{"ts":"2026-04-10T18:11:31.485Z","level":"INFO","device":"868120018681","event":"RX_MSG","detail":"0x8001 bodyLen=5"}
{"ts":"2026-04-10T18:11:31.485Z","level":"INFO","device":"868120018681","event":"SERVER_ACK","detail":"0x0200 result=OK"}
{"ts":"2026-04-10T18:11:31.535Z","level":"INFO","device":"868120018681","event":"SENT_1212","detail":"02_64_6401_03_86812001868100260410180531080200.mp4 type=2"}
{"ts":"2026-04-10T18:11:31.808Z","level":"INFO","device":"868120018681","event":"RX_MSG","detail":"0x8001 bodyLen=5"}
{"ts":"2026-04-10T18:11:31.809Z","level":"INFO","device":"868120018681","event":"SERVER_ACK","detail":"0x0800 result=OK"}
{"ts":"2026-04-10T18:11:31.836Z","level":"INFO","device":"868120018681","event":"BATCH_COMPLETE","detail":"All 2 files sent"}
{"ts":"2026-04-10T18:11:32.246Z","level":"ERROR","device":"868120018681","event":"MEDIA_ERROR","detail":"54.37.225.65:3378 — read ECONNRESET"}
{"ts":"2026-04-10T18:11:32.246Z","level":"INFO","device":"868120018681","event":"MEDIA_CLOSED","detail":""}
{"ts":"2026-04-10T18:11:33.843Z","level":"INFO","device":"868120018681","event":"RX_MSG","detail":"0x9208 bodyLen=81"}
{"ts":"2026-04-10T18:11:33.843Z","level":"INFO","device":"868120018681","event":"9208_RAW","detail":"0C35342E33372E3232352E36350D32000086812001868100260410180541090200383638313230303138363831303032363034313031383035343130393032303000000000000000000000000000000000"}
{"ts":"2026-04-10T18:11:33.843Z","level":"INFO","device":"868120018681","event":"UPLOAD_TRIGGERED","detail":"media: 54.37.225.65:3378 | alarmId: 86812001868100260410180541090200"}
{"ts":"2026-04-10T18:11:33.844Z","level":"INFO","device":"868120018681","event":"MEDIA_CONNECTING","detail":"54.37.225.65:3378 files=2"}
{"ts":"2026-04-10T18:11:34.031Z","level":"INFO","device":"868120018681","event":"MEDIA_CONNECTED","detail":"54.37.225.65:3378"}
{"ts":"2026-04-10T18:11:34.031Z","level":"INFO","device":"868120018681","event":"FILE_START","detail":"[1/2] 00_64_6401_00_86812001868100260410180541090200.jpg (631 bytes)"}
{"ts":"2026-04-10T18:11:34.032Z","level":"INFO","device":"868120018681","event":"SENT_1210","detail":"00_64_6401_00_86812001868100260410180541090200.jpg"}
{"ts":"2026-04-10T18:11:34.132Z","level":"INFO","device":"868120018681","event":"SENT_RAW_MARKER","detail":"00_64_6401_00_86812001868100260410180541090200.jpg packet=693 bytes data=631 bytes"}
{"ts":"2026-04-10T18:11:34.133Z","level":"INFO","device":"868120018681","event":"SENT_1212","detail":"00_64_6401_00_86812001868100260410180541090200.jpg type=0"}
{"ts":"2026-04-10T18:11:34.221Z","level":"INFO","device":"868120018681","event":"MEDIA_RX","detail":"7E 80 01 00 05 86 81 20 01 86 81 E0 92 00 00 12 10 00 D5 7E"}
{"ts":"2026-04-10T18:11:34.406Z","level":"INFO","device":"868120018681","event":"MEDIA_RX","detail":"7E 92 12 00 36 86 81 20 01 86 81 9B 09 32 30 30 5F 36 34 5F 36 34 30 31 5F 30 30 5F 38 36 38 31 32 30 30 31 38 36 38 31 30 30 32 36 30 34 31 30 31 38 30 35 34 31 30 39 30 32 30 30 2E 6A 70 67 00 00 00 65 7E"}
{"ts":"2026-04-10T18:11:34.433Z","level":"INFO","device":"868120018681","event":"FILE_START","detail":"[2/2] 02_64_6401_03_86812001868100260410180541090200.mp4 (1570024 bytes)"}
{"ts":"2026-04-10T18:11:34.434Z","level":"INFO","device":"868120018681","event":"SENT_1210","detail":"02_64_6401_03_86812001868100260410180541090200.mp4"}
{"ts":"2026-04-10T18:11:34.534Z","level":"INFO","device":"868120018681","event":"SENT_RAW_MARKER","detail":"02_64_6401_03_86812001868100260410180541090200.mp4 packet=1570086 bytes data=1570024 bytes"}
{"ts":"2026-04-10T18:11:34.621Z","level":"INFO","device":"868120018681","event":"MEDIA_RX","detail":"7E 80 01 00 05 86 81 20 01 86 81 5B 79 00 02 12 10 00 87 7E"}
{"ts":"2026-04-10T18:11:35.574Z","level":"INFO","device":"868120018681","event":"SENT_1212","detail":"02_64_6401_03_86812001868100260410180541090200.mp4 type=2"}
{"ts":"2026-04-10T18:11:35.875Z","level":"INFO","device":"868120018681","event":"BATCH_COMPLETE","detail":"All 2 files sent"}
{"ts":"2026-04-10T18:11:35.876Z","level":"INFO","device":"868120018681","event":"MEDIA_RX","detail":"7E 92 12 00 36 86 81 20 01 86 81 3E 20 32 30 32 5F 36 34 5F 36 34 30 31 5F 30 33 5F 38 36 38 31 32 30 30 31 38 36 38 31 30 30 32 36 30 34 31 30 31 38 30 35 34 31 30 39 30 32 30 30 2E 6D 70 34 02 00 00 BE 7E"}
{"ts":"2026-04-10T18:11:36.291Z","level":"INFO","device":"200000000001","event":"OBD2_SENT_0x0200","detail":"Lat: 51.736600, Lng: 0.480533 | Speed: 45km/h | RPM: 2589"}
{"ts":"2026-04-10T18:11:36.499Z","level":"INFO","device":"200000000001","event":"SERVER_ACK","detail":"0x8001 Universal Reply Received"}
{"ts":"2026-04-10T18:11:36.538Z","level":"INFO","device":"868120018681","event":"MEDIA_CLOSED","detail":""}
{"ts":"2026-04-10T18:11:37.878Z","level":"INFO","device":"868120018681","event":"RX_MSG","detail":"0x9208 bodyLen=81"}
{"ts":"2026-04-10T18:11:37.878Z","level":"INFO","device":"868120018681","event":"9208_RAW","detail":"0C35342E33372E3232352E36350D320000868120018681002604101805510A0200383638313230303138363831303032363034313031383035353130613032303000000000000000000000000000000000"}
{"ts":"2026-04-10T18:11:37.878Z","level":"INFO","device":"868120018681","event":"UPLOAD_TRIGGERED","detail":"media: 54.37.225.65:3378 | alarmId: 868120018681002604101805510A0200"}
{"ts":"2026-04-10T18:11:37.878Z","level":"INFO","device":"868120018681","event":"MEDIA_CONNECTING","detail":"54.37.225.65:3378 files=2"}
{"ts":"2026-04-10T18:11:38.083Z","level":"INFO","device":"868120018681","event":"MEDIA_CONNECTED","detail":"54.37.225.65:3378"}
{"ts":"2026-04-10T18:11:38.083Z","level":"INFO","device":"868120018681","event":"FILE_START","detail":"[1/2] 00_64_6401_00_868120018681002604101805510A0200.jpg (631 bytes)"}
{"ts":"2026-04-10T18:11:38.083Z","level":"INFO","device":"868120018681","event":"SENT_1210","detail":"00_64_6401_00_868120018681002604101805510A0200.jpg"}
{"ts":"2026-04-10T18:11:38.183Z","level":"INFO","device":"868120018681","event":"SENT_RAW_MARKER","detail":"00_64_6401_00_868120018681002604101805510A0200.jpg packet=693 bytes data=631 bytes"}
{"ts":"2026-04-10T18:11:38.183Z","level":"INFO","device":"868120018681","event":"SENT_1212","detail":"00_64_6401_00_868120018681002604101805510A0200.jpg type=0"}
{"ts":"2026-04-10T18:11:38.289Z","level":"INFO","device":"868120018681","event":"MEDIA_RX","detail":"7E 80 01 00 05 86 81 20 01 86 81 23 00 00 00 12 10 00 84 7E"}
{"ts":"2026-04-10T18:11:38.484Z","level":"INFO","device":"868120018681","event":"FILE_START","detail":"[2/2] 02_64_6401_03_868120018681002604101805510A0200.mp4 (1570024 bytes)"}
{"ts":"2026-04-10T18:11:38.484Z","level":"INFO","device":"868120018681","event":"SENT_1210","detail":"02_64_6401_03_868120018681002604101805510A0200.mp4"}
{"ts":"2026-04-10T18:11:38.492Z","level":"INFO","device":"868120018681","event":"MEDIA_RX","detail":"7E 92 12 00 36 86 81 20 01 86 81 F1 F7 32 30 30 5F 36 34 5F 36 34 30 31 5F 30 30 5F 38 36 38 31 32 30 30 31 38 36 38 31 30 30 32 36 30 34 31 30 31 38 30 35 35 31 30 41 30 32 30 30 2E 6A 70 67 00 00 00 88 7E"}
{"ts":"2026-04-10T18:11:38.585Z","level":"INFO","device":"868120018681","event":"SENT_RAW_MARKER","detail":"02_64_6401_03_868120018681002604101805510A0200.mp4 packet=1570086 bytes data=1570024 bytes"}
{"ts":"2026-04-10T18:11:38.791Z","level":"INFO","device":"868120018681","event":"MEDIA_RX","detail":"7E 80 01 00 05 86 81 20 01 86 81 4B 42 00 02 12 10 00 AC 7E"}
{"ts":"2026-04-10T18:11:39.744Z","level":"INFO","device":"868120018681","event":"SENT_1212","detail":"02_64_6401_03_868120018681002604101805510A0200.mp4 type=2"}
{"ts":"2026-04-10T18:11:40.044Z","level":"INFO","device":"868120018681","event":"BATCH_COMPLETE","detail":"All 2 files sent"}
{"ts":"2026-04-10T18:11:40.455Z","level":"ERROR","device":"868120018681","event":"MEDIA_ERROR","detail":"54.37.225.65:3378 — read ECONNRESET"}
{"ts":"2026-04-10T18:11:40.455Z","level":"INFO","device":"868120018681","event":"MEDIA_CLOSED","detail":""}
{"ts":"2026-04-10T18:11:41.285Z","level":"INFO","device":"868120018681","event":"GPS_SENT","detail":""}
{"ts":"2026-04-10T18:11:41.296Z","level":"INFO","device":"868120018681","event":"INCIDENT_SENT","detail":"mediaId=8 alarmId=86812001868100260410181141080200"}
{"ts":"2026-04-10T18:11:41.482Z","level":"INFO","device":"868120018681","event":"RX_MSG","detail":"0x8001 bodyLen=5"}
{"ts":"2026-04-10T18:11:41.482Z","level":"INFO","device":"868120018681","event":"SERVER_ACK","detail":"0x0200 result=OK"}
{"ts":"2026-04-10T18:11:41.801Z","level":"INFO","device":"868120018681","event":"RX_MSG","detail":"0x8001 bodyLen=5"}
{"ts":"2026-04-10T18:11:41.801Z","level":"INFO","device":"868120018681","event":"SERVER_ACK","detail":"0x0200 result=OK"}
{"ts":"2026-04-10T18:11:41.801Z","level":"INFO","device":"868120018681","event":"RX_MSG","detail":"0x8001 bodyLen=5"}
{"ts":"2026-04-10T18:11:41.801Z","level":"INFO","device":"868120018681","event":"SERVER_ACK","detail":"0x0800 result=OK"}
{"ts":"2026-04-10T18:11:41.801Z","level":"INFO","device":"868120018681","event":"RX_MSG","detail":"0x9208 bodyLen=81"}
{"ts":"2026-04-10T18:11:41.801Z","level":"INFO","device":"868120018681","event":"9208_RAW","detail":"0C35342E33372E3232352E36350D32000086812001868100260410180724010200383638313230303138363831303032363034313031383037323430313032303000000000000000000000000000000000"}
{"ts":"2026-04-10T18:11:41.801Z","level":"INFO","device":"868120018681","event":"UPLOAD_TRIGGERED","detail":"media: 54.37.225.65:3378 | alarmId: 86812001868100260410180724010200"}
{"ts":"2026-04-10T18:11:41.801Z","level":"INFO","device":"868120018681","event":"MEDIA_CONNECTING","detail":"54.37.225.65:3378 files=2"}
{"ts":"2026-04-10T18:11:42.013Z","level":"INFO","device":"868120018681","event":"MEDIA_CONNECTED","detail":"54.37.225.65:3378"}
{"ts":"2026-04-10T18:11:42.014Z","level":"INFO","device":"868120018681","event":"FILE_START","detail":"[1/2] 00_64_6401_00_86812001868100260410180724010200.jpg (631 bytes)"}
{"ts":"2026-04-10T18:11:42.014Z","level":"INFO","device":"868120018681","event":"SENT_1210","detail":"00_64_6401_00_86812001868100260410180724010200.jpg"}
{"ts":"2026-04-10T18:11:42.114Z","level":"INFO","device":"868120018681","event":"SENT_RAW_MARKER","detail":"00_64_6401_00_86812001868100260410180724010200.jpg packet=693 bytes data=631 bytes"}
{"ts":"2026-04-10T18:11:42.114Z","level":"INFO","device":"868120018681","event":"SENT_1212","detail":"00_64_6401_00_86812001868100260410180724010200.jpg type=0"}
{"ts":"2026-04-10T18:11:42.227Z","level":"INFO","device":"868120018681","event":"MEDIA_RX","detail":"7E 80 01 00 05 86 81 20 01 86 81 6E DB 00 00 12 10 00 12 7E"}
{"ts":"2026-04-10T18:11:42.416Z","level":"INFO","device":"868120018681","event":"FILE_START","detail":"[2/2] 02_64_6401_03_86812001868100260410180724010200.mp4 (1570024 bytes)"}
{"ts":"2026-04-10T18:11:42.416Z","level":"INFO","device":"868120018681","event":"SENT_1210","detail":"02_64_6401_03_86812001868100260410180724010200.mp4"}
{"ts":"2026-04-10T18:11:42.437Z","level":"INFO","device":"868120018681","event":"MEDIA_RX","detail":"7E 92 12 00 36 86 81 20 01 86 81 6A EA 32 30 30 5F 36 34 5F 36 34 30 31 5F 30 30 5F 38 36 38 31 32 30 30 31 38 36 38 31 30 30 32 36 30 34 31 30 31 38 30 37 32 34 30 31 30 32 30 30 2E 6A 70 67 00 00 00 7D 02 7E"}
{"ts":"2026-04-10T18:11:42.517Z","level":"INFO","device":"868120018681","event":"SENT_RAW_MARKER","detail":"02_64_6401_03_86812001868100260410180724010200.mp4 packet=1570086 bytes data=1570024 bytes"}
{"ts":"2026-04-10T18:11:42.729Z","level":"INFO","device":"868120018681","event":"MEDIA_RX","detail":"7E 80 01 00 05 86 81 20 01 86 81 5F 7C 00 02 12 10 00 86 7E"}
{"ts":"2026-04-10T18:11:48.354Z","level":"INFO","device":"868120018681","event":"DISCONNECTED","detail":"clean stop"}
{"ts":"2026-04-10T18:11:48.355Z","level":"INFO","device":"200000000001","event":"DISCONNECTED","detail":"clean stop"}
{"ts":"2026-04-10T18:11:48.355Z","level":"INFO","device":"300000000001","event":"DISCONNECTED","detail":"clean stop"}

[SUMMARY] Run duration: 89s
[SUMMARY] GPS packets sent: 9
[SUMMARY] OBD2 packets sent: 5
[SUMMARY] DTC faults sent: 0
[SUMMARY] Incidents fired: 8
[SUMMARY] Videos uploaded OK: 17
[SUMMARY] Videos failed: 14
[SUMMARY] Tracker pings sent: 0
[SUMMARY] Reconnections: 0
[SUMMARY] Log file: logs/sim-2026-04-10T18-10-21.log
