{"ts":"2026-04-04T15:15:44.744Z","level":"INFO","device":"868120018681","event":"CONNECTED","detail":"id:868120018681"}
{"ts":"2026-04-04T15:15:44.949Z","level":"INFO","device":"868120018681","event":"RX_MSG","detail":"0x8001 bodyLen=5"}
{"ts":"2026-04-04T15:15:44.949Z","level":"INFO","device":"868120018681","event":"SERVER_ACK","detail":"0x0102 result=OK"}
{"ts":"2026-04-04T15:15:54.755Z","level":"INFO","device":"868120018681","event":"INCIDENT_SENT","detail":"mediaId=1 alarmId=86812001868100260404151554010200"}
{"ts":"2026-04-04T15:15:54.764Z","level":"INFO","device":"868120018681","event":"RX_MSG","detail":"0x8001 bodyLen=5"}
{"ts":"2026-04-04T15:15:54.764Z","level":"INFO","device":"868120018681","event":"SERVER_ACK","detail":"0x0200 result=OK"}
{"ts":"2026-04-04T15:15:54.770Z","level":"INFO","device":"868120018681","event":"RX_MSG","detail":"0x9208 bodyLen=81"}
{"ts":"2026-04-04T15:15:54.770Z","level":"INFO","device":"868120018681","event":"9208_RAW","detail":"0C35342E33372E3232352E36350D32000086812001868100260404151554010200383638313230303138363831303032363034303431353135353430313032303000000000000000000000000000000000"}
{"ts":"2026-04-04T15:15:54.773Z","level":"INFO","device":"868120018681","event":"UPLOAD_TRIGGERED","detail":"media: 54.37.225.65:3378 | alarmId: 86812001868100260404151554010200"}
{"ts":"2026-04-04T15:15:54.774Z","level":"INFO","device":"868120018681","event":"MEDIA_CONNECTING","detail":"54.37.225.65:3378 files=2"}
{"ts":"2026-04-04T15:15:54.783Z","level":"INFO","device":"868120018681","event":"RX_MSG","detail":"0x8001 bodyLen=5"}
{"ts":"2026-04-04T15:15:54.784Z","level":"INFO","device":"868120018681","event":"SERVER_ACK","detail":"0x0800 result=OK"}
{"ts":"2026-04-04T15:15:54.803Z","level":"INFO","device":"868120018681","event":"MEDIA_CONNECTED","detail":"54.37.225.65:3378"}
{"ts":"2026-04-04T15:15:54.803Z","level":"INFO","device":"868120018681","event":"FILE_START","detail":"[1/2] 00_64_6401_00_86812001868100260404151554010200.jpg (215 bytes)"}
{"ts":"2026-04-04T15:15:54.804Z","level":"INFO","device":"868120018681","event":"SENT_1210","detail":"00_64_6401_00_86812001868100260404151554010200.jpg"}
{"ts":"2026-04-04T15:15:54.873Z","level":"INFO","device":"868120018681","event":"MEDIA_RX","detail":"7E 80 01 00 05 86 81 20 01 86 81 3B D9 00 00 12 10 00 45 7E"}
{"ts":"2026-04-04T15:15:54.909Z","level":"INFO","device":"868120018681","event":"SENT_RAW_MARKER","detail":"00_64_6401_00_86812001868100260404151554010200.jpg packet=277 bytes data=215 bytes"}
{"ts":"2026-04-04T15:15:54.910Z","level":"INFO","device":"868120018681","event":"SENT_1212","detail":"00_64_6401_00_86812001868100260404151554010200.jpg type=0"}
{"ts":"2026-04-04T15:15:54.964Z","level":"INFO","device":"868120018681","event":"MEDIA_RX","detail":"7E 92 12 00 36 86 81 20 01 86 81 26 88 32 30 30 5F 36 34 5F 36 34 30 31 5F 30 30 5F 38 36 38 31 32 30 30 31 38 36 38 31 30 30 32 36 30 34 30 34 31 35 31 35 35 34 30 31 30 32 30 30 2E 6A 70 67 00 00 00 5C 7E"}
{"ts":"2026-04-04T15:15:55.214Z","level":"INFO","device":"868120018681","event":"FILE_START","detail":"[2/2] 02_64_6401_03_86812001868100260404151554010200.mp4 (65536 bytes)"}
{"ts":"2026-04-04T15:15:55.214Z","level":"INFO","device":"868120018681","event":"SENT_1210","detail":"02_64_6401_03_86812001868100260404151554010200.mp4"}
{"ts":"2026-04-04T15:15:55.225Z","level":"INFO","device":"868120018681","event":"MEDIA_RX","detail":"7E 80 01 00 05 86 81 20 01 86 81 62 09 00 02 12 10 00 CE 7E"}
{"ts":"2026-04-04T15:15:55.315Z","level":"INFO","device":"868120018681","event":"SENT_RAW_MARKER","detail":"02_64_6401_03_86812001868100260404151554010200.mp4 packet=65598 bytes data=65536 bytes"}
{"ts":"2026-04-04T15:15:55.316Z","level":"INFO","device":"868120018681","event":"SENT_1212","detail":"02_64_6401_03_86812001868100260404151554010200.mp4 type=2"}
{"ts":"2026-04-04T15:15:55.343Z","level":"INFO","device":"868120018681","event":"MEDIA_RX","detail":"7E 92 12 00 36 86 81 20 01 86 81 EE 83 32 30 32 5F 36 34 5F 36 34 30 31 5F 30 33 5F 38 36 38 31 32 30 30 31 38 36 38 31 30 30 32 36 30 34 30 34 31 35 31 35 35 34 30 31 30 32 30 30 2E 6D 70 34 02 00 00 C8 7E"}
{"ts":"2026-04-04T15:15:55.621Z","level":"INFO","device":"868120018681","event":"BATCH_COMPLETE","detail":"All 2 files sent"}
{"ts":"2026-04-04T15:15:55.876Z","level":"INFO","device":"868120018681","event":"MEDIA_CLOSED","detail":""}
{"ts":"2026-04-04T15:16:04.753Z","level":"INFO","device":"868120018681","event":"INCIDENT_SENT","detail":"mediaId=2 alarmId=86812001868100260404151604020200"}
{"ts":"2026-04-04T15:16:04.763Z","level":"INFO","device":"868120018681","event":"RX_MSG","detail":"0x8001 bodyLen=5"}
{"ts":"2026-04-04T15:16:04.763Z","level":"INFO","device":"868120018681","event":"SERVER_ACK","detail":"0x0200 result=OK"}
{"ts":"2026-04-04T15:16:04.769Z","level":"INFO","device":"868120018681","event":"RX_MSG","detail":"0x9208 bodyLen=81"}
{"ts":"2026-04-04T15:16:04.770Z","level":"INFO","device":"868120018681","event":"9208_RAW","detail":"0C35342E33372E3232352E36350D32000086812001868100260404151604020200383638313230303138363831303032363034303431353136303430323032303000000000000000000000000000000000"}
{"ts":"2026-04-04T15:16:04.770Z","level":"INFO","device":"868120018681","event":"UPLOAD_TRIGGERED","detail":"media: 54.37.225.65:3378 | alarmId: 86812001868100260404151604020200"}
{"ts":"2026-04-04T15:16:04.770Z","level":"INFO","device":"868120018681","event":"MEDIA_CONNECTING","detail":"54.37.225.65:3378 files=2"}
{"ts":"2026-04-04T15:16:04.774Z","level":"INFO","device":"868120018681","event":"RX_MSG","detail":"0x8001 bodyLen=5"}
{"ts":"2026-04-04T15:16:04.774Z","level":"INFO","device":"868120018681","event":"SERVER_ACK","detail":"0x0800 result=OK"}
{"ts":"2026-04-04T15:16:04.778Z","level":"INFO","device":"868120018681","event":"MEDIA_CONNECTED","detail":"54.37.225.65:3378"}
{"ts":"2026-04-04T15:16:04.778Z","level":"INFO","device":"868120018681","event":"FILE_START","detail":"[1/2] 00_64_6401_00_86812001868100260404151604020200.jpg (215 bytes)"}
{"ts":"2026-04-04T15:16:04.778Z","level":"INFO","device":"868120018681","event":"SENT_1210","detail":"00_64_6401_00_86812001868100260404151604020200.jpg"}
{"ts":"2026-04-04T15:16:04.788Z","level":"INFO","device":"868120018681","event":"MEDIA_RX","detail":"7E 80 01 00 05 86 81 20 01 86 81 4D A2 00 00 12 10 00 48 7E"}
{"ts":"2026-04-04T15:16:04.883Z","level":"INFO","device":"868120018681","event":"SENT_RAW_MARKER","detail":"00_64_6401_00_86812001868100260404151604020200.jpg packet=277 bytes data=215 bytes"}
{"ts":"2026-04-04T15:16:04.884Z","level":"INFO","device":"868120018681","event":"SENT_1212","detail":"00_64_6401_00_86812001868100260404151604020200.jpg type=0"}
{"ts":"2026-04-04T15:16:04.941Z","level":"INFO","device":"868120018681","event":"MEDIA_RX","detail":"7E 92 12 00 36 86 81 20 01 86 81 F1 90 32 30 30 5F 36 34 5F 36 34 30 31 5F 30 30 5F 38 36 38 31 32 30 30 31 38 36 38 31 30 30 32 36 30 34 30 34 31 35 31 36 30 34 30 32 30 32 30 30 2E 6A 70 67 00 00 00 96 7E"}
{"ts":"2026-04-04T15:16:05.189Z","level":"INFO","device":"868120018681","event":"FILE_START","detail":"[2/2] 02_64_6401_03_86812001868100260404151604020200.mp4 (65536 bytes)"}
{"ts":"2026-04-04T15:16:05.189Z","level":"INFO","device":"868120018681","event":"SENT_1210","detail":"02_64_6401_03_86812001868100260404151604020200.mp4"}
{"ts":"2026-04-04T15:16:05.200Z","level":"INFO","device":"868120018681","event":"MEDIA_RX","detail":"7E 80 01 00 05 86 81 20 01 86 81 1A 2D 00 02 12 10 00 92 7E"}
{"ts":"2026-04-04T15:16:05.297Z","level":"INFO","device":"868120018681","event":"SENT_RAW_MARKER","detail":"02_64_6401_03_86812001868100260404151604020200.mp4 packet=65598 bytes data=65536 bytes"}
{"ts":"2026-04-04T15:16:05.297Z","level":"INFO","device":"868120018681","event":"SENT_1212","detail":"02_64_6401_03_86812001868100260404151604020200.mp4 type=2"}
{"ts":"2026-04-04T15:16:05.325Z","level":"INFO","device":"868120018681","event":"MEDIA_RX","detail":"7E 92 12 00 36 86 81 20 01 86 81 70 AE 32 30 32 5F 36 34 5F 36 34 30 31 5F 30 33 5F 38 36 38 31 32 30 30 31 38 36 38 31 30 30 32 36 30 34 30 34 31 35 31 36 30 34 30 32 30 32 30 30 2E 6D 70 34 02 00 00 7D 02 7E"}
{"ts":"2026-04-04T15:16:05.602Z","level":"INFO","device":"868120018681","event":"BATCH_COMPLETE","detail":"All 2 files sent"}
{"ts":"2026-04-04T15:16:05.850Z","level":"INFO","device":"868120018681","event":"MEDIA_CLOSED","detail":""}
{"ts":"2026-04-04T15:16:09.734Z","level":"INFO","device":"868120018681","event":"GPS_SENT","detail":""}
{"ts":"2026-04-04T15:16:09.744Z","level":"INFO","device":"868120018681","event":"RX_MSG","detail":"0x8001 bodyLen=5"}
{"ts":"2026-04-04T15:16:09.744Z","level":"INFO","device":"868120018681","event":"SERVER_ACK","detail":"0x0200 result=OK"}
{"ts":"2026-04-04T15:16:14.754Z","level":"INFO","device":"868120018681","event":"INCIDENT_SENT","detail":"mediaId=3 alarmId=86812001868100260404151614030200"}
{"ts":"2026-04-04T15:16:14.765Z","level":"INFO","device":"868120018681","event":"RX_MSG","detail":"0x8001 bodyLen=5"}
{"ts":"2026-04-04T15:16:14.765Z","level":"INFO","device":"868120018681","event":"SERVER_ACK","detail":"0x0200 result=OK"}
{"ts":"2026-04-04T15:16:14.772Z","level":"INFO","device":"868120018681","event":"RX_MSG","detail":"0x9208 bodyLen=81"}
{"ts":"2026-04-04T15:16:14.772Z","level":"INFO","device":"868120018681","event":"9208_RAW","detail":"0C35342E33372E3232352E36350D32000086812001868100260404151614030200383638313230303138363831303032363034303431353136313430333032303000000000000000000000000000000000"}
{"ts":"2026-04-04T15:16:14.772Z","level":"INFO","device":"868120018681","event":"UPLOAD_TRIGGERED","detail":"media: 54.37.225.65:3378 | alarmId: 86812001868100260404151614030200"}
{"ts":"2026-04-04T15:16:14.772Z","level":"INFO","device":"868120018681","event":"MEDIA_CONNECTING","detail":"54.37.225.65:3378 files=2"}
{"ts":"2026-04-04T15:16:14.777Z","level":"INFO","device":"868120018681","event":"RX_MSG","detail":"0x8001 bodyLen=5"}
{"ts":"2026-04-04T15:16:14.778Z","level":"INFO","device":"868120018681","event":"SERVER_ACK","detail":"0x0800 result=OK"}
{"ts":"2026-04-04T15:16:14.780Z","level":"INFO","device":"868120018681","event":"MEDIA_CONNECTED","detail":"54.37.225.65:3378"}
{"ts":"2026-04-04T15:16:14.781Z","level":"INFO","device":"868120018681","event":"FILE_START","detail":"[1/2] 00_64_6401_00_86812001868100260404151614030200.jpg (215 bytes)"}
{"ts":"2026-04-04T15:16:14.781Z","level":"INFO","device":"868120018681","event":"SENT_1210","detail":"00_64_6401_00_86812001868100260404151614030200.jpg"}
{"ts":"2026-04-04T15:16:14.801Z","level":"INFO","device":"868120018681","event":"MEDIA_RX","detail":"7E 80 01 00 05 86 81 20 01 86 81 8B 8E 00 00 12 10 00 A2 7E"}
{"ts":"2026-04-04T15:16:14.884Z","level":"INFO","device":"868120018681","event":"SENT_RAW_MARKER","detail":"00_64_6401_00_86812001868100260404151614030200.jpg packet=277 bytes data=215 bytes"}
{"ts":"2026-04-04T15:16:14.886Z","level":"INFO","device":"868120018681","event":"SENT_1212","detail":"00_64_6401_00_86812001868100260404151614030200.jpg type=0"}
{"ts":"2026-04-04T15:16:14.943Z","level":"INFO","device":"868120018681","event":"MEDIA_RX","detail":"7E 92 12 00 36 86 81 20 01 86 81 12 2E 32 30 30 5F 36 34 5F 36 34 30 31 5F 30 30 5F 38 36 38 31 32 30 30 31 38 36 38 31 30 30 32 36 30 34 30 34 31 35 31 36 31 34 30 33 30 32 30 30 2E 6A 70 67 00 00 00 CB 7E"}
{"ts":"2026-04-04T15:16:15.190Z","level":"INFO","device":"868120018681","event":"FILE_START","detail":"[2/2] 02_64_6401_03_86812001868100260404151614030200.mp4 (65536 bytes)"}
{"ts":"2026-04-04T15:16:15.191Z","level":"INFO","device":"868120018681","event":"SENT_1210","detail":"02_64_6401_03_86812001868100260404151614030200.mp4"}
{"ts":"2026-04-04T15:16:15.202Z","level":"INFO","device":"868120018681","event":"MEDIA_RX","detail":"7E 80 01 00 05 86 81 20 01 86 81 1F 65 00 02 12 10 00 DF 7E"}
{"ts":"2026-04-04T15:16:15.295Z","level":"INFO","device":"868120018681","event":"SENT_RAW_MARKER","detail":"02_64_6401_03_86812001868100260404151614030200.mp4 packet=65598 bytes data=65536 bytes"}
{"ts":"2026-04-04T15:16:15.296Z","level":"INFO","device":"868120018681","event":"SENT_1212","detail":"02_64_6401_03_86812001868100260404151614030200.mp4 type=2"}
{"ts":"2026-04-04T15:16:15.323Z","level":"INFO","device":"868120018681","event":"MEDIA_RX","detail":"7E 92 12 00 36 86 81 20 01 86 81 A7 81 32 30 32 5F 36 34 5F 36 34 30 31 5F 30 33 5F 38 36 38 31 32 30 30 31 38 36 38 31 30 30 32 36 30 34 30 34 31 35 31 36 31 34 30 33 30 32 30 30 2E 6D 70 34 02 00 00 86 7E"}
{"ts":"2026-04-04T15:16:15.598Z","level":"INFO","device":"868120018681","event":"BATCH_COMPLETE","detail":"All 2 files sent"}
{"ts":"2026-04-04T15:16:15.610Z","level":"INFO","device":"868120018681","event":"MEDIA_CLOSED","detail":""}
{"ts":"2026-04-04T15:16:24.756Z","level":"INFO","device":"868120018681","event":"INCIDENT_SENT","detail":"mediaId=4 alarmId=86812001868100260404151624040200"}
{"ts":"2026-04-04T15:16:24.765Z","level":"INFO","device":"868120018681","event":"RX_MSG","detail":"0x8001 bodyLen=5"}
{"ts":"2026-04-04T15:16:24.766Z","level":"INFO","device":"868120018681","event":"SERVER_ACK","detail":"0x0200 result=OK"}
{"ts":"2026-04-04T15:16:24.770Z","level":"INFO","device":"868120018681","event":"RX_MSG","detail":"0x9208 bodyLen=81"}
{"ts":"2026-04-04T15:16:24.770Z","level":"INFO","device":"868120018681","event":"9208_RAW","detail":"0C35342E33372E3232352E36350D32000086812001868100260404151624040200383638313230303138363831303032363034303431353136323430343032303000000000000000000000000000000000"}
{"ts":"2026-04-04T15:16:24.770Z","level":"INFO","device":"868120018681","event":"UPLOAD_TRIGGERED","detail":"media: 54.37.225.65:3378 | alarmId: 86812001868100260404151624040200"}
{"ts":"2026-04-04T15:16:24.770Z","level":"INFO","device":"868120018681","event":"MEDIA_CONNECTING","detail":"54.37.225.65:3378 files=2"}
{"ts":"2026-04-04T15:16:24.775Z","level":"INFO","device":"868120018681","event":"RX_MSG","detail":"0x8001 bodyLen=5"}
{"ts":"2026-04-04T15:16:24.776Z","level":"INFO","device":"868120018681","event":"SERVER_ACK","detail":"0x0800 result=OK"}
{"ts":"2026-04-04T15:16:24.777Z","level":"INFO","device":"868120018681","event":"MEDIA_CONNECTED","detail":"54.37.225.65:3378"}
{"ts":"2026-04-04T15:16:24.777Z","level":"INFO","device":"868120018681","event":"FILE_START","detail":"[1/2] 00_64_6401_00_86812001868100260404151624040200.jpg (215 bytes)"}
{"ts":"2026-04-04T15:16:24.778Z","level":"INFO","device":"868120018681","event":"SENT_1210","detail":"00_64_6401_00_86812001868100260404151624040200.jpg"}
{"ts":"2026-04-04T15:16:24.786Z","level":"INFO","device":"868120018681","event":"MEDIA_RX","detail":"7E 80 01 00 05 86 81 20 01 86 81 F7 AB 00 00 12 10 00 FB 7E"}
{"ts":"2026-04-04T15:16:24.880Z","level":"INFO","device":"868120018681","event":"SENT_RAW_MARKER","detail":"00_64_6401_00_86812001868100260404151624040200.jpg packet=277 bytes data=215 bytes"}
{"ts":"2026-04-04T15:16:24.881Z","level":"INFO","device":"868120018681","event":"SENT_1212","detail":"00_64_6401_00_86812001868100260404151624040200.jpg type=0"}
{"ts":"2026-04-04T15:16:24.936Z","level":"INFO","device":"868120018681","event":"MEDIA_RX","detail":"7E 92 12 00 36 86 81 20 01 86 81 90 2F 32 30 30 5F 36 34 5F 36 34 30 31 5F 30 30 5F 38 36 38 31 32 30 30 31 38 36 38 31 30 30 32 36 30 34 30 34 31 35 31 36 32 34 30 34 30 32 30 30 2E 6A 70 67 00 00 00 4C 7E"}
{"ts":"2026-04-04T15:16:25.183Z","level":"INFO","device":"868120018681","event":"FILE_START","detail":"[2/2] 02_64_6401_03_86812001868100260404151624040200.mp4 (65536 bytes)"}
{"ts":"2026-04-04T15:16:25.183Z","level":"INFO","device":"868120018681","event":"SENT_1210","detail":"02_64_6401_03_86812001868100260404151624040200.mp4"}
{"ts":"2026-04-04T15:16:25.191Z","level":"INFO","device":"868120018681","event":"MEDIA_RX","detail":"7E 80 01 00 05 86 81 20 01 86 81 39 D2 00 02 12 10 00 4E 7E"}
{"ts":"2026-04-04T15:16:25.283Z","level":"INFO","device":"868120018681","event":"SENT_RAW_MARKER","detail":"02_64_6401_03_86812001868100260404151624040200.mp4 packet=65598 bytes data=65536 bytes"}
{"ts":"2026-04-04T15:16:25.284Z","level":"INFO","device":"868120018681","event":"SENT_1212","detail":"02_64_6401_03_86812001868100260404151624040200.mp4 type=2"}
{"ts":"2026-04-04T15:16:25.311Z","level":"INFO","device":"868120018681","event":"MEDIA_RX","detail":"7E 92 12 00 36 86 81 20 01 86 81 25 96 32 30 32 5F 36 34 5F 36 34 30 31 5F 30 33 5F 38 36 38 31 32 30 30 31 38 36 38 31 30 30 32 36 30 34 30 34 31 35 31 36 32 34 30 34 30 32 30 30 2E 6D 70 34 02 00 00 17 7E"}
{"ts":"2026-04-04T15:16:25.586Z","level":"INFO","device":"868120018681","event":"BATCH_COMPLETE","detail":"All 2 files sent"}
{"ts":"2026-04-04T15:16:25.595Z","level":"INFO","device":"868120018681","event":"MEDIA_CLOSED","detail":""}
{"ts":"2026-04-04T15:16:29.848Z","level":"INFO","device":"868120018681","event":"RX_MSG","detail":"0x9101 bodyLen=20"}
{"ts":"2026-04-04T15:16:29.849Z","level":"INFO","device":"868120018681","event":"SENT_ACK","detail":"0x0001 acknowledging Live Stream Request"}
{"ts":"2026-04-04T15:16:29.849Z","level":"INFO","device":"868120018681","event":"LIVE_STREAM_REQ","detail":"Target: 54.37.225.65:3377 | Channel: 2"}
{"ts":"2026-04-04T15:16:29.849Z","level":"INFO","device":"868120018681","event":"LIVE_STREAM_CONNECTING","detail":"54.37.225.65:3377"}
{"ts":"2026-04-04T15:16:29.874Z","level":"ERROR","device":"868120018681","event":"LIVE_STREAM_ERR","detail":"connect ECONNREFUSED 54.37.225.65:3377"}
{"ts":"2026-04-04T15:16:29.876Z","level":"INFO","device":"868120018681","event":"LIVE_STREAM_CLOSED","detail":"Stream ended."}
{"ts":"2026-04-04T15:16:34.736Z","level":"INFO","device":"868120018681","event":"GPS_SENT","detail":""}
{"ts":"2026-04-04T15:16:34.747Z","level":"INFO","device":"868120018681","event":"RX_MSG","detail":"0x8001 bodyLen=5"}
{"ts":"2026-04-04T15:16:34.747Z","level":"INFO","device":"868120018681","event":"SERVER_ACK","detail":"0x0200 result=OK"}
{"ts":"2026-04-04T15:16:34.757Z","level":"INFO","device":"868120018681","event":"INCIDENT_SENT","detail":"mediaId=5 alarmId=86812001868100260404151634050200"}
{"ts":"2026-04-04T15:16:34.764Z","level":"INFO","device":"868120018681","event":"RX_MSG","detail":"0x8001 bodyLen=5"}
{"ts":"2026-04-04T15:16:34.764Z","level":"INFO","device":"868120018681","event":"SERVER_ACK","detail":"0x0200 result=OK"}
{"ts":"2026-04-04T15:16:34.776Z","level":"INFO","device":"868120018681","event":"RX_MSG","detail":"0x9208 bodyLen=81"}
{"ts":"2026-04-04T15:16:34.776Z","level":"INFO","device":"868120018681","event":"9208_RAW","detail":"0C35342E33372E3232352E36350D32000086812001868100260404151634050200383638313230303138363831303032363034303431353136333430353032303000000000000000000000000000000000"}
{"ts":"2026-04-04T15:16:34.813Z","level":"INFO","device":"868120018681","event":"UPLOAD_TRIGGERED","detail":"media: 54.37.225.65:3378 | alarmId: 86812001868100260404151634050200"}
{"ts":"2026-04-04T15:16:34.813Z","level":"INFO","device":"868120018681","event":"MEDIA_CONNECTING","detail":"54.37.225.65:3378 files=2"}
{"ts":"2026-04-04T15:16:34.814Z","level":"INFO","device":"868120018681","event":"RX_MSG","detail":"0x8001 bodyLen=5"}
{"ts":"2026-04-04T15:16:34.814Z","level":"INFO","device":"868120018681","event":"SERVER_ACK","detail":"0x0800 result=OK"}
{"ts":"2026-04-04T15:16:34.824Z","level":"INFO","device":"868120018681","event":"MEDIA_CONNECTED","detail":"54.37.225.65:3378"}
{"ts":"2026-04-04T15:16:34.824Z","level":"INFO","device":"868120018681","event":"FILE_START","detail":"[1/2] 00_64_6401_00_86812001868100260404151634050200.jpg (215 bytes)"}
{"ts":"2026-04-04T15:16:34.824Z","level":"INFO","device":"868120018681","event":"SENT_1210","detail":"00_64_6401_00_86812001868100260404151634050200.jpg"}
{"ts":"2026-04-04T15:16:34.831Z","level":"INFO","device":"868120018681","event":"MEDIA_RX","detail":"7E 80 01 00 05 86 81 20 01 86 81 D1 16 00 00 12 10 00 60 7E"}
{"ts":"2026-04-04T15:16:34.929Z","level":"INFO","device":"868120018681","event":"SENT_RAW_MARKER","detail":"00_64_6401_00_86812001868100260404151634050200.jpg packet=277 bytes data=215 bytes"}
{"ts":"2026-04-04T15:16:34.930Z","level":"INFO","device":"868120018681","event":"SENT_1212","detail":"00_64_6401_00_86812001868100260404151634050200.jpg type=0"}
{"ts":"2026-04-04T15:16:34.991Z","level":"INFO","device":"868120018681","event":"MEDIA_RX","detail":"7E 92 12 00 36 86 81 20 01 86 81 B3 6D 32 30 30 5F 36 34 5F 36 34 30 31 5F 30 30 5F 38 36 38 31 32 30 30 31 38 36 38 31 30 30 32 36 30 34 30 34 31 35 31 36 33 34 30 35 30 32 30 30 2E 6A 70 67 00 00 00 2D 7E"}
{"ts":"2026-04-04T15:16:35.234Z","level":"INFO","device":"868120018681","event":"FILE_START","detail":"[2/2] 02_64_6401_03_86812001868100260404151634050200.mp4 (65536 bytes)"}
{"ts":"2026-04-04T15:16:35.237Z","level":"INFO","device":"868120018681","event":"SENT_1210","detail":"02_64_6401_03_86812001868100260404151634050200.mp4"}
{"ts":"2026-04-04T15:16:35.246Z","level":"INFO","device":"868120018681","event":"MEDIA_RX","detail":"7E 80 01 00 05 86 81 20 01 86 81 FA 8D 00 02 12 10 00 D2 7E"}
{"ts":"2026-04-04T15:16:35.344Z","level":"INFO","device":"868120018681","event":"SENT_RAW_MARKER","detail":"02_64_6401_03_86812001868100260404151634050200.mp4 packet=65598 bytes data=65536 bytes"}
{"ts":"2026-04-04T15:16:35.345Z","level":"INFO","device":"868120018681","event":"SENT_1212","detail":"02_64_6401_03_86812001868100260404151634050200.mp4 type=2"}
{"ts":"2026-04-04T15:16:35.374Z","level":"INFO","device":"868120018681","event":"MEDIA_RX","detail":"7E 92 12 00 36 86 81 20 01 86 81 4A C3 32 30 32 5F 36 34 5F 36 34 30 31 5F 30 33 5F 38 36 38 31 32 30 30 31 38 36 38 31 30 30 32 36 30 34 30 34 31 35 31 36 33 34 30 35 30 32 30 30 2E 6D 70 34 02 00 00 2D 7E"}
{"ts":"2026-04-04T15:16:35.647Z","level":"INFO","device":"868120018681","event":"BATCH_COMPLETE","detail":"All 2 files sent"}
{"ts":"2026-04-04T15:16:35.660Z","level":"INFO","device":"868120018681","event":"MEDIA_CLOSED","detail":""}
{"ts":"2026-04-04T15:16:44.759Z","level":"INFO","device":"868120018681","event":"INCIDENT_SENT","detail":"mediaId=6 alarmId=86812001868100260404151644060200"}
{"ts":"2026-04-04T15:16:44.769Z","level":"INFO","device":"868120018681","event":"RX_MSG","detail":"0x8001 bodyLen=5"}
{"ts":"2026-04-04T15:16:44.770Z","level":"INFO","device":"868120018681","event":"SERVER_ACK","detail":"0x0200 result=OK"}
{"ts":"2026-04-04T15:16:44.776Z","level":"INFO","device":"868120018681","event":"RX_MSG","detail":"0x9208 bodyLen=81"}
{"ts":"2026-04-04T15:16:44.777Z","level":"INFO","device":"868120018681","event":"9208_RAW","detail":"0C35342E33372E3232352E36350D32000086812001868100260404151644060200383638313230303138363831303032363034303431353136343430363032303000000000000000000000000000000000"}
{"ts":"2026-04-04T15:16:44.777Z","level":"INFO","device":"868120018681","event":"UPLOAD_TRIGGERED","detail":"media: 54.37.225.65:3378 | alarmId: 86812001868100260404151644060200"}
{"ts":"2026-04-04T15:16:44.777Z","level":"INFO","device":"868120018681","event":"MEDIA_CONNECTING","detail":"54.37.225.65:3378 files=2"}
{"ts":"2026-04-04T15:16:44.782Z","level":"INFO","device":"868120018681","event":"RX_MSG","detail":"0x8001 bodyLen=5"}
{"ts":"2026-04-04T15:16:44.783Z","level":"INFO","device":"868120018681","event":"SERVER_ACK","detail":"0x0800 result=OK"}
{"ts":"2026-04-04T15:16:44.785Z","level":"INFO","device":"868120018681","event":"MEDIA_CONNECTED","detail":"54.37.225.65:3378"}
{"ts":"2026-04-04T15:16:44.786Z","level":"INFO","device":"868120018681","event":"FILE_START","detail":"[1/2] 00_64_6401_00_86812001868100260404151644060200.jpg (215 bytes)"}
{"ts":"2026-04-04T15:16:44.786Z","level":"INFO","device":"868120018681","event":"SENT_1210","detail":"00_64_6401_00_86812001868100260404151644060200.jpg"}
{"ts":"2026-04-04T15:16:44.796Z","level":"INFO","device":"868120018681","event":"MEDIA_RX","detail":"7E 80 01 00 05 86 81 20 01 86 81 A9 A3 00 00 12 10 00 AD 7E"}
{"ts":"2026-04-04T15:16:44.889Z","level":"INFO","device":"868120018681","event":"SENT_RAW_MARKER","detail":"00_64_6401_00_86812001868100260404151644060200.jpg packet=277 bytes data=215 bytes"}
{"ts":"2026-04-04T15:16:44.890Z","level":"INFO","device":"868120018681","event":"SENT_1212","detail":"00_64_6401_00_86812001868100260404151644060200.jpg type=0"}
{"ts":"2026-04-04T15:16:44.947Z","level":"INFO","device":"868120018681","event":"MEDIA_RX","detail":"7E 92 12 00 36 86 81 20 01 86 81 B5 45 32 30 30 5F 36 34 5F 36 34 30 31 5F 30 30 5F 38 36 38 31 32 30 30 31 38 36 38 31 30 30 32 36 30 34 30 34 31 35 31 36 34 34 30 36 30 32 30 30 2E 6A 70 67 00 00 00 07 7E"}
{"ts":"2026-04-04T15:16:45.195Z","level":"INFO","device":"868120018681","event":"FILE_START","detail":"[2/2] 02_64_6401_03_86812001868100260404151644060200.mp4 (65536 bytes)"}
{"ts":"2026-04-04T15:16:45.196Z","level":"INFO","device":"868120018681","event":"SENT_1210","detail":"02_64_6401_03_86812001868100260404151644060200.mp4"}
{"ts":"2026-04-04T15:16:45.207Z","level":"INFO","device":"868120018681","event":"MEDIA_RX","detail":"7E 80 01 00 05 86 81 20 01 86 81 23 16 00 02 12 10 00 90 7E"}
{"ts":"2026-04-04T15:16:45.302Z","level":"INFO","device":"868120018681","event":"SENT_RAW_MARKER","detail":"02_64_6401_03_86812001868100260404151644060200.mp4 packet=65598 bytes data=65536 bytes"}
{"ts":"2026-04-04T15:16:45.302Z","level":"INFO","device":"868120018681","event":"SENT_1212","detail":"02_64_6401_03_86812001868100260404151644060200.mp4 type=2"}
{"ts":"2026-04-04T15:16:45.332Z","level":"INFO","device":"868120018681","event":"MEDIA_RX","detail":"7E 92 12 00 36 86 81 20 01 86 81 76 50 32 30 32 5F 36 34 5F 36 34 30 31 5F 30 33 5F 38 36 38 31 32 30 30 31 38 36 38 31 30 30 32 36 30 34 30 34 31 35 31 36 34 34 30 36 30 32 30 30 2E 6D 70 34 02 00 00 86 7E"}
{"ts":"2026-04-04T15:16:45.607Z","level":"INFO","device":"868120018681","event":"BATCH_COMPLETE","detail":"All 2 files sent"}
{"ts":"2026-04-04T15:16:45.620Z","level":"INFO","device":"868120018681","event":"MEDIA_CLOSED","detail":""}
{"ts":"2026-04-04T15:16:54.764Z","level":"INFO","device":"868120018681","event":"INCIDENT_SENT","detail":"mediaId=7 alarmId=86812001868100260404151654070200"}
{"ts":"2026-04-04T15:16:54.773Z","level":"INFO","device":"868120018681","event":"RX_MSG","detail":"0x8001 bodyLen=5"}
{"ts":"2026-04-04T15:16:54.773Z","level":"INFO","device":"868120018681","event":"SERVER_ACK","detail":"0x0200 result=OK"}
{"ts":"2026-04-04T15:16:54.780Z","level":"INFO","device":"868120018681","event":"RX_MSG","detail":"0x9208 bodyLen=81"}
{"ts":"2026-04-04T15:16:54.780Z","level":"INFO","device":"868120018681","event":"9208_RAW","detail":"0C35342E33372E3232352E36350D32000086812001868100260404151654070200383638313230303138363831303032363034303431353136353430373032303000000000000000000000000000000000"}
{"ts":"2026-04-04T15:16:54.780Z","level":"INFO","device":"868120018681","event":"UPLOAD_TRIGGERED","detail":"media: 54.37.225.65:3378 | alarmId: 86812001868100260404151654070200"}
{"ts":"2026-04-04T15:16:54.781Z","level":"INFO","device":"868120018681","event":"MEDIA_CONNECTING","detail":"54.37.225.65:3378 files=2"}
{"ts":"2026-04-04T15:16:54.789Z","level":"INFO","device":"868120018681","event":"MEDIA_CONNECTED","detail":"54.37.225.65:3378"}
{"ts":"2026-04-04T15:16:54.789Z","level":"INFO","device":"868120018681","event":"FILE_START","detail":"[1/2] 00_64_6401_00_86812001868100260404151654070200.jpg (215 bytes)"}
{"ts":"2026-04-04T15:16:54.789Z","level":"INFO","device":"868120018681","event":"SENT_1210","detail":"00_64_6401_00_86812001868100260404151654070200.jpg"}
{"ts":"2026-04-04T15:16:54.797Z","level":"INFO","device":"868120018681","event":"RX_MSG","detail":"0x8001 bodyLen=5"}
{"ts":"2026-04-04T15:16:54.797Z","level":"INFO","device":"868120018681","event":"SERVER_ACK","detail":"0x0800 result=OK"}
{"ts":"2026-04-04T15:16:54.803Z","level":"INFO","device":"868120018681","event":"MEDIA_RX","detail":"7E 80 01 00 05 86 81 20 01 86 81 28 DF 00 00 12 10 00 50 7E"}
{"ts":"2026-04-04T15:16:54.894Z","level":"INFO","device":"868120018681","event":"SENT_RAW_MARKER","detail":"00_64_6401_00_86812001868100260404151654070200.jpg packet=277 bytes data=215 bytes"}
{"ts":"2026-04-04T15:16:54.894Z","level":"INFO","device":"868120018681","event":"SENT_1212","detail":"00_64_6401_00_86812001868100260404151654070200.jpg type=0"}
{"ts":"2026-04-04T15:16:54.952Z","level":"INFO","device":"868120018681","event":"MEDIA_RX","detail":"7E 92 12 00 36 86 81 20 01 86 81 2A AE 32 30 30 5F 36 34 5F 36 34 30 31 5F 30 30 5F 38 36 38 31 32 30 30 31 38 36 38 31 30 30 32 36 30 34 30 34 31 35 31 36 35 34 30 37 30 32 30 30 2E 6A 70 67 00 00 00 73 7E"}
{"ts":"2026-04-04T15:16:55.198Z","level":"INFO","device":"868120018681","event":"FILE_START","detail":"[2/2] 02_64_6401_03_86812001868100260404151654070200.mp4 (65536 bytes)"}
{"ts":"2026-04-04T15:16:55.198Z","level":"INFO","device":"868120018681","event":"SENT_1210","detail":"02_64_6401_03_86812001868100260404151654070200.mp4"}
{"ts":"2026-04-04T15:16:55.209Z","level":"INFO","device":"868120018681","event":"MEDIA_RX","detail":"7E 80 01 00 05 86 81 20 01 86 81 5D D2 00 02 12 10 00 2A 7E"}
{"ts":"2026-04-04T15:16:55.303Z","level":"INFO","device":"868120018681","event":"SENT_RAW_MARKER","detail":"02_64_6401_03_86812001868100260404151654070200.mp4 packet=65598 bytes data=65536 bytes"}
{"ts":"2026-04-04T15:16:55.303Z","level":"INFO","device":"868120018681","event":"SENT_1212","detail":"02_64_6401_03_86812001868100260404151654070200.mp4 type=2"}
{"ts":"2026-04-04T15:16:55.329Z","level":"INFO","device":"868120018681","event":"MEDIA_RX","detail":"7E 92 12 00 36 86 81 20 01 86 81 E2 78 32 30 32 5F 36 34 5F 36 34 30 31 5F 30 33 5F 38 36 38 31 32 30 30 31 38 36 38 31 30 30 32 36 30 34 30 34 31 35 31 36 35 34 30 37 30 32 30 30 2E 6D 70 34 02 00 00 3A 7E"}
{"ts":"2026-04-04T15:16:55.608Z","level":"INFO","device":"868120018681","event":"BATCH_COMPLETE","detail":"All 2 files sent"}
{"ts":"2026-04-04T15:16:55.620Z","level":"INFO","device":"868120018681","event":"MEDIA_CLOSED","detail":""}
{"ts":"2026-04-04T15:16:59.741Z","level":"INFO","device":"868120018681","event":"GPS_SENT","detail":""}
{"ts":"2026-04-04T15:16:59.749Z","level":"INFO","device":"868120018681","event":"RX_MSG","detail":"0x8001 bodyLen=5"}
{"ts":"2026-04-04T15:16:59.749Z","level":"INFO","device":"868120018681","event":"SERVER_ACK","detail":"0x0200 result=OK"}
{"ts":"2026-04-04T15:17:02.643Z","level":"INFO","device":"868120018681","event":"RX_MSG","detail":"0x9101 bodyLen=20"}
{"ts":"2026-04-04T15:17:02.644Z","level":"INFO","device":"868120018681","event":"SENT_ACK","detail":"0x0001 acknowledging Live Stream Request"}
{"ts":"2026-04-04T15:17:02.644Z","level":"INFO","device":"868120018681","event":"LIVE_STREAM_REQ","detail":"Target: 54.37.225.65:3377 | Channel: 2"}
{"ts":"2026-04-04T15:17:02.644Z","level":"INFO","device":"868120018681","event":"LIVE_STREAM_CONNECTING","detail":"54.37.225.65:3377"}
{"ts":"2026-04-04T15:17:02.652Z","level":"ERROR","device":"868120018681","event":"LIVE_STREAM_ERR","detail":"connect ECONNREFUSED 54.37.225.65:3377"}
{"ts":"2026-04-04T15:17:02.653Z","level":"INFO","device":"868120018681","event":"LIVE_STREAM_CLOSED","detail":"Stream ended."}
{"ts":"2026-04-04T15:17:04.764Z","level":"INFO","device":"868120018681","event":"INCIDENT_SENT","detail":"mediaId=8 alarmId=86812001868100260404151704080200"}
{"ts":"2026-04-04T15:17:04.771Z","level":"INFO","device":"868120018681","event":"RX_MSG","detail":"0x8001 bodyLen=5"}
{"ts":"2026-04-04T15:17:04.771Z","level":"INFO","device":"868120018681","event":"SERVER_ACK","detail":"0x0200 result=OK"}
{"ts":"2026-04-04T15:17:04.778Z","level":"INFO","device":"868120018681","event":"RX_MSG","detail":"0x9208 bodyLen=81"}
{"ts":"2026-04-04T15:17:04.778Z","level":"INFO","device":"868120018681","event":"9208_RAW","detail":"0C35342E33372E3232352E36350D32000086812001868100260404151704080200383638313230303138363831303032363034303431353137303430383032303000000000000000000000000000000000"}
{"ts":"2026-04-04T15:17:04.779Z","level":"INFO","device":"868120018681","event":"UPLOAD_TRIGGERED","detail":"media: 54.37.225.65:3378 | alarmId: 86812001868100260404151704080200"}
{"ts":"2026-04-04T15:17:04.779Z","level":"INFO","device":"868120018681","event":"MEDIA_CONNECTING","detail":"54.37.225.65:3378 files=2"}
{"ts":"2026-04-04T15:17:04.783Z","level":"INFO","device":"868120018681","event":"RX_MSG","detail":"0x8001 bodyLen=5"}
{"ts":"2026-04-04T15:17:04.783Z","level":"INFO","device":"868120018681","event":"SERVER_ACK","detail":"0x0800 result=OK"}
{"ts":"2026-04-04T15:17:04.786Z","level":"INFO","device":"868120018681","event":"MEDIA_CONNECTED","detail":"54.37.225.65:3378"}
{"ts":"2026-04-04T15:17:04.786Z","level":"INFO","device":"868120018681","event":"FILE_START","detail":"[1/2] 00_64_6401_00_86812001868100260404151704080200.jpg (215 bytes)"}
{"ts":"2026-04-04T15:17:04.787Z","level":"INFO","device":"868120018681","event":"SENT_1210","detail":"00_64_6401_00_86812001868100260404151704080200.jpg"}
{"ts":"2026-04-04T15:17:04.795Z","level":"INFO","device":"868120018681","event":"MEDIA_RX","detail":"7E 80 01 00 05 86 81 20 01 86 81 92 50 00 00 12 10 00 65 7E"}
{"ts":"2026-04-04T15:17:04.891Z","level":"INFO","device":"868120018681","event":"SENT_RAW_MARKER","detail":"00_64_6401_00_86812001868100260404151704080200.jpg packet=277 bytes data=215 bytes"}
{"ts":"2026-04-04T15:17:04.892Z","level":"INFO","device":"868120018681","event":"SENT_1212","detail":"00_64_6401_00_86812001868100260404151704080200.jpg type=0"}
{"ts":"2026-04-04T15:17:04.946Z","level":"INFO","device":"868120018681","event":"MEDIA_RX","detail":"7E 92 12 00 36 86 81 20 01 86 81 E6 AF 32 30 30 5F 36 34 5F 36 34 30 31 5F 30 30 5F 38 36 38 31 32 30 30 31 38 36 38 31 30 30 32 36 30 34 30 34 31 35 31 37 30 34 30 38 30 32 30 30 2E 6A 70 67 00 00 00 B5 7E"}
{"ts":"2026-04-04T15:17:05.264Z","level":"INFO","device":"868120018681","event":"FILE_START","detail":"[2/2] 02_64_6401_03_86812001868100260404151704080200.mp4 (65536 bytes)"}
{"ts":"2026-04-04T15:17:05.265Z","level":"INFO","device":"868120018681","event":"SENT_1210","detail":"02_64_6401_03_86812001868100260404151704080200.mp4"}
{"ts":"2026-04-04T15:17:05.274Z","level":"INFO","device":"868120018681","event":"MEDIA_RX","detail":"7E 80 01 00 05 86 81 20 01 86 81 7F 9D 00 02 12 10 00 47 7E"}
{"ts":"2026-04-04T15:17:05.370Z","level":"INFO","device":"868120018681","event":"SENT_RAW_MARKER","detail":"02_64_6401_03_86812001868100260404151704080200.mp4 packet=65598 bytes data=65536 bytes"}
{"ts":"2026-04-04T15:17:05.370Z","level":"INFO","device":"868120018681","event":"SENT_1212","detail":"02_64_6401_03_86812001868100260404151704080200.mp4 type=2"}
{"ts":"2026-04-04T15:17:05.398Z","level":"INFO","device":"868120018681","event":"MEDIA_RX","detail":"7E 92 12 00 36 86 81 20 01 86 81 B0 BE 32 30 32 5F 36 34 5F 36 34 30 31 5F 30 33 5F 38 36 38 31 32 30 30 31 38 36 38 31 30 30 32 36 30 34 30 34 31 35 31 37 30 34 30 38 30 32 30 30 2E 6D 70 34 02 00 00 A5 7E"}
{"ts":"2026-04-04T15:17:05.673Z","level":"INFO","device":"868120018681","event":"BATCH_COMPLETE","detail":"All 2 files sent"}
{"ts":"2026-04-04T15:17:05.685Z","level":"INFO","device":"868120018681","event":"MEDIA_CLOSED","detail":""}
{"ts":"2026-04-04T15:17:14.770Z","level":"INFO","device":"868120018681","event":"INCIDENT_SENT","detail":"mediaId=9 alarmId=86812001868100260404151714090200"}
{"ts":"2026-04-04T15:17:14.782Z","level":"INFO","device":"868120018681","event":"RX_MSG","detail":"0x8001 bodyLen=5"}
{"ts":"2026-04-04T15:17:14.782Z","level":"INFO","device":"868120018681","event":"SERVER_ACK","detail":"0x0200 result=OK"}
{"ts":"2026-04-04T15:17:14.786Z","level":"INFO","device":"868120018681","event":"RX_MSG","detail":"0x9208 bodyLen=81"}
{"ts":"2026-04-04T15:17:14.786Z","level":"INFO","device":"868120018681","event":"9208_RAW","detail":"0C35342E33372E3232352E36350D32000086812001868100260404151714090200383638313230303138363831303032363034303431353137313430393032303000000000000000000000000000000000"}
{"ts":"2026-04-04T15:17:14.786Z","level":"INFO","device":"868120018681","event":"UPLOAD_TRIGGERED","detail":"media: 54.37.225.65:3378 | alarmId: 86812001868100260404151714090200"}
{"ts":"2026-04-04T15:17:14.786Z","level":"INFO","device":"868120018681","event":"MEDIA_CONNECTING","detail":"54.37.225.65:3378 files=2"}
{"ts":"2026-04-04T15:17:14.799Z","level":"INFO","device":"868120018681","event":"RX_MSG","detail":"0x8001 bodyLen=5"}
{"ts":"2026-04-04T15:17:14.799Z","level":"INFO","device":"868120018681","event":"SERVER_ACK","detail":"0x0800 result=OK"}
{"ts":"2026-04-04T15:17:14.799Z","level":"INFO","device":"868120018681","event":"MEDIA_CONNECTED","detail":"54.37.225.65:3378"}
{"ts":"2026-04-04T15:17:14.799Z","level":"INFO","device":"868120018681","event":"FILE_START","detail":"[1/2] 00_64_6401_00_86812001868100260404151714090200.jpg (215 bytes)"}
{"ts":"2026-04-04T15:17:14.799Z","level":"INFO","device":"868120018681","event":"SENT_1210","detail":"00_64_6401_00_86812001868100260404151714090200.jpg"}
{"ts":"2026-04-04T15:17:14.810Z","level":"INFO","device":"868120018681","event":"MEDIA_RX","detail":"7E 80 01 00 05 86 81 20 01 86 81 DA 1F 00 00 12 10 00 62 7E"}
{"ts":"2026-04-04T15:17:14.911Z","level":"INFO","device":"868120018681","event":"SENT_RAW_MARKER","detail":"00_64_6401_00_86812001868100260404151714090200.jpg packet=277 bytes data=215 bytes"}
{"ts":"2026-04-04T15:17:14.911Z","level":"INFO","device":"868120018681","event":"SENT_1212","detail":"00_64_6401_00_86812001868100260404151714090200.jpg type=0"}
{"ts":"2026-04-04T15:17:14.969Z","level":"INFO","device":"868120018681","event":"MEDIA_RX","detail":"7E 92 12 00 36 86 81 20 01 86 81 D9 89 32 30 30 5F 36 34 5F 36 34 30 31 5F 30 30 5F 38 36 38 31 32 30 30 31 38 36 38 31 30 30 32 36 30 34 30 34 31 35 31 37 31 34 30 39 30 32 30 30 2E 6A 70 67 00 00 00 AC 7E"}
{"ts":"2026-04-04T15:17:15.218Z","level":"INFO","device":"868120018681","event":"FILE_START","detail":"[2/2] 02_64_6401_03_86812001868100260404151714090200.mp4 (65536 bytes)"}
{"ts":"2026-04-04T15:17:15.219Z","level":"INFO","device":"868120018681","event":"SENT_1210","detail":"02_64_6401_03_86812001868100260404151714090200.mp4"}
{"ts":"2026-04-04T15:17:15.227Z","level":"INFO","device":"868120018681","event":"MEDIA_RX","detail":"7E 80 01 00 05 86 81 20 01 86 81 FD 09 00 02 12 10 00 51 7E"}
{"ts":"2026-04-04T15:17:15.323Z","level":"INFO","device":"868120018681","event":"SENT_RAW_MARKER","detail":"02_64_6401_03_86812001868100260404151714090200.mp4 packet=65598 bytes data=65536 bytes"}
{"ts":"2026-04-04T15:17:15.324Z","level":"INFO","device":"868120018681","event":"SENT_1212","detail":"02_64_6401_03_86812001868100260404151714090200.mp4 type=2"}
{"ts":"2026-04-04T15:17:15.353Z","level":"INFO","device":"868120018681","event":"MEDIA_RX","detail":"7E 92 12 00 36 86 81 20 01 86 81 70 37 32 30 32 5F 36 34 5F 36 34 30 31 5F 30 33 5F 38 36 38 31 32 30 30 31 38 36 38 31 30 30 32 36 30 34 30 34 31 35 31 37 31 34 30 39 30 32 30 30 2E 6D 70 34 02 00 00 EC 7E"}
{"ts":"2026-04-04T15:17:15.629Z","level":"INFO","device":"868120018681","event":"BATCH_COMPLETE","detail":"All 2 files sent"}
{"ts":"2026-04-04T15:17:15.643Z","level":"INFO","device":"868120018681","event":"MEDIA_CLOSED","detail":""}
{"ts":"2026-04-04T15:17:24.742Z","level":"INFO","device":"868120018681","event":"GPS_SENT","detail":""}
{"ts":"2026-04-04T15:17:24.752Z","level":"INFO","device":"868120018681","event":"RX_MSG","detail":"0x8001 bodyLen=5"}
{"ts":"2026-04-04T15:17:24.752Z","level":"INFO","device":"868120018681","event":"SERVER_ACK","detail":"0x0200 result=OK"}
{"ts":"2026-04-04T15:17:24.770Z","level":"INFO","device":"868120018681","event":"INCIDENT_SENT","detail":"mediaId=10 alarmId=868120018681002604041517240A0200"}
{"ts":"2026-04-04T15:17:24.777Z","level":"INFO","device":"868120018681","event":"RX_MSG","detail":"0x8001 bodyLen=5"}
{"ts":"2026-04-04T15:17:24.777Z","level":"INFO","device":"868120018681","event":"SERVER_ACK","detail":"0x0200 result=OK"}
{"ts":"2026-04-04T15:17:24.809Z","level":"INFO","device":"868120018681","event":"RX_MSG","detail":"0x9208 bodyLen=81"}
{"ts":"2026-04-04T15:17:24.809Z","level":"INFO","device":"868120018681","event":"9208_RAW","detail":"0C35342E33372E3232352E36350D320000868120018681002604041517240A0200383638313230303138363831303032363034303431353137323430613032303000000000000000000000000000000000"}
{"ts":"2026-04-04T15:17:24.809Z","level":"INFO","device":"868120018681","event":"UPLOAD_TRIGGERED","detail":"media: 54.37.225.65:3378 | alarmId: 868120018681002604041517240A0200"}
{"ts":"2026-04-04T15:17:24.809Z","level":"INFO","device":"868120018681","event":"MEDIA_CONNECTING","detail":"54.37.225.65:3378 files=2"}
{"ts":"2026-04-04T15:17:24.810Z","level":"INFO","device":"868120018681","event":"RX_MSG","detail":"0x8001 bodyLen=5"}
{"ts":"2026-04-04T15:17:24.810Z","level":"INFO","device":"868120018681","event":"SERVER_ACK","detail":"0x0800 result=OK"}
{"ts":"2026-04-04T15:17:24.820Z","level":"INFO","device":"868120018681","event":"MEDIA_CONNECTED","detail":"54.37.225.65:3378"}
{"ts":"2026-04-04T15:17:24.820Z","level":"INFO","device":"868120018681","event":"FILE_START","detail":"[1/2] 00_64_6401_00_868120018681002604041517240A0200.jpg (215 bytes)"}
{"ts":"2026-04-04T15:17:24.821Z","level":"INFO","device":"868120018681","event":"SENT_1210","detail":"00_64_6401_00_868120018681002604041517240A0200.jpg"}
{"ts":"2026-04-04T15:17:24.829Z","level":"INFO","device":"868120018681","event":"MEDIA_RX","detail":"7E 80 01 00 05 86 81 20 01 86 81 F7 28 00 00 12 10 00 78 7E"}
{"ts":"2026-04-04T15:17:24.921Z","level":"INFO","device":"868120018681","event":"SENT_RAW_MARKER","detail":"00_64_6401_00_868120018681002604041517240A0200.jpg packet=277 bytes data=215 bytes"}
{"ts":"2026-04-04T15:17:24.922Z","level":"INFO","device":"868120018681","event":"SENT_1212","detail":"00_64_6401_00_868120018681002604041517240A0200.jpg type=0"}
{"ts":"2026-04-04T15:17:24.977Z","level":"INFO","device":"868120018681","event":"MEDIA_RX","detail":"7E 92 12 00 36 86 81 20 01 86 81 A5 59 32 30 30 5F 36 34 5F 36 34 30 31 5F 30 30 5F 38 36 38 31 32 30 30 31 38 36 38 31 30 30 32 36 30 34 30 34 31 35 31 37 32 34 30 41 30 32 30 30 2E 6A 70 67 00 00 00 7B 7E"}
{"ts":"2026-04-04T15:17:25.223Z","level":"INFO","device":"868120018681","event":"FILE_START","detail":"[2/2] 02_64_6401_03_868120018681002604041517240A0200.mp4 (65536 bytes)"}
{"ts":"2026-04-04T15:17:25.223Z","level":"INFO","device":"868120018681","event":"SENT_1210","detail":"02_64_6401_03_868120018681002604041517240A0200.mp4"}
{"ts":"2026-04-04T15:17:25.233Z","level":"INFO","device":"868120018681","event":"MEDIA_RX","detail":"7E 80 01 00 05 86 81 20 01 86 81 F4 B9 00 02 12 10 00 E8 7E"}
{"ts":"2026-04-04T15:17:25.326Z","level":"INFO","device":"868120018681","event":"SENT_RAW_MARKER","detail":"02_64_6401_03_868120018681002604041517240A0200.mp4 packet=65598 bytes data=65536 bytes"}
{"ts":"2026-04-04T15:17:25.326Z","level":"INFO","device":"868120018681","event":"SENT_1212","detail":"02_64_6401_03_868120018681002604041517240A0200.mp4 type=2"}
{"ts":"2026-04-04T15:17:25.355Z","level":"INFO","device":"868120018681","event":"MEDIA_RX","detail":"7E 92 12 00 36 86 81 20 01 86 81 FD 26 32 30 32 5F 36 34 5F 36 34 30 31 5F 30 33 5F 38 36 38 31 32 30 30 31 38 36 38 31 30 30 32 36 30 34 30 34 31 35 31 37 32 34 30 41 30 32 30 30 2E 6D 70 34 02 00 00 0B 7E"}
