{"ts":"2026-04-02T18:29:45.208Z","level":"INFO","device":"868120018681","event":"CONNECTED","detail":"id:868120018681"}
{"ts":"2026-04-02T18:29:45.280Z","level":"INFO","device":"868120018681","event":"RX_MSG","detail":"0x8001 bodyLen=5"}
{"ts":"2026-04-02T18:29:45.281Z","level":"INFO","device":"868120018681","event":"SERVER_ACK","detail":"0x0102 result=OK"}
{"ts":"2026-04-02T18:29:55.204Z","level":"INFO","device":"868120018681","event":"INCIDENT_SENT","detail":"mediaId=1 alarmId=86812001868100260402182955010200"}
{"ts":"2026-04-02T18:29:55.219Z","level":"INFO","device":"868120018681","event":"RX_MSG","detail":"0x8001 bodyLen=5"}
{"ts":"2026-04-02T18:29:55.219Z","level":"INFO","device":"868120018681","event":"SERVER_ACK","detail":"0x0200 result=OK"}
{"ts":"2026-04-02T18:29:55.221Z","level":"INFO","device":"868120018681","event":"RX_MSG","detail":"0x9208 bodyLen=81"}
{"ts":"2026-04-02T18:29:55.222Z","level":"INFO","device":"868120018681","event":"9208_RAW","detail":"0C35342E33372E3232352E36350D32000086812001868100260402182955010200383638313230303138363831303032363034303231383239353530313032303000000000000000000000000000000000"}
{"ts":"2026-04-02T18:29:55.222Z","level":"INFO","device":"868120018681","event":"UPLOAD_TRIGGERED","detail":"media: 54.37.225.65:3378 | alarmId: 86812001868100260402182955010200"}
{"ts":"2026-04-02T18:29:55.223Z","level":"INFO","device":"868120018681","event":"MEDIA_CONNECTING","detail":"54.37.225.65:3378 files=2"}
{"ts":"2026-04-02T18:29:55.227Z","level":"INFO","device":"868120018681","event":"RX_MSG","detail":"0x8001 bodyLen=5"}
{"ts":"2026-04-02T18:29:55.227Z","level":"INFO","device":"868120018681","event":"SERVER_ACK","detail":"0x0800 result=OK"}
{"ts":"2026-04-02T18:29:55.272Z","level":"INFO","device":"868120018681","event":"MEDIA_CONNECTED","detail":"54.37.225.65:3378"}
{"ts":"2026-04-02T18:29:55.288Z","level":"INFO","device":"868120018681","event":"FILE_START","detail":"[1/2] 00_64_6401_00_86812001868100260402182955010200.jpg (30220 bytes)"}
{"ts":"2026-04-02T18:29:55.289Z","level":"INFO","device":"868120018681","event":"SENT_1210","detail":"00_64_6401_00_86812001868100260402182955010200.jpg"}
{"ts":"2026-04-02T18:29:55.298Z","level":"INFO","device":"868120018681","event":"MEDIA_RX","detail":"7E 80 01 00 05 86 81 20 01 86 81 37 CB 00 00 12 10 00 5B 7E"}
{"ts":"2026-04-02T18:29:55.394Z","level":"INFO","device":"868120018681","event":"SENT_RAW_MARKER","detail":"00_64_6401_00_86812001868100260402182955010200.jpg packet=30282 bytes data=30220 bytes"}
{"ts":"2026-04-02T18:29:55.395Z","level":"INFO","device":"868120018681","event":"SENT_1212","detail":"00_64_6401_00_86812001868100260402182955010200.jpg type=0"}
{"ts":"2026-04-02T18:29:55.413Z","level":"INFO","device":"868120018681","event":"MEDIA_RX","detail":"7E 92 12 00 36 86 81 20 01 86 81 1A 7F 32 30 30 5F 36 34 5F 36 34 30 31 5F 30 30 5F 38 36 38 31 32 30 30 31 38 36 38 31 30 30 32 36 30 34 30 32 31 38 32 39 35 35 30 31 30 32 30 30 2E 6A 70 67 00 00 00 92 7E"}
{"ts":"2026-04-02T18:29:55.746Z","level":"INFO","device":"868120018681","event":"FILE_START","detail":"[2/2] 02_64_6401_03_86812001868100260402182955010200.mp4 (1570024 bytes)"}
{"ts":"2026-04-02T18:29:55.746Z","level":"INFO","device":"868120018681","event":"SENT_1210","detail":"02_64_6401_03_86812001868100260402182955010200.mp4"}
{"ts":"2026-04-02T18:29:55.757Z","level":"INFO","device":"868120018681","event":"MEDIA_RX","detail":"7E 80 01 00 05 86 81 20 01 86 81 8B 2B 00 02 12 10 00 05 7E"}
{"ts":"2026-04-02T18:29:55.856Z","level":"INFO","device":"868120018681","event":"SENT_RAW_MARKER","detail":"02_64_6401_03_86812001868100260402182955010200.mp4 packet=1570086 bytes data=1570024 bytes"}
{"ts":"2026-04-02T18:29:55.905Z","level":"INFO","device":"868120018681","event":"SENT_1212","detail":"02_64_6401_03_86812001868100260402182955010200.mp4 type=2"}
{"ts":"2026-04-02T18:29:55.942Z","level":"INFO","device":"868120018681","event":"MEDIA_RX","detail":"7E 92 12 00 36 86 81 20 01 86 81 C9 1D 32 30 32 5F 36 34 5F 36 34 30 31 5F 30 33 5F 38 36 38 31 32 30 30 31 38 36 38 31 30 30 32 36 30 34 30 32 31 38 32 39 35 35 30 31 30 32 30 30 2E 6D 70 34 02 00 00 74 7E"}
{"ts":"2026-04-02T18:29:56.207Z","level":"INFO","device":"868120018681","event":"BATCH_COMPLETE","detail":"All 2 files sent"}
{"ts":"2026-04-02T18:29:56.227Z","level":"INFO","device":"868120018681","event":"MEDIA_CLOSED","detail":""}
{"ts":"2026-04-02T18:30:05.199Z","level":"INFO","device":"868120018681","event":"GPS_SENT","detail":""}
{"ts":"2026-04-02T18:30:05.200Z","level":"INFO","device":"868120018681","event":"INCIDENT_SENT","detail":"mediaId=2 alarmId=86812001868100260402183005020200"}
{"ts":"2026-04-02T18:30:05.461Z","level":"INFO","device":"868120018681","event":"RX_MSG","detail":"0x8001 bodyLen=5"}
{"ts":"2026-04-02T18:30:05.461Z","level":"INFO","device":"868120018681","event":"SERVER_ACK","detail":"0x0200 result=OK"}
{"ts":"2026-04-02T18:30:05.469Z","level":"INFO","device":"868120018681","event":"RX_MSG","detail":"0x8001 bodyLen=5"}
{"ts":"2026-04-02T18:30:05.470Z","level":"INFO","device":"868120018681","event":"SERVER_ACK","detail":"0x0200 result=OK"}
{"ts":"2026-04-02T18:30:05.476Z","level":"INFO","device":"868120018681","event":"RX_MSG","detail":"0x8001 bodyLen=5"}
{"ts":"2026-04-02T18:30:05.476Z","level":"INFO","device":"868120018681","event":"SERVER_ACK","detail":"0x0800 result=OK"}
{"ts":"2026-04-02T18:30:05.476Z","level":"INFO","device":"868120018681","event":"RX_MSG","detail":"0x9208 bodyLen=81"}
{"ts":"2026-04-02T18:30:05.476Z","level":"INFO","device":"868120018681","event":"9208_RAW","detail":"0C35342E33372E3232352E36350D32000086812001868100260402183005020200383638313230303138363831303032363034303231383330303530323032303000000000000000000000000000000000"}
{"ts":"2026-04-02T18:30:05.477Z","level":"INFO","device":"868120018681","event":"UPLOAD_TRIGGERED","detail":"media: 54.37.225.65:3378 | alarmId: 86812001868100260402183005020200"}
{"ts":"2026-04-02T18:30:05.477Z","level":"INFO","device":"868120018681","event":"MEDIA_CONNECTING","detail":"54.37.225.65:3378 files=2"}
{"ts":"2026-04-02T18:30:05.486Z","level":"INFO","device":"868120018681","event":"MEDIA_CONNECTED","detail":"54.37.225.65:3378"}
{"ts":"2026-04-02T18:30:05.486Z","level":"INFO","device":"868120018681","event":"FILE_START","detail":"[1/2] 00_64_6401_00_86812001868100260402183005020200.jpg (30220 bytes)"}
{"ts":"2026-04-02T18:30:05.487Z","level":"INFO","device":"868120018681","event":"SENT_1210","detail":"00_64_6401_00_86812001868100260402183005020200.jpg"}
{"ts":"2026-04-02T18:30:05.496Z","level":"INFO","device":"868120018681","event":"MEDIA_RX","detail":"7E 80 01 00 05 86 81 20 01 86 81 75 C2 00 00 12 10 00 10 7E"}
{"ts":"2026-04-02T18:30:05.592Z","level":"INFO","device":"868120018681","event":"SENT_RAW_MARKER","detail":"00_64_6401_00_86812001868100260402183005020200.jpg packet=30282 bytes data=30220 bytes"}
{"ts":"2026-04-02T18:30:05.593Z","level":"INFO","device":"868120018681","event":"SENT_1212","detail":"00_64_6401_00_86812001868100260402183005020200.jpg type=0"}
{"ts":"2026-04-02T18:30:05.647Z","level":"INFO","device":"868120018681","event":"MEDIA_RX","detail":"7E 92 12 00 36 86 81 20 01 86 81 96 AE 32 30 30 5F 36 34 5F 36 34 30 31 5F 30 30 5F 38 36 38 31 32 30 30 31 38 36 38 31 30 30 32 36 30 34 30 32 31 38 33 30 30 35 30 32 30 32 30 30 2E 6A 70 67 00 00 00 C1 7E"}
{"ts":"2026-04-02T18:30:05.894Z","level":"INFO","device":"868120018681","event":"FILE_START","detail":"[2/2] 02_64_6401_03_86812001868100260402183005020200.mp4 (1570024 bytes)"}
{"ts":"2026-04-02T18:30:05.894Z","level":"INFO","device":"868120018681","event":"SENT_1210","detail":"02_64_6401_03_86812001868100260402183005020200.mp4"}
{"ts":"2026-04-02T18:30:05.982Z","level":"INFO","device":"868120018681","event":"MEDIA_RX","detail":"7E 80 01 00 05 86 81 20 01 86 81 D9 0B 00 02 12 10 00 77 7E"}
{"ts":"2026-04-02T18:30:05.997Z","level":"INFO","device":"868120018681","event":"SENT_RAW_MARKER","detail":"02_64_6401_03_86812001868100260402183005020200.mp4 packet=1570086 bytes data=1570024 bytes"}
{"ts":"2026-04-02T18:30:06.101Z","level":"INFO","device":"868120018681","event":"SENT_1212","detail":"02_64_6401_03_86812001868100260402183005020200.mp4 type=2"}
{"ts":"2026-04-02T18:30:06.141Z","level":"INFO","device":"868120018681","event":"MEDIA_RX","detail":"7E 92 12 00 36 86 81 20 01 86 81 8F 81 32 30 32 5F 36 34 5F 36 34 30 31 5F 30 33 5F 38 36 38 31 32 30 30 31 38 36 38 31 30 30 32 36 30 34 30 32 31 38 33 30 30 35 30 32 30 32 30 30 2E 6D 70 34 02 00 00 A0 7E"}
{"ts":"2026-04-02T18:30:06.404Z","level":"INFO","device":"868120018681","event":"BATCH_COMPLETE","detail":"All 2 files sent"}
{"ts":"2026-04-02T18:30:06.418Z","level":"INFO","device":"868120018681","event":"MEDIA_CLOSED","detail":""}
{"ts":"2026-04-02T18:30:07.824Z","level":"INFO","device":"868120018681","event":"DISCONNECTED","detail":"clean stop"}

[SUMMARY] Run duration: 25s
[SUMMARY] GPS packets sent: 1
[SUMMARY] OBD2 packets sent: 0
[SUMMARY] Incidents fired: 2
[SUMMARY] Videos uploaded OK: 2
[SUMMARY] Videos failed: 0
[SUMMARY] Tracker pings sent: 0
[SUMMARY] Reconnections: 0
[SUMMARY] Log file: logs/sim-2026-04-02T18-29-45.log
