{"ts":"2026-04-02T19:58:39.824Z","level":"INFO","device":"868120018681","event":"CONNECTED","detail":"id:868120018681"}
{"ts":"2026-04-02T19:58:39.893Z","level":"INFO","device":"868120018681","event":"RX_MSG","detail":"0x8001 bodyLen=5"}
{"ts":"2026-04-02T19:58:39.894Z","level":"INFO","device":"868120018681","event":"SERVER_ACK","detail":"0x0102 result=OK"}
{"ts":"2026-04-02T19:58:49.818Z","level":"INFO","device":"868120018681","event":"INCIDENT_SENT","detail":"mediaId=1 alarmId=86812001868100260402195849010200"}
{"ts":"2026-04-02T19:58:49.829Z","level":"INFO","device":"868120018681","event":"RX_MSG","detail":"0x8001 bodyLen=5"}
{"ts":"2026-04-02T19:58:49.829Z","level":"INFO","device":"868120018681","event":"SERVER_ACK","detail":"0x0200 result=OK"}
{"ts":"2026-04-02T19:58:49.835Z","level":"INFO","device":"868120018681","event":"RX_MSG","detail":"0x9208 bodyLen=81"}
{"ts":"2026-04-02T19:58:49.836Z","level":"INFO","device":"868120018681","event":"9208_RAW","detail":"0C35342E33372E3232352E36350D32000086812001868100260402195849010200383638313230303138363831303032363034303231393538343930313032303000000000000000000000000000000000"}
{"ts":"2026-04-02T19:58:49.837Z","level":"INFO","device":"868120018681","event":"UPLOAD_TRIGGERED","detail":"media: 54.37.225.65:3378 | alarmId: 86812001868100260402195849010200"}
{"ts":"2026-04-02T19:58:49.837Z","level":"INFO","device":"868120018681","event":"MEDIA_CONNECTING","detail":"54.37.225.65:3378 files=2"}
{"ts":"2026-04-02T19:58:49.849Z","level":"INFO","device":"868120018681","event":"RX_MSG","detail":"0x8001 bodyLen=5"}
{"ts":"2026-04-02T19:58:49.849Z","level":"INFO","device":"868120018681","event":"SERVER_ACK","detail":"0x0800 result=OK"}
{"ts":"2026-04-02T19:58:49.852Z","level":"INFO","device":"868120018681","event":"MEDIA_CONNECTED","detail":"54.37.225.65:3378"}
{"ts":"2026-04-02T19:58:49.853Z","level":"INFO","device":"868120018681","event":"FILE_START","detail":"[1/2] 00_64_6401_00_86812001868100260402195849010200.jpg (215 bytes)"}
{"ts":"2026-04-02T19:58:49.855Z","level":"INFO","device":"868120018681","event":"SENT_1210","detail":"00_64_6401_00_86812001868100260402195849010200.jpg"}
{"ts":"2026-04-02T19:58:49.897Z","level":"INFO","device":"868120018681","event":"MEDIA_RX","detail":"7E 80 01 00 05 86 81 20 01 86 81 B9 FB 00 00 12 10 00 E5 7E"}
{"ts":"2026-04-02T19:58:49.958Z","level":"INFO","device":"868120018681","event":"SENT_RAW_MARKER","detail":"00_64_6401_00_86812001868100260402195849010200.jpg packet=277 bytes data=215 bytes"}
{"ts":"2026-04-02T19:58:49.959Z","level":"INFO","device":"868120018681","event":"SENT_1212","detail":"00_64_6401_00_86812001868100260402195849010200.jpg type=0"}
{"ts":"2026-04-02T19:58:50.017Z","level":"INFO","device":"868120018681","event":"MEDIA_RX","detail":"7E 92 12 00 36 86 81 20 01 86 81 BF 59 32 30 30 5F 36 34 5F 36 34 30 31 5F 30 30 5F 38 36 38 31 32 30 30 31 38 36 38 31 30 30 32 36 30 34 30 32 31 39 35 38 34 39 30 31 30 32 30 30 2E 6A 70 67 00 00 00 1B 7E"}
{"ts":"2026-04-02T19:58:50.264Z","level":"INFO","device":"868120018681","event":"FILE_START","detail":"[2/2] 02_64_6401_03_86812001868100260402195849010200.mp4 (65536 bytes)"}
{"ts":"2026-04-02T19:58:50.264Z","level":"INFO","device":"868120018681","event":"SENT_1210","detail":"02_64_6401_03_86812001868100260402195849010200.mp4"}
{"ts":"2026-04-02T19:58:50.273Z","level":"INFO","device":"868120018681","event":"MEDIA_RX","detail":"7E 80 01 00 05 86 81 20 01 86 81 91 13 00 02 12 10 00 27 7E"}
{"ts":"2026-04-02T19:58:50.367Z","level":"INFO","device":"868120018681","event":"SENT_RAW_MARKER","detail":"02_64_6401_03_86812001868100260402195849010200.mp4 packet=65598 bytes data=65536 bytes"}
{"ts":"2026-04-02T19:58:50.368Z","level":"INFO","device":"868120018681","event":"SENT_1212","detail":"02_64_6401_03_86812001868100260402195849010200.mp4 type=2"}
{"ts":"2026-04-02T19:58:50.392Z","level":"INFO","device":"868120018681","event":"MEDIA_RX","detail":"7E 92 12 00 36 86 81 20 01 86 81 EC E2 32 30 32 5F 36 34 5F 36 34 30 31 5F 30 33 5F 38 36 38 31 32 30 30 31 38 36 38 31 30 30 32 36 30 34 30 32 31 39 35 38 34 39 30 31 30 32 30 30 2E 6D 70 34 02 00 00 A4 7E"}
{"ts":"2026-04-02T19:58:50.672Z","level":"INFO","device":"868120018681","event":"BATCH_COMPLETE","detail":"All 2 files sent"}
{"ts":"2026-04-02T19:58:50.688Z","level":"INFO","device":"868120018681","event":"MEDIA_CLOSED","detail":""}
{"ts":"2026-04-02T19:58:59.814Z","level":"INFO","device":"868120018681","event":"GPS_SENT","detail":""}
{"ts":"2026-04-02T19:58:59.817Z","level":"INFO","device":"868120018681","event":"INCIDENT_SENT","detail":"mediaId=2 alarmId=86812001868100260402195859020200"}
{"ts":"2026-04-02T19:58:59.831Z","level":"INFO","device":"868120018681","event":"RX_MSG","detail":"0x8001 bodyLen=5"}
{"ts":"2026-04-02T19:58:59.831Z","level":"INFO","device":"868120018681","event":"SERVER_ACK","detail":"0x0200 result=OK"}
{"ts":"2026-04-02T19:58:59.833Z","level":"INFO","device":"868120018681","event":"RX_MSG","detail":"0x8001 bodyLen=5"}
{"ts":"2026-04-02T19:58:59.833Z","level":"INFO","device":"868120018681","event":"SERVER_ACK","detail":"0x0200 result=OK"}
{"ts":"2026-04-02T19:58:59.840Z","level":"INFO","device":"868120018681","event":"RX_MSG","detail":"0x8001 bodyLen=5"}
{"ts":"2026-04-02T19:58:59.841Z","level":"INFO","device":"868120018681","event":"SERVER_ACK","detail":"0x0800 result=OK"}
{"ts":"2026-04-02T19:58:59.841Z","level":"INFO","device":"868120018681","event":"RX_MSG","detail":"0x9208 bodyLen=81"}
{"ts":"2026-04-02T19:58:59.841Z","level":"INFO","device":"868120018681","event":"9208_RAW","detail":"0C35342E33372E3232352E36350D32000086812001868100260402195859020200383638313230303138363831303032363034303231393538353930323032303000000000000000000000000000000000"}
{"ts":"2026-04-02T19:58:59.841Z","level":"INFO","device":"868120018681","event":"UPLOAD_TRIGGERED","detail":"media: 54.37.225.65:3378 | alarmId: 86812001868100260402195859020200"}
{"ts":"2026-04-02T19:58:59.841Z","level":"INFO","device":"868120018681","event":"MEDIA_CONNECTING","detail":"54.37.225.65:3378 files=2"}
{"ts":"2026-04-02T19:58:59.851Z","level":"INFO","device":"868120018681","event":"MEDIA_CONNECTED","detail":"54.37.225.65:3378"}
{"ts":"2026-04-02T19:58:59.851Z","level":"INFO","device":"868120018681","event":"FILE_START","detail":"[1/2] 00_64_6401_00_86812001868100260402195859020200.jpg (215 bytes)"}
{"ts":"2026-04-02T19:58:59.852Z","level":"INFO","device":"868120018681","event":"SENT_1210","detail":"00_64_6401_00_86812001868100260402195859020200.jpg"}
{"ts":"2026-04-02T19:58:59.860Z","level":"INFO","device":"868120018681","event":"MEDIA_RX","detail":"7E 80 01 00 05 86 81 20 01 86 81 BC 93 00 00 12 10 00 88 7E"}
{"ts":"2026-04-02T19:58:59.953Z","level":"INFO","device":"868120018681","event":"SENT_RAW_MARKER","detail":"00_64_6401_00_86812001868100260402195859020200.jpg packet=277 bytes data=215 bytes"}
{"ts":"2026-04-02T19:58:59.954Z","level":"INFO","device":"868120018681","event":"SENT_1212","detail":"00_64_6401_00_86812001868100260402195859020200.jpg type=0"}
{"ts":"2026-04-02T19:59:00.012Z","level":"INFO","device":"868120018681","event":"MEDIA_RX","detail":"7E 92 12 00 36 86 81 20 01 86 81 C8 49 32 30 30 5F 36 34 5F 36 34 30 31 5F 30 30 5F 38 36 38 31 32 30 30 31 38 36 38 31 30 30 32 36 30 34 30 32 31 39 35 38 35 39 30 32 30 32 30 30 2E 6A 70 67 00 00 00 7D 02 7E"}
{"ts":"2026-04-02T19:59:00.256Z","level":"INFO","device":"868120018681","event":"FILE_START","detail":"[2/2] 02_64_6401_03_86812001868100260402195859020200.mp4 (65536 bytes)"}
{"ts":"2026-04-02T19:59:00.257Z","level":"INFO","device":"868120018681","event":"SENT_1210","detail":"02_64_6401_03_86812001868100260402195859020200.mp4"}
{"ts":"2026-04-02T19:59:00.266Z","level":"INFO","device":"868120018681","event":"MEDIA_RX","detail":"7E 80 01 00 05 86 81 20 01 86 81 E7 77 00 02 12 10 00 35 7E"}
{"ts":"2026-04-02T19:59:00.358Z","level":"INFO","device":"868120018681","event":"SENT_RAW_MARKER","detail":"02_64_6401_03_86812001868100260402195859020200.mp4 packet=65598 bytes data=65536 bytes"}
{"ts":"2026-04-02T19:59:00.359Z","level":"INFO","device":"868120018681","event":"SENT_1212","detail":"02_64_6401_03_86812001868100260402195859020200.mp4 type=2"}
{"ts":"2026-04-02T19:59:00.387Z","level":"INFO","device":"868120018681","event":"MEDIA_RX","detail":"7E 92 12 00 36 86 81 20 01 86 81 2A 1A 32 30 32 5F 36 34 5F 36 34 30 31 5F 30 33 5F 38 36 38 31 32 30 30 31 38 36 38 31 30 30 32 36 30 34 30 32 31 39 35 38 35 39 30 32 30 32 30 30 2E 6D 70 34 02 00 00 98 7E"}
{"ts":"2026-04-02T19:59:00.663Z","level":"INFO","device":"868120018681","event":"BATCH_COMPLETE","detail":"All 2 files sent"}
{"ts":"2026-04-02T19:59:00.676Z","level":"INFO","device":"868120018681","event":"MEDIA_CLOSED","detail":""}
{"ts":"2026-04-02T19:59:03.945Z","level":"INFO","device":"868120018681","event":"DISCONNECTED","detail":"clean stop"}

[SUMMARY] Run duration: 26s
[SUMMARY] GPS packets sent: 1
[SUMMARY] OBD2 packets sent: 0
[SUMMARY] Incidents fired: 2
[SUMMARY] Videos uploaded OK: 2
[SUMMARY] Videos failed: 0
[SUMMARY] Tracker pings sent: 0
[SUMMARY] Reconnections: 0
[SUMMARY] Log file: logs/sim-2026-04-02T19-58-39.log
