{"ts":"2026-04-09T21:51:08.938Z","level":"INFO","device":"868120018681","event":"CONNECTED","detail":"id:868120018681"}
{"ts":"2026-04-09T21:51:09.161Z","level":"INFO","device":"868120018681","event":"RX_MSG","detail":"0x8001 bodyLen=5"}
{"ts":"2026-04-09T21:51:09.162Z","level":"INFO","device":"868120018681","event":"SERVER_ACK","detail":"0x0102 result=OK"}
{"ts":"2026-04-09T21:52:08.796Z","level":"INFO","device":"868120018681","event":"INCIDENT_SENT","detail":"mediaId=1 alarmId=86812001868100260409215208010200"}
{"ts":"2026-04-09T21:52:09.001Z","level":"INFO","device":"868120018681","event":"RX_MSG","detail":"0x8001 bodyLen=5"}
{"ts":"2026-04-09T21:52:09.002Z","level":"INFO","device":"868120018681","event":"SERVER_ACK","detail":"0x0200 result=OK"}
{"ts":"2026-04-09T21:52:09.325Z","level":"INFO","device":"868120018681","event":"RX_MSG","detail":"0x9208 bodyLen=81"}
{"ts":"2026-04-09T21:52:09.326Z","level":"INFO","device":"868120018681","event":"9208_RAW","detail":"0C35342E33372E3232352E36350D32000086812001868100260409215208010200383638313230303138363831303032363034303932313532303830313032303000000000000000000000000000000000"}
{"ts":"2026-04-09T21:52:09.326Z","level":"INFO","device":"868120018681","event":"UPLOAD_TRIGGERED","detail":"media: 54.37.225.65:3378 | alarmId: 86812001868100260409215208010200"}
{"ts":"2026-04-09T21:52:09.327Z","level":"INFO","device":"868120018681","event":"MEDIA_CONNECTING","detail":"54.37.225.65:3378 files=2"}
{"ts":"2026-04-09T21:52:09.328Z","level":"INFO","device":"868120018681","event":"RX_MSG","detail":"0x8001 bodyLen=5"}
{"ts":"2026-04-09T21:52:09.329Z","level":"INFO","device":"868120018681","event":"SERVER_ACK","detail":"0x0800 result=OK"}
{"ts":"2026-04-09T21:52:09.517Z","level":"INFO","device":"868120018681","event":"MEDIA_CONNECTED","detail":"54.37.225.65:3378"}
{"ts":"2026-04-09T21:52:09.518Z","level":"INFO","device":"868120018681","event":"FILE_START","detail":"[1/2] 00_64_6401_00_86812001868100260409215208010200.jpg (631 bytes)"}
{"ts":"2026-04-09T21:52:09.519Z","level":"INFO","device":"868120018681","event":"SENT_1210","detail":"00_64_6401_00_86812001868100260409215208010200.jpg"}
{"ts":"2026-04-09T21:52:09.621Z","level":"INFO","device":"868120018681","event":"SENT_RAW_MARKER","detail":"00_64_6401_00_86812001868100260409215208010200.jpg packet=693 bytes data=631 bytes"}
{"ts":"2026-04-09T21:52:09.623Z","level":"INFO","device":"868120018681","event":"SENT_1212","detail":"00_64_6401_00_86812001868100260409215208010200.jpg type=0"}
{"ts":"2026-04-09T21:52:09.713Z","level":"INFO","device":"868120018681","event":"MEDIA_RX","detail":"7E 80 01 00 05 86 81 20 01 86 81 65 82 00 00 12 10 00 40 7E"}
{"ts":"2026-04-09T21:52:09.899Z","level":"INFO","device":"868120018681","event":"MEDIA_RX","detail":"7E 92 12 00 36 86 81 20 01 86 81 D4 C4 32 30 30 5F 36 34 5F 36 34 30 31 5F 30 30 5F 38 36 38 31 32 30 30 31 38 36 38 31 30 30 32 36 30 34 30 39 32 31 35 32 30 38 30 31 30 32 30 30 2E 6A 70 67 00 00 00 E2 7E"}
{"ts":"2026-04-09T21:52:09.925Z","level":"INFO","device":"868120018681","event":"FILE_START","detail":"[2/2] 02_64_6401_03_86812001868100260409215208010200.mp4 (1570024 bytes)"}
{"ts":"2026-04-09T21:52:09.925Z","level":"INFO","device":"868120018681","event":"SENT_1210","detail":"02_64_6401_03_86812001868100260409215208010200.mp4"}
{"ts":"2026-04-09T21:52:10.028Z","level":"INFO","device":"868120018681","event":"SENT_RAW_MARKER","detail":"02_64_6401_03_86812001868100260409215208010200.mp4 packet=1570086 bytes data=1570024 bytes"}
{"ts":"2026-04-09T21:52:10.113Z","level":"INFO","device":"868120018681","event":"MEDIA_RX","detail":"7E 80 01 00 05 86 81 20 01 86 81 6F 91 00 02 12 10 00 5B 7E"}
{"ts":"2026-04-09T21:52:11.396Z","level":"INFO","device":"868120018681","event":"SENT_1212","detail":"02_64_6401_03_86812001868100260409215208010200.mp4 type=2"}
{"ts":"2026-04-09T21:52:11.697Z","level":"INFO","device":"868120018681","event":"BATCH_COMPLETE","detail":"All 2 files sent"}
{"ts":"2026-04-09T21:52:13.318Z","level":"INFO","device":"868120018681","event":"MEDIA_CLOSED","detail":""}
{"ts":"2026-04-09T21:53:08.847Z","level":"INFO","device":"868120018681","event":"INCIDENT_SENT","detail":"mediaId=2 alarmId=86812001868100260409215308020200"}
{"ts":"2026-04-09T21:53:09.053Z","level":"INFO","device":"868120018681","event":"RX_MSG","detail":"0x8001 bodyLen=5"}
{"ts":"2026-04-09T21:53:09.053Z","level":"INFO","device":"868120018681","event":"SERVER_ACK","detail":"0x0200 result=OK"}
{"ts":"2026-04-09T21:53:09.398Z","level":"INFO","device":"868120018681","event":"RX_MSG","detail":"0x9208 bodyLen=81"}
{"ts":"2026-04-09T21:53:09.398Z","level":"INFO","device":"868120018681","event":"9208_RAW","detail":"0C35342E33372E3232352E36350D32000086812001868100260409215308020200383638313230303138363831303032363034303932313533303830323032303000000000000000000000000000000000"}
{"ts":"2026-04-09T21:53:09.399Z","level":"INFO","device":"868120018681","event":"UPLOAD_TRIGGERED","detail":"media: 54.37.225.65:3378 | alarmId: 86812001868100260409215308020200"}
{"ts":"2026-04-09T21:53:09.399Z","level":"INFO","device":"868120018681","event":"MEDIA_CONNECTING","detail":"54.37.225.65:3378 files=2"}
{"ts":"2026-04-09T21:53:09.399Z","level":"INFO","device":"868120018681","event":"RX_MSG","detail":"0x8001 bodyLen=5"}
{"ts":"2026-04-09T21:53:09.399Z","level":"INFO","device":"868120018681","event":"SERVER_ACK","detail":"0x0800 result=OK"}
{"ts":"2026-04-09T21:53:09.587Z","level":"INFO","device":"868120018681","event":"MEDIA_CONNECTED","detail":"54.37.225.65:3378"}
{"ts":"2026-04-09T21:53:09.587Z","level":"INFO","device":"868120018681","event":"FILE_START","detail":"[1/2] 00_64_6401_00_86812001868100260409215308020200.jpg (631 bytes)"}
{"ts":"2026-04-09T21:53:09.587Z","level":"INFO","device":"868120018681","event":"SENT_1210","detail":"00_64_6401_00_86812001868100260409215308020200.jpg"}
{"ts":"2026-04-09T21:53:09.688Z","level":"INFO","device":"868120018681","event":"SENT_RAW_MARKER","detail":"00_64_6401_00_86812001868100260409215308020200.jpg packet=693 bytes data=631 bytes"}
{"ts":"2026-04-09T21:53:09.689Z","level":"INFO","device":"868120018681","event":"SENT_1212","detail":"00_64_6401_00_86812001868100260409215308020200.jpg type=0"}
{"ts":"2026-04-09T21:53:09.777Z","level":"INFO","device":"868120018681","event":"MEDIA_RX","detail":"7E 80 01 00 05 86 81 20 01 86 81 6E 9D 00 00 12 10 00 54 7E"}
{"ts":"2026-04-09T21:53:09.962Z","level":"INFO","device":"868120018681","event":"MEDIA_RX","detail":"7E 92 12 00 36 86 81 20 01 86 81 89 6E 32 30 30 5F 36 34 5F 36 34 30 31 5F 30 30 5F 38 36 38 31 32 30 30 31 38 36 38 31 30 30 32 36 30 34 30 39 32 31 35 33 30 38 30 32 30 32 30 30 2E 6A 70 67 00 00 00 17 7E"}
{"ts":"2026-04-09T21:53:09.989Z","level":"INFO","device":"868120018681","event":"FILE_START","detail":"[2/2] 02_64_6401_03_86812001868100260409215308020200.mp4 (1570024 bytes)"}
{"ts":"2026-04-09T21:53:09.990Z","level":"INFO","device":"868120018681","event":"SENT_1210","detail":"02_64_6401_03_86812001868100260409215308020200.mp4"}
{"ts":"2026-04-09T21:53:10.092Z","level":"INFO","device":"868120018681","event":"SENT_RAW_MARKER","detail":"02_64_6401_03_86812001868100260409215308020200.mp4 packet=1570086 bytes data=1570024 bytes"}
{"ts":"2026-04-09T21:53:10.177Z","level":"INFO","device":"868120018681","event":"MEDIA_RX","detail":"7E 80 01 00 05 86 81 20 01 86 81 A3 20 00 02 12 10 00 26 7E"}
{"ts":"2026-04-09T21:53:11.213Z","level":"INFO","device":"868120018681","event":"SENT_1212","detail":"02_64_6401_03_86812001868100260409215308020200.mp4 type=2"}
{"ts":"2026-04-09T21:53:11.513Z","level":"INFO","device":"868120018681","event":"BATCH_COMPLETE","detail":"All 2 files sent"}
{"ts":"2026-04-09T21:53:11.799Z","level":"INFO","device":"868120018681","event":"MEDIA_CLOSED","detail":""}
{"ts":"2026-04-09T21:54:08.897Z","level":"INFO","device":"868120018681","event":"INCIDENT_SENT","detail":"mediaId=3 alarmId=86812001868100260409215408030200"}
{"ts":"2026-04-09T21:54:09.106Z","level":"INFO","device":"868120018681","event":"RX_MSG","detail":"0x8001 bodyLen=5"}
{"ts":"2026-04-09T21:54:09.106Z","level":"INFO","device":"868120018681","event":"SERVER_ACK","detail":"0x0200 result=OK"}
{"ts":"2026-04-09T21:54:09.419Z","level":"INFO","device":"868120018681","event":"RX_MSG","detail":"0x9208 bodyLen=81"}
{"ts":"2026-04-09T21:54:09.419Z","level":"INFO","device":"868120018681","event":"9208_RAW","detail":"0C35342E33372E3232352E36350D32000086812001868100260409215408030200383638313230303138363831303032363034303932313534303830333032303000000000000000000000000000000000"}
{"ts":"2026-04-09T21:54:09.419Z","level":"INFO","device":"868120018681","event":"UPLOAD_TRIGGERED","detail":"media: 54.37.225.65:3378 | alarmId: 86812001868100260409215408030200"}
{"ts":"2026-04-09T21:54:09.419Z","level":"INFO","device":"868120018681","event":"MEDIA_CONNECTING","detail":"54.37.225.65:3378 files=2"}
{"ts":"2026-04-09T21:54:09.624Z","level":"INFO","device":"868120018681","event":"MEDIA_CONNECTED","detail":"54.37.225.65:3378"}
{"ts":"2026-04-09T21:54:09.624Z","level":"INFO","device":"868120018681","event":"FILE_START","detail":"[1/2] 00_64_6401_00_86812001868100260409215408030200.jpg (631 bytes)"}
{"ts":"2026-04-09T21:54:09.625Z","level":"INFO","device":"868120018681","event":"SENT_1210","detail":"00_64_6401_00_86812001868100260409215408030200.jpg"}
{"ts":"2026-04-09T21:54:09.725Z","level":"INFO","device":"868120018681","event":"SENT_RAW_MARKER","detail":"00_64_6401_00_86812001868100260409215408030200.jpg packet=693 bytes data=631 bytes"}
{"ts":"2026-04-09T21:54:09.726Z","level":"INFO","device":"868120018681","event":"SENT_1212","detail":"00_64_6401_00_86812001868100260409215408030200.jpg type=0"}
{"ts":"2026-04-09T21:54:09.730Z","level":"INFO","device":"868120018681","event":"RX_MSG","detail":"0x8001 bodyLen=5"}
{"ts":"2026-04-09T21:54:09.730Z","level":"INFO","device":"868120018681","event":"SERVER_ACK","detail":"0x0800 result=OK"}
{"ts":"2026-04-09T21:54:09.834Z","level":"INFO","device":"868120018681","event":"MEDIA_RX","detail":"7E 80 01 00 05 86 81 20 01 86 81 0A 1D 00 00 12 10 00 B0 7E"}
{"ts":"2026-04-09T21:54:10.026Z","level":"INFO","device":"868120018681","event":"FILE_START","detail":"[2/2] 02_64_6401_03_86812001868100260409215408030200.mp4 (1570024 bytes)"}
{"ts":"2026-04-09T21:54:10.027Z","level":"INFO","device":"868120018681","event":"SENT_1210","detail":"02_64_6401_03_86812001868100260409215408030200.mp4"}
{"ts":"2026-04-09T21:54:10.035Z","level":"INFO","device":"868120018681","event":"MEDIA_RX","detail":"7E 92 12 00 36 86 81 20 01 86 81 5E 76 32 30 30 5F 36 34 5F 36 34 30 31 5F 30 30 5F 38 36 38 31 32 30 30 31 38 36 38 31 30 30 32 36 30 34 30 39 32 31 35 34 30 38 30 33 30 32 30 30 2E 6A 70 67 00 00 00 DE 7E"}
{"ts":"2026-04-09T21:54:10.128Z","level":"INFO","device":"868120018681","event":"SENT_RAW_MARKER","detail":"02_64_6401_03_86812001868100260409215408030200.mp4 packet=1570086 bytes data=1570024 bytes"}
{"ts":"2026-04-09T21:54:10.333Z","level":"INFO","device":"868120018681","event":"MEDIA_RX","detail":"7E 80 01 00 05 86 81 20 01 86 81 46 51 00 02 12 10 00 B2 7E"}
{"ts":"2026-04-09T21:54:11.363Z","level":"INFO","device":"868120018681","event":"SENT_1212","detail":"02_64_6401_03_86812001868100260409215408030200.mp4 type=2"}
{"ts":"2026-04-09T21:54:11.664Z","level":"INFO","device":"868120018681","event":"BATCH_COMPLETE","detail":"All 2 files sent"}
{"ts":"2026-04-09T21:54:12.076Z","level":"ERROR","device":"868120018681","event":"MEDIA_ERROR","detail":"54.37.225.65:3378 — read ECONNRESET"}
{"ts":"2026-04-09T21:54:12.076Z","level":"INFO","device":"868120018681","event":"MEDIA_CLOSED","detail":""}
{"ts":"2026-04-09T21:55:08.954Z","level":"INFO","device":"868120018681","event":"INCIDENT_SENT","detail":"mediaId=4 alarmId=86812001868100260409215508040200"}
{"ts":"2026-04-09T21:55:09.329Z","level":"INFO","device":"868120018681","event":"RX_MSG","detail":"0x8001 bodyLen=5"}
{"ts":"2026-04-09T21:55:09.329Z","level":"INFO","device":"868120018681","event":"SERVER_ACK","detail":"0x0200 result=OK"}
{"ts":"2026-04-09T21:55:09.582Z","level":"INFO","device":"868120018681","event":"RX_MSG","detail":"0x9208 bodyLen=81"}
{"ts":"2026-04-09T21:55:09.583Z","level":"INFO","device":"868120018681","event":"9208_RAW","detail":"0C35342E33372E3232352E36350D32000086812001868100260409215508040200383638313230303138363831303032363034303932313535303830343032303000000000000000000000000000000000"}
{"ts":"2026-04-09T21:55:09.584Z","level":"INFO","device":"868120018681","event":"UPLOAD_TRIGGERED","detail":"media: 54.37.225.65:3378 | alarmId: 86812001868100260409215508040200"}
{"ts":"2026-04-09T21:55:09.584Z","level":"INFO","device":"868120018681","event":"MEDIA_CONNECTING","detail":"54.37.225.65:3378 files=2"}
{"ts":"2026-04-09T21:55:09.584Z","level":"INFO","device":"868120018681","event":"RX_MSG","detail":"0x8001 bodyLen=5"}
{"ts":"2026-04-09T21:55:09.585Z","level":"INFO","device":"868120018681","event":"SERVER_ACK","detail":"0x0800 result=OK"}
{"ts":"2026-04-09T21:55:09.869Z","level":"INFO","device":"868120018681","event":"MEDIA_CONNECTED","detail":"54.37.225.65:3378"}
{"ts":"2026-04-09T21:55:09.870Z","level":"INFO","device":"868120018681","event":"FILE_START","detail":"[1/2] 00_64_6401_00_86812001868100260409215508040200.jpg (631 bytes)"}
{"ts":"2026-04-09T21:55:09.873Z","level":"INFO","device":"868120018681","event":"SENT_1210","detail":"00_64_6401_00_86812001868100260409215508040200.jpg"}
{"ts":"2026-04-09T21:55:09.974Z","level":"INFO","device":"868120018681","event":"SENT_RAW_MARKER","detail":"00_64_6401_00_86812001868100260409215508040200.jpg packet=693 bytes data=631 bytes"}
{"ts":"2026-04-09T21:55:09.976Z","level":"INFO","device":"868120018681","event":"SENT_1212","detail":"00_64_6401_00_86812001868100260409215508040200.jpg type=0"}
{"ts":"2026-04-09T21:55:10.169Z","level":"INFO","device":"868120018681","event":"MEDIA_RX","detail":"7E 80 01 00 05 86 81 20 01 86 81 B1 10 00 00 12 10 00 06 7E"}
{"ts":"2026-04-09T21:55:10.276Z","level":"INFO","device":"868120018681","event":"FILE_START","detail":"[2/2] 02_64_6401_03_86812001868100260409215508040200.mp4 (1570024 bytes)"}
{"ts":"2026-04-09T21:55:10.277Z","level":"INFO","device":"868120018681","event":"SENT_1210","detail":"02_64_6401_03_86812001868100260409215508040200.mp4"}
{"ts":"2026-04-09T21:55:10.377Z","level":"INFO","device":"868120018681","event":"MEDIA_RX","detail":"7E 92 12 00 36 86 81 20 01 86 81 92 BC 32 30 30 5F 36 34 5F 36 34 30 31 5F 30 30 5F 38 36 38 31 32 30 30 31 38 36 38 31 30 30 32 36 30 34 30 39 32 31 35 35 30 38 30 34 30 32 30 30 2E 6A 70 67 00 00 00 DE 7E"}
{"ts":"2026-04-09T21:55:10.382Z","level":"INFO","device":"868120018681","event":"SENT_RAW_MARKER","detail":"02_64_6401_03_86812001868100260409215508040200.mp4 packet=1570086 bytes data=1570024 bytes"}
{"ts":"2026-04-09T21:55:10.684Z","level":"INFO","device":"868120018681","event":"MEDIA_RX","detail":"7E 80 01 00 05 86 81 20 01 86 81 C6 99 00 02 12 10 00 FA 7E"}
{"ts":"2026-04-09T21:55:12.963Z","level":"INFO","device":"868120018681","event":"SENT_1212","detail":"02_64_6401_03_86812001868100260409215508040200.mp4 type=2"}
{"ts":"2026-04-09T21:55:13.264Z","level":"INFO","device":"868120018681","event":"BATCH_COMPLETE","detail":"All 2 files sent"}
{"ts":"2026-04-09T21:55:14.916Z","level":"INFO","device":"868120018681","event":"MEDIA_CLOSED","detail":""}
{"ts":"2026-04-09T21:56:12.735Z","level":"INFO","device":"868120018681","event":"INCIDENT_SENT","detail":"mediaId=5 alarmId=86812001868100260409215610050200"}
{"ts":"2026-04-09T21:56:14.185Z","level":"INFO","device":"868120018681","event":"RX_MSG","detail":"0x8001 bodyLen=5"}
{"ts":"2026-04-09T21:56:14.655Z","level":"INFO","device":"868120018681","event":"SERVER_ACK","detail":"0x0200 result=OK"}
{"ts":"2026-04-09T21:56:14.669Z","level":"INFO","device":"868120018681","event":"RX_MSG","detail":"0x9208 bodyLen=81"}
{"ts":"2026-04-09T21:56:14.669Z","level":"INFO","device":"868120018681","event":"9208_RAW","detail":"0C35342E33372E3232352E36350D32000086812001868100260409215610050200383638313230303138363831303032363034303932313536313030353032303000000000000000000000000000000000"}
{"ts":"2026-04-09T21:56:14.812Z","level":"INFO","device":"868120018681","event":"UPLOAD_TRIGGERED","detail":"media: 54.37.225.65:3378 | alarmId: 86812001868100260409215610050200"}
{"ts":"2026-04-09T21:56:14.830Z","level":"INFO","device":"868120018681","event":"MEDIA_CONNECTING","detail":"54.37.225.65:3378 files=2"}
{"ts":"2026-04-09T21:56:15.633Z","level":"INFO","device":"868120018681","event":"RX_MSG","detail":"0x8001 bodyLen=5"}
{"ts":"2026-04-09T21:56:15.655Z","level":"INFO","device":"868120018681","event":"SERVER_ACK","detail":"0x0800 result=OK"}
{"ts":"2026-04-09T21:56:16.056Z","level":"INFO","device":"868120018681","event":"MEDIA_CONNECTED","detail":"54.37.225.65:3378"}
{"ts":"2026-04-09T21:56:16.099Z","level":"INFO","device":"868120018681","event":"FILE_START","detail":"[1/2] 00_64_6401_00_86812001868100260409215610050200.jpg (631 bytes)"}
{"ts":"2026-04-09T21:56:16.100Z","level":"INFO","device":"868120018681","event":"SENT_1210","detail":"00_64_6401_00_86812001868100260409215610050200.jpg"}
{"ts":"2026-04-09T21:56:16.269Z","level":"INFO","device":"868120018681","event":"SENT_RAW_MARKER","detail":"00_64_6401_00_86812001868100260409215610050200.jpg packet=693 bytes data=631 bytes"}
{"ts":"2026-04-09T21:56:16.356Z","level":"INFO","device":"868120018681","event":"SENT_1212","detail":"00_64_6401_00_86812001868100260409215610050200.jpg type=0"}
{"ts":"2026-04-09T21:56:16.575Z","level":"INFO","device":"868120018681","event":"MEDIA_RX","detail":"7E 80 01 00 05 86 81 20 01 86 81 E4 29 00 00 12 10 00 6A 7E"}
{"ts":"2026-04-09T21:56:16.576Z","level":"INFO","device":"868120018681","event":"MEDIA_RX","detail":"7E 92 12 00 36 86 81 20 01 86 81 43 BF 32 30 30 5F 36 34 5F 36 34 30 31 5F 30 30 5F 38 36 38 31 32 30 30 31 38 36 38 31 30 30 32 36 30 34 30 39 32 31 35 36 31 30 30 35 30 32 30 30 2E 6A 70 67 00 00 00 07 7E"}
{"ts":"2026-04-09T21:56:16.696Z","level":"INFO","device":"868120018681","event":"FILE_START","detail":"[2/2] 02_64_6401_03_86812001868100260409215610050200.mp4 (1570024 bytes)"}
{"ts":"2026-04-09T21:56:16.696Z","level":"INFO","device":"868120018681","event":"SENT_1210","detail":"02_64_6401_03_86812001868100260409215610050200.mp4"}
{"ts":"2026-04-09T21:56:17.445Z","level":"INFO","device":"868120018681","event":"SENT_RAW_MARKER","detail":"02_64_6401_03_86812001868100260409215610050200.mp4 packet=1570086 bytes data=1570024 bytes"}
{"ts":"2026-04-09T21:56:17.445Z","level":"INFO","device":"868120018681","event":"MEDIA_RX","detail":"7E 80 01 00 05 86 81 20 01 86 81 21 64 00 02 12 10 00 E0 7E"}
{"ts":"2026-04-09T21:56:18.638Z","level":"INFO","device":"868120018681","event":"SENT_1212","detail":"02_64_6401_03_86812001868100260409215610050200.mp4 type=2"}
{"ts":"2026-04-09T21:56:18.970Z","level":"INFO","device":"868120018681","event":"BATCH_COMPLETE","detail":"All 2 files sent"}
{"ts":"2026-04-09T21:56:19.765Z","level":"ERROR","device":"868120018681","event":"MEDIA_ERROR","detail":"54.37.225.65:3378 — read ECONNRESET"}
{"ts":"2026-04-09T21:56:19.766Z","level":"INFO","device":"868120018681","event":"MEDIA_CLOSED","detail":""}
{"ts":"2026-04-09T21:57:10.429Z","level":"INFO","device":"868120018681","event":"INCIDENT_SENT","detail":"mediaId=6 alarmId=86812001868100260409215710060200"}
{"ts":"2026-04-09T21:57:10.629Z","level":"INFO","device":"868120018681","event":"RX_MSG","detail":"0x8001 bodyLen=5"}
{"ts":"2026-04-09T21:57:10.632Z","level":"INFO","device":"868120018681","event":"SERVER_ACK","detail":"0x0200 result=OK"}
{"ts":"2026-04-09T21:57:10.982Z","level":"INFO","device":"868120018681","event":"RX_MSG","detail":"0x9208 bodyLen=81"}
{"ts":"2026-04-09T21:57:10.987Z","level":"INFO","device":"868120018681","event":"9208_RAW","detail":"0C35342E33372E3232352E36350D32000086812001868100260409215710060200383638313230303138363831303032363034303932313537313030363032303000000000000000000000000000000000"}
{"ts":"2026-04-09T21:57:11.019Z","level":"INFO","device":"868120018681","event":"UPLOAD_TRIGGERED","detail":"media: 54.37.225.65:3378 | alarmId: 86812001868100260409215710060200"}
{"ts":"2026-04-09T21:57:11.020Z","level":"INFO","device":"868120018681","event":"MEDIA_CONNECTING","detail":"54.37.225.65:3378 files=2"}
{"ts":"2026-04-09T21:57:11.052Z","level":"INFO","device":"868120018681","event":"RX_MSG","detail":"0x8001 bodyLen=5"}
{"ts":"2026-04-09T21:57:11.052Z","level":"INFO","device":"868120018681","event":"SERVER_ACK","detail":"0x0800 result=OK"}
{"ts":"2026-04-09T21:57:11.275Z","level":"INFO","device":"868120018681","event":"MEDIA_CONNECTED","detail":"54.37.225.65:3378"}
{"ts":"2026-04-09T21:57:11.276Z","level":"INFO","device":"868120018681","event":"FILE_START","detail":"[1/2] 00_64_6401_00_86812001868100260409215710060200.jpg (631 bytes)"}
{"ts":"2026-04-09T21:57:11.294Z","level":"INFO","device":"868120018681","event":"SENT_1210","detail":"00_64_6401_00_86812001868100260409215710060200.jpg"}
{"ts":"2026-04-09T21:57:11.395Z","level":"INFO","device":"868120018681","event":"SENT_RAW_MARKER","detail":"00_64_6401_00_86812001868100260409215710060200.jpg packet=693 bytes data=631 bytes"}
{"ts":"2026-04-09T21:57:11.396Z","level":"INFO","device":"868120018681","event":"SENT_1212","detail":"00_64_6401_00_86812001868100260409215710060200.jpg type=0"}
{"ts":"2026-04-09T21:57:11.502Z","level":"INFO","device":"868120018681","event":"MEDIA_RX","detail":"7E 80 01 00 05 86 81 20 01 86 81 5A B6 00 00 12 10 00 4B 7E"}
{"ts":"2026-04-09T21:57:11.697Z","level":"INFO","device":"868120018681","event":"FILE_START","detail":"[2/2] 02_64_6401_03_86812001868100260409215710060200.mp4 (1570024 bytes)"}
{"ts":"2026-04-09T21:57:11.697Z","level":"INFO","device":"868120018681","event":"SENT_1210","detail":"02_64_6401_03_86812001868100260409215710060200.mp4"}
{"ts":"2026-04-09T21:57:11.701Z","level":"INFO","device":"868120018681","event":"MEDIA_RX","detail":"7E 92 12 00 36 86 81 20 01 86 81 8A BE 32 30 30 5F 36 34 5F 36 34 30 31 5F 30 30 5F 38 36 38 31 32 30 30 31 38 36 38 31 30 30 32 36 30 34 30 39 32 31 35 37 31 30 30 36 30 32 30 30 2E 6A 70 67 00 00 00 CD 7E"}
{"ts":"2026-04-09T21:57:11.798Z","level":"INFO","device":"868120018681","event":"SENT_RAW_MARKER","detail":"02_64_6401_03_86812001868100260409215710060200.mp4 packet=1570086 bytes data=1570024 bytes"}
{"ts":"2026-04-09T21:57:12.003Z","level":"INFO","device":"868120018681","event":"MEDIA_RX","detail":"7E 80 01 00 05 86 81 20 01 86 81 19 E3 00 02 12 10 00 5F 7E"}
{"ts":"2026-04-09T21:57:13.028Z","level":"INFO","device":"868120018681","event":"SENT_1212","detail":"02_64_6401_03_86812001868100260409215710060200.mp4 type=2"}
{"ts":"2026-04-09T21:57:13.329Z","level":"INFO","device":"868120018681","event":"BATCH_COMPLETE","detail":"All 2 files sent"}
{"ts":"2026-04-09T21:57:13.897Z","level":"ERROR","device":"868120018681","event":"MEDIA_ERROR","detail":"54.37.225.65:3378 — read ECONNRESET"}
{"ts":"2026-04-09T21:57:13.897Z","level":"INFO","device":"868120018681","event":"MEDIA_CLOSED","detail":""}
{"ts":"2026-04-09T21:58:10.245Z","level":"INFO","device":"868120018681","event":"INCIDENT_SENT","detail":"mediaId=7 alarmId=86812001868100260409215810070200"}
{"ts":"2026-04-09T21:58:10.452Z","level":"INFO","device":"868120018681","event":"RX_MSG","detail":"0x8001 bodyLen=5"}
{"ts":"2026-04-09T21:58:10.452Z","level":"INFO","device":"868120018681","event":"SERVER_ACK","detail":"0x0200 result=OK"}
{"ts":"2026-04-09T21:58:10.795Z","level":"INFO","device":"868120018681","event":"RX_MSG","detail":"0x9208 bodyLen=81"}
{"ts":"2026-04-09T21:58:10.796Z","level":"INFO","device":"868120018681","event":"9208_RAW","detail":"0C35342E33372E3232352E36350D32000086812001868100260409215810070200383638313230303138363831303032363034303932313538313030373032303000000000000000000000000000000000"}
{"ts":"2026-04-09T21:58:10.796Z","level":"INFO","device":"868120018681","event":"UPLOAD_TRIGGERED","detail":"media: 54.37.225.65:3378 | alarmId: 86812001868100260409215810070200"}
{"ts":"2026-04-09T21:58:10.796Z","level":"INFO","device":"868120018681","event":"MEDIA_CONNECTING","detail":"54.37.225.65:3378 files=2"}
{"ts":"2026-04-09T21:58:10.797Z","level":"INFO","device":"868120018681","event":"RX_MSG","detail":"0x8001 bodyLen=5"}
{"ts":"2026-04-09T21:58:10.797Z","level":"INFO","device":"868120018681","event":"SERVER_ACK","detail":"0x0800 result=OK"}
{"ts":"2026-04-09T21:58:10.986Z","level":"INFO","device":"868120018681","event":"MEDIA_CONNECTED","detail":"54.37.225.65:3378"}
{"ts":"2026-04-09T21:58:10.986Z","level":"INFO","device":"868120018681","event":"FILE_START","detail":"[1/2] 00_64_6401_00_86812001868100260409215810070200.jpg (631 bytes)"}
{"ts":"2026-04-09T21:58:10.986Z","level":"INFO","device":"868120018681","event":"SENT_1210","detail":"00_64_6401_00_86812001868100260409215810070200.jpg"}
{"ts":"2026-04-09T21:58:11.088Z","level":"INFO","device":"868120018681","event":"SENT_RAW_MARKER","detail":"00_64_6401_00_86812001868100260409215810070200.jpg packet=693 bytes data=631 bytes"}
{"ts":"2026-04-09T21:58:11.088Z","level":"INFO","device":"868120018681","event":"SENT_1212","detail":"00_64_6401_00_86812001868100260409215810070200.jpg type=0"}
{"ts":"2026-04-09T21:58:11.176Z","level":"INFO","device":"868120018681","event":"MEDIA_RX","detail":"7E 80 01 00 05 86 81 20 01 86 81 2A 0B 00 00 12 10 00 86 7E"}
{"ts":"2026-04-09T21:58:11.361Z","level":"INFO","device":"868120018681","event":"MEDIA_RX","detail":"7E 92 12 00 36 86 81 20 01 86 81 07 21 32 30 30 5F 36 34 5F 36 34 30 31 5F 30 30 5F 38 36 38 31 32 30 30 31 38 36 38 31 30 30 32 36 30 34 30 39 32 31 35 38 31 30 30 37 30 32 30 30 2E 6A 70 67 00 00 00 D1 7E"}
{"ts":"2026-04-09T21:58:11.389Z","level":"INFO","device":"868120018681","event":"FILE_START","detail":"[2/2] 02_64_6401_03_86812001868100260409215810070200.mp4 (1570024 bytes)"}
{"ts":"2026-04-09T21:58:11.390Z","level":"INFO","device":"868120018681","event":"SENT_1210","detail":"02_64_6401_03_86812001868100260409215810070200.mp4"}
{"ts":"2026-04-09T21:58:11.495Z","level":"INFO","device":"868120018681","event":"SENT_RAW_MARKER","detail":"02_64_6401_03_86812001868100260409215810070200.mp4 packet=1570086 bytes data=1570024 bytes"}
{"ts":"2026-04-09T21:58:11.650Z","level":"INFO","device":"868120018681","event":"MEDIA_RX","detail":"7E 80 01 00 05 86 81 20 01 86 81 1B 60 00 02 12 10 00 DE 7E"}
{"ts":"2026-04-09T21:58:12.589Z","level":"INFO","device":"868120018681","event":"SENT_1212","detail":"02_64_6401_03_86812001868100260409215810070200.mp4 type=2"}
{"ts":"2026-04-09T21:58:12.890Z","level":"INFO","device":"868120018681","event":"BATCH_COMPLETE","detail":"All 2 files sent"}
{"ts":"2026-04-09T21:58:13.277Z","level":"ERROR","device":"868120018681","event":"MEDIA_ERROR","detail":"54.37.225.65:3378 — read ECONNRESET"}
{"ts":"2026-04-09T21:58:13.277Z","level":"INFO","device":"868120018681","event":"MEDIA_CLOSED","detail":""}
{"ts":"2026-04-09T21:59:10.301Z","level":"INFO","device":"868120018681","event":"INCIDENT_SENT","detail":"mediaId=8 alarmId=86812001868100260409215910080200"}
{"ts":"2026-04-09T21:59:10.537Z","level":"INFO","device":"868120018681","event":"RX_MSG","detail":"0x8001 bodyLen=5"}
{"ts":"2026-04-09T21:59:10.537Z","level":"INFO","device":"868120018681","event":"SERVER_ACK","detail":"0x0200 result=OK"}
{"ts":"2026-04-09T21:59:10.840Z","level":"INFO","device":"868120018681","event":"RX_MSG","detail":"0x9208 bodyLen=81"}
{"ts":"2026-04-09T21:59:10.840Z","level":"INFO","device":"868120018681","event":"9208_RAW","detail":"0C35342E33372E3232352E36350D32000086812001868100260409215910080200383638313230303138363831303032363034303932313539313030383032303000000000000000000000000000000000"}
{"ts":"2026-04-09T21:59:10.840Z","level":"INFO","device":"868120018681","event":"UPLOAD_TRIGGERED","detail":"media: 54.37.225.65:3378 | alarmId: 86812001868100260409215910080200"}
{"ts":"2026-04-09T21:59:10.841Z","level":"INFO","device":"868120018681","event":"MEDIA_CONNECTING","detail":"54.37.225.65:3378 files=2"}
{"ts":"2026-04-09T21:59:10.891Z","level":"INFO","device":"868120018681","event":"RX_MSG","detail":"0x8001 bodyLen=5"}
{"ts":"2026-04-09T21:59:10.891Z","level":"INFO","device":"868120018681","event":"SERVER_ACK","detail":"0x0800 result=OK"}
{"ts":"2026-04-09T21:59:11.079Z","level":"INFO","device":"868120018681","event":"MEDIA_CONNECTED","detail":"54.37.225.65:3378"}
{"ts":"2026-04-09T21:59:11.079Z","level":"INFO","device":"868120018681","event":"FILE_START","detail":"[1/2] 00_64_6401_00_86812001868100260409215910080200.jpg (631 bytes)"}
{"ts":"2026-04-09T21:59:11.079Z","level":"INFO","device":"868120018681","event":"SENT_1210","detail":"00_64_6401_00_86812001868100260409215910080200.jpg"}
{"ts":"2026-04-09T21:59:11.179Z","level":"INFO","device":"868120018681","event":"SENT_RAW_MARKER","detail":"00_64_6401_00_86812001868100260409215910080200.jpg packet=693 bytes data=631 bytes"}
{"ts":"2026-04-09T21:59:11.179Z","level":"INFO","device":"868120018681","event":"SENT_1212","detail":"00_64_6401_00_86812001868100260409215910080200.jpg type=0"}
{"ts":"2026-04-09T21:59:11.270Z","level":"INFO","device":"868120018681","event":"MEDIA_RX","detail":"7E 80 01 00 05 86 81 20 01 86 81 37 2D 00 00 12 10 00 BD 7E"}
{"ts":"2026-04-09T21:59:11.455Z","level":"INFO","device":"868120018681","event":"MEDIA_RX","detail":"7E 92 12 00 36 86 81 20 01 86 81 F4 4A 32 30 30 5F 36 34 5F 36 34 30 31 5F 30 30 5F 38 36 38 31 32 30 30 31 38 36 38 31 30 30 32 36 30 34 30 39 32 31 35 39 31 30 30 38 30 32 30 30 2E 6A 70 67 00 00 00 47 7E"}
{"ts":"2026-04-09T21:59:11.479Z","level":"INFO","device":"868120018681","event":"FILE_START","detail":"[2/2] 02_64_6401_03_86812001868100260409215910080200.mp4 (1570024 bytes)"}
{"ts":"2026-04-09T21:59:11.479Z","level":"INFO","device":"868120018681","event":"SENT_1210","detail":"02_64_6401_03_86812001868100260409215910080200.mp4"}
{"ts":"2026-04-09T21:59:11.581Z","level":"INFO","device":"868120018681","event":"SENT_RAW_MARKER","detail":"02_64_6401_03_86812001868100260409215910080200.mp4 packet=1570086 bytes data=1570024 bytes"}
{"ts":"2026-04-09T21:59:11.732Z","level":"INFO","device":"868120018681","event":"MEDIA_RX","detail":"7E 80 01 00 05 86 81 20 01 86 81 86 EE 00 02 12 10 00 CD 7E"}
{"ts":"2026-04-09T21:59:14.113Z","level":"INFO","device":"868120018681","event":"SENT_1212","detail":"02_64_6401_03_86812001868100260409215910080200.mp4 type=2"}
{"ts":"2026-04-09T21:59:14.415Z","level":"INFO","device":"868120018681","event":"BATCH_COMPLETE","detail":"All 2 files sent"}
{"ts":"2026-04-09T21:59:14.640Z","level":"INFO","device":"868120018681","event":"MEDIA_CLOSED","detail":""}
{"ts":"2026-04-09T22:00:10.358Z","level":"INFO","device":"868120018681","event":"INCIDENT_SENT","detail":"mediaId=9 alarmId=86812001868100260409220010090200"}
{"ts":"2026-04-09T22:00:10.565Z","level":"INFO","device":"868120018681","event":"RX_MSG","detail":"0x8001 bodyLen=5"}
{"ts":"2026-04-09T22:00:10.565Z","level":"INFO","device":"868120018681","event":"SERVER_ACK","detail":"0x0200 result=OK"}
{"ts":"2026-04-09T22:00:10.881Z","level":"INFO","device":"868120018681","event":"RX_MSG","detail":"0x9208 bodyLen=81"}
{"ts":"2026-04-09T22:00:10.882Z","level":"INFO","device":"868120018681","event":"9208_RAW","detail":"0C35342E33372E3232352E36350D32000086812001868100260409220010090200383638313230303138363831303032363034303932323030313030393032303000000000000000000000000000000000"}
{"ts":"2026-04-09T22:00:10.893Z","level":"INFO","device":"868120018681","event":"UPLOAD_TRIGGERED","detail":"media: 54.37.225.65:3378 | alarmId: 86812001868100260409220010090200"}
{"ts":"2026-04-09T22:00:10.893Z","level":"INFO","device":"868120018681","event":"MEDIA_CONNECTING","detail":"54.37.225.65:3378 files=2"}
{"ts":"2026-04-09T22:00:10.894Z","level":"INFO","device":"868120018681","event":"RX_MSG","detail":"0x8001 bodyLen=5"}
{"ts":"2026-04-09T22:00:10.894Z","level":"INFO","device":"868120018681","event":"SERVER_ACK","detail":"0x0800 result=OK"}
{"ts":"2026-04-09T22:00:11.100Z","level":"INFO","device":"868120018681","event":"MEDIA_CONNECTED","detail":"54.37.225.65:3378"}
{"ts":"2026-04-09T22:00:11.100Z","level":"INFO","device":"868120018681","event":"FILE_START","detail":"[1/2] 00_64_6401_00_86812001868100260409220010090200.jpg (631 bytes)"}
{"ts":"2026-04-09T22:00:11.101Z","level":"INFO","device":"868120018681","event":"SENT_1210","detail":"00_64_6401_00_86812001868100260409220010090200.jpg"}
{"ts":"2026-04-09T22:00:11.203Z","level":"INFO","device":"868120018681","event":"SENT_RAW_MARKER","detail":"00_64_6401_00_86812001868100260409220010090200.jpg packet=693 bytes data=631 bytes"}
{"ts":"2026-04-09T22:00:11.204Z","level":"INFO","device":"868120018681","event":"SENT_1212","detail":"00_64_6401_00_86812001868100260409220010090200.jpg type=0"}
{"ts":"2026-04-09T22:00:11.309Z","level":"INFO","device":"868120018681","event":"MEDIA_RX","detail":"7E 80 01 00 05 86 81 20 01 86 81 68 FC 00 00 12 10 00 33 7E"}
{"ts":"2026-04-09T22:00:11.504Z","level":"INFO","device":"868120018681","event":"FILE_START","detail":"[2/2] 02_64_6401_03_86812001868100260409220010090200.mp4 (1570024 bytes)"}
{"ts":"2026-04-09T22:00:11.504Z","level":"INFO","device":"868120018681","event":"SENT_1210","detail":"02_64_6401_03_86812001868100260409220010090200.mp4"}
{"ts":"2026-04-09T22:00:11.510Z","level":"INFO","device":"868120018681","event":"MEDIA_RX","detail":"7E 92 12 00 36 86 81 20 01 86 81 B5 62 32 30 30 5F 36 34 5F 36 34 30 31 5F 30 30 5F 38 36 38 31 32 30 30 31 38 36 38 31 30 30 32 36 30 34 30 39 32 32 30 30 31 30 30 39 30 32 30 30 2E 6A 70 67 00 00 00 20 7E"}
{"ts":"2026-04-09T22:00:11.605Z","level":"INFO","device":"868120018681","event":"SENT_RAW_MARKER","detail":"02_64_6401_03_86812001868100260409220010090200.mp4 packet=1570086 bytes data=1570024 bytes"}
{"ts":"2026-04-09T22:00:11.811Z","level":"INFO","device":"868120018681","event":"MEDIA_RX","detail":"7E 80 01 00 05 86 81 20 01 86 81 80 9A 00 02 12 10 00 BF 7E"}
{"ts":"2026-04-09T22:00:12.772Z","level":"INFO","device":"868120018681","event":"SENT_1212","detail":"02_64_6401_03_86812001868100260409220010090200.mp4 type=2"}
{"ts":"2026-04-09T22:00:13.074Z","level":"INFO","device":"868120018681","event":"BATCH_COMPLETE","detail":"All 2 files sent"}
{"ts":"2026-04-09T22:00:13.661Z","level":"ERROR","device":"868120018681","event":"MEDIA_ERROR","detail":"54.37.225.65:3378 — read ECONNRESET"}
{"ts":"2026-04-09T22:00:13.662Z","level":"INFO","device":"868120018681","event":"MEDIA_CLOSED","detail":""}
{"ts":"2026-04-09T22:01:10.392Z","level":"INFO","device":"868120018681","event":"INCIDENT_SENT","detail":"mediaId=10 alarmId=868120018681002604092201100A0200"}
{"ts":"2026-04-09T22:01:10.598Z","level":"INFO","device":"868120018681","event":"RX_MSG","detail":"0x8001 bodyLen=5"}
{"ts":"2026-04-09T22:01:10.598Z","level":"INFO","device":"868120018681","event":"SERVER_ACK","detail":"0x0200 result=OK"}
{"ts":"2026-04-09T22:01:10.947Z","level":"INFO","device":"868120018681","event":"RX_MSG","detail":"0x9208 bodyLen=81"}
{"ts":"2026-04-09T22:01:10.947Z","level":"INFO","device":"868120018681","event":"9208_RAW","detail":"0C35342E33372E3232352E36350D320000868120018681002604092201100A0200383638313230303138363831303032363034303932323031313030613032303000000000000000000000000000000000"}
{"ts":"2026-04-09T22:01:10.948Z","level":"INFO","device":"868120018681","event":"UPLOAD_TRIGGERED","detail":"media: 54.37.225.65:3378 | alarmId: 868120018681002604092201100A0200"}
{"ts":"2026-04-09T22:01:10.948Z","level":"INFO","device":"868120018681","event":"MEDIA_CONNECTING","detail":"54.37.225.65:3378 files=2"}
{"ts":"2026-04-09T22:01:10.950Z","level":"INFO","device":"868120018681","event":"RX_MSG","detail":"0x8001 bodyLen=5"}
{"ts":"2026-04-09T22:01:10.950Z","level":"INFO","device":"868120018681","event":"SERVER_ACK","detail":"0x0800 result=OK"}
{"ts":"2026-04-09T22:01:11.138Z","level":"INFO","device":"868120018681","event":"MEDIA_CONNECTED","detail":"54.37.225.65:3378"}
{"ts":"2026-04-09T22:01:11.138Z","level":"INFO","device":"868120018681","event":"FILE_START","detail":"[1/2] 00_64_6401_00_868120018681002604092201100A0200.jpg (631 bytes)"}
{"ts":"2026-04-09T22:01:11.139Z","level":"INFO","device":"868120018681","event":"SENT_1210","detail":"00_64_6401_00_868120018681002604092201100A0200.jpg"}
{"ts":"2026-04-09T22:01:11.239Z","level":"INFO","device":"868120018681","event":"SENT_RAW_MARKER","detail":"00_64_6401_00_868120018681002604092201100A0200.jpg packet=693 bytes data=631 bytes"}
{"ts":"2026-04-09T22:01:11.240Z","level":"INFO","device":"868120018681","event":"SENT_1212","detail":"00_64_6401_00_868120018681002604092201100A0200.jpg type=0"}
{"ts":"2026-04-09T22:01:11.328Z","level":"INFO","device":"868120018681","event":"MEDIA_RX","detail":"7E 80 01 00 05 86 81 20 01 86 81 64 BA 00 00 12 10 00 79 7E"}
{"ts":"2026-04-09T22:01:11.514Z","level":"INFO","device":"868120018681","event":"MEDIA_RX","detail":"7E 92 12 00 36 86 81 20 01 86 81 E3 4B 32 30 30 5F 36 34 5F 36 34 30 31 5F 30 30 5F 38 36 38 31 32 30 30 31 38 36 38 31 30 30 32 36 30 34 30 39 32 32 30 31 31 30 30 41 30 32 30 30 2E 6A 70 67 00 00 00 26 7E"}
{"ts":"2026-04-09T22:01:11.540Z","level":"INFO","device":"868120018681","event":"FILE_START","detail":"[2/2] 02_64_6401_03_868120018681002604092201100A0200.mp4 (1570024 bytes)"}
{"ts":"2026-04-09T22:01:11.541Z","level":"INFO","device":"868120018681","event":"SENT_1210","detail":"02_64_6401_03_868120018681002604092201100A0200.mp4"}
{"ts":"2026-04-09T22:01:11.872Z","level":"INFO","device":"868120018681","event":"SENT_RAW_MARKER","detail":"02_64_6401_03_868120018681002604092201100A0200.mp4 packet=1570086 bytes data=1570024 bytes"}
{"ts":"2026-04-09T22:01:11.873Z","level":"INFO","device":"868120018681","event":"MEDIA_RX","detail":"7E 80 01 00 05 86 81 20 01 86 81 BD 7C 00 02 12 10 00 64 7E"}
{"ts":"2026-04-09T22:01:13.492Z","level":"INFO","device":"868120018681","event":"SENT_1212","detail":"02_64_6401_03_868120018681002604092201100A0200.mp4 type=2"}
{"ts":"2026-04-09T22:01:13.792Z","level":"INFO","device":"868120018681","event":"BATCH_COMPLETE","detail":"All 2 files sent"}
