{"ts":"2026-04-09T18:22:35.147Z","level":"INFO","device":"868120018681","event":"CONNECTED","detail":"id:868120018681"}
{"ts":"2026-04-09T18:22:35.346Z","level":"INFO","device":"868120018681","event":"RX_MSG","detail":"0x8001 bodyLen=5"}
{"ts":"2026-04-09T18:22:35.347Z","level":"INFO","device":"868120018681","event":"SERVER_ACK","detail":"0x0102 result=OK"}
{"ts":"2026-04-09T18:23:35.022Z","level":"INFO","device":"868120018681","event":"INCIDENT_SENT","detail":"mediaId=1 alarmId=86812001868100260409182335010200"}
{"ts":"2026-04-09T18:23:35.211Z","level":"INFO","device":"868120018681","event":"RX_MSG","detail":"0x8001 bodyLen=5"}
{"ts":"2026-04-09T18:23:35.211Z","level":"INFO","device":"868120018681","event":"SERVER_ACK","detail":"0x0200 result=OK"}
{"ts":"2026-04-09T18:23:35.521Z","level":"INFO","device":"868120018681","event":"RX_MSG","detail":"0x9208 bodyLen=81"}
{"ts":"2026-04-09T18:23:35.522Z","level":"INFO","device":"868120018681","event":"9208_RAW","detail":"0C35342E33372E3232352E36350D32000086812001868100260409165053150200383638313230303138363831303032363034303931363530353331353032303000000000000000000000000000000000"}
{"ts":"2026-04-09T18:23:35.727Z","level":"INFO","device":"868120018681","event":"UPLOAD_TRIGGERED","detail":"media: 54.37.225.65:3378 | alarmId: 86812001868100260409165053150200"}
{"ts":"2026-04-09T18:23:35.729Z","level":"INFO","device":"868120018681","event":"MEDIA_CONNECTING","detail":"54.37.225.65:3378 files=2"}
{"ts":"2026-04-09T18:23:35.730Z","level":"INFO","device":"868120018681","event":"RX_MSG","detail":"0x8001 bodyLen=5"}
{"ts":"2026-04-09T18:23:35.731Z","level":"INFO","device":"868120018681","event":"SERVER_ACK","detail":"0x0800 result=OK"}
{"ts":"2026-04-09T18:23:35.937Z","level":"INFO","device":"868120018681","event":"MEDIA_CONNECTED","detail":"54.37.225.65:3378"}
{"ts":"2026-04-09T18:23:35.938Z","level":"INFO","device":"868120018681","event":"FILE_START","detail":"[1/2] 00_64_6401_00_86812001868100260409165053150200.jpg (631 bytes)"}
{"ts":"2026-04-09T18:23:35.939Z","level":"INFO","device":"868120018681","event":"SENT_1210","detail":"00_64_6401_00_86812001868100260409165053150200.jpg"}
{"ts":"2026-04-09T18:23:36.039Z","level":"INFO","device":"868120018681","event":"SENT_RAW_MARKER","detail":"00_64_6401_00_86812001868100260409165053150200.jpg packet=693 bytes data=631 bytes"}
{"ts":"2026-04-09T18:23:36.040Z","level":"INFO","device":"868120018681","event":"SENT_1212","detail":"00_64_6401_00_86812001868100260409165053150200.jpg type=0"}
{"ts":"2026-04-09T18:23:36.149Z","level":"INFO","device":"868120018681","event":"MEDIA_RX","detail":"7E 80 01 00 05 86 81 20 01 86 81 96 F6 00 00 12 10 00 C7 7E"}
{"ts":"2026-04-09T18:23:36.341Z","level":"INFO","device":"868120018681","event":"FILE_START","detail":"[2/2] 02_64_6401_03_86812001868100260409165053150200.mp4 (1570024 bytes)"}
{"ts":"2026-04-09T18:23:36.341Z","level":"INFO","device":"868120018681","event":"SENT_1210","detail":"02_64_6401_03_86812001868100260409165053150200.mp4"}
{"ts":"2026-04-09T18:23:36.351Z","level":"INFO","device":"868120018681","event":"MEDIA_RX","detail":"7E 92 12 00 36 86 81 20 01 86 81 DE DE 32 30 30 5F 36 34 5F 36 34 30 31 5F 30 30 5F 38 36 38 31 32 30 30 31 38 36 38 31 30 30 32 36 30 34 30 39 31 36 35 30 35 33 31 35 30 32 30 30 2E 6A 70 67 00 00 00 FF 7E"}
{"ts":"2026-04-09T18:23:36.444Z","level":"INFO","device":"868120018681","event":"SENT_RAW_MARKER","detail":"02_64_6401_03_86812001868100260409165053150200.mp4 packet=1570086 bytes data=1570024 bytes"}
{"ts":"2026-04-09T18:23:36.649Z","level":"INFO","device":"868120018681","event":"MEDIA_RX","detail":"7E 80 01 00 05 86 81 20 01 86 81 53 67 00 02 12 10 00 91 7E"}
{"ts":"2026-04-09T18:23:37.467Z","level":"INFO","device":"868120018681","event":"SENT_1212","detail":"02_64_6401_03_86812001868100260409165053150200.mp4 type=2"}
{"ts":"2026-04-09T18:23:37.767Z","level":"INFO","device":"868120018681","event":"BATCH_COMPLETE","detail":"All 2 files sent"}
{"ts":"2026-04-09T18:23:38.180Z","level":"ERROR","device":"868120018681","event":"MEDIA_ERROR","detail":"54.37.225.65:3378 — read ECONNRESET"}
{"ts":"2026-04-09T18:23:38.181Z","level":"INFO","device":"868120018681","event":"MEDIA_CLOSED","detail":""}
{"ts":"2026-04-09T18:23:39.904Z","level":"INFO","device":"868120018681","event":"RX_MSG","detail":"0x9208 bodyLen=81"}
{"ts":"2026-04-09T18:23:39.905Z","level":"INFO","device":"868120018681","event":"9208_RAW","detail":"0C35342E33372E3232352E36350D32000086812001868100260409182335010200383638313230303138363831303032363034303931383233333530313032303000000000000000000000000000000000"}
{"ts":"2026-04-09T18:23:39.905Z","level":"INFO","device":"868120018681","event":"UPLOAD_TRIGGERED","detail":"media: 54.37.225.65:3378 | alarmId: 86812001868100260409182335010200"}
{"ts":"2026-04-09T18:23:39.905Z","level":"INFO","device":"868120018681","event":"MEDIA_CONNECTING","detail":"54.37.225.65:3378 files=2"}
{"ts":"2026-04-09T18:23:40.110Z","level":"INFO","device":"868120018681","event":"MEDIA_CONNECTED","detail":"54.37.225.65:3378"}
{"ts":"2026-04-09T18:23:40.111Z","level":"INFO","device":"868120018681","event":"FILE_START","detail":"[1/2] 00_64_6401_00_86812001868100260409182335010200.jpg (631 bytes)"}
{"ts":"2026-04-09T18:23:40.111Z","level":"INFO","device":"868120018681","event":"SENT_1210","detail":"00_64_6401_00_86812001868100260409182335010200.jpg"}
{"ts":"2026-04-09T18:23:40.212Z","level":"INFO","device":"868120018681","event":"SENT_RAW_MARKER","detail":"00_64_6401_00_86812001868100260409182335010200.jpg packet=693 bytes data=631 bytes"}
{"ts":"2026-04-09T18:23:40.213Z","level":"INFO","device":"868120018681","event":"SENT_1212","detail":"00_64_6401_00_86812001868100260409182335010200.jpg type=0"}
{"ts":"2026-04-09T18:23:40.317Z","level":"INFO","device":"868120018681","event":"MEDIA_RX","detail":"7E 80 01 00 05 86 81 20 01 86 81 3F 39 00 00 12 10 00 A1 7E"}
{"ts":"2026-04-09T18:23:40.514Z","level":"INFO","device":"868120018681","event":"FILE_START","detail":"[2/2] 02_64_6401_03_86812001868100260409182335010200.mp4 (1570024 bytes)"}
{"ts":"2026-04-09T18:23:40.515Z","level":"INFO","device":"868120018681","event":"SENT_1210","detail":"02_64_6401_03_86812001868100260409182335010200.mp4"}
{"ts":"2026-04-09T18:23:40.519Z","level":"INFO","device":"868120018681","event":"MEDIA_RX","detail":"7E 92 12 00 36 86 81 20 01 86 81 F5 76 32 30 30 5F 36 34 5F 36 34 30 31 5F 30 30 5F 38 36 38 31 32 30 30 31 38 36 38 31 30 30 32 36 30 34 30 39 31 38 32 33 33 35 30 31 30 32 30 30 2E 6A 70 67 00 00 00 73 7E"}
{"ts":"2026-04-09T18:23:40.620Z","level":"INFO","device":"868120018681","event":"SENT_RAW_MARKER","detail":"02_64_6401_03_86812001868100260409182335010200.mp4 packet=1570086 bytes data=1570024 bytes"}
{"ts":"2026-04-09T18:23:40.825Z","level":"INFO","device":"868120018681","event":"MEDIA_RX","detail":"7E 80 01 00 05 86 81 20 01 86 81 1A FC 00 02 12 10 00 43 7E"}
{"ts":"2026-04-09T18:23:41.846Z","level":"INFO","device":"868120018681","event":"SENT_1212","detail":"02_64_6401_03_86812001868100260409182335010200.mp4 type=2"}
{"ts":"2026-04-09T18:23:42.146Z","level":"INFO","device":"868120018681","event":"BATCH_COMPLETE","detail":"All 2 files sent"}
{"ts":"2026-04-09T18:23:42.556Z","level":"ERROR","device":"868120018681","event":"MEDIA_ERROR","detail":"54.37.225.65:3378 — read ECONNRESET"}
{"ts":"2026-04-09T18:23:42.557Z","level":"INFO","device":"868120018681","event":"MEDIA_CLOSED","detail":""}
{"ts":"2026-04-09T18:24:34.028Z","level":"INFO","device":"868120018681","event":"DISCONNECTED","detail":"clean stop"}

[SUMMARY] Run duration: 121s
[SUMMARY] GPS packets sent: 0
[SUMMARY] OBD2 packets sent: 0
[SUMMARY] DTC faults sent: 0
[SUMMARY] Incidents fired: 1
[SUMMARY] Videos uploaded OK: 2
[SUMMARY] Videos failed: 2
[SUMMARY] Tracker pings sent: 0
[SUMMARY] Reconnections: 0
[SUMMARY] Log file: logs/sim-2026-04-09T18-22-34.log
