{"ts":"2026-04-02T18:22:31.475Z","level":"INFO","device":"868120018681","event":"CONNECTED","detail":"id:868120018681"}
{"ts":"2026-04-02T18:22:31.551Z","level":"INFO","device":"868120018681","event":"RX_MSG","detail":"0x8001 bodyLen=5"}
{"ts":"2026-04-02T18:22:31.551Z","level":"INFO","device":"868120018681","event":"SERVER_ACK","detail":"0x0102 result=OK"}
{"ts":"2026-04-02T18:22:41.468Z","level":"INFO","device":"868120018681","event":"INCIDENT_SENT","detail":"mediaId=1 alarmId=86812001868100260402182241010200"}
{"ts":"2026-04-02T18:22:41.480Z","level":"INFO","device":"868120018681","event":"RX_MSG","detail":"0x8001 bodyLen=5"}
{"ts":"2026-04-02T18:22:41.480Z","level":"INFO","device":"868120018681","event":"SERVER_ACK","detail":"0x0200 result=OK"}
{"ts":"2026-04-02T18:22:41.487Z","level":"INFO","device":"868120018681","event":"RX_MSG","detail":"0x9208 bodyLen=81"}
{"ts":"2026-04-02T18:22:41.491Z","level":"INFO","device":"868120018681","event":"9208_RAW","detail":"0C35342E33372E3232352E36350D32000086812001868100260402182241010200383638313230303138363831303032363034303231383232343130313032303000000000000000000000000000000000"}
{"ts":"2026-04-02T18:22:41.491Z","level":"INFO","device":"868120018681","event":"UPLOAD_TRIGGERED","detail":"media: 54.37.225.65:3378 | alarmId: 86812001868100260402182241010200"}
{"ts":"2026-04-02T18:22:41.492Z","level":"INFO","device":"868120018681","event":"MEDIA_CONNECTING","detail":"54.37.225.65:3378 files=2"}
{"ts":"2026-04-02T18:22:41.579Z","level":"INFO","device":"868120018681","event":"RX_MSG","detail":"0x8001 bodyLen=5"}
{"ts":"2026-04-02T18:22:41.579Z","level":"INFO","device":"868120018681","event":"SERVER_ACK","detail":"0x0800 result=OK"}
{"ts":"2026-04-02T18:22:41.580Z","level":"INFO","device":"868120018681","event":"MEDIA_CONNECTED","detail":"54.37.225.65:3378"}
{"ts":"2026-04-02T18:22:41.580Z","level":"INFO","device":"868120018681","event":"FILE_START","detail":"[1/2] 00_64_6401_00_86812001868100260402182241010200.jpg (215 bytes)"}
{"ts":"2026-04-02T18:22:41.581Z","level":"INFO","device":"868120018681","event":"SENT_1210","detail":"00_64_6401_00_86812001868100260402182241010200.jpg"}
{"ts":"2026-04-02T18:22:41.599Z","level":"INFO","device":"868120018681","event":"MEDIA_RX","detail":"7E 80 01 00 05 86 81 20 01 86 81 95 5E 00 00 12 10 00 6C 7E"}
{"ts":"2026-04-02T18:22:41.685Z","level":"INFO","device":"868120018681","event":"SENT_RAW_MARKER","detail":"00_64_6401_00_86812001868100260402182241010200.jpg packet=277 bytes data=215 bytes"}
{"ts":"2026-04-02T18:22:41.686Z","level":"INFO","device":"868120018681","event":"SENT_1212","detail":"00_64_6401_00_86812001868100260402182241010200.jpg type=0"}
{"ts":"2026-04-02T18:22:41.742Z","level":"INFO","device":"868120018681","event":"MEDIA_RX","detail":"7E 92 12 00 36 86 81 20 01 86 81 FB 65 32 30 30 5F 36 34 5F 36 34 30 31 5F 30 30 5F 38 36 38 31 32 30 30 31 38 36 38 31 30 30 32 36 30 34 30 32 31 38 32 32 34 31 30 31 30 32 30 30 2E 6A 70 67 00 00 00 67 7E"}
{"ts":"2026-04-02T18:22:42.151Z","level":"INFO","device":"868120018681","event":"FILE_START","detail":"[2/2] 02_64_6401_03_86812001868100260402182241010200.mp4 (1570024 bytes)"}
{"ts":"2026-04-02T18:22:42.152Z","level":"INFO","device":"868120018681","event":"SENT_1210","detail":"02_64_6401_03_86812001868100260402182241010200.mp4"}
{"ts":"2026-04-02T18:22:42.162Z","level":"INFO","device":"868120018681","event":"MEDIA_RX","detail":"7E 80 01 00 05 86 81 20 01 86 81 6C 6F 00 02 12 10 00 A6 7E"}
{"ts":"2026-04-02T18:22:42.259Z","level":"INFO","device":"868120018681","event":"SENT_RAW_MARKER","detail":"02_64_6401_03_86812001868100260402182241010200.mp4 packet=1570086 bytes data=1570024 bytes"}
{"ts":"2026-04-02T18:22:42.317Z","level":"INFO","device":"868120018681","event":"SENT_1212","detail":"02_64_6401_03_86812001868100260402182241010200.mp4 type=2"}
{"ts":"2026-04-02T18:22:42.341Z","level":"INFO","device":"868120018681","event":"MEDIA_RX","detail":"7E 92 12 00 36 86 81 20 01 86 81 1A 89 32 30 32 5F 36 34 5F 36 34 30 31 5F 30 33 5F 38 36 38 31 32 30 30 31 38 36 38 31 30 30 32 36 30 34 30 32 31 38 32 32 34 31 30 31 30 32 30 30 2E 6D 70 34 02 00 00 3D 7E"}
{"ts":"2026-04-02T18:22:42.619Z","level":"INFO","device":"868120018681","event":"BATCH_COMPLETE","detail":"All 2 files sent"}
{"ts":"2026-04-02T18:22:42.639Z","level":"INFO","device":"868120018681","event":"MEDIA_CLOSED","detail":""}
{"ts":"2026-04-02T18:22:51.462Z","level":"INFO","device":"868120018681","event":"GPS_SENT","detail":""}
{"ts":"2026-04-02T18:22:51.466Z","level":"INFO","device":"868120018681","event":"INCIDENT_SENT","detail":"mediaId=2 alarmId=86812001868100260402182251020200"}
{"ts":"2026-04-02T18:22:51.474Z","level":"INFO","device":"868120018681","event":"RX_MSG","detail":"0x8001 bodyLen=5"}
{"ts":"2026-04-02T18:22:51.474Z","level":"INFO","device":"868120018681","event":"SERVER_ACK","detail":"0x0200 result=OK"}
{"ts":"2026-04-02T18:22:51.488Z","level":"INFO","device":"868120018681","event":"RX_MSG","detail":"0x8001 bodyLen=5"}
{"ts":"2026-04-02T18:22:51.488Z","level":"INFO","device":"868120018681","event":"SERVER_ACK","detail":"0x0200 result=OK"}
{"ts":"2026-04-02T18:22:51.495Z","level":"INFO","device":"868120018681","event":"RX_MSG","detail":"0x8001 bodyLen=5"}
{"ts":"2026-04-02T18:22:51.495Z","level":"INFO","device":"868120018681","event":"SERVER_ACK","detail":"0x0800 result=OK"}
{"ts":"2026-04-02T18:22:51.495Z","level":"INFO","device":"868120018681","event":"RX_MSG","detail":"0x9208 bodyLen=81"}
{"ts":"2026-04-02T18:22:51.496Z","level":"INFO","device":"868120018681","event":"9208_RAW","detail":"0C35342E33372E3232352E36350D32000086812001868100260402182251020200383638313230303138363831303032363034303231383232353130323032303000000000000000000000000000000000"}
{"ts":"2026-04-02T18:22:51.496Z","level":"INFO","device":"868120018681","event":"UPLOAD_TRIGGERED","detail":"media: 54.37.225.65:3378 | alarmId: 86812001868100260402182251020200"}
{"ts":"2026-04-02T18:22:51.496Z","level":"INFO","device":"868120018681","event":"MEDIA_CONNECTING","detail":"54.37.225.65:3378 files=2"}
{"ts":"2026-04-02T18:22:51.505Z","level":"INFO","device":"868120018681","event":"MEDIA_CONNECTED","detail":"54.37.225.65:3378"}
{"ts":"2026-04-02T18:22:51.505Z","level":"INFO","device":"868120018681","event":"FILE_START","detail":"[1/2] 00_64_6401_00_86812001868100260402182251020200.jpg (215 bytes)"}
{"ts":"2026-04-02T18:22:51.505Z","level":"INFO","device":"868120018681","event":"SENT_1210","detail":"00_64_6401_00_86812001868100260402182251020200.jpg"}
{"ts":"2026-04-02T18:22:51.517Z","level":"INFO","device":"868120018681","event":"MEDIA_RX","detail":"7E 80 01 00 05 86 81 20 01 86 81 AC FC 00 00 12 10 00 F7 7E"}
{"ts":"2026-04-02T18:22:51.608Z","level":"INFO","device":"868120018681","event":"SENT_RAW_MARKER","detail":"00_64_6401_00_86812001868100260402182251020200.jpg packet=277 bytes data=215 bytes"}
{"ts":"2026-04-02T18:22:51.608Z","level":"INFO","device":"868120018681","event":"SENT_1212","detail":"00_64_6401_00_86812001868100260402182251020200.jpg type=0"}
{"ts":"2026-04-02T18:22:51.665Z","level":"INFO","device":"868120018681","event":"MEDIA_RX","detail":"7E 92 12 00 36 86 81 20 01 86 81 63 E1 32 30 30 5F 36 34 5F 36 34 30 31 5F 30 30 5F 38 36 38 31 32 30 30 31 38 36 38 31 30 30 32 36 30 34 30 32 31 38 32 32 35 31 30 32 30 32 30 30 2E 6A 70 67 00 00 00 79 7E"}
{"ts":"2026-04-02T18:22:51.913Z","level":"INFO","device":"868120018681","event":"FILE_START","detail":"[2/2] 02_64_6401_03_86812001868100260402182251020200.mp4 (1570024 bytes)"}
{"ts":"2026-04-02T18:22:51.914Z","level":"INFO","device":"868120018681","event":"SENT_1210","detail":"02_64_6401_03_86812001868100260402182251020200.mp4"}
{"ts":"2026-04-02T18:22:51.925Z","level":"INFO","device":"868120018681","event":"MEDIA_RX","detail":"7E 80 01 00 05 86 81 20 01 86 81 1B 2B 00 02 12 10 00 95 7E"}
{"ts":"2026-04-02T18:22:52.018Z","level":"INFO","device":"868120018681","event":"SENT_RAW_MARKER","detail":"02_64_6401_03_86812001868100260402182251020200.mp4 packet=1570086 bytes data=1570024 bytes"}
{"ts":"2026-04-02T18:22:52.070Z","level":"INFO","device":"868120018681","event":"SENT_1212","detail":"02_64_6401_03_86812001868100260402182251020200.mp4 type=2"}
{"ts":"2026-04-02T18:22:52.102Z","level":"INFO","device":"868120018681","event":"MEDIA_RX","detail":"7E 92 12 00 36 86 81 20 01 86 81 AB 34 32 30 32 5F 36 34 5F 36 34 30 31 5F 30 33 5F 38 36 38 31 32 30 30 31 38 36 38 31 30 30 32 36 30 34 30 32 31 38 32 32 35 31 30 32 30 32 30 30 2E 6D 70 34 02 00 00 33 7E"}
{"ts":"2026-04-02T18:22:52.374Z","level":"INFO","device":"868120018681","event":"BATCH_COMPLETE","detail":"All 2 files sent"}
{"ts":"2026-04-02T18:22:52.388Z","level":"INFO","device":"868120018681","event":"MEDIA_CLOSED","detail":""}
{"ts":"2026-04-02T18:23:01.468Z","level":"INFO","device":"868120018681","event":"INCIDENT_SENT","detail":"mediaId=3 alarmId=86812001868100260402182301030200"}
{"ts":"2026-04-02T18:23:01.483Z","level":"INFO","device":"868120018681","event":"RX_MSG","detail":"0x8001 bodyLen=5"}
{"ts":"2026-04-02T18:23:01.483Z","level":"INFO","device":"868120018681","event":"SERVER_ACK","detail":"0x0200 result=OK"}
{"ts":"2026-04-02T18:23:01.485Z","level":"INFO","device":"868120018681","event":"RX_MSG","detail":"0x9208 bodyLen=81"}
{"ts":"2026-04-02T18:23:01.486Z","level":"INFO","device":"868120018681","event":"9208_RAW","detail":"0C35342E33372E3232352E36350D32000086812001868100260402182301030200383638313230303138363831303032363034303231383233303130333032303000000000000000000000000000000000"}
{"ts":"2026-04-02T18:23:01.486Z","level":"INFO","device":"868120018681","event":"UPLOAD_TRIGGERED","detail":"media: 54.37.225.65:3378 | alarmId: 86812001868100260402182301030200"}
{"ts":"2026-04-02T18:23:01.486Z","level":"INFO","device":"868120018681","event":"MEDIA_CONNECTING","detail":"54.37.225.65:3378 files=2"}
{"ts":"2026-04-02T18:23:01.492Z","level":"INFO","device":"868120018681","event":"RX_MSG","detail":"0x8001 bodyLen=5"}
{"ts":"2026-04-02T18:23:01.492Z","level":"INFO","device":"868120018681","event":"SERVER_ACK","detail":"0x0800 result=OK"}
{"ts":"2026-04-02T18:23:01.494Z","level":"INFO","device":"868120018681","event":"MEDIA_CONNECTED","detail":"54.37.225.65:3378"}
{"ts":"2026-04-02T18:23:01.494Z","level":"INFO","device":"868120018681","event":"FILE_START","detail":"[1/2] 00_64_6401_00_86812001868100260402182301030200.jpg (215 bytes)"}
{"ts":"2026-04-02T18:23:01.494Z","level":"INFO","device":"868120018681","event":"SENT_1210","detail":"00_64_6401_00_86812001868100260402182301030200.jpg"}
{"ts":"2026-04-02T18:23:01.519Z","level":"INFO","device":"868120018681","event":"MEDIA_RX","detail":"7E 80 01 00 05 86 81 20 01 86 81 49 B9 00 00 12 10 00 57 7E"}
{"ts":"2026-04-02T18:23:01.669Z","level":"INFO","device":"868120018681","event":"SENT_RAW_MARKER","detail":"00_64_6401_00_86812001868100260402182301030200.jpg packet=277 bytes data=215 bytes"}
{"ts":"2026-04-02T18:23:01.671Z","level":"INFO","device":"868120018681","event":"SENT_1212","detail":"00_64_6401_00_86812001868100260402182301030200.jpg type=0"}
{"ts":"2026-04-02T18:23:01.725Z","level":"INFO","device":"868120018681","event":"MEDIA_RX","detail":"7E 92 12 00 36 86 81 20 01 86 81 4E 02 32 30 30 5F 36 34 5F 36 34 30 31 5F 30 30 5F 38 36 38 31 32 30 30 31 38 36 38 31 30 30 32 36 30 34 30 32 31 38 32 33 30 31 30 33 30 32 30 30 2E 6A 70 67 00 00 00 B2 7E"}
{"ts":"2026-04-02T18:23:01.974Z","level":"INFO","device":"868120018681","event":"FILE_START","detail":"[2/2] 02_64_6401_03_86812001868100260402182301030200.mp4 (1570024 bytes)"}
{"ts":"2026-04-02T18:23:01.974Z","level":"INFO","device":"868120018681","event":"SENT_1210","detail":"02_64_6401_03_86812001868100260402182301030200.mp4"}
{"ts":"2026-04-02T18:23:01.985Z","level":"INFO","device":"868120018681","event":"MEDIA_RX","detail":"7E 80 01 00 05 86 81 20 01 86 81 6B 76 00 02 12 10 00 B8 7E"}
{"ts":"2026-04-02T18:23:02.081Z","level":"INFO","device":"868120018681","event":"SENT_RAW_MARKER","detail":"02_64_6401_03_86812001868100260402182301030200.mp4 packet=1570086 bytes data=1570024 bytes"}
{"ts":"2026-04-02T18:23:02.138Z","level":"INFO","device":"868120018681","event":"SENT_1212","detail":"02_64_6401_03_86812001868100260402182301030200.mp4 type=2"}
{"ts":"2026-04-02T18:23:02.168Z","level":"INFO","device":"868120018681","event":"MEDIA_RX","detail":"7E 92 12 00 36 86 81 20 01 86 81 BB 22 32 30 32 5F 36 34 5F 36 34 30 31 5F 30 33 5F 38 36 38 31 32 30 30 31 38 36 38 31 30 30 32 36 30 34 30 32 31 38 32 33 30 31 30 33 30 32 30 30 2E 6D 70 34 02 00 00 30 7E"}
{"ts":"2026-04-02T18:23:02.442Z","level":"INFO","device":"868120018681","event":"BATCH_COMPLETE","detail":"All 2 files sent"}
{"ts":"2026-04-02T18:23:02.687Z","level":"INFO","device":"868120018681","event":"MEDIA_CLOSED","detail":""}
{"ts":"2026-04-02T18:23:11.465Z","level":"INFO","device":"868120018681","event":"GPS_SENT","detail":""}
{"ts":"2026-04-02T18:23:11.469Z","level":"INFO","device":"868120018681","event":"INCIDENT_SENT","detail":"mediaId=4 alarmId=86812001868100260402182311040200"}
{"ts":"2026-04-02T18:23:11.477Z","level":"INFO","device":"868120018681","event":"RX_MSG","detail":"0x8001 bodyLen=5"}
{"ts":"2026-04-02T18:23:11.479Z","level":"INFO","device":"868120018681","event":"SERVER_ACK","detail":"0x0200 result=OK"}
{"ts":"2026-04-02T18:23:11.493Z","level":"INFO","device":"868120018681","event":"RX_MSG","detail":"0x8001 bodyLen=5"}
{"ts":"2026-04-02T18:23:11.494Z","level":"INFO","device":"868120018681","event":"SERVER_ACK","detail":"0x0200 result=OK"}
{"ts":"2026-04-02T18:23:11.499Z","level":"INFO","device":"868120018681","event":"RX_MSG","detail":"0x8001 bodyLen=5"}
{"ts":"2026-04-02T18:23:11.499Z","level":"INFO","device":"868120018681","event":"SERVER_ACK","detail":"0x0800 result=OK"}
{"ts":"2026-04-02T18:23:11.500Z","level":"INFO","device":"868120018681","event":"RX_MSG","detail":"0x9208 bodyLen=81"}
{"ts":"2026-04-02T18:23:11.505Z","level":"INFO","device":"868120018681","event":"9208_RAW","detail":"0C35342E33372E3232352E36350D32000086812001868100260402182311040200383638313230303138363831303032363034303231383233313130343032303000000000000000000000000000000000"}
{"ts":"2026-04-02T18:23:11.505Z","level":"INFO","device":"868120018681","event":"UPLOAD_TRIGGERED","detail":"media: 54.37.225.65:3378 | alarmId: 86812001868100260402182311040200"}
{"ts":"2026-04-02T18:23:11.506Z","level":"INFO","device":"868120018681","event":"MEDIA_CONNECTING","detail":"54.37.225.65:3378 files=2"}
{"ts":"2026-04-02T18:23:11.570Z","level":"INFO","device":"868120018681","event":"MEDIA_CONNECTED","detail":"54.37.225.65:3378"}
{"ts":"2026-04-02T18:23:11.570Z","level":"INFO","device":"868120018681","event":"FILE_START","detail":"[1/2] 00_64_6401_00_86812001868100260402182311040200.jpg (215 bytes)"}
{"ts":"2026-04-02T18:23:11.570Z","level":"INFO","device":"868120018681","event":"SENT_1210","detail":"00_64_6401_00_86812001868100260402182311040200.jpg"}
{"ts":"2026-04-02T18:23:11.580Z","level":"INFO","device":"868120018681","event":"MEDIA_RX","detail":"7E 80 01 00 05 86 81 20 01 86 81 A6 F7 00 00 12 10 00 F6 7E"}
{"ts":"2026-04-02T18:23:11.674Z","level":"INFO","device":"868120018681","event":"SENT_RAW_MARKER","detail":"00_64_6401_00_86812001868100260402182311040200.jpg packet=277 bytes data=215 bytes"}
{"ts":"2026-04-02T18:23:11.675Z","level":"INFO","device":"868120018681","event":"SENT_1212","detail":"00_64_6401_00_86812001868100260402182311040200.jpg type=0"}
{"ts":"2026-04-02T18:23:11.729Z","level":"INFO","device":"868120018681","event":"MEDIA_RX","detail":"7E 92 12 00 36 86 81 20 01 86 81 A5 2A 32 30 30 5F 36 34 5F 36 34 30 31 5F 30 30 5F 38 36 38 31 32 30 30 31 38 36 38 31 30 30 32 36 30 34 30 32 31 38 32 33 31 31 30 34 30 32 30 30 2E 6A 70 67 00 00 00 77 7E"}
{"ts":"2026-04-02T18:23:11.980Z","level":"INFO","device":"868120018681","event":"FILE_START","detail":"[2/2] 02_64_6401_03_86812001868100260402182311040200.mp4 (1570024 bytes)"}
{"ts":"2026-04-02T18:23:11.980Z","level":"INFO","device":"868120018681","event":"SENT_1210","detail":"02_64_6401_03_86812001868100260402182311040200.mp4"}
{"ts":"2026-04-02T18:23:11.989Z","level":"INFO","device":"868120018681","event":"MEDIA_RX","detail":"7E 80 01 00 05 86 81 20 01 86 81 C0 47 00 02 12 10 00 22 7E"}
{"ts":"2026-04-02T18:23:12.087Z","level":"INFO","device":"868120018681","event":"SENT_RAW_MARKER","detail":"02_64_6401_03_86812001868100260402182311040200.mp4 packet=1570086 bytes data=1570024 bytes"}
{"ts":"2026-04-02T18:23:12.138Z","level":"INFO","device":"868120018681","event":"SENT_1212","detail":"02_64_6401_03_86812001868100260402182311040200.mp4 type=2"}
{"ts":"2026-04-02T18:23:12.173Z","level":"INFO","device":"868120018681","event":"MEDIA_RX","detail":"7E 92 12 00 36 86 81 20 01 86 81 20 93 32 30 32 5F 36 34 5F 36 34 30 31 5F 30 33 5F 38 36 38 31 32 30 30 31 38 36 38 31 30 30 32 36 30 34 30 32 31 38 32 33 31 31 30 34 30 32 30 30 2E 6D 70 34 02 00 00 1C 7E"}
{"ts":"2026-04-02T18:23:12.440Z","level":"INFO","device":"868120018681","event":"BATCH_COMPLETE","detail":"All 2 files sent"}
{"ts":"2026-04-02T18:23:12.461Z","level":"INFO","device":"868120018681","event":"MEDIA_CLOSED","detail":""}
{"ts":"2026-04-02T18:23:21.472Z","level":"INFO","device":"868120018681","event":"INCIDENT_SENT","detail":"mediaId=5 alarmId=86812001868100260402182321050200"}
{"ts":"2026-04-02T18:23:21.492Z","level":"INFO","device":"868120018681","event":"RX_MSG","detail":"0x8001 bodyLen=5"}
{"ts":"2026-04-02T18:23:21.492Z","level":"INFO","device":"868120018681","event":"SERVER_ACK","detail":"0x0200 result=OK"}
{"ts":"2026-04-02T18:23:21.492Z","level":"INFO","device":"868120018681","event":"RX_MSG","detail":"0x9208 bodyLen=81"}
{"ts":"2026-04-02T18:23:21.492Z","level":"INFO","device":"868120018681","event":"9208_RAW","detail":"0C35342E33372E3232352E36350D32000086812001868100260402182321050200383638313230303138363831303032363034303231383233323130353032303000000000000000000000000000000000"}
{"ts":"2026-04-02T18:23:21.492Z","level":"INFO","device":"868120018681","event":"UPLOAD_TRIGGERED","detail":"media: 54.37.225.65:3378 | alarmId: 86812001868100260402182321050200"}
{"ts":"2026-04-02T18:23:21.492Z","level":"INFO","device":"868120018681","event":"MEDIA_CONNECTING","detail":"54.37.225.65:3378 files=2"}
{"ts":"2026-04-02T18:23:21.495Z","level":"INFO","device":"868120018681","event":"RX_MSG","detail":"0x8001 bodyLen=5"}
{"ts":"2026-04-02T18:23:21.495Z","level":"INFO","device":"868120018681","event":"SERVER_ACK","detail":"0x0800 result=OK"}
{"ts":"2026-04-02T18:23:21.583Z","level":"INFO","device":"868120018681","event":"MEDIA_CONNECTED","detail":"54.37.225.65:3378"}
{"ts":"2026-04-02T18:23:21.583Z","level":"INFO","device":"868120018681","event":"FILE_START","detail":"[1/2] 00_64_6401_00_86812001868100260402182321050200.jpg (215 bytes)"}
{"ts":"2026-04-02T18:23:21.585Z","level":"INFO","device":"868120018681","event":"SENT_1210","detail":"00_64_6401_00_86812001868100260402182321050200.jpg"}
{"ts":"2026-04-02T18:23:21.631Z","level":"INFO","device":"868120018681","event":"MEDIA_RX","detail":"7E 80 01 00 05 86 81 20 01 86 81 6A A1 00 00 12 10 00 6C 7E"}
{"ts":"2026-04-02T18:23:21.690Z","level":"INFO","device":"868120018681","event":"SENT_RAW_MARKER","detail":"00_64_6401_00_86812001868100260402182321050200.jpg packet=277 bytes data=215 bytes"}
{"ts":"2026-04-02T18:23:21.692Z","level":"INFO","device":"868120018681","event":"SENT_1212","detail":"00_64_6401_00_86812001868100260402182321050200.jpg type=0"}
{"ts":"2026-04-02T18:23:21.746Z","level":"INFO","device":"868120018681","event":"MEDIA_RX","detail":"7E 92 12 00 36 86 81 20 01 86 81 AE 9E 32 30 30 5F 36 34 5F 36 34 30 31 5F 30 30 5F 38 36 38 31 32 30 30 31 38 36 38 31 30 30 32 36 30 34 30 32 31 38 32 33 32 31 30 35 30 32 30 30 2E 6A 70 67 00 00 00 CA 7E"}
{"ts":"2026-04-02T18:23:21.995Z","level":"INFO","device":"868120018681","event":"FILE_START","detail":"[2/2] 02_64_6401_03_86812001868100260402182321050200.mp4 (1570024 bytes)"}
{"ts":"2026-04-02T18:23:21.996Z","level":"INFO","device":"868120018681","event":"SENT_1210","detail":"02_64_6401_03_86812001868100260402182321050200.mp4"}
{"ts":"2026-04-02T18:23:22.006Z","level":"INFO","device":"868120018681","event":"MEDIA_RX","detail":"7E 80 01 00 05 86 81 20 01 86 81 B9 1D 00 02 12 10 00 01 7E"}
{"ts":"2026-04-02T18:23:22.100Z","level":"INFO","device":"868120018681","event":"SENT_RAW_MARKER","detail":"02_64_6401_03_86812001868100260402182321050200.mp4 packet=1570086 bytes data=1570024 bytes"}
{"ts":"2026-04-02T18:23:22.152Z","level":"INFO","device":"868120018681","event":"SENT_1212","detail":"02_64_6401_03_86812001868100260402182321050200.mp4 type=2"}
{"ts":"2026-04-02T18:23:22.182Z","level":"INFO","device":"868120018681","event":"MEDIA_RX","detail":"7E 92 12 00 36 86 81 20 01 86 81 93 93 32 30 32 5F 36 34 5F 36 34 30 31 5F 30 33 5F 38 36 38 31 32 30 30 31 38 36 38 31 30 30 32 36 30 34 30 32 31 38 32 33 32 31 30 35 30 32 30 30 2E 6D 70 34 02 00 00 AD 7E"}
{"ts":"2026-04-02T18:23:22.508Z","level":"INFO","device":"868120018681","event":"BATCH_COMPLETE","detail":"All 2 files sent"}
{"ts":"2026-04-02T18:23:22.534Z","level":"INFO","device":"868120018681","event":"MEDIA_CLOSED","detail":""}
{"ts":"2026-04-02T18:23:27.955Z","level":"INFO","device":"868120018681","event":"DISCONNECTED","detail":"clean stop"}

[SUMMARY] Run duration: 59s
[SUMMARY] GPS packets sent: 2
[SUMMARY] OBD2 packets sent: 0
[SUMMARY] Incidents fired: 5
[SUMMARY] Videos uploaded OK: 5
[SUMMARY] Videos failed: 0
[SUMMARY] Tracker pings sent: 0
[SUMMARY] Reconnections: 0
[SUMMARY] Log file: logs/sim-2026-04-02T18-22-31.log
