{"ts":"2026-04-01T14:21:34.838Z","level":"INFO","device":"868120018681","event":"CONNECTED","detail":"id:868120018681"}
{"ts":"2026-04-01T14:21:34.925Z","level":"INFO","device":"868120018681","event":"RX_MSG","detail":"0x8001 bodyLen=5"}
{"ts":"2026-04-01T14:21:34.925Z","level":"INFO","device":"868120018681","event":"SERVER_ACK","detail":"0x0102 result=OK"}
{"ts":"2026-04-01T14:21:44.826Z","level":"INFO","device":"868120018681","event":"INCIDENT_SENT","detail":"mediaId=1 alarmId=86812001868100260401142144010200"}
{"ts":"2026-04-01T14:21:44.836Z","level":"INFO","device":"868120018681","event":"RX_MSG","detail":"0x8001 bodyLen=5"}
{"ts":"2026-04-01T14:21:44.836Z","level":"INFO","device":"868120018681","event":"SERVER_ACK","detail":"0x0200 result=OK"}
{"ts":"2026-04-01T14:21:44.874Z","level":"INFO","device":"868120018681","event":"RX_MSG","detail":"0x8001 bodyLen=5"}
{"ts":"2026-04-01T14:21:44.878Z","level":"INFO","device":"868120018681","event":"SERVER_ACK","detail":"0x0800 result=OK"}
{"ts":"2026-04-01T14:21:54.827Z","level":"INFO","device":"868120018681","event":"GPS_SENT","detail":""}
{"ts":"2026-04-01T14:21:54.828Z","level":"INFO","device":"868120018681","event":"INCIDENT_SENT","detail":"mediaId=2 alarmId=86812001868100260401142154020200"}
{"ts":"2026-04-01T14:21:54.843Z","level":"INFO","device":"868120018681","event":"RX_MSG","detail":"0x8001 bodyLen=5"}
{"ts":"2026-04-01T14:21:54.843Z","level":"INFO","device":"868120018681","event":"SERVER_ACK","detail":"0x0200 result=OK"}
{"ts":"2026-04-01T14:21:54.856Z","level":"INFO","device":"868120018681","event":"RX_MSG","detail":"0x8001 bodyLen=5"}
{"ts":"2026-04-01T14:21:54.857Z","level":"INFO","device":"868120018681","event":"SERVER_ACK","detail":"0x0200 result=OK"}
{"ts":"2026-04-01T14:21:54.861Z","level":"INFO","device":"868120018681","event":"RX_MSG","detail":"0x8001 bodyLen=5"}
{"ts":"2026-04-01T14:21:54.863Z","level":"INFO","device":"868120018681","event":"SERVER_ACK","detail":"0x0800 result=OK"}
{"ts":"2026-04-01T14:22:04.850Z","level":"INFO","device":"868120018681","event":"INCIDENT_SENT","detail":"mediaId=3 alarmId=86812001868100260401142204030200"}
{"ts":"2026-04-01T14:22:04.885Z","level":"INFO","device":"868120018681","event":"RX_MSG","detail":"0x8001 bodyLen=5"}
{"ts":"2026-04-01T14:22:04.885Z","level":"INFO","device":"868120018681","event":"SERVER_ACK","detail":"0x0200 result=OK"}
{"ts":"2026-04-01T14:22:04.915Z","level":"INFO","device":"868120018681","event":"RX_MSG","detail":"0x8001 bodyLen=5"}
{"ts":"2026-04-01T14:22:04.915Z","level":"INFO","device":"868120018681","event":"SERVER_ACK","detail":"0x0800 result=OK"}
{"ts":"2026-04-01T14:22:14.830Z","level":"INFO","device":"868120018681","event":"GPS_SENT","detail":""}
{"ts":"2026-04-01T14:22:14.841Z","level":"INFO","device":"868120018681","event":"RX_MSG","detail":"0x8001 bodyLen=5"}
{"ts":"2026-04-01T14:22:14.841Z","level":"INFO","device":"868120018681","event":"SERVER_ACK","detail":"0x0200 result=OK"}
{"ts":"2026-04-01T14:22:14.859Z","level":"INFO","device":"868120018681","event":"INCIDENT_SENT","detail":"mediaId=4 alarmId=86812001868100260401142214040200"}
{"ts":"2026-04-01T14:22:14.867Z","level":"INFO","device":"868120018681","event":"RX_MSG","detail":"0x8001 bodyLen=5"}
{"ts":"2026-04-01T14:22:14.880Z","level":"INFO","device":"868120018681","event":"SERVER_ACK","detail":"0x0200 result=OK"}
{"ts":"2026-04-01T14:22:14.882Z","level":"INFO","device":"868120018681","event":"RX_MSG","detail":"0x8001 bodyLen=5"}
{"ts":"2026-04-01T14:22:14.882Z","level":"INFO","device":"868120018681","event":"SERVER_ACK","detail":"0x0800 result=OK"}
{"ts":"2026-04-01T14:22:24.868Z","level":"INFO","device":"868120018681","event":"INCIDENT_SENT","detail":"mediaId=5 alarmId=86812001868100260401142224050200"}
{"ts":"2026-04-01T14:22:24.931Z","level":"INFO","device":"868120018681","event":"RX_MSG","detail":"0x8001 bodyLen=5"}
{"ts":"2026-04-01T14:22:24.947Z","level":"INFO","device":"868120018681","event":"SERVER_ACK","detail":"0x0200 result=OK"}
{"ts":"2026-04-01T14:22:24.948Z","level":"INFO","device":"868120018681","event":"RX_MSG","detail":"0x8001 bodyLen=5"}
{"ts":"2026-04-01T14:22:24.948Z","level":"INFO","device":"868120018681","event":"SERVER_ACK","detail":"0x0800 result=OK"}
{"ts":"2026-04-01T14:22:34.834Z","level":"INFO","device":"868120018681","event":"GPS_SENT","detail":""}
{"ts":"2026-04-01T14:22:34.844Z","level":"INFO","device":"868120018681","event":"RX_MSG","detail":"0x8001 bodyLen=5"}
{"ts":"2026-04-01T14:22:34.847Z","level":"INFO","device":"868120018681","event":"SERVER_ACK","detail":"0x0200 result=OK"}
{"ts":"2026-04-01T14:22:34.874Z","level":"INFO","device":"868120018681","event":"INCIDENT_SENT","detail":"mediaId=6 alarmId=86812001868100260401142234060200"}
{"ts":"2026-04-01T14:22:34.884Z","level":"INFO","device":"868120018681","event":"RX_MSG","detail":"0x8001 bodyLen=5"}
{"ts":"2026-04-01T14:22:34.886Z","level":"INFO","device":"868120018681","event":"SERVER_ACK","detail":"0x0200 result=OK"}
{"ts":"2026-04-01T14:22:34.909Z","level":"INFO","device":"868120018681","event":"RX_MSG","detail":"0x8001 bodyLen=5"}
{"ts":"2026-04-01T14:22:34.909Z","level":"INFO","device":"868120018681","event":"SERVER_ACK","detail":"0x0800 result=OK"}
{"ts":"2026-04-01T14:22:44.875Z","level":"INFO","device":"868120018681","event":"INCIDENT_SENT","detail":"mediaId=7 alarmId=86812001868100260401142244070200"}
{"ts":"2026-04-01T14:22:44.887Z","level":"INFO","device":"868120018681","event":"RX_MSG","detail":"0x8001 bodyLen=5"}
{"ts":"2026-04-01T14:22:44.887Z","level":"INFO","device":"868120018681","event":"SERVER_ACK","detail":"0x0200 result=OK"}
{"ts":"2026-04-01T14:22:44.921Z","level":"INFO","device":"868120018681","event":"RX_MSG","detail":"0x8001 bodyLen=5"}
{"ts":"2026-04-01T14:22:44.922Z","level":"INFO","device":"868120018681","event":"SERVER_ACK","detail":"0x0800 result=OK"}
{"ts":"2026-04-01T14:22:54.840Z","level":"INFO","device":"868120018681","event":"GPS_SENT","detail":""}
{"ts":"2026-04-01T14:22:54.849Z","level":"INFO","device":"868120018681","event":"RX_MSG","detail":"0x8001 bodyLen=5"}
{"ts":"2026-04-01T14:22:54.849Z","level":"INFO","device":"868120018681","event":"SERVER_ACK","detail":"0x0200 result=OK"}
{"ts":"2026-04-01T14:22:54.878Z","level":"INFO","device":"868120018681","event":"INCIDENT_SENT","detail":"mediaId=8 alarmId=86812001868100260401142254080200"}
{"ts":"2026-04-01T14:22:54.887Z","level":"INFO","device":"868120018681","event":"RX_MSG","detail":"0x8001 bodyLen=5"}
{"ts":"2026-04-01T14:22:54.888Z","level":"INFO","device":"868120018681","event":"SERVER_ACK","detail":"0x0200 result=OK"}
{"ts":"2026-04-01T14:22:54.892Z","level":"INFO","device":"868120018681","event":"RX_MSG","detail":"0x8001 bodyLen=5"}
{"ts":"2026-04-01T14:22:54.916Z","level":"INFO","device":"868120018681","event":"SERVER_ACK","detail":"0x0800 result=OK"}
{"ts":"2026-04-01T14:23:04.880Z","level":"INFO","device":"868120018681","event":"INCIDENT_SENT","detail":"mediaId=9 alarmId=86812001868100260401142304090200"}
{"ts":"2026-04-01T14:23:04.892Z","level":"INFO","device":"868120018681","event":"RX_MSG","detail":"0x8001 bodyLen=5"}
{"ts":"2026-04-01T14:23:04.892Z","level":"INFO","device":"868120018681","event":"SERVER_ACK","detail":"0x0200 result=OK"}
{"ts":"2026-04-01T14:23:04.906Z","level":"INFO","device":"868120018681","event":"RX_MSG","detail":"0x8001 bodyLen=5"}
{"ts":"2026-04-01T14:23:04.918Z","level":"INFO","device":"868120018681","event":"SERVER_ACK","detail":"0x0800 result=OK"}
{"ts":"2026-04-01T14:23:14.843Z","level":"INFO","device":"868120018681","event":"GPS_SENT","detail":""}
{"ts":"2026-04-01T14:23:14.854Z","level":"INFO","device":"868120018681","event":"RX_MSG","detail":"0x8001 bodyLen=5"}
{"ts":"2026-04-01T14:23:14.854Z","level":"INFO","device":"868120018681","event":"SERVER_ACK","detail":"0x0200 result=OK"}
{"ts":"2026-04-01T14:23:14.883Z","level":"INFO","device":"868120018681","event":"INCIDENT_SENT","detail":"mediaId=10 alarmId=868120018681002604011423140A0200"}
{"ts":"2026-04-01T14:23:14.890Z","level":"INFO","device":"868120018681","event":"RX_MSG","detail":"0x8001 bodyLen=5"}
{"ts":"2026-04-01T14:23:14.890Z","level":"INFO","device":"868120018681","event":"SERVER_ACK","detail":"0x0200 result=OK"}
{"ts":"2026-04-01T14:23:14.920Z","level":"INFO","device":"868120018681","event":"RX_MSG","detail":"0x8001 bodyLen=5"}
{"ts":"2026-04-01T14:23:14.920Z","level":"INFO","device":"868120018681","event":"SERVER_ACK","detail":"0x0800 result=OK"}
{"ts":"2026-04-01T14:23:24.888Z","level":"INFO","device":"868120018681","event":"INCIDENT_SENT","detail":"mediaId=11 alarmId=868120018681002604011423240B0200"}
{"ts":"2026-04-01T14:23:24.896Z","level":"INFO","device":"868120018681","event":"RX_MSG","detail":"0x8001 bodyLen=5"}
{"ts":"2026-04-01T14:23:24.896Z","level":"INFO","device":"868120018681","event":"SERVER_ACK","detail":"0x0200 result=OK"}
{"ts":"2026-04-01T14:23:24.910Z","level":"INFO","device":"868120018681","event":"RX_MSG","detail":"0x8001 bodyLen=5"}
{"ts":"2026-04-01T14:23:24.914Z","level":"INFO","device":"868120018681","event":"SERVER_ACK","detail":"0x0800 result=OK"}
{"ts":"2026-04-01T14:23:34.846Z","level":"INFO","device":"868120018681","event":"GPS_SENT","detail":""}
{"ts":"2026-04-01T14:23:34.862Z","level":"INFO","device":"868120018681","event":"RX_MSG","detail":"0x8001 bodyLen=5"}
{"ts":"2026-04-01T14:23:34.862Z","level":"INFO","device":"868120018681","event":"SERVER_ACK","detail":"0x0200 result=OK"}
{"ts":"2026-04-01T14:23:34.906Z","level":"INFO","device":"868120018681","event":"INCIDENT_SENT","detail":"mediaId=12 alarmId=868120018681002604011423340C0200"}
{"ts":"2026-04-01T14:23:34.921Z","level":"INFO","device":"868120018681","event":"RX_MSG","detail":"0x8001 bodyLen=5"}
{"ts":"2026-04-01T14:23:34.921Z","level":"INFO","device":"868120018681","event":"SERVER_ACK","detail":"0x0200 result=OK"}
{"ts":"2026-04-01T14:23:34.922Z","level":"INFO","device":"868120018681","event":"RX_MSG","detail":"0x8001 bodyLen=5"}
{"ts":"2026-04-01T14:23:34.922Z","level":"INFO","device":"868120018681","event":"SERVER_ACK","detail":"0x0800 result=OK"}
{"ts":"2026-04-01T14:23:44.911Z","level":"INFO","device":"868120018681","event":"INCIDENT_SENT","detail":"mediaId=13 alarmId=868120018681002604011423440D0200"}
{"ts":"2026-04-01T14:23:44.978Z","level":"INFO","device":"868120018681","event":"RX_MSG","detail":"0x8001 bodyLen=5"}
{"ts":"2026-04-01T14:23:44.978Z","level":"INFO","device":"868120018681","event":"SERVER_ACK","detail":"0x0200 result=OK"}
{"ts":"2026-04-01T14:23:44.978Z","level":"INFO","device":"868120018681","event":"RX_MSG","detail":"0x8001 bodyLen=5"}
{"ts":"2026-04-01T14:23:44.978Z","level":"INFO","device":"868120018681","event":"SERVER_ACK","detail":"0x0800 result=OK"}
{"ts":"2026-04-01T14:23:51.272Z","level":"INFO","device":"868120018681","event":"DISCONNECTED","detail":"clean stop"}

[SUMMARY] Run duration: 138s
[SUMMARY] GPS packets sent: 6
[SUMMARY] OBD2 packets sent: 0
[SUMMARY] Incidents fired: 13
[SUMMARY] Videos uploaded OK: 0
[SUMMARY] Videos failed: 0
[SUMMARY] Tracker pings sent: 0
[SUMMARY] Reconnections: 0
[SUMMARY] Log file: logs/sim-2026-04-01T14-21-34.log
