{"ts":"2026-04-04T14:43:44.964Z","level":"INFO","device":"868120018681","event":"CONNECTED","detail":"id:868120018681"}
{"ts":"2026-04-04T14:43:44.979Z","level":"INFO","device":"200000000001","event":"OBD2_CONNECTED","detail":"Binary Mode"}
{"ts":"2026-04-04T14:43:45.013Z","level":"INFO","device":"200000000001","event":"SERVER_ACK","detail":"0x8100 Registration Reply Received"}
{"ts":"2026-04-04T14:43:45.073Z","level":"INFO","device":"868120018681","event":"RX_MSG","detail":"0x8001 bodyLen=5"}
{"ts":"2026-04-04T14:43:45.074Z","level":"INFO","device":"868120018681","event":"SERVER_ACK","detail":"0x0102 result=OK"}
{"ts":"2026-04-04T14:43:45.497Z","level":"INFO","device":"200000000001","event":"SERVER_ACK","detail":"0x8001 Universal Reply Received"}
{"ts":"2026-04-04T14:43:54.952Z","level":"INFO","device":"868120018681","event":"INCIDENT_SENT","detail":"mediaId=1 alarmId=86812001868100260404144354010200"}
{"ts":"2026-04-04T14:43:54.962Z","level":"INFO","device":"868120018681","event":"RX_MSG","detail":"0x8001 bodyLen=5"}
{"ts":"2026-04-04T14:43:54.962Z","level":"INFO","device":"868120018681","event":"SERVER_ACK","detail":"0x0200 result=OK"}
{"ts":"2026-04-04T14:43:54.971Z","level":"INFO","device":"868120018681","event":"RX_MSG","detail":"0x9208 bodyLen=81"}
{"ts":"2026-04-04T14:43:54.972Z","level":"INFO","device":"868120018681","event":"9208_RAW","detail":"0C35342E33372E3232352E36350D32000086812001868100260404144354010200383638313230303138363831303032363034303431343433353430313032303000000000000000000000000000000000"}
{"ts":"2026-04-04T14:43:54.973Z","level":"INFO","device":"868120018681","event":"UPLOAD_TRIGGERED","detail":"media: 54.37.225.65:3378 | alarmId: 86812001868100260404144354010200"}
{"ts":"2026-04-04T14:43:54.973Z","level":"INFO","device":"868120018681","event":"MEDIA_CONNECTING","detail":"54.37.225.65:3378 files=2"}
{"ts":"2026-04-04T14:43:54.979Z","level":"INFO","device":"868120018681","event":"RX_MSG","detail":"0x8001 bodyLen=5"}
{"ts":"2026-04-04T14:43:54.982Z","level":"INFO","device":"868120018681","event":"SERVER_ACK","detail":"0x0800 result=OK"}
{"ts":"2026-04-04T14:43:54.984Z","level":"INFO","device":"868120018681","event":"MEDIA_CONNECTED","detail":"54.37.225.65:3378"}
{"ts":"2026-04-04T14:43:54.985Z","level":"INFO","device":"868120018681","event":"FILE_START","detail":"[1/2] 00_64_6401_00_86812001868100260404144354010200.jpg (30220 bytes)"}
{"ts":"2026-04-04T14:43:54.988Z","level":"INFO","device":"868120018681","event":"SENT_1210","detail":"00_64_6401_00_86812001868100260404144354010200.jpg"}
{"ts":"2026-04-04T14:43:55.014Z","level":"INFO","device":"868120018681","event":"MEDIA_RX","detail":"7E 80 01 00 05 86 81 20 01 86 81 A4 00 00 00 12 10 00 03 7E"}
{"ts":"2026-04-04T14:43:55.090Z","level":"INFO","device":"868120018681","event":"SENT_RAW_MARKER","detail":"00_64_6401_00_86812001868100260404144354010200.jpg packet=30282 bytes data=30220 bytes"}
{"ts":"2026-04-04T14:43:55.091Z","level":"INFO","device":"868120018681","event":"SENT_1212","detail":"00_64_6401_00_86812001868100260404144354010200.jpg type=0"}
{"ts":"2026-04-04T14:43:55.112Z","level":"INFO","device":"868120018681","event":"MEDIA_RX","detail":"7E 92 12 00 36 86 81 20 01 86 81 59 A7 32 30 30 5F 36 34 5F 36 34 30 31 5F 30 30 5F 38 36 38 31 32 30 30 31 38 36 38 31 30 30 32 36 30 34 30 34 31 34 34 33 35 34 30 31 30 32 30 30 2E 6A 70 67 00 00 00 0E 7E"}
{"ts":"2026-04-04T14:43:55.462Z","level":"INFO","device":"868120018681","event":"FILE_START","detail":"[2/2] 02_64_6401_03_86812001868100260404144354010200.mp4 (1570024 bytes)"}
{"ts":"2026-04-04T14:43:55.463Z","level":"INFO","device":"868120018681","event":"SENT_1210","detail":"02_64_6401_03_86812001868100260404144354010200.mp4"}
{"ts":"2026-04-04T14:43:55.472Z","level":"INFO","device":"868120018681","event":"MEDIA_RX","detail":"7E 80 01 00 05 86 81 20 01 86 81 31 50 00 02 12 10 00 C4 7E"}
{"ts":"2026-04-04T14:43:55.569Z","level":"INFO","device":"868120018681","event":"SENT_RAW_MARKER","detail":"02_64_6401_03_86812001868100260404144354010200.mp4 packet=1570086 bytes data=1570024 bytes"}
{"ts":"2026-04-04T14:43:55.610Z","level":"INFO","device":"868120018681","event":"SENT_1212","detail":"02_64_6401_03_86812001868100260404144354010200.mp4 type=2"}
{"ts":"2026-04-04T14:43:55.654Z","level":"INFO","device":"868120018681","event":"MEDIA_RX","detail":"7E 92 12 00 36 86 81 20 01 86 81 85 B6 32 30 32 5F 36 34 5F 36 34 30 31 5F 30 33 5F 38 36 38 31 32 30 30 31 38 36 38 31 30 30 32 36 30 34 30 34 31 34 34 33 35 34 30 31 30 32 30 30 2E 6D 70 34 02 00 00 94 7E"}
{"ts":"2026-04-04T14:43:55.912Z","level":"INFO","device":"868120018681","event":"BATCH_COMPLETE","detail":"All 2 files sent"}
{"ts":"2026-04-04T14:43:55.935Z","level":"INFO","device":"868120018681","event":"MEDIA_CLOSED","detail":""}
{"ts":"2026-04-04T14:43:59.955Z","level":"INFO","device":"200000000001","event":"OBD2_SENT_0x0200","detail":"Lat: 51.736692, Lng: 0.470308 | Speed: 41km/h | RPM: 2439"}
{"ts":"2026-04-04T14:43:59.977Z","level":"INFO","device":"200000000001","event":"SERVER_ACK","detail":"0x8001 Universal Reply Received"}
{"ts":"2026-04-04T14:44:04.946Z","level":"INFO","device":"868120018681","event":"GPS_SENT","detail":""}
{"ts":"2026-04-04T14:44:04.951Z","level":"INFO","device":"868120018681","event":"INCIDENT_SENT","detail":"mediaId=2 alarmId=86812001868100260404144404020200"}
{"ts":"2026-04-04T14:44:04.955Z","level":"INFO","device":"868120018681","event":"RX_MSG","detail":"0x8001 bodyLen=5"}
{"ts":"2026-04-04T14:44:04.955Z","level":"INFO","device":"868120018681","event":"SERVER_ACK","detail":"0x0200 result=OK"}
{"ts":"2026-04-04T14:44:04.961Z","level":"INFO","device":"868120018681","event":"RX_MSG","detail":"0x8001 bodyLen=5"}
{"ts":"2026-04-04T14:44:04.961Z","level":"INFO","device":"868120018681","event":"SERVER_ACK","detail":"0x0200 result=OK"}
{"ts":"2026-04-04T14:44:04.967Z","level":"INFO","device":"868120018681","event":"RX_MSG","detail":"0x8001 bodyLen=5"}
{"ts":"2026-04-04T14:44:04.967Z","level":"INFO","device":"868120018681","event":"SERVER_ACK","detail":"0x0800 result=OK"}
{"ts":"2026-04-04T14:44:04.967Z","level":"INFO","device":"868120018681","event":"RX_MSG","detail":"0x9208 bodyLen=81"}
{"ts":"2026-04-04T14:44:04.967Z","level":"INFO","device":"868120018681","event":"9208_RAW","detail":"0C35342E33372E3232352E36350D32000086812001868100260404144404020200383638313230303138363831303032363034303431343434303430323032303000000000000000000000000000000000"}
{"ts":"2026-04-04T14:44:04.967Z","level":"INFO","device":"868120018681","event":"UPLOAD_TRIGGERED","detail":"media: 54.37.225.65:3378 | alarmId: 86812001868100260404144404020200"}
{"ts":"2026-04-04T14:44:04.967Z","level":"INFO","device":"868120018681","event":"MEDIA_CONNECTING","detail":"54.37.225.65:3378 files=2"}
{"ts":"2026-04-04T14:44:04.974Z","level":"INFO","device":"868120018681","event":"MEDIA_CONNECTED","detail":"54.37.225.65:3378"}
{"ts":"2026-04-04T14:44:04.975Z","level":"INFO","device":"868120018681","event":"FILE_START","detail":"[1/2] 00_64_6401_00_86812001868100260404144404020200.jpg (30220 bytes)"}
{"ts":"2026-04-04T14:44:04.975Z","level":"INFO","device":"868120018681","event":"SENT_1210","detail":"00_64_6401_00_86812001868100260404144404020200.jpg"}
{"ts":"2026-04-04T14:44:04.984Z","level":"INFO","device":"868120018681","event":"MEDIA_RX","detail":"7E 80 01 00 05 86 81 20 01 86 81 52 1A 00 00 12 10 00 EF 7E"}
{"ts":"2026-04-04T14:44:05.079Z","level":"INFO","device":"868120018681","event":"SENT_RAW_MARKER","detail":"00_64_6401_00_86812001868100260404144404020200.jpg packet=30282 bytes data=30220 bytes"}
{"ts":"2026-04-04T14:44:05.079Z","level":"INFO","device":"868120018681","event":"SENT_1212","detail":"00_64_6401_00_86812001868100260404144404020200.jpg type=0"}
{"ts":"2026-04-04T14:44:05.098Z","level":"INFO","device":"868120018681","event":"MEDIA_RX","detail":"7E 92 12 00 36 86 81 20 01 86 81 BA 95 32 30 30 5F 36 34 5F 36 34 30 31 5F 30 30 5F 38 36 38 31 32 30 30 31 38 36 38 31 30 30 32 36 30 34 30 34 31 34 34 34 30 34 30 32 30 32 30 30 2E 6A 70 67 00 00 00 DE 7E"}
{"ts":"2026-04-04T14:44:05.384Z","level":"INFO","device":"868120018681","event":"FILE_START","detail":"[2/2] 02_64_6401_03_86812001868100260404144404020200.mp4 (1570024 bytes)"}
{"ts":"2026-04-04T14:44:05.385Z","level":"INFO","device":"868120018681","event":"SENT_1210","detail":"02_64_6401_03_86812001868100260404144404020200.mp4"}
{"ts":"2026-04-04T14:44:05.394Z","level":"INFO","device":"868120018681","event":"MEDIA_RX","detail":"7E 80 01 00 05 86 81 20 01 86 81 B8 BB 00 02 12 10 00 A6 7E"}
{"ts":"2026-04-04T14:44:05.490Z","level":"INFO","device":"868120018681","event":"SENT_RAW_MARKER","detail":"02_64_6401_03_86812001868100260404144404020200.mp4 packet=1570086 bytes data=1570024 bytes"}
{"ts":"2026-04-04T14:44:05.525Z","level":"INFO","device":"868120018681","event":"SENT_1212","detail":"02_64_6401_03_86812001868100260404144404020200.mp4 type=2"}
{"ts":"2026-04-04T14:44:05.556Z","level":"INFO","device":"868120018681","event":"MEDIA_RX","detail":"7E 92 12 00 36 86 81 20 01 86 81 CB 99 32 30 32 5F 36 34 5F 36 34 30 31 5F 30 33 5F 38 36 38 31 32 30 30 31 38 36 38 31 30 30 32 36 30 34 30 34 31 34 34 34 30 34 30 32 30 32 30 30 2E 6D 70 34 02 00 00 F4 7E"}
{"ts":"2026-04-04T14:44:05.825Z","level":"INFO","device":"868120018681","event":"BATCH_COMPLETE","detail":"All 2 files sent"}
{"ts":"2026-04-04T14:44:05.838Z","level":"INFO","device":"868120018681","event":"MEDIA_CLOSED","detail":""}
{"ts":"2026-04-04T14:44:14.953Z","level":"INFO","device":"868120018681","event":"INCIDENT_SENT","detail":"mediaId=3 alarmId=86812001868100260404144414030200"}
{"ts":"2026-04-04T14:44:14.954Z","level":"INFO","device":"200000000001","event":"HEARTBEAT_SENT","detail":"0x0002"}
{"ts":"2026-04-04T14:44:14.954Z","level":"INFO","device":"200000000001","event":"OBD2_SENT_0x0200","detail":"Lat: 51.737350, Lng: 0.472794 | Speed: 42km/h | RPM: 2492"}
{"ts":"2026-04-04T14:44:14.964Z","level":"INFO","device":"868120018681","event":"RX_MSG","detail":"0x8001 bodyLen=5"}
{"ts":"2026-04-04T14:44:14.964Z","level":"INFO","device":"868120018681","event":"SERVER_ACK","detail":"0x0200 result=OK"}
{"ts":"2026-04-04T14:44:14.966Z","level":"INFO","device":"200000000001","event":"SERVER_ACK","detail":"0x8001 Universal Reply Received"}
{"ts":"2026-04-04T14:44:14.969Z","level":"INFO","device":"868120018681","event":"RX_MSG","detail":"0x9208 bodyLen=81"}
{"ts":"2026-04-04T14:44:14.970Z","level":"INFO","device":"868120018681","event":"9208_RAW","detail":"0C35342E33372E3232352E36350D32000086812001868100260404144414030200383638313230303138363831303032363034303431343434313430333032303000000000000000000000000000000000"}
{"ts":"2026-04-04T14:44:14.970Z","level":"INFO","device":"868120018681","event":"UPLOAD_TRIGGERED","detail":"media: 54.37.225.65:3378 | alarmId: 86812001868100260404144414030200"}
{"ts":"2026-04-04T14:44:14.970Z","level":"INFO","device":"868120018681","event":"MEDIA_CONNECTING","detail":"54.37.225.65:3378 files=2"}
{"ts":"2026-04-04T14:44:14.976Z","level":"INFO","device":"868120018681","event":"RX_MSG","detail":"0x8001 bodyLen=5"}
{"ts":"2026-04-04T14:44:14.976Z","level":"INFO","device":"868120018681","event":"SERVER_ACK","detail":"0x0800 result=OK"}
{"ts":"2026-04-04T14:44:14.978Z","level":"INFO","device":"868120018681","event":"MEDIA_CONNECTED","detail":"54.37.225.65:3378"}
{"ts":"2026-04-04T14:44:14.978Z","level":"INFO","device":"868120018681","event":"FILE_START","detail":"[1/2] 00_64_6401_00_86812001868100260404144414030200.jpg (30220 bytes)"}
{"ts":"2026-04-04T14:44:14.979Z","level":"INFO","device":"868120018681","event":"SENT_1210","detail":"00_64_6401_00_86812001868100260404144414030200.jpg"}
{"ts":"2026-04-04T14:44:14.986Z","level":"INFO","device":"200000000001","event":"SERVER_ACK","detail":"0x8001 Universal Reply Received"}
{"ts":"2026-04-04T14:44:14.989Z","level":"INFO","device":"868120018681","event":"MEDIA_RX","detail":"7E 80 01 00 05 86 81 20 01 86 81 FB C4 00 00 12 10 00 98 7E"}
{"ts":"2026-04-04T14:44:15.081Z","level":"INFO","device":"868120018681","event":"SENT_RAW_MARKER","detail":"00_64_6401_00_86812001868100260404144414030200.jpg packet=30282 bytes data=30220 bytes"}
{"ts":"2026-04-04T14:44:15.081Z","level":"INFO","device":"868120018681","event":"SENT_1212","detail":"00_64_6401_00_86812001868100260404144414030200.jpg type=0"}
{"ts":"2026-04-04T14:44:15.098Z","level":"INFO","device":"868120018681","event":"MEDIA_RX","detail":"7E 92 12 00 36 86 81 20 01 86 81 7A FE 32 30 30 5F 36 34 5F 36 34 30 31 5F 30 30 5F 38 36 38 31 32 30 30 31 38 36 38 31 30 30 32 36 30 34 30 34 31 34 34 34 31 34 30 33 30 32 30 30 2E 6A 70 67 00 00 00 75 7E"}
{"ts":"2026-04-04T14:44:15.385Z","level":"INFO","device":"868120018681","event":"FILE_START","detail":"[2/2] 02_64_6401_03_86812001868100260404144414030200.mp4 (1570024 bytes)"}
{"ts":"2026-04-04T14:44:15.386Z","level":"INFO","device":"868120018681","event":"SENT_1210","detail":"02_64_6401_03_86812001868100260404144414030200.mp4"}
{"ts":"2026-04-04T14:44:15.395Z","level":"INFO","device":"868120018681","event":"MEDIA_RX","detail":"7E 80 01 00 05 86 81 20 01 86 81 83 54 00 02 12 10 00 72 7E"}
{"ts":"2026-04-04T14:44:15.491Z","level":"INFO","device":"868120018681","event":"SENT_RAW_MARKER","detail":"02_64_6401_03_86812001868100260404144414030200.mp4 packet=1570086 bytes data=1570024 bytes"}
{"ts":"2026-04-04T14:44:15.529Z","level":"INFO","device":"868120018681","event":"SENT_1212","detail":"02_64_6401_03_86812001868100260404144414030200.mp4 type=2"}
{"ts":"2026-04-04T14:44:15.564Z","level":"INFO","device":"868120018681","event":"MEDIA_RX","detail":"7E 92 12 00 36 86 81 20 01 86 81 11 C5 32 30 32 5F 36 34 5F 36 34 30 31 5F 30 33 5F 38 36 38 31 32 30 30 31 38 36 38 31 30 30 32 36 30 34 30 34 31 34 34 34 31 34 30 33 30 32 30 30 2E 6D 70 34 02 00 00 72 7E"}
{"ts":"2026-04-04T14:44:15.833Z","level":"INFO","device":"868120018681","event":"BATCH_COMPLETE","detail":"All 2 files sent"}
{"ts":"2026-04-04T14:44:15.847Z","level":"INFO","device":"868120018681","event":"MEDIA_CLOSED","detail":""}
{"ts":"2026-04-04T14:44:24.951Z","level":"INFO","device":"868120018681","event":"GPS_SENT","detail":""}
{"ts":"2026-04-04T14:44:24.954Z","level":"INFO","device":"868120018681","event":"INCIDENT_SENT","detail":"mediaId=4 alarmId=86812001868100260404144424040200"}
{"ts":"2026-04-04T14:44:24.967Z","level":"INFO","device":"868120018681","event":"RX_MSG","detail":"0x8001 bodyLen=5"}
{"ts":"2026-04-04T14:44:24.968Z","level":"INFO","device":"868120018681","event":"SERVER_ACK","detail":"0x0200 result=OK"}
{"ts":"2026-04-04T14:44:24.980Z","level":"INFO","device":"868120018681","event":"RX_MSG","detail":"0x8001 bodyLen=5"}
{"ts":"2026-04-04T14:44:24.980Z","level":"INFO","device":"868120018681","event":"SERVER_ACK","detail":"0x0200 result=OK"}
{"ts":"2026-04-04T14:44:24.986Z","level":"INFO","device":"868120018681","event":"RX_MSG","detail":"0x8001 bodyLen=5"}
{"ts":"2026-04-04T14:44:24.987Z","level":"INFO","device":"868120018681","event":"SERVER_ACK","detail":"0x0800 result=OK"}
{"ts":"2026-04-04T14:44:24.988Z","level":"INFO","device":"868120018681","event":"RX_MSG","detail":"0x9208 bodyLen=81"}
{"ts":"2026-04-04T14:44:24.988Z","level":"INFO","device":"868120018681","event":"9208_RAW","detail":"0C35342E33372E3232352E36350D32000086812001868100260404144424040200383638313230303138363831303032363034303431343434323430343032303000000000000000000000000000000000"}
{"ts":"2026-04-04T14:44:24.988Z","level":"INFO","device":"868120018681","event":"UPLOAD_TRIGGERED","detail":"media: 54.37.225.65:3378 | alarmId: 86812001868100260404144424040200"}
{"ts":"2026-04-04T14:44:24.988Z","level":"INFO","device":"868120018681","event":"MEDIA_CONNECTING","detail":"54.37.225.65:3378 files=2"}
{"ts":"2026-04-04T14:44:24.996Z","level":"INFO","device":"868120018681","event":"MEDIA_CONNECTED","detail":"54.37.225.65:3378"}
{"ts":"2026-04-04T14:44:24.996Z","level":"INFO","device":"868120018681","event":"FILE_START","detail":"[1/2] 00_64_6401_00_86812001868100260404144424040200.jpg (30220 bytes)"}
{"ts":"2026-04-04T14:44:24.997Z","level":"INFO","device":"868120018681","event":"SENT_1210","detail":"00_64_6401_00_86812001868100260404144424040200.jpg"}
{"ts":"2026-04-04T14:44:25.015Z","level":"INFO","device":"868120018681","event":"MEDIA_RX","detail":"7E 80 01 00 05 86 81 20 01 86 81 D7 24 00 00 12 10 00 54 7E"}
{"ts":"2026-04-04T14:44:25.100Z","level":"INFO","device":"868120018681","event":"SENT_RAW_MARKER","detail":"00_64_6401_00_86812001868100260404144424040200.jpg packet=30282 bytes data=30220 bytes"}
{"ts":"2026-04-04T14:44:25.101Z","level":"INFO","device":"868120018681","event":"SENT_1212","detail":"00_64_6401_00_86812001868100260404144424040200.jpg type=0"}
{"ts":"2026-04-04T14:44:25.119Z","level":"INFO","device":"868120018681","event":"MEDIA_RX","detail":"7E 92 12 00 36 86 81 20 01 86 81 96 F6 32 30 30 5F 36 34 5F 36 34 30 31 5F 30 30 5F 38 36 38 31 32 30 30 31 38 36 38 31 30 30 32 36 30 34 30 34 31 34 34 34 32 34 30 34 30 32 30 30 2E 6A 70 67 00 00 00 95 7E"}
{"ts":"2026-04-04T14:44:25.403Z","level":"INFO","device":"868120018681","event":"FILE_START","detail":"[2/2] 02_64_6401_03_86812001868100260404144424040200.mp4 (1570024 bytes)"}
{"ts":"2026-04-04T14:44:25.403Z","level":"INFO","device":"868120018681","event":"SENT_1210","detail":"02_64_6401_03_86812001868100260404144424040200.mp4"}
{"ts":"2026-04-04T14:44:25.412Z","level":"INFO","device":"868120018681","event":"MEDIA_RX","detail":"7E 80 01 00 05 86 81 20 01 86 81 B7 70 00 02 12 10 00 62 7E"}
{"ts":"2026-04-04T14:44:25.508Z","level":"INFO","device":"868120018681","event":"SENT_RAW_MARKER","detail":"02_64_6401_03_86812001868100260404144424040200.mp4 packet=1570086 bytes data=1570024 bytes"}
{"ts":"2026-04-04T14:44:25.545Z","level":"INFO","device":"868120018681","event":"SENT_1212","detail":"02_64_6401_03_86812001868100260404144424040200.mp4 type=2"}
{"ts":"2026-04-04T14:44:25.583Z","level":"INFO","device":"868120018681","event":"MEDIA_RX","detail":"7E 92 12 00 36 86 81 20 01 86 81 30 BC 32 30 32 5F 36 34 5F 36 34 30 31 5F 30 33 5F 38 36 38 31 32 30 30 31 38 36 38 31 30 30 32 36 30 34 30 34 31 34 34 34 32 34 30 34 30 32 30 30 2E 6D 70 34 02 00 00 2E 7E"}
{"ts":"2026-04-04T14:44:25.850Z","level":"INFO","device":"868120018681","event":"BATCH_COMPLETE","detail":"All 2 files sent"}
{"ts":"2026-04-04T14:44:25.865Z","level":"INFO","device":"868120018681","event":"MEDIA_CLOSED","detail":""}
{"ts":"2026-04-04T14:44:29.956Z","level":"INFO","device":"200000000001","event":"OBD2_SENT_0x0200","detail":"Lat: 51.737743, Lng: 0.475345 | Speed: 45km/h | RPM: 2611"}
{"ts":"2026-04-04T14:44:29.967Z","level":"INFO","device":"200000000001","event":"SERVER_ACK","detail":"0x8001 Universal Reply Received"}
{"ts":"2026-04-04T14:44:34.964Z","level":"INFO","device":"868120018681","event":"INCIDENT_SENT","detail":"mediaId=5 alarmId=86812001868100260404144434050200"}
{"ts":"2026-04-04T14:44:34.977Z","level":"INFO","device":"868120018681","event":"RX_MSG","detail":"0x8001 bodyLen=5"}
{"ts":"2026-04-04T14:44:34.978Z","level":"INFO","device":"868120018681","event":"SERVER_ACK","detail":"0x0200 result=OK"}
{"ts":"2026-04-04T14:44:35.000Z","level":"INFO","device":"868120018681","event":"RX_MSG","detail":"0x9208 bodyLen=81"}
{"ts":"2026-04-04T14:44:35.000Z","level":"INFO","device":"868120018681","event":"9208_RAW","detail":"0C35342E33372E3232352E36350D32000086812001868100260404144434050200383638313230303138363831303032363034303431343434333430353032303000000000000000000000000000000000"}
{"ts":"2026-04-04T14:44:35.001Z","level":"INFO","device":"868120018681","event":"UPLOAD_TRIGGERED","detail":"media: 54.37.225.65:3378 | alarmId: 86812001868100260404144434050200"}
{"ts":"2026-04-04T14:44:35.001Z","level":"INFO","device":"868120018681","event":"MEDIA_CONNECTING","detail":"54.37.225.65:3378 files=2"}
{"ts":"2026-04-04T14:44:35.009Z","level":"INFO","device":"868120018681","event":"RX_MSG","detail":"0x8001 bodyLen=5"}
{"ts":"2026-04-04T14:44:35.009Z","level":"INFO","device":"868120018681","event":"SERVER_ACK","detail":"0x0800 result=OK"}
{"ts":"2026-04-04T14:44:35.019Z","level":"INFO","device":"868120018681","event":"MEDIA_CONNECTED","detail":"54.37.225.65:3378"}
{"ts":"2026-04-04T14:44:35.019Z","level":"INFO","device":"868120018681","event":"FILE_START","detail":"[1/2] 00_64_6401_00_86812001868100260404144434050200.jpg (30220 bytes)"}
{"ts":"2026-04-04T14:44:35.021Z","level":"INFO","device":"868120018681","event":"SENT_1210","detail":"00_64_6401_00_86812001868100260404144434050200.jpg"}
{"ts":"2026-04-04T14:44:35.031Z","level":"INFO","device":"868120018681","event":"MEDIA_RX","detail":"7E 80 01 00 05 86 81 20 01 86 81 82 72 00 00 12 10 00 57 7E"}
{"ts":"2026-04-04T14:44:35.128Z","level":"INFO","device":"868120018681","event":"SENT_RAW_MARKER","detail":"00_64_6401_00_86812001868100260404144434050200.jpg packet=30282 bytes data=30220 bytes"}
{"ts":"2026-04-04T14:44:35.129Z","level":"INFO","device":"868120018681","event":"SENT_1212","detail":"00_64_6401_00_86812001868100260404144434050200.jpg type=0"}
{"ts":"2026-04-04T14:44:35.149Z","level":"INFO","device":"868120018681","event":"MEDIA_RX","detail":"7E 92 12 00 36 86 81 20 01 86 81 C1 B1 32 30 30 5F 36 34 5F 36 34 30 31 5F 30 30 5F 38 36 38 31 32 30 30 31 38 36 38 31 30 30 32 36 30 34 30 34 31 34 34 34 33 34 30 35 30 32 30 30 2E 6A 70 67 00 00 00 85 7E"}
{"ts":"2026-04-04T14:44:35.431Z","level":"INFO","device":"868120018681","event":"FILE_START","detail":"[2/2] 02_64_6401_03_86812001868100260404144434050200.mp4 (1570024 bytes)"}
{"ts":"2026-04-04T14:44:35.432Z","level":"INFO","device":"868120018681","event":"SENT_1210","detail":"02_64_6401_03_86812001868100260404144434050200.mp4"}
{"ts":"2026-04-04T14:44:35.440Z","level":"INFO","device":"868120018681","event":"MEDIA_RX","detail":"7E 80 01 00 05 86 81 20 01 86 81 36 B4 00 02 12 10 00 27 7E"}
{"ts":"2026-04-04T14:44:35.538Z","level":"INFO","device":"868120018681","event":"SENT_RAW_MARKER","detail":"02_64_6401_03_86812001868100260404144434050200.mp4 packet=1570086 bytes data=1570024 bytes"}
{"ts":"2026-04-04T14:44:35.582Z","level":"INFO","device":"868120018681","event":"SENT_1212","detail":"02_64_6401_03_86812001868100260404144434050200.mp4 type=2"}
{"ts":"2026-04-04T14:44:35.617Z","level":"INFO","device":"868120018681","event":"MEDIA_RX","detail":"7E 92 12 00 36 86 81 20 01 86 81 55 60 32 30 32 5F 36 34 5F 36 34 30 31 5F 30 33 5F 38 36 38 31 32 30 30 31 38 36 38 31 30 30 32 36 30 34 30 34 31 34 34 34 33 34 30 35 30 32 30 30 2E 6D 70 34 02 00 00 97 7E"}
{"ts":"2026-04-04T14:44:35.886Z","level":"INFO","device":"868120018681","event":"BATCH_COMPLETE","detail":"All 2 files sent"}
{"ts":"2026-04-04T14:44:35.897Z","level":"INFO","device":"868120018681","event":"MEDIA_CLOSED","detail":""}
{"ts":"2026-04-04T14:44:44.955Z","level":"INFO","device":"868120018681","event":"GPS_SENT","detail":""}
{"ts":"2026-04-04T14:44:44.956Z","level":"INFO","device":"200000000001","event":"HEARTBEAT_SENT","detail":"0x0002"}
{"ts":"2026-04-04T14:44:44.959Z","level":"INFO","device":"200000000001","event":"OBD2_SENT_0x0200","detail":"Lat: 51.737584, Lng: 0.478263 | Speed: 49km/h | RPM: 2767"}
{"ts":"2026-04-04T14:44:44.964Z","level":"INFO","device":"868120018681","event":"INCIDENT_SENT","detail":"mediaId=6 alarmId=86812001868100260404144444060200"}
{"ts":"2026-04-04T14:44:44.966Z","level":"INFO","device":"868120018681","event":"RX_MSG","detail":"0x8001 bodyLen=5"}
{"ts":"2026-04-04T14:44:44.966Z","level":"INFO","device":"868120018681","event":"SERVER_ACK","detail":"0x0200 result=OK"}
{"ts":"2026-04-04T14:44:44.966Z","level":"INFO","device":"200000000001","event":"SERVER_ACK","detail":"0x8001 Universal Reply Received"}
{"ts":"2026-04-04T14:44:44.973Z","level":"INFO","device":"868120018681","event":"RX_MSG","detail":"0x8001 bodyLen=5"}
{"ts":"2026-04-04T14:44:44.973Z","level":"INFO","device":"868120018681","event":"SERVER_ACK","detail":"0x0200 result=OK"}
{"ts":"2026-04-04T14:44:44.973Z","level":"INFO","device":"200000000001","event":"SERVER_ACK","detail":"0x8001 Universal Reply Received"}
{"ts":"2026-04-04T14:44:44.980Z","level":"INFO","device":"868120018681","event":"RX_MSG","detail":"0x8001 bodyLen=5"}
{"ts":"2026-04-04T14:44:44.980Z","level":"INFO","device":"868120018681","event":"SERVER_ACK","detail":"0x0800 result=OK"}
{"ts":"2026-04-04T14:44:44.980Z","level":"INFO","device":"868120018681","event":"RX_MSG","detail":"0x9208 bodyLen=81"}
{"ts":"2026-04-04T14:44:44.980Z","level":"INFO","device":"868120018681","event":"9208_RAW","detail":"0C35342E33372E3232352E36350D32000086812001868100260404144444060200383638313230303138363831303032363034303431343434343430363032303000000000000000000000000000000000"}
{"ts":"2026-04-04T14:44:44.980Z","level":"INFO","device":"868120018681","event":"UPLOAD_TRIGGERED","detail":"media: 54.37.225.65:3378 | alarmId: 86812001868100260404144444060200"}
{"ts":"2026-04-04T14:44:44.980Z","level":"INFO","device":"868120018681","event":"MEDIA_CONNECTING","detail":"54.37.225.65:3378 files=2"}
{"ts":"2026-04-04T14:44:44.988Z","level":"INFO","device":"868120018681","event":"MEDIA_CONNECTED","detail":"54.37.225.65:3378"}
{"ts":"2026-04-04T14:44:44.988Z","level":"INFO","device":"868120018681","event":"FILE_START","detail":"[1/2] 00_64_6401_00_86812001868100260404144444060200.jpg (30220 bytes)"}
{"ts":"2026-04-04T14:44:44.988Z","level":"INFO","device":"868120018681","event":"SENT_1210","detail":"00_64_6401_00_86812001868100260404144444060200.jpg"}
{"ts":"2026-04-04T14:44:44.996Z","level":"INFO","device":"868120018681","event":"MEDIA_RX","detail":"7E 80 01 00 05 86 81 20 01 86 81 16 CB 00 00 12 10 00 7A 7E"}
{"ts":"2026-04-04T14:44:45.091Z","level":"INFO","device":"868120018681","event":"SENT_RAW_MARKER","detail":"00_64_6401_00_86812001868100260404144444060200.jpg packet=30282 bytes data=30220 bytes"}
{"ts":"2026-04-04T14:44:45.092Z","level":"INFO","device":"868120018681","event":"SENT_1212","detail":"00_64_6401_00_86812001868100260404144444060200.jpg type=0"}
{"ts":"2026-04-04T14:44:45.111Z","level":"INFO","device":"868120018681","event":"MEDIA_RX","detail":"7E 92 12 00 36 86 81 20 01 86 81 23 B5 32 30 30 5F 36 34 5F 36 34 30 31 5F 30 30 5F 38 36 38 31 32 30 30 31 38 36 38 31 30 30 32 36 30 34 30 34 31 34 34 34 34 34 30 36 30 32 30 30 2E 6A 70 67 00 00 00 67 7E"}
{"ts":"2026-04-04T14:44:45.396Z","level":"INFO","device":"868120018681","event":"FILE_START","detail":"[2/2] 02_64_6401_03_86812001868100260404144444060200.mp4 (1570024 bytes)"}
{"ts":"2026-04-04T14:44:45.396Z","level":"INFO","device":"868120018681","event":"SENT_1210","detail":"02_64_6401_03_86812001868100260404144444060200.mp4"}
{"ts":"2026-04-04T14:44:45.405Z","level":"INFO","device":"868120018681","event":"MEDIA_RX","detail":"7E 80 01 00 05 86 81 20 01 86 81 15 AA 00 02 12 10 00 1A 7E"}
{"ts":"2026-04-04T14:44:45.501Z","level":"INFO","device":"868120018681","event":"SENT_RAW_MARKER","detail":"02_64_6401_03_86812001868100260404144444060200.mp4 packet=1570086 bytes data=1570024 bytes"}
{"ts":"2026-04-04T14:44:45.549Z","level":"INFO","device":"868120018681","event":"SENT_1212","detail":"02_64_6401_03_86812001868100260404144444060200.mp4 type=2"}
{"ts":"2026-04-04T14:44:45.579Z","level":"INFO","device":"868120018681","event":"MEDIA_RX","detail":"7E 92 12 00 36 86 81 20 01 86 81 9C A9 32 30 32 5F 36 34 5F 36 34 30 31 5F 30 33 5F 38 36 38 31 32 30 30 31 38 36 38 31 30 30 32 36 30 34 30 34 31 34 34 34 34 34 30 36 30 32 30 30 2E 6D 70 34 02 00 00 93 7E"}
{"ts":"2026-04-04T14:44:45.851Z","level":"INFO","device":"868120018681","event":"BATCH_COMPLETE","detail":"All 2 files sent"}
{"ts":"2026-04-04T14:44:45.863Z","level":"INFO","device":"868120018681","event":"MEDIA_CLOSED","detail":""}
{"ts":"2026-04-04T14:44:54.973Z","level":"INFO","device":"868120018681","event":"INCIDENT_SENT","detail":"mediaId=7 alarmId=86812001868100260404144454070200"}
{"ts":"2026-04-04T14:44:54.980Z","level":"INFO","device":"868120018681","event":"RX_MSG","detail":"0x8001 bodyLen=5"}
{"ts":"2026-04-04T14:44:54.980Z","level":"INFO","device":"868120018681","event":"SERVER_ACK","detail":"0x0200 result=OK"}
{"ts":"2026-04-04T14:44:54.986Z","level":"INFO","device":"868120018681","event":"RX_MSG","detail":"0x9208 bodyLen=81"}
{"ts":"2026-04-04T14:44:54.986Z","level":"INFO","device":"868120018681","event":"9208_RAW","detail":"0C35342E33372E3232352E36350D32000086812001868100260404144454070200383638313230303138363831303032363034303431343434353430373032303000000000000000000000000000000000"}
{"ts":"2026-04-04T14:44:54.986Z","level":"INFO","device":"868120018681","event":"UPLOAD_TRIGGERED","detail":"media: 54.37.225.65:3378 | alarmId: 86812001868100260404144454070200"}
{"ts":"2026-04-04T14:44:54.986Z","level":"INFO","device":"868120018681","event":"MEDIA_CONNECTING","detail":"54.37.225.65:3378 files=2"}
{"ts":"2026-04-04T14:44:54.993Z","level":"INFO","device":"868120018681","event":"RX_MSG","detail":"0x8001 bodyLen=5"}
{"ts":"2026-04-04T14:44:54.994Z","level":"INFO","device":"868120018681","event":"SERVER_ACK","detail":"0x0800 result=OK"}
{"ts":"2026-04-04T14:44:54.994Z","level":"INFO","device":"868120018681","event":"MEDIA_CONNECTED","detail":"54.37.225.65:3378"}
{"ts":"2026-04-04T14:44:54.994Z","level":"INFO","device":"868120018681","event":"FILE_START","detail":"[1/2] 00_64_6401_00_86812001868100260404144454070200.jpg (30220 bytes)"}
{"ts":"2026-04-04T14:44:54.995Z","level":"INFO","device":"868120018681","event":"SENT_1210","detail":"00_64_6401_00_86812001868100260404144454070200.jpg"}
{"ts":"2026-04-04T14:44:55.006Z","level":"INFO","device":"868120018681","event":"MEDIA_RX","detail":"7E 80 01 00 05 86 81 20 01 86 81 FF 0C 00 00 12 10 00 54 7E"}
{"ts":"2026-04-04T14:44:55.100Z","level":"INFO","device":"868120018681","event":"SENT_RAW_MARKER","detail":"00_64_6401_00_86812001868100260404144454070200.jpg packet=30282 bytes data=30220 bytes"}
{"ts":"2026-04-04T14:44:55.101Z","level":"INFO","device":"868120018681","event":"SENT_1212","detail":"00_64_6401_00_86812001868100260404144454070200.jpg type=0"}
{"ts":"2026-04-04T14:44:55.118Z","level":"INFO","device":"868120018681","event":"MEDIA_RX","detail":"7E 92 12 00 36 86 81 20 01 86 81 DA 75 32 30 30 5F 36 34 5F 36 34 30 31 5F 30 30 5F 38 36 38 31 32 30 30 31 38 36 38 31 30 30 32 36 30 34 30 34 31 34 34 34 35 34 30 37 30 32 30 30 2E 6A 70 67 00 00 00 5E 7E"}
{"ts":"2026-04-04T14:44:55.404Z","level":"INFO","device":"868120018681","event":"FILE_START","detail":"[2/2] 02_64_6401_03_86812001868100260404144454070200.mp4 (1570024 bytes)"}
{"ts":"2026-04-04T14:44:55.405Z","level":"INFO","device":"868120018681","event":"SENT_1210","detail":"02_64_6401_03_86812001868100260404144454070200.mp4"}
{"ts":"2026-04-04T14:44:55.415Z","level":"INFO","device":"868120018681","event":"MEDIA_RX","detail":"7E 80 01 00 05 86 81 20 01 86 81 4D 0D 00 02 12 10 00 E5 7E"}
{"ts":"2026-04-04T14:44:55.510Z","level":"INFO","device":"868120018681","event":"SENT_RAW_MARKER","detail":"02_64_6401_03_86812001868100260404144454070200.mp4 packet=1570086 bytes data=1570024 bytes"}
{"ts":"2026-04-04T14:44:55.550Z","level":"INFO","device":"868120018681","event":"SENT_1212","detail":"02_64_6401_03_86812001868100260404144454070200.mp4 type=2"}
{"ts":"2026-04-04T14:44:55.568Z","level":"INFO","device":"868120018681","event":"MEDIA_RX","detail":"7E 92 12 00 36 86 81 20 01 86 81 01 99 32 30 32 5F 36 34 5F 36 34 30 31 5F 30 33 5F 38 36 38 31 32 30 30 31 38 36 38 31 30 30 32 36 30 34 30 34 31 34 34 34 35 34 30 37 30 32 30 30 2E 6D 70 34 02 00 00 3E 7E"}
{"ts":"2026-04-04T14:44:55.852Z","level":"INFO","device":"868120018681","event":"BATCH_COMPLETE","detail":"All 2 files sent"}
{"ts":"2026-04-04T14:44:56.091Z","level":"INFO","device":"868120018681","event":"MEDIA_CLOSED","detail":""}
{"ts":"2026-04-04T14:44:59.963Z","level":"INFO","device":"200000000001","event":"OBD2_SENT_0x0200","detail":"Lat: 51.736548, Lng: 0.480603 | Speed: 51km/h | RPM: 2826"}
{"ts":"2026-04-04T14:44:59.973Z","level":"INFO","device":"200000000001","event":"SERVER_ACK","detail":"0x8001 Universal Reply Received"}
{"ts":"2026-04-04T14:45:04.957Z","level":"INFO","device":"868120018681","event":"GPS_SENT","detail":""}
{"ts":"2026-04-04T14:45:04.967Z","level":"INFO","device":"868120018681","event":"RX_MSG","detail":"0x8001 bodyLen=5"}
{"ts":"2026-04-04T14:45:04.967Z","level":"INFO","device":"868120018681","event":"SERVER_ACK","detail":"0x0200 result=OK"}
{"ts":"2026-04-04T14:45:04.972Z","level":"INFO","device":"868120018681","event":"INCIDENT_SENT","detail":"mediaId=8 alarmId=86812001868100260404144504080200"}
{"ts":"2026-04-04T14:45:04.981Z","level":"INFO","device":"868120018681","event":"RX_MSG","detail":"0x8001 bodyLen=5"}
{"ts":"2026-04-04T14:45:04.981Z","level":"INFO","device":"868120018681","event":"SERVER_ACK","detail":"0x0200 result=OK"}
{"ts":"2026-04-04T14:45:04.995Z","level":"INFO","device":"868120018681","event":"RX_MSG","detail":"0x9208 bodyLen=81"}
{"ts":"2026-04-04T14:45:04.995Z","level":"INFO","device":"868120018681","event":"9208_RAW","detail":"0C35342E33372E3232352E36350D32000086812001868100260404144504080200383638313230303138363831303032363034303431343435303430383032303000000000000000000000000000000000"}
{"ts":"2026-04-04T14:45:04.995Z","level":"INFO","device":"868120018681","event":"UPLOAD_TRIGGERED","detail":"media: 54.37.225.65:3378 | alarmId: 86812001868100260404144504080200"}
{"ts":"2026-04-04T14:45:04.995Z","level":"INFO","device":"868120018681","event":"MEDIA_CONNECTING","detail":"54.37.225.65:3378 files=2"}
{"ts":"2026-04-04T14:45:04.995Z","level":"INFO","device":"868120018681","event":"RX_MSG","detail":"0x8001 bodyLen=5"}
{"ts":"2026-04-04T14:45:04.996Z","level":"INFO","device":"868120018681","event":"SERVER_ACK","detail":"0x0800 result=OK"}
{"ts":"2026-04-04T14:45:05.014Z","level":"INFO","device":"868120018681","event":"MEDIA_CONNECTED","detail":"54.37.225.65:3378"}
{"ts":"2026-04-04T14:45:05.015Z","level":"INFO","device":"868120018681","event":"FILE_START","detail":"[1/2] 00_64_6401_00_86812001868100260404144504080200.jpg (30220 bytes)"}
{"ts":"2026-04-04T14:45:05.015Z","level":"INFO","device":"868120018681","event":"SENT_1210","detail":"00_64_6401_00_86812001868100260404144504080200.jpg"}
{"ts":"2026-04-04T14:45:05.027Z","level":"INFO","device":"868120018681","event":"MEDIA_RX","detail":"7E 80 01 00 05 86 81 20 01 86 81 A3 64 00 00 12 10 00 60 7E"}
{"ts":"2026-04-04T14:45:05.115Z","level":"INFO","device":"868120018681","event":"SENT_RAW_MARKER","detail":"00_64_6401_00_86812001868100260404144504080200.jpg packet=30282 bytes data=30220 bytes"}
{"ts":"2026-04-04T14:45:05.116Z","level":"INFO","device":"868120018681","event":"SENT_1212","detail":"00_64_6401_00_86812001868100260404144504080200.jpg type=0"}
{"ts":"2026-04-04T14:45:05.134Z","level":"INFO","device":"868120018681","event":"MEDIA_RX","detail":"7E 92 12 00 36 86 81 20 01 86 81 E8 7D 01 32 30 30 5F 36 34 5F 36 34 30 31 5F 30 30 5F 38 36 38 31 32 30 30 31 38 36 38 31 30 30 32 36 30 34 30 34 31 34 34 35 30 34 30 38 30 32 30 30 2E 6A 70 67 00 00 00 6F 7E"}
{"ts":"2026-04-04T14:45:05.417Z","level":"INFO","device":"868120018681","event":"FILE_START","detail":"[2/2] 02_64_6401_03_86812001868100260404144504080200.mp4 (1570024 bytes)"}
{"ts":"2026-04-04T14:45:05.417Z","level":"INFO","device":"868120018681","event":"SENT_1210","detail":"02_64_6401_03_86812001868100260404144504080200.mp4"}
{"ts":"2026-04-04T14:45:05.428Z","level":"INFO","device":"868120018681","event":"MEDIA_RX","detail":"7E 80 01 00 05 86 81 20 01 86 81 6E 70 00 02 12 10 00 BB 7E"}
{"ts":"2026-04-04T14:45:05.526Z","level":"INFO","device":"868120018681","event":"SENT_RAW_MARKER","detail":"02_64_6401_03_86812001868100260404144504080200.mp4 packet=1570086 bytes data=1570024 bytes"}
{"ts":"2026-04-04T14:45:05.561Z","level":"INFO","device":"868120018681","event":"SENT_1212","detail":"02_64_6401_03_86812001868100260404144504080200.mp4 type=2"}
{"ts":"2026-04-04T14:45:05.584Z","level":"INFO","device":"868120018681","event":"MEDIA_RX","detail":"7E 92 12 00 36 86 81 20 01 86 81 22 BD 32 30 32 5F 36 34 5F 36 34 30 31 5F 30 33 5F 38 36 38 31 32 30 30 31 38 36 38 31 30 30 32 36 30 34 30 34 31 34 34 35 30 34 30 38 30 32 30 30 2E 6D 70 34 02 00 00 32 7E"}
{"ts":"2026-04-04T14:45:05.865Z","level":"INFO","device":"868120018681","event":"BATCH_COMPLETE","detail":"All 2 files sent"}
{"ts":"2026-04-04T14:45:05.877Z","level":"INFO","device":"868120018681","event":"MEDIA_CLOSED","detail":""}
{"ts":"2026-04-04T14:45:14.961Z","level":"INFO","device":"200000000001","event":"HEARTBEAT_SENT","detail":"0x0002"}
{"ts":"2026-04-04T14:45:14.963Z","level":"INFO","device":"200000000001","event":"OBD2_SENT_0x0200","detail":"Lat: 51.735038, Lng: 0.482388 | Speed: 52km/h | RPM: 2889"}
{"ts":"2026-04-04T14:45:14.973Z","level":"INFO","device":"868120018681","event":"INCIDENT_SENT","detail":"mediaId=9 alarmId=86812001868100260404144514090200"}
{"ts":"2026-04-04T14:45:14.974Z","level":"INFO","device":"200000000001","event":"SERVER_ACK","detail":"0x8001 Universal Reply Received"}
{"ts":"2026-04-04T14:45:14.982Z","level":"INFO","device":"868120018681","event":"RX_MSG","detail":"0x8001 bodyLen=5"}
{"ts":"2026-04-04T14:45:14.982Z","level":"INFO","device":"868120018681","event":"SERVER_ACK","detail":"0x0200 result=OK"}
{"ts":"2026-04-04T14:45:14.983Z","level":"INFO","device":"200000000001","event":"SERVER_ACK","detail":"0x8001 Universal Reply Received"}
{"ts":"2026-04-04T14:45:14.988Z","level":"INFO","device":"868120018681","event":"RX_MSG","detail":"0x9208 bodyLen=81"}
{"ts":"2026-04-04T14:45:14.988Z","level":"INFO","device":"868120018681","event":"9208_RAW","detail":"0C35342E33372E3232352E36350D32000086812001868100260404144514090200383638313230303138363831303032363034303431343435313430393032303000000000000000000000000000000000"}
{"ts":"2026-04-04T14:45:14.988Z","level":"INFO","device":"868120018681","event":"UPLOAD_TRIGGERED","detail":"media: 54.37.225.65:3378 | alarmId: 86812001868100260404144514090200"}
{"ts":"2026-04-04T14:45:14.988Z","level":"INFO","device":"868120018681","event":"MEDIA_CONNECTING","detail":"54.37.225.65:3378 files=2"}
{"ts":"2026-04-04T14:45:14.995Z","level":"INFO","device":"868120018681","event":"RX_MSG","detail":"0x8001 bodyLen=5"}
{"ts":"2026-04-04T14:45:14.995Z","level":"INFO","device":"868120018681","event":"SERVER_ACK","detail":"0x0800 result=OK"}
{"ts":"2026-04-04T14:45:14.996Z","level":"INFO","device":"868120018681","event":"MEDIA_CONNECTED","detail":"54.37.225.65:3378"}
{"ts":"2026-04-04T14:45:14.996Z","level":"INFO","device":"868120018681","event":"FILE_START","detail":"[1/2] 00_64_6401_00_86812001868100260404144514090200.jpg (30220 bytes)"}
{"ts":"2026-04-04T14:45:14.997Z","level":"INFO","device":"868120018681","event":"SENT_1210","detail":"00_64_6401_00_86812001868100260404144514090200.jpg"}
{"ts":"2026-04-04T14:45:15.006Z","level":"INFO","device":"868120018681","event":"MEDIA_RX","detail":"7E 80 01 00 05 86 81 20 01 86 81 19 10 00 00 12 10 00 AE 7E"}
{"ts":"2026-04-04T14:45:15.098Z","level":"INFO","device":"868120018681","event":"SENT_RAW_MARKER","detail":"00_64_6401_00_86812001868100260404144514090200.jpg packet=30282 bytes data=30220 bytes"}
{"ts":"2026-04-04T14:45:15.099Z","level":"INFO","device":"868120018681","event":"SENT_1212","detail":"00_64_6401_00_86812001868100260404144514090200.jpg type=0"}
{"ts":"2026-04-04T14:45:15.119Z","level":"INFO","device":"868120018681","event":"MEDIA_RX","detail":"7E 92 12 00 36 86 81 20 01 86 81 78 A1 32 30 30 5F 36 34 5F 36 34 30 31 5F 30 30 5F 38 36 38 31 32 30 30 31 38 36 38 31 30 30 32 36 30 34 30 34 31 34 34 35 31 34 30 39 30 32 30 30 2E 6A 70 67 00 00 00 23 7E"}
{"ts":"2026-04-04T14:45:15.404Z","level":"INFO","device":"868120018681","event":"FILE_START","detail":"[2/2] 02_64_6401_03_86812001868100260404144514090200.mp4 (1570024 bytes)"}
{"ts":"2026-04-04T14:45:15.404Z","level":"INFO","device":"868120018681","event":"SENT_1210","detail":"02_64_6401_03_86812001868100260404144514090200.mp4"}
{"ts":"2026-04-04T14:45:15.445Z","level":"INFO","device":"868120018681","event":"MEDIA_RX","detail":"7E 80 01 00 05 86 81 20 01 86 81 88 27 00 02 12 10 00 0A 7E"}
{"ts":"2026-04-04T14:45:15.506Z","level":"INFO","device":"868120018681","event":"SENT_RAW_MARKER","detail":"02_64_6401_03_86812001868100260404144514090200.mp4 packet=1570086 bytes data=1570024 bytes"}
{"ts":"2026-04-04T14:45:15.631Z","level":"INFO","device":"868120018681","event":"SENT_1212","detail":"02_64_6401_03_86812001868100260404144514090200.mp4 type=2"}
{"ts":"2026-04-04T14:45:15.689Z","level":"INFO","device":"868120018681","event":"MEDIA_RX","detail":"7E 92 12 00 36 86 81 20 01 86 81 1D C4 32 30 32 5F 36 34 5F 36 34 30 31 5F 30 33 5F 38 36 38 31 32 30 30 31 38 36 38 31 30 30 32 36 30 34 30 34 31 34 34 35 31 34 30 39 30 32 30 30 2E 6D 70 34 02 00 00 74 7E"}
{"ts":"2026-04-04T14:45:15.937Z","level":"INFO","device":"868120018681","event":"BATCH_COMPLETE","detail":"All 2 files sent"}
{"ts":"2026-04-04T14:45:15.950Z","level":"INFO","device":"868120018681","event":"MEDIA_CLOSED","detail":""}
{"ts":"2026-04-04T14:45:21.456Z","level":"INFO","device":"868120018681","event":"RX_MSG","detail":"0x9101 bodyLen=17"}
{"ts":"2026-04-04T14:45:21.456Z","level":"INFO","device":"868120018681","event":"SENT_ACK","detail":"0x0001 acknowledging Live Stream Request"}
{"ts":"2026-04-04T14:45:21.456Z","level":"INFO","device":"868120018681","event":"LIVE_STREAM_REQ","detail":"Target: 127.0.0.1:3377 | Channel: 1"}
{"ts":"2026-04-04T14:45:21.457Z","level":"INFO","device":"868120018681","event":"LIVE_STREAM_CONNECTING","detail":"127.0.0.1:3377"}
{"ts":"2026-04-04T14:45:21.457Z","level":"INFO","device":"868120018681","event":"LIVE_STREAM_CONNECTED","detail":"Pumping real video frames..."}
{"ts":"2026-04-04T14:45:24.957Z","level":"INFO","device":"868120018681","event":"GPS_SENT","detail":""}
{"ts":"2026-04-04T14:45:24.968Z","level":"INFO","device":"868120018681","event":"RX_MSG","detail":"0x8001 bodyLen=5"}
{"ts":"2026-04-04T14:45:24.968Z","level":"INFO","device":"868120018681","event":"SERVER_ACK","detail":"0x0200 result=OK"}
{"ts":"2026-04-04T14:45:24.973Z","level":"INFO","device":"868120018681","event":"INCIDENT_SENT","detail":"mediaId=10 alarmId=868120018681002604041445240A0200"}
{"ts":"2026-04-04T14:45:24.980Z","level":"INFO","device":"868120018681","event":"RX_MSG","detail":"0x8001 bodyLen=5"}
{"ts":"2026-04-04T14:45:24.981Z","level":"INFO","device":"868120018681","event":"SERVER_ACK","detail":"0x0200 result=OK"}
{"ts":"2026-04-04T14:45:24.987Z","level":"INFO","device":"868120018681","event":"RX_MSG","detail":"0x9208 bodyLen=81"}
{"ts":"2026-04-04T14:45:24.987Z","level":"INFO","device":"868120018681","event":"9208_RAW","detail":"0C35342E33372E3232352E36350D320000868120018681002604041445240A0200383638313230303138363831303032363034303431343435323430613032303000000000000000000000000000000000"}
{"ts":"2026-04-04T14:45:24.987Z","level":"INFO","device":"868120018681","event":"UPLOAD_TRIGGERED","detail":"media: 54.37.225.65:3378 | alarmId: 868120018681002604041445240A0200"}
{"ts":"2026-04-04T14:45:24.987Z","level":"INFO","device":"868120018681","event":"MEDIA_CONNECTING","detail":"54.37.225.65:3378 files=2"}
{"ts":"2026-04-04T14:45:24.994Z","level":"INFO","device":"868120018681","event":"RX_MSG","detail":"0x8001 bodyLen=5"}
{"ts":"2026-04-04T14:45:24.994Z","level":"INFO","device":"868120018681","event":"SERVER_ACK","detail":"0x0800 result=OK"}
{"ts":"2026-04-04T14:45:24.996Z","level":"INFO","device":"868120018681","event":"MEDIA_CONNECTED","detail":"54.37.225.65:3378"}
{"ts":"2026-04-04T14:45:24.996Z","level":"INFO","device":"868120018681","event":"FILE_START","detail":"[1/2] 00_64_6401_00_868120018681002604041445240A0200.jpg (30220 bytes)"}
{"ts":"2026-04-04T14:45:24.996Z","level":"INFO","device":"868120018681","event":"SENT_1210","detail":"00_64_6401_00_868120018681002604041445240A0200.jpg"}
{"ts":"2026-04-04T14:45:25.004Z","level":"INFO","device":"868120018681","event":"MEDIA_RX","detail":"7E 80 01 00 05 86 81 20 01 86 81 80 9C 00 00 12 10 00 BB 7E"}
{"ts":"2026-04-04T14:45:25.098Z","level":"INFO","device":"868120018681","event":"SENT_RAW_MARKER","detail":"00_64_6401_00_868120018681002604041445240A0200.jpg packet=30282 bytes data=30220 bytes"}
{"ts":"2026-04-04T14:45:25.099Z","level":"INFO","device":"868120018681","event":"SENT_1212","detail":"00_64_6401_00_868120018681002604041445240A0200.jpg type=0"}
{"ts":"2026-04-04T14:45:25.116Z","level":"INFO","device":"868120018681","event":"MEDIA_RX","detail":"7E 92 12 00 36 86 81 20 01 86 81 7C 65 32 30 30 5F 36 34 5F 36 34 30 31 5F 30 30 5F 38 36 38 31 32 30 30 31 38 36 38 31 30 30 32 36 30 34 30 34 31 34 34 35 32 34 30 41 30 32 30 30 2E 6A 70 67 00 00 00 98 7E"}
{"ts":"2026-04-04T14:45:25.401Z","level":"INFO","device":"868120018681","event":"FILE_START","detail":"[2/2] 02_64_6401_03_868120018681002604041445240A0200.mp4 (1570024 bytes)"}
{"ts":"2026-04-04T14:45:25.401Z","level":"INFO","device":"868120018681","event":"SENT_1210","detail":"02_64_6401_03_868120018681002604041445240A0200.mp4"}
{"ts":"2026-04-04T14:45:25.410Z","level":"INFO","device":"868120018681","event":"MEDIA_RX","detail":"7E 80 01 00 05 86 81 20 01 86 81 BE FB 00 02 12 10 00 E0 7E"}
{"ts":"2026-04-04T14:45:25.521Z","level":"INFO","device":"868120018681","event":"SENT_RAW_MARKER","detail":"02_64_6401_03_868120018681002604041445240A0200.mp4 packet=1570086 bytes data=1570024 bytes"}
{"ts":"2026-04-04T14:45:25.587Z","level":"INFO","device":"868120018681","event":"SENT_1212","detail":"02_64_6401_03_868120018681002604041445240A0200.mp4 type=2"}
{"ts":"2026-04-04T14:45:25.625Z","level":"INFO","device":"868120018681","event":"MEDIA_RX","detail":"7E 92 12 00 36 86 81 20 01 86 81 00 8D 32 30 32 5F 36 34 5F 36 34 30 31 5F 30 33 5F 38 36 38 31 32 30 30 31 38 36 38 31 30 30 32 36 30 34 30 34 31 34 34 35 32 34 30 41 30 32 30 30 2E 6D 70 34 02 00 00 5B 7E"}
{"ts":"2026-04-04T14:45:25.887Z","level":"INFO","device":"868120018681","event":"BATCH_COMPLETE","detail":"All 2 files sent"}
{"ts":"2026-04-04T14:45:25.901Z","level":"INFO","device":"868120018681","event":"MEDIA_CLOSED","detail":""}
{"ts":"2026-04-04T14:45:29.966Z","level":"INFO","device":"200000000001","event":"OBD2_SENT_0x0200","detail":"Lat: 51.733802, Lng: 0.484371 | Speed: 49km/h | RPM: 2757"}
{"ts":"2026-04-04T14:45:29.981Z","level":"INFO","device":"200000000001","event":"SERVER_ACK","detail":"0x8001 Universal Reply Received"}
{"ts":"2026-04-04T14:45:34.974Z","level":"INFO","device":"868120018681","event":"INCIDENT_SENT","detail":"mediaId=11 alarmId=868120018681002604041445340B0200"}
{"ts":"2026-04-04T14:45:34.984Z","level":"INFO","device":"868120018681","event":"RX_MSG","detail":"0x8001 bodyLen=5"}
{"ts":"2026-04-04T14:45:34.985Z","level":"INFO","device":"868120018681","event":"SERVER_ACK","detail":"0x0200 result=OK"}
{"ts":"2026-04-04T14:45:34.991Z","level":"INFO","device":"868120018681","event":"RX_MSG","detail":"0x9208 bodyLen=81"}
{"ts":"2026-04-04T14:45:34.991Z","level":"INFO","device":"868120018681","event":"9208_RAW","detail":"0C35342E33372E3232352E36350D320000868120018681002604041445340B0200383638313230303138363831303032363034303431343435333430623032303000000000000000000000000000000000"}
{"ts":"2026-04-04T14:45:34.991Z","level":"INFO","device":"868120018681","event":"UPLOAD_TRIGGERED","detail":"media: 54.37.225.65:3378 | alarmId: 868120018681002604041445340B0200"}
{"ts":"2026-04-04T14:45:34.992Z","level":"INFO","device":"868120018681","event":"MEDIA_CONNECTING","detail":"54.37.225.65:3378 files=2"}
{"ts":"2026-04-04T14:45:34.997Z","level":"INFO","device":"868120018681","event":"RX_MSG","detail":"0x8001 bodyLen=5"}
{"ts":"2026-04-04T14:45:34.997Z","level":"INFO","device":"868120018681","event":"SERVER_ACK","detail":"0x0800 result=OK"}
{"ts":"2026-04-04T14:45:35.000Z","level":"INFO","device":"868120018681","event":"MEDIA_CONNECTED","detail":"54.37.225.65:3378"}
{"ts":"2026-04-04T14:45:35.000Z","level":"INFO","device":"868120018681","event":"FILE_START","detail":"[1/2] 00_64_6401_00_868120018681002604041445340B0200.jpg (30220 bytes)"}
{"ts":"2026-04-04T14:45:35.000Z","level":"INFO","device":"868120018681","event":"SENT_1210","detail":"00_64_6401_00_868120018681002604041445340B0200.jpg"}
{"ts":"2026-04-04T14:45:35.010Z","level":"INFO","device":"868120018681","event":"MEDIA_RX","detail":"7E 80 01 00 05 86 81 20 01 86 81 99 10 00 00 12 10 00 2E 7E"}
{"ts":"2026-04-04T14:45:35.101Z","level":"INFO","device":"868120018681","event":"SENT_RAW_MARKER","detail":"00_64_6401_00_868120018681002604041445340B0200.jpg packet=30282 bytes data=30220 bytes"}
{"ts":"2026-04-04T14:45:35.103Z","level":"INFO","device":"868120018681","event":"SENT_1212","detail":"00_64_6401_00_868120018681002604041445340B0200.jpg type=0"}
{"ts":"2026-04-04T14:45:35.121Z","level":"INFO","device":"868120018681","event":"MEDIA_RX","detail":"7E 92 12 00 36 86 81 20 01 86 81 96 E2 32 30 30 5F 36 34 5F 36 34 30 31 5F 30 30 5F 38 36 38 31 32 30 30 31 38 36 38 31 30 30 32 36 30 34 30 34 31 34 34 35 33 34 30 42 30 32 30 30 2E 6A 70 67 00 00 00 F7 7E"}
{"ts":"2026-04-04T14:45:35.405Z","level":"INFO","device":"868120018681","event":"FILE_START","detail":"[2/2] 02_64_6401_03_868120018681002604041445340B0200.mp4 (1570024 bytes)"}
{"ts":"2026-04-04T14:45:35.405Z","level":"INFO","device":"868120018681","event":"SENT_1210","detail":"02_64_6401_03_868120018681002604041445340B0200.mp4"}
{"ts":"2026-04-04T14:45:35.415Z","level":"INFO","device":"868120018681","event":"MEDIA_RX","detail":"7E 80 01 00 05 86 81 20 01 86 81 EA 84 00 02 12 10 00 CB 7E"}
{"ts":"2026-04-04T14:45:35.510Z","level":"INFO","device":"868120018681","event":"SENT_RAW_MARKER","detail":"02_64_6401_03_868120018681002604041445340B0200.mp4 packet=1570086 bytes data=1570024 bytes"}
{"ts":"2026-04-04T14:45:35.557Z","level":"INFO","device":"868120018681","event":"SENT_1212","detail":"02_64_6401_03_868120018681002604041445340B0200.mp4 type=2"}
{"ts":"2026-04-04T14:45:35.587Z","level":"INFO","device":"868120018681","event":"MEDIA_RX","detail":"7E 92 12 00 36 86 81 20 01 86 81 3D 9F 32 30 32 5F 36 34 5F 36 34 30 31 5F 30 33 5F 38 36 38 31 32 30 30 31 38 36 38 31 30 30 32 36 30 34 30 34 31 34 34 35 33 34 30 42 30 32 30 30 2E 6D 70 34 02 00 00 76 7E"}
{"ts":"2026-04-04T14:45:35.857Z","level":"INFO","device":"868120018681","event":"BATCH_COMPLETE","detail":"All 2 files sent"}
{"ts":"2026-04-04T14:45:35.869Z","level":"INFO","device":"868120018681","event":"MEDIA_CLOSED","detail":""}
{"ts":"2026-04-04T14:45:44.958Z","level":"INFO","device":"868120018681","event":"GPS_SENT","detail":""}
{"ts":"2026-04-04T14:45:44.962Z","level":"INFO","device":"200000000001","event":"HEARTBEAT_SENT","detail":"0x0002"}
{"ts":"2026-04-04T14:45:44.969Z","level":"INFO","device":"200000000001","event":"OBD2_SENT_0x0200","detail":"Lat: 51.733065, Lng: 0.487140 | Speed: 50km/h | RPM: 2780"}
{"ts":"2026-04-04T14:45:44.969Z","level":"INFO","device":"868120018681","event":"RX_MSG","detail":"0x8001 bodyLen=5"}
{"ts":"2026-04-04T14:45:44.969Z","level":"INFO","device":"868120018681","event":"SERVER_ACK","detail":"0x0200 result=OK"}
{"ts":"2026-04-04T14:45:44.972Z","level":"INFO","device":"200000000001","event":"SERVER_ACK","detail":"0x8001 Universal Reply Received"}
{"ts":"2026-04-04T14:45:44.975Z","level":"INFO","device":"868120018681","event":"INCIDENT_SENT","detail":"mediaId=12 alarmId=868120018681002604041445440C0200"}
{"ts":"2026-04-04T14:45:44.983Z","level":"INFO","device":"868120018681","event":"RX_MSG","detail":"0x8001 bodyLen=5"}
{"ts":"2026-04-04T14:45:44.983Z","level":"INFO","device":"868120018681","event":"SERVER_ACK","detail":"0x0200 result=OK"}
{"ts":"2026-04-04T14:45:44.984Z","level":"INFO","device":"200000000001","event":"SERVER_ACK","detail":"0x8001 Universal Reply Received"}
{"ts":"2026-04-04T14:45:44.988Z","level":"INFO","device":"868120018681","event":"RX_MSG","detail":"0x9208 bodyLen=81"}
{"ts":"2026-04-04T14:45:44.989Z","level":"INFO","device":"868120018681","event":"9208_RAW","detail":"0C35342E33372E3232352E36350D320000868120018681002604041445440C0200383638313230303138363831303032363034303431343435343430633032303000000000000000000000000000000000"}
{"ts":"2026-04-04T14:45:44.989Z","level":"INFO","device":"868120018681","event":"UPLOAD_TRIGGERED","detail":"media: 54.37.225.65:3378 | alarmId: 868120018681002604041445440C0200"}
{"ts":"2026-04-04T14:45:44.991Z","level":"INFO","device":"868120018681","event":"MEDIA_CONNECTING","detail":"54.37.225.65:3378 files=2"}
{"ts":"2026-04-04T14:45:44.994Z","level":"INFO","device":"868120018681","event":"RX_MSG","detail":"0x8001 bodyLen=5"}
{"ts":"2026-04-04T14:45:44.994Z","level":"INFO","device":"868120018681","event":"SERVER_ACK","detail":"0x0800 result=OK"}
{"ts":"2026-04-04T14:45:44.999Z","level":"INFO","device":"868120018681","event":"MEDIA_CONNECTED","detail":"54.37.225.65:3378"}
{"ts":"2026-04-04T14:45:44.999Z","level":"INFO","device":"868120018681","event":"FILE_START","detail":"[1/2] 00_64_6401_00_868120018681002604041445440C0200.jpg (30220 bytes)"}
{"ts":"2026-04-04T14:45:44.999Z","level":"INFO","device":"868120018681","event":"SENT_1210","detail":"00_64_6401_00_868120018681002604041445440C0200.jpg"}
{"ts":"2026-04-04T14:45:45.007Z","level":"INFO","device":"868120018681","event":"MEDIA_RX","detail":"7E 80 01 00 05 86 81 20 01 86 81 87 17 00 00 12 10 00 37 7E"}
{"ts":"2026-04-04T14:45:45.101Z","level":"INFO","device":"868120018681","event":"SENT_RAW_MARKER","detail":"00_64_6401_00_868120018681002604041445440C0200.jpg packet=30282 bytes data=30220 bytes"}
{"ts":"2026-04-04T14:45:45.101Z","level":"INFO","device":"868120018681","event":"SENT_1212","detail":"00_64_6401_00_868120018681002604041445440C0200.jpg type=0"}
{"ts":"2026-04-04T14:45:45.119Z","level":"INFO","device":"868120018681","event":"MEDIA_RX","detail":"7E 92 12 00 36 86 81 20 01 86 81 73 CA 32 30 30 5F 36 34 5F 36 34 30 31 5F 30 30 5F 38 36 38 31 32 30 30 31 38 36 38 31 30 30 32 36 30 34 30 34 31 34 34 35 34 34 30 43 30 32 30 30 2E 6A 70 67 00 00 00 3C 7E"}
{"ts":"2026-04-04T14:45:45.402Z","level":"INFO","device":"868120018681","event":"FILE_START","detail":"[2/2] 02_64_6401_03_868120018681002604041445440C0200.mp4 (1570024 bytes)"}
{"ts":"2026-04-04T14:45:45.403Z","level":"INFO","device":"868120018681","event":"SENT_1210","detail":"02_64_6401_03_868120018681002604041445440C0200.mp4"}
{"ts":"2026-04-04T14:45:45.413Z","level":"INFO","device":"868120018681","event":"MEDIA_RX","detail":"7E 80 01 00 05 86 81 20 01 86 81 F4 54 00 02 12 10 00 05 7E"}
{"ts":"2026-04-04T14:45:45.508Z","level":"INFO","device":"868120018681","event":"SENT_RAW_MARKER","detail":"02_64_6401_03_868120018681002604041445440C0200.mp4 packet=1570086 bytes data=1570024 bytes"}
{"ts":"2026-04-04T14:45:45.916Z","level":"INFO","device":"868120018681","event":"SENT_1212","detail":"02_64_6401_03_868120018681002604041445440C0200.mp4 type=2"}
{"ts":"2026-04-04T14:45:45.973Z","level":"INFO","device":"868120018681","event":"MEDIA_RX","detail":"7E 92 12 00 36 86 81 20 01 86 81 A4 30 32 30 32 5F 36 34 5F 36 34 30 31 5F 30 33 5F 38 36 38 31 32 30 30 31 38 36 38 31 30 30 32 36 30 34 30 34 31 34 34 35 34 34 30 43 30 32 30 30 2E 6D 70 34 02 00 00 46 7E"}
{"ts":"2026-04-04T14:45:46.315Z","level":"INFO","device":"868120018681","event":"BATCH_COMPLETE","detail":"All 2 files sent"}
{"ts":"2026-04-04T14:45:46.358Z","level":"INFO","device":"868120018681","event":"MEDIA_CLOSED","detail":""}
{"ts":"2026-04-04T14:45:54.978Z","level":"INFO","device":"868120018681","event":"INCIDENT_SENT","detail":"mediaId=13 alarmId=868120018681002604041445540D0200"}
{"ts":"2026-04-04T14:45:55.006Z","level":"INFO","device":"868120018681","event":"RX_MSG","detail":"0x8001 bodyLen=5"}
{"ts":"2026-04-04T14:45:55.006Z","level":"INFO","device":"868120018681","event":"SERVER_ACK","detail":"0x0200 result=OK"}
{"ts":"2026-04-04T14:45:55.012Z","level":"INFO","device":"868120018681","event":"RX_MSG","detail":"0x9208 bodyLen=81"}
{"ts":"2026-04-04T14:45:55.014Z","level":"INFO","device":"868120018681","event":"9208_RAW","detail":"0C35342E33372E3232352E36350D320000868120018681002604041445540D0200383638313230303138363831303032363034303431343435353430643032303000000000000000000000000000000000"}
{"ts":"2026-04-04T14:45:55.014Z","level":"INFO","device":"868120018681","event":"UPLOAD_TRIGGERED","detail":"media: 54.37.225.65:3378 | alarmId: 868120018681002604041445540D0200"}
{"ts":"2026-04-04T14:45:55.014Z","level":"INFO","device":"868120018681","event":"MEDIA_CONNECTING","detail":"54.37.225.65:3378 files=2"}
{"ts":"2026-04-04T14:45:55.022Z","level":"INFO","device":"868120018681","event":"RX_MSG","detail":"0x8001 bodyLen=5"}
{"ts":"2026-04-04T14:45:55.022Z","level":"INFO","device":"868120018681","event":"SERVER_ACK","detail":"0x0800 result=OK"}
{"ts":"2026-04-04T14:45:55.025Z","level":"INFO","device":"868120018681","event":"MEDIA_CONNECTED","detail":"54.37.225.65:3378"}
{"ts":"2026-04-04T14:45:55.026Z","level":"INFO","device":"868120018681","event":"FILE_START","detail":"[1/2] 00_64_6401_00_868120018681002604041445540D0200.jpg (30220 bytes)"}
{"ts":"2026-04-04T14:45:55.026Z","level":"INFO","device":"868120018681","event":"SENT_1210","detail":"00_64_6401_00_868120018681002604041445540D0200.jpg"}
{"ts":"2026-04-04T14:45:55.036Z","level":"INFO","device":"868120018681","event":"MEDIA_RX","detail":"7E 80 01 00 05 86 81 20 01 86 81 FA BF 00 00 12 10 00 E2 7E"}
{"ts":"2026-04-04T14:45:55.129Z","level":"INFO","device":"868120018681","event":"SENT_RAW_MARKER","detail":"00_64_6401_00_868120018681002604041445540D0200.jpg packet=30282 bytes data=30220 bytes"}
{"ts":"2026-04-04T14:45:55.130Z","level":"INFO","device":"868120018681","event":"SENT_1212","detail":"00_64_6401_00_868120018681002604041445540D0200.jpg type=0"}
{"ts":"2026-04-04T14:45:55.147Z","level":"INFO","device":"868120018681","event":"RECONNECTING","detail":"attempt 1, backoff 1146ms"}
{"ts":"2026-04-04T14:45:55.151Z","level":"ERROR","device":"868120018681","event":"MEDIA_ERROR","detail":"54.37.225.65:3378 — read ECONNRESET"}
{"ts":"2026-04-04T14:45:55.151Z","level":"INFO","device":"868120018681","event":"MEDIA_CLOSED","detail":""}
{"ts":"2026-04-04T14:45:55.432Z","level":"INFO","device":"868120018681","event":"FILE_START","detail":"[2/2] 02_64_6401_03_868120018681002604041445540D0200.mp4 (1570024 bytes)"}
{"ts":"2026-04-04T14:45:55.433Z","level":"INFO","device":"868120018681","event":"SENT_1210","detail":"02_64_6401_03_868120018681002604041445540D0200.mp4"}
{"ts":"2026-04-04T14:45:55.469Z","level":"INFO","device":"200000000001","event":"RECONNECTING","detail":"OBD2 Backoff 1000ms"}
{"ts":"2026-04-04T14:45:55.534Z","level":"INFO","device":"868120018681","event":"SENT_RAW_MARKER","detail":"02_64_6401_03_868120018681002604041445540D0200.mp4 packet=1570086 bytes data=1570024 bytes"}
{"ts":"2026-04-04T14:45:55.535Z","level":"INFO","device":"868120018681","event":"SENT_1212","detail":"02_64_6401_03_868120018681002604041445540D0200.mp4 type=2"}
{"ts":"2026-04-04T14:45:55.838Z","level":"INFO","device":"868120018681","event":"BATCH_COMPLETE","detail":"All 2 files sent"}
{"ts":"2026-04-04T14:45:56.307Z","level":"ERROR","device":"868120018681","event":"SOCKET_ERROR","detail":"ECONNREFUSED"}
{"ts":"2026-04-04T14:45:56.307Z","level":"INFO","device":"868120018681","event":"RECONNECTING","detail":"attempt 2, backoff 2375ms"}
{"ts":"2026-04-04T14:45:56.483Z","level":"ERROR","device":"200000000001","event":"SOCKET_ERROR","detail":"ECONNREFUSED"}
{"ts":"2026-04-04T14:45:56.483Z","level":"INFO","device":"200000000001","event":"RECONNECTING","detail":"OBD2 Backoff 2000ms"}
{"ts":"2026-04-04T14:45:58.499Z","level":"ERROR","device":"200000000001","event":"SOCKET_ERROR","detail":"ECONNREFUSED"}
{"ts":"2026-04-04T14:45:58.499Z","level":"INFO","device":"200000000001","event":"RECONNECTING","detail":"OBD2 Backoff 4000ms"}
{"ts":"2026-04-04T14:45:58.694Z","level":"ERROR","device":"868120018681","event":"SOCKET_ERROR","detail":"ECONNREFUSED"}
{"ts":"2026-04-04T14:45:58.694Z","level":"INFO","device":"868120018681","event":"RECONNECTING","detail":"attempt 3, backoff 4503ms"}
{"ts":"2026-04-04T14:46:02.513Z","level":"INFO","device":"200000000001","event":"OBD2_CONNECTED","detail":"Binary Mode"}
{"ts":"2026-04-04T14:46:02.529Z","level":"INFO","device":"200000000001","event":"SERVER_ACK","detail":"0x8100 Registration Reply Received"}
{"ts":"2026-04-04T14:46:03.033Z","level":"INFO","device":"200000000001","event":"SERVER_ACK","detail":"0x8001 Universal Reply Received"}
{"ts":"2026-04-04T14:46:03.210Z","level":"INFO","device":"868120018681","event":"CONNECTED","detail":"id:868120018681"}
{"ts":"2026-04-04T14:46:03.324Z","level":"INFO","device":"868120018681","event":"RX_MSG","detail":"0x9208 bodyLen=81"}
{"ts":"2026-04-04T14:46:03.324Z","level":"INFO","device":"868120018681","event":"9208_RAW","detail":"0C35342E33372E3232352E36350D32000001868120018681002604041445340B02303138363831323030313836383130303236303430343134343533343062303200000000000000000000000000000000"}
{"ts":"2026-04-04T14:46:03.324Z","level":"INFO","device":"868120018681","event":"UPLOAD_TRIGGERED","detail":"media: 54.37.225.65:3378 | alarmId: 01868120018681002604041445340B02"}
{"ts":"2026-04-04T14:46:03.324Z","level":"INFO","device":"868120018681","event":"MEDIA_CONNECTING","detail":"54.37.225.65:3378 files=2"}
{"ts":"2026-04-04T14:46:03.333Z","level":"INFO","device":"868120018681","event":"RX_MSG","detail":"0x8001 bodyLen=5"}
{"ts":"2026-04-04T14:46:03.334Z","level":"INFO","device":"868120018681","event":"SERVER_ACK","detail":"0x0102 result=OK"}
{"ts":"2026-04-04T14:46:03.334Z","level":"INFO","device":"868120018681","event":"MEDIA_CONNECTED","detail":"54.37.225.65:3378"}
{"ts":"2026-04-04T14:46:03.334Z","level":"INFO","device":"868120018681","event":"FILE_START","detail":"[1/2] 00_64_6401_00_01868120018681002604041445340B02.jpg (30220 bytes)"}
{"ts":"2026-04-04T14:46:03.334Z","level":"INFO","device":"868120018681","event":"SENT_1210","detail":"00_64_6401_00_01868120018681002604041445340B02.jpg"}
{"ts":"2026-04-04T14:46:03.345Z","level":"INFO","device":"868120018681","event":"MEDIA_RX","detail":"7E 80 01 00 05 86 81 20 01 86 81 D4 5A 00 00 12 10 00 29 7E"}
{"ts":"2026-04-04T14:46:03.438Z","level":"INFO","device":"868120018681","event":"SENT_RAW_MARKER","detail":"00_64_6401_00_01868120018681002604041445340B02.jpg packet=30282 bytes data=30220 bytes"}
{"ts":"2026-04-04T14:46:03.439Z","level":"INFO","device":"868120018681","event":"SENT_1212","detail":"00_64_6401_00_01868120018681002604041445340B02.jpg type=0"}
{"ts":"2026-04-04T14:46:03.461Z","level":"INFO","device":"868120018681","event":"MEDIA_RX","detail":"7E 92 12 00 36 86 81 20 01 86 81 9B AD 32 30 30 5F 36 34 5F 36 34 30 31 5F 30 30 5F 30 31 38 36 38 31 32 30 30 31 38 36 38 31 30 30 32 36 30 34 30 34 31 34 34 35 33 34 30 42 30 32 2E 6A 70 67 00 00 00 B4 7E"}
{"ts":"2026-04-04T14:46:03.743Z","level":"INFO","device":"868120018681","event":"FILE_START","detail":"[2/2] 02_64_6401_03_01868120018681002604041445340B02.mp4 (1570024 bytes)"}
{"ts":"2026-04-04T14:46:03.744Z","level":"INFO","device":"868120018681","event":"SENT_1210","detail":"02_64_6401_03_01868120018681002604041445340B02.mp4"}
{"ts":"2026-04-04T14:46:03.753Z","level":"INFO","device":"868120018681","event":"MEDIA_RX","detail":"7E 80 01 00 05 86 81 20 01 86 81 1C 3B 00 02 12 10 00 82 7E"}
{"ts":"2026-04-04T14:46:03.846Z","level":"INFO","device":"868120018681","event":"SENT_RAW_MARKER","detail":"02_64_6401_03_01868120018681002604041445340B02.mp4 packet=1570086 bytes data=1570024 bytes"}
{"ts":"2026-04-04T14:46:03.887Z","level":"INFO","device":"868120018681","event":"SENT_1212","detail":"02_64_6401_03_01868120018681002604041445340B02.mp4 type=2"}
{"ts":"2026-04-04T14:46:03.921Z","level":"INFO","device":"868120018681","event":"MEDIA_RX","detail":"7E 92 12 00 36 86 81 20 01 86 81 8A 08 32 30 32 5F 36 34 5F 36 34 30 31 5F 30 33 5F 30 31 38 36 38 31 32 30 30 31 38 36 38 31 30 30 32 36 30 34 30 34 31 34 34 35 33 34 30 42 30 32 2E 6D 70 34 02 00 00 57 7E"}
{"ts":"2026-04-04T14:46:04.188Z","level":"INFO","device":"868120018681","event":"BATCH_COMPLETE","detail":"All 2 files sent"}
{"ts":"2026-04-04T14:46:04.202Z","level":"INFO","device":"868120018681","event":"MEDIA_CLOSED","detail":""}
{"ts":"2026-04-04T14:46:05.925Z","level":"INFO","device":"868120018681","event":"RX_MSG","detail":"0x9208 bodyLen=81"}
{"ts":"2026-04-04T14:46:05.926Z","level":"INFO","device":"868120018681","event":"9208_RAW","detail":"0C35342E33372E3232352E36350D32000086812001868100260404144514090200383638313230303138363831303032363034303431343435313430393032303000000000000000000000000000000000"}
{"ts":"2026-04-04T14:46:05.926Z","level":"INFO","device":"868120018681","event":"UPLOAD_TRIGGERED","detail":"media: 54.37.225.65:3378 | alarmId: 86812001868100260404144514090200"}
{"ts":"2026-04-04T14:46:05.926Z","level":"INFO","device":"868120018681","event":"MEDIA_CONNECTING","detail":"54.37.225.65:3378 files=2"}
{"ts":"2026-04-04T14:46:05.933Z","level":"INFO","device":"868120018681","event":"MEDIA_CONNECTED","detail":"54.37.225.65:3378"}
{"ts":"2026-04-04T14:46:05.933Z","level":"INFO","device":"868120018681","event":"FILE_START","detail":"[1/2] 00_64_6401_00_86812001868100260404144514090200.jpg (30220 bytes)"}
{"ts":"2026-04-04T14:46:05.934Z","level":"INFO","device":"868120018681","event":"SENT_1210","detail":"00_64_6401_00_86812001868100260404144514090200.jpg"}
{"ts":"2026-04-04T14:46:05.944Z","level":"INFO","device":"868120018681","event":"MEDIA_RX","detail":"7E 80 01 00 05 86 81 20 01 86 81 41 83 00 00 12 10 00 65 7E"}
{"ts":"2026-04-04T14:46:06.035Z","level":"INFO","device":"868120018681","event":"SENT_RAW_MARKER","detail":"00_64_6401_00_86812001868100260404144514090200.jpg packet=30282 bytes data=30220 bytes"}
{"ts":"2026-04-04T14:46:06.035Z","level":"INFO","device":"868120018681","event":"SENT_1212","detail":"00_64_6401_00_86812001868100260404144514090200.jpg type=0"}
{"ts":"2026-04-04T14:46:06.057Z","level":"INFO","device":"868120018681","event":"MEDIA_RX","detail":"7E 92 12 00 36 86 81 20 01 86 81 06 37 32 30 30 5F 36 34 5F 36 34 30 31 5F 30 30 5F 38 36 38 31 32 30 30 31 38 36 38 31 30 30 32 36 30 34 30 34 31 34 34 35 31 34 30 39 30 32 30 30 2E 6A 70 67 00 00 00 CB 7E"}
{"ts":"2026-04-04T14:46:06.339Z","level":"INFO","device":"868120018681","event":"FILE_START","detail":"[2/2] 02_64_6401_03_86812001868100260404144514090200.mp4 (1570024 bytes)"}
{"ts":"2026-04-04T14:46:06.339Z","level":"INFO","device":"868120018681","event":"SENT_1210","detail":"02_64_6401_03_86812001868100260404144514090200.mp4"}
{"ts":"2026-04-04T14:46:06.350Z","level":"INFO","device":"868120018681","event":"MEDIA_RX","detail":"7E 80 01 00 05 86 81 20 01 86 81 3D 91 00 02 12 10 00 09 7E"}
{"ts":"2026-04-04T14:46:06.442Z","level":"INFO","device":"868120018681","event":"SENT_RAW_MARKER","detail":"02_64_6401_03_86812001868100260404144514090200.mp4 packet=1570086 bytes data=1570024 bytes"}
{"ts":"2026-04-04T14:46:06.478Z","level":"INFO","device":"868120018681","event":"SENT_1212","detail":"02_64_6401_03_86812001868100260404144514090200.mp4 type=2"}
{"ts":"2026-04-04T14:46:06.520Z","level":"INFO","device":"868120018681","event":"MEDIA_RX","detail":"7E 92 12 00 36 86 81 20 01 86 81 36 8E 32 30 32 5F 36 34 5F 36 34 30 31 5F 30 33 5F 38 36 38 31 32 30 30 31 38 36 38 31 30 30 32 36 30 34 30 34 31 34 34 35 31 34 30 39 30 32 30 30 2E 6D 70 34 02 00 00 15 7E"}
{"ts":"2026-04-04T14:46:06.782Z","level":"INFO","device":"868120018681","event":"BATCH_COMPLETE","detail":"All 2 files sent"}
{"ts":"2026-04-04T14:46:06.793Z","level":"INFO","device":"868120018681","event":"MEDIA_CLOSED","detail":""}
{"ts":"2026-04-04T14:46:08.573Z","level":"INFO","device":"868120018681","event":"RX_MSG","detail":"0x9208 bodyLen=81"}
{"ts":"2026-04-04T14:46:08.573Z","level":"INFO","device":"868120018681","event":"9208_RAW","detail":"0C35342E33372E3232352E36350D320000868120018681002604041445540D0200383638313230303138363831303032363034303431343435353430643032303000000000000000000000000000000000"}
{"ts":"2026-04-04T14:46:08.573Z","level":"INFO","device":"868120018681","event":"UPLOAD_TRIGGERED","detail":"media: 54.37.225.65:3378 | alarmId: 868120018681002604041445540D0200"}
{"ts":"2026-04-04T14:46:08.573Z","level":"INFO","device":"868120018681","event":"MEDIA_CONNECTING","detail":"54.37.225.65:3378 files=2"}
{"ts":"2026-04-04T14:46:08.580Z","level":"INFO","device":"868120018681","event":"MEDIA_CONNECTED","detail":"54.37.225.65:3378"}
{"ts":"2026-04-04T14:46:08.580Z","level":"INFO","device":"868120018681","event":"FILE_START","detail":"[1/2] 00_64_6401_00_868120018681002604041445540D0200.jpg (30220 bytes)"}
{"ts":"2026-04-04T14:46:08.580Z","level":"INFO","device":"868120018681","event":"SENT_1210","detail":"00_64_6401_00_868120018681002604041445540D0200.jpg"}
{"ts":"2026-04-04T14:46:08.591Z","level":"INFO","device":"868120018681","event":"MEDIA_RX","detail":"7E 80 01 00 05 86 81 20 01 86 81 4C 47 00 00 12 10 00 AC 7E"}
{"ts":"2026-04-04T14:46:08.683Z","level":"INFO","device":"868120018681","event":"SENT_RAW_MARKER","detail":"00_64_6401_00_868120018681002604041445540D0200.jpg packet=30282 bytes data=30220 bytes"}
{"ts":"2026-04-04T14:46:08.683Z","level":"INFO","device":"868120018681","event":"SENT_1212","detail":"00_64_6401_00_868120018681002604041445540D0200.jpg type=0"}
{"ts":"2026-04-04T14:46:08.709Z","level":"INFO","device":"868120018681","event":"MEDIA_RX","detail":"7E 92 12 00 36 86 81 20 01 86 81 72 9B 32 30 30 5F 36 34 5F 36 34 30 31 5F 30 30 5F 38 36 38 31 32 30 30 31 38 36 38 31 30 30 32 36 30 34 30 34 31 34 34 35 35 34 30 44 30 32 30 30 2E 6A 70 67 00 00 00 6A 7E"}
{"ts":"2026-04-04T14:46:08.985Z","level":"INFO","device":"868120018681","event":"FILE_START","detail":"[2/2] 02_64_6401_03_868120018681002604041445540D0200.mp4 (1570024 bytes)"}
{"ts":"2026-04-04T14:46:08.985Z","level":"INFO","device":"868120018681","event":"SENT_1210","detail":"02_64_6401_03_868120018681002604041445540D0200.mp4"}
{"ts":"2026-04-04T14:46:08.995Z","level":"INFO","device":"868120018681","event":"MEDIA_RX","detail":"7E 80 01 00 05 86 81 20 01 86 81 A3 15 00 02 12 10 00 13 7E"}
{"ts":"2026-04-04T14:46:09.087Z","level":"INFO","device":"868120018681","event":"SENT_RAW_MARKER","detail":"02_64_6401_03_868120018681002604041445540D0200.mp4 packet=1570086 bytes data=1570024 bytes"}
{"ts":"2026-04-04T14:46:09.129Z","level":"INFO","device":"868120018681","event":"SENT_1212","detail":"02_64_6401_03_868120018681002604041445540D0200.mp4 type=2"}
{"ts":"2026-04-04T14:46:09.167Z","level":"INFO","device":"868120018681","event":"MEDIA_RX","detail":"7E 92 12 00 36 86 81 20 01 86 81 A9 9E 32 30 32 5F 36 34 5F 36 34 30 31 5F 30 33 5F 38 36 38 31 32 30 30 31 38 36 38 31 30 30 32 36 30 34 30 34 31 34 34 35 35 34 30 44 30 32 30 30 2E 6D 70 34 02 00 00 E3 7E"}
{"ts":"2026-04-04T14:46:09.506Z","level":"INFO","device":"868120018681","event":"BATCH_COMPLETE","detail":"All 2 files sent"}
{"ts":"2026-04-04T14:46:09.517Z","level":"INFO","device":"868120018681","event":"MEDIA_CLOSED","detail":""}
{"ts":"2026-04-04T14:46:38.567Z","level":"INFO","device":"868120018681","event":"DISCONNECTED","detail":"clean stop"}
{"ts":"2026-04-04T14:46:38.568Z","level":"INFO","device":"200000000001","event":"DISCONNECTED","detail":"clean stop"}
{"ts":"2026-04-04T14:46:38.569Z","level":"INFO","device":"868120018681","event":"LIVE_STREAM_CLOSED","detail":"Stream ended."}

[SUMMARY] Run duration: 176s
[SUMMARY] GPS packets sent: 14
[SUMMARY] OBD2 packets sent: 8
[SUMMARY] DTC faults sent: 0
[SUMMARY] Incidents fired: 13
[SUMMARY] Videos uploaded OK: 16
[SUMMARY] Videos failed: 1
[SUMMARY] Tracker pings sent: 0
[SUMMARY] Reconnections: 0
[SUMMARY] Log file: logs/sim-2026-04-04T14-43-44.log
