{"ts":"2026-04-03T14:19:26.803Z","level":"INFO","device":"868120018681","event":"CONNECTED","detail":"id:868120018681"}
{"ts":"2026-04-03T14:19:26.895Z","level":"INFO","device":"868120018681","event":"RX_MSG","detail":"0x8001 bodyLen=5"}
{"ts":"2026-04-03T14:19:26.895Z","level":"INFO","device":"868120018681","event":"SERVER_ACK","detail":"0x0102 result=OK"}
{"ts":"2026-04-03T14:19:36.787Z","level":"INFO","device":"868120018681","event":"INCIDENT_SENT","detail":"mediaId=1 alarmId=86812001868100260403141936010200"}
{"ts":"2026-04-03T14:19:36.804Z","level":"INFO","device":"868120018681","event":"RX_MSG","detail":"0x8001 bodyLen=5"}
{"ts":"2026-04-03T14:19:36.804Z","level":"INFO","device":"868120018681","event":"SERVER_ACK","detail":"0x0200 result=OK"}
{"ts":"2026-04-03T14:19:36.806Z","level":"INFO","device":"868120018681","event":"RX_MSG","detail":"0x9208 bodyLen=81"}
{"ts":"2026-04-03T14:19:36.806Z","level":"INFO","device":"868120018681","event":"9208_RAW","detail":"0C35342E33372E3232352E36350D32000086812001868100260403141936010200383638313230303138363831303032363034303331343139333630313032303000000000000000000000000000000000"}
{"ts":"2026-04-03T14:19:36.807Z","level":"INFO","device":"868120018681","event":"UPLOAD_TRIGGERED","detail":"media: 54.37.225.65:3378 | alarmId: 86812001868100260403141936010200"}
{"ts":"2026-04-03T14:19:36.807Z","level":"INFO","device":"868120018681","event":"MEDIA_CONNECTING","detail":"54.37.225.65:3378 files=2"}
{"ts":"2026-04-03T14:19:36.834Z","level":"INFO","device":"868120018681","event":"RX_MSG","detail":"0x8001 bodyLen=5"}
{"ts":"2026-04-03T14:19:36.834Z","level":"INFO","device":"868120018681","event":"SERVER_ACK","detail":"0x0800 result=OK"}
{"ts":"2026-04-03T14:19:36.835Z","level":"INFO","device":"868120018681","event":"MEDIA_CONNECTED","detail":"54.37.225.65:3378"}
{"ts":"2026-04-03T14:19:36.835Z","level":"INFO","device":"868120018681","event":"FILE_START","detail":"[1/2] 00_64_6401_00_86812001868100260403141936010200.jpg (215 bytes)"}
{"ts":"2026-04-03T14:19:36.836Z","level":"INFO","device":"868120018681","event":"SENT_1210","detail":"00_64_6401_00_86812001868100260403141936010200.jpg"}
{"ts":"2026-04-03T14:19:36.859Z","level":"INFO","device":"868120018681","event":"MEDIA_RX","detail":"7E 80 01 00 05 86 81 20 01 86 81 83 88 00 00 12 10 00 AC 7E"}
{"ts":"2026-04-03T14:19:36.938Z","level":"INFO","device":"868120018681","event":"SENT_RAW_MARKER","detail":"00_64_6401_00_86812001868100260403141936010200.jpg packet=277 bytes data=215 bytes"}
{"ts":"2026-04-03T14:19:36.939Z","level":"INFO","device":"868120018681","event":"SENT_1212","detail":"00_64_6401_00_86812001868100260403141936010200.jpg type=0"}
{"ts":"2026-04-03T14:19:37.075Z","level":"INFO","device":"868120018681","event":"MEDIA_RX","detail":"7E 92 12 00 36 86 81 20 01 86 81 59 D2 32 30 30 5F 36 34 5F 36 34 30 31 5F 30 30 5F 38 36 38 31 32 30 30 31 38 36 38 31 30 30 32 36 30 34 30 33 31 34 31 39 33 36 30 31 30 32 30 30 2E 6A 70 67 00 00 00 77 7E"}
{"ts":"2026-04-03T14:19:37.261Z","level":"INFO","device":"868120018681","event":"FILE_START","detail":"[2/2] 02_64_6401_03_86812001868100260403141936010200.mp4 (65536 bytes)"}
{"ts":"2026-04-03T14:19:37.261Z","level":"INFO","device":"868120018681","event":"SENT_1210","detail":"02_64_6401_03_86812001868100260403141936010200.mp4"}
{"ts":"2026-04-03T14:19:37.306Z","level":"INFO","device":"868120018681","event":"MEDIA_RX","detail":"7E 80 01 00 05 86 81 20 01 86 81 91 99 00 02 12 10 00 AD 7E"}
{"ts":"2026-04-03T14:19:37.392Z","level":"INFO","device":"868120018681","event":"SENT_RAW_MARKER","detail":"02_64_6401_03_86812001868100260403141936010200.mp4 packet=65598 bytes data=65536 bytes"}
{"ts":"2026-04-03T14:19:37.392Z","level":"INFO","device":"868120018681","event":"SENT_1212","detail":"02_64_6401_03_86812001868100260403141936010200.mp4 type=2"}
{"ts":"2026-04-03T14:19:37.562Z","level":"INFO","device":"868120018681","event":"MEDIA_RX","detail":"7E 92 12 00 36 86 81 20 01 86 81 D5 5C 32 30 32 5F 36 34 5F 36 34 30 31 5F 30 33 5F 38 36 38 31 32 30 30 31 38 36 38 31 30 30 32 36 30 34 30 33 31 34 31 39 33 36 30 31 30 32 30 30 2E 6D 70 34 02 00 00 22 7E"}
{"ts":"2026-04-03T14:19:37.693Z","level":"INFO","device":"868120018681","event":"BATCH_COMPLETE","detail":"All 2 files sent"}
{"ts":"2026-04-03T14:19:37.837Z","level":"INFO","device":"868120018681","event":"MEDIA_CLOSED","detail":""}
{"ts":"2026-04-03T14:19:41.718Z","level":"INFO","device":"868120018681","event":"RX_MSG","detail":"0x9101 bodyLen=20"}
{"ts":"2026-04-03T14:19:41.718Z","level":"INFO","device":"868120018681","event":"SENT_ACK","detail":"0x0001 acknowledging Live Stream Request"}
{"ts":"2026-04-03T14:19:41.718Z","level":"INFO","device":"868120018681","event":"LIVE_STREAM_REQ","detail":"Target: 54.37.225.65:3377 | Channel: 2"}
{"ts":"2026-04-03T14:19:41.719Z","level":"INFO","device":"868120018681","event":"LIVE_STREAM_CONNECTING","detail":"54.37.225.65:3377"}
{"ts":"2026-04-03T14:19:41.729Z","level":"INFO","device":"868120018681","event":"LIVE_STREAM_CONNECTED","detail":"Pumping real video frames..."}
{"ts":"2026-04-03T14:19:46.785Z","level":"INFO","device":"868120018681","event":"GPS_SENT","detail":""}
{"ts":"2026-04-03T14:19:46.786Z","level":"INFO","device":"868120018681","event":"INCIDENT_SENT","detail":"mediaId=2 alarmId=86812001868100260403141946020200"}
{"ts":"2026-04-03T14:19:46.810Z","level":"INFO","device":"868120018681","event":"RX_MSG","detail":"0x8001 bodyLen=5"}
{"ts":"2026-04-03T14:19:46.810Z","level":"INFO","device":"868120018681","event":"SERVER_ACK","detail":"0x0200 result=OK"}
{"ts":"2026-04-03T14:19:46.810Z","level":"INFO","device":"868120018681","event":"RX_MSG","detail":"0x8001 bodyLen=5"}
{"ts":"2026-04-03T14:19:46.810Z","level":"INFO","device":"868120018681","event":"SERVER_ACK","detail":"0x0200 result=OK"}
{"ts":"2026-04-03T14:19:46.822Z","level":"INFO","device":"868120018681","event":"RX_MSG","detail":"0x8001 bodyLen=5"}
{"ts":"2026-04-03T14:19:46.822Z","level":"INFO","device":"868120018681","event":"SERVER_ACK","detail":"0x0800 result=OK"}
{"ts":"2026-04-03T14:19:46.833Z","level":"INFO","device":"868120018681","event":"RX_MSG","detail":"0x9208 bodyLen=81"}
{"ts":"2026-04-03T14:19:46.833Z","level":"INFO","device":"868120018681","event":"9208_RAW","detail":"0C35342E33372E3232352E36350D32000086812001868100260403141946020200383638313230303138363831303032363034303331343139343630323032303000000000000000000000000000000000"}
{"ts":"2026-04-03T14:19:46.833Z","level":"INFO","device":"868120018681","event":"UPLOAD_TRIGGERED","detail":"media: 54.37.225.65:3378 | alarmId: 86812001868100260403141946020200"}
{"ts":"2026-04-03T14:19:46.834Z","level":"INFO","device":"868120018681","event":"MEDIA_CONNECTING","detail":"54.37.225.65:3378 files=2"}
{"ts":"2026-04-03T14:19:46.845Z","level":"INFO","device":"868120018681","event":"MEDIA_CONNECTED","detail":"54.37.225.65:3378"}
{"ts":"2026-04-03T14:19:46.845Z","level":"INFO","device":"868120018681","event":"FILE_START","detail":"[1/2] 00_64_6401_00_86812001868100260403141946020200.jpg (215 bytes)"}
{"ts":"2026-04-03T14:19:46.845Z","level":"INFO","device":"868120018681","event":"SENT_1210","detail":"00_64_6401_00_86812001868100260403141946020200.jpg"}
{"ts":"2026-04-03T14:19:46.854Z","level":"INFO","device":"868120018681","event":"MEDIA_RX","detail":"7E 80 01 00 05 86 81 20 01 86 81 EB CD 00 00 12 10 00 81 7E"}
{"ts":"2026-04-03T14:19:46.946Z","level":"INFO","device":"868120018681","event":"SENT_RAW_MARKER","detail":"00_64_6401_00_86812001868100260403141946020200.jpg packet=277 bytes data=215 bytes"}
{"ts":"2026-04-03T14:19:46.947Z","level":"INFO","device":"868120018681","event":"SENT_1212","detail":"00_64_6401_00_86812001868100260403141946020200.jpg type=0"}
{"ts":"2026-04-03T14:19:47.038Z","level":"INFO","device":"868120018681","event":"MEDIA_RX","detail":"7E 92 12 00 36 86 81 20 01 86 81 6B 56 32 30 30 5F 36 34 5F 36 34 30 31 5F 30 30 5F 38 36 38 31 32 30 30 31 38 36 38 31 30 30 32 36 30 34 30 33 31 34 31 39 34 36 30 32 30 32 30 30 2E 6A 70 67 00 00 00 C5 7E"}
{"ts":"2026-04-03T14:19:47.251Z","level":"INFO","device":"868120018681","event":"FILE_START","detail":"[2/2] 02_64_6401_03_86812001868100260403141946020200.mp4 (65536 bytes)"}
{"ts":"2026-04-03T14:19:47.252Z","level":"INFO","device":"868120018681","event":"SENT_1210","detail":"02_64_6401_03_86812001868100260403141946020200.mp4"}
{"ts":"2026-04-03T14:19:47.267Z","level":"INFO","device":"868120018681","event":"MEDIA_RX","detail":"7E 80 01 00 05 86 81 20 01 86 81 A0 AC 00 02 12 10 00 A9 7E"}
{"ts":"2026-04-03T14:19:47.354Z","level":"INFO","device":"868120018681","event":"SENT_RAW_MARKER","detail":"02_64_6401_03_86812001868100260403141946020200.mp4 packet=65598 bytes data=65536 bytes"}
{"ts":"2026-04-03T14:19:47.355Z","level":"INFO","device":"868120018681","event":"SENT_1212","detail":"02_64_6401_03_86812001868100260403141946020200.mp4 type=2"}
{"ts":"2026-04-03T14:19:47.385Z","level":"INFO","device":"868120018681","event":"MEDIA_RX","detail":"7E 92 12 00 36 86 81 20 01 86 81 A8 90 32 30 32 5F 36 34 5F 36 34 30 31 5F 30 33 5F 38 36 38 31 32 30 30 31 38 36 38 31 30 30 32 36 30 34 30 33 31 34 31 39 34 36 30 32 30 32 30 30 2E 6D 70 34 02 00 00 97 7E"}
{"ts":"2026-04-03T14:19:47.658Z","level":"INFO","device":"868120018681","event":"BATCH_COMPLETE","detail":"All 2 files sent"}
{"ts":"2026-04-03T14:19:47.691Z","level":"INFO","device":"868120018681","event":"MEDIA_CLOSED","detail":""}
{"ts":"2026-04-03T14:19:56.788Z","level":"INFO","device":"868120018681","event":"INCIDENT_SENT","detail":"mediaId=3 alarmId=86812001868100260403141956030200"}
{"ts":"2026-04-03T14:19:56.795Z","level":"INFO","device":"868120018681","event":"RX_MSG","detail":"0x8001 bodyLen=5"}
{"ts":"2026-04-03T14:19:56.796Z","level":"INFO","device":"868120018681","event":"SERVER_ACK","detail":"0x0200 result=OK"}
{"ts":"2026-04-03T14:19:56.802Z","level":"INFO","device":"868120018681","event":"RX_MSG","detail":"0x9208 bodyLen=81"}
{"ts":"2026-04-03T14:19:56.827Z","level":"INFO","device":"868120018681","event":"9208_RAW","detail":"0C35342E33372E3232352E36350D32000086812001868100260403141956030200383638313230303138363831303032363034303331343139353630333032303000000000000000000000000000000000"}
{"ts":"2026-04-03T14:19:56.828Z","level":"INFO","device":"868120018681","event":"UPLOAD_TRIGGERED","detail":"media: 54.37.225.65:3378 | alarmId: 86812001868100260403141956030200"}
{"ts":"2026-04-03T14:19:56.828Z","level":"INFO","device":"868120018681","event":"MEDIA_CONNECTING","detail":"54.37.225.65:3378 files=2"}
{"ts":"2026-04-03T14:19:56.829Z","level":"INFO","device":"868120018681","event":"RX_MSG","detail":"0x8001 bodyLen=5"}
{"ts":"2026-04-03T14:19:56.830Z","level":"INFO","device":"868120018681","event":"SERVER_ACK","detail":"0x0800 result=OK"}
{"ts":"2026-04-03T14:19:56.860Z","level":"INFO","device":"868120018681","event":"MEDIA_CONNECTED","detail":"54.37.225.65:3378"}
{"ts":"2026-04-03T14:19:56.860Z","level":"INFO","device":"868120018681","event":"FILE_START","detail":"[1/2] 00_64_6401_00_86812001868100260403141956030200.jpg (215 bytes)"}
{"ts":"2026-04-03T14:19:56.861Z","level":"INFO","device":"868120018681","event":"SENT_1210","detail":"00_64_6401_00_86812001868100260403141956030200.jpg"}
{"ts":"2026-04-03T14:19:56.867Z","level":"INFO","device":"868120018681","event":"MEDIA_RX","detail":"7E 80 01 00 05 86 81 20 01 86 81 2D D0 00 00 12 10 00 5A 7E"}
{"ts":"2026-04-03T14:19:56.962Z","level":"INFO","device":"868120018681","event":"SENT_RAW_MARKER","detail":"00_64_6401_00_86812001868100260403141956030200.jpg packet=277 bytes data=215 bytes"}
{"ts":"2026-04-03T14:19:56.963Z","level":"INFO","device":"868120018681","event":"SENT_1212","detail":"00_64_6401_00_86812001868100260403141956030200.jpg type=0"}
{"ts":"2026-04-03T14:19:57.016Z","level":"INFO","device":"868120018681","event":"MEDIA_RX","detail":"7E 92 12 00 36 86 81 20 01 86 81 CD 0C 32 30 30 5F 36 34 5F 36 34 30 31 5F 30 30 5F 38 36 38 31 32 30 30 31 38 36 38 31 30 30 32 36 30 34 30 33 31 34 31 39 35 36 30 33 30 32 30 30 2E 6A 70 67 00 00 00 39 7E"}
{"ts":"2026-04-03T14:19:57.264Z","level":"INFO","device":"868120018681","event":"FILE_START","detail":"[2/2] 02_64_6401_03_86812001868100260403141956030200.mp4 (65536 bytes)"}
{"ts":"2026-04-03T14:19:57.264Z","level":"INFO","device":"868120018681","event":"SENT_1210","detail":"02_64_6401_03_86812001868100260403141956030200.mp4"}
{"ts":"2026-04-03T14:19:57.284Z","level":"INFO","device":"868120018681","event":"MEDIA_RX","detail":"7E 80 01 00 05 86 81 20 01 86 81 8C 89 00 02 12 10 00 A0 7E"}
{"ts":"2026-04-03T14:19:57.377Z","level":"INFO","device":"868120018681","event":"SENT_RAW_MARKER","detail":"02_64_6401_03_86812001868100260403141956030200.mp4 packet=65598 bytes data=65536 bytes"}
{"ts":"2026-04-03T14:19:57.378Z","level":"INFO","device":"868120018681","event":"SENT_1212","detail":"02_64_6401_03_86812001868100260403141956030200.mp4 type=2"}
{"ts":"2026-04-03T14:19:57.403Z","level":"INFO","device":"868120018681","event":"MEDIA_RX","detail":"7E 92 12 00 36 86 81 20 01 86 81 5B 12 32 30 32 5F 36 34 5F 36 34 30 31 5F 30 33 5F 38 36 38 31 32 30 30 31 38 36 38 31 30 30 32 36 30 34 30 33 31 34 31 39 35 36 30 33 30 32 30 30 2E 6D 70 34 02 00 00 E6 7E"}
{"ts":"2026-04-03T14:19:57.682Z","level":"INFO","device":"868120018681","event":"BATCH_COMPLETE","detail":"All 2 files sent"}
{"ts":"2026-04-03T14:19:57.930Z","level":"INFO","device":"868120018681","event":"MEDIA_CLOSED","detail":""}
{"ts":"2026-04-03T14:20:06.789Z","level":"INFO","device":"868120018681","event":"GPS_SENT","detail":""}
{"ts":"2026-04-03T14:20:06.790Z","level":"INFO","device":"868120018681","event":"INCIDENT_SENT","detail":"mediaId=4 alarmId=86812001868100260403142006040200"}
{"ts":"2026-04-03T14:20:06.809Z","level":"INFO","device":"868120018681","event":"RX_MSG","detail":"0x8001 bodyLen=5"}
{"ts":"2026-04-03T14:20:06.813Z","level":"INFO","device":"868120018681","event":"SERVER_ACK","detail":"0x0200 result=OK"}
{"ts":"2026-04-03T14:20:06.822Z","level":"INFO","device":"868120018681","event":"RX_MSG","detail":"0x8001 bodyLen=5"}
{"ts":"2026-04-03T14:20:06.822Z","level":"INFO","device":"868120018681","event":"SERVER_ACK","detail":"0x0200 result=OK"}
{"ts":"2026-04-03T14:20:06.830Z","level":"INFO","device":"868120018681","event":"RX_MSG","detail":"0x8001 bodyLen=5"}
{"ts":"2026-04-03T14:20:06.830Z","level":"INFO","device":"868120018681","event":"SERVER_ACK","detail":"0x0800 result=OK"}
{"ts":"2026-04-03T14:20:06.830Z","level":"INFO","device":"868120018681","event":"RX_MSG","detail":"0x9208 bodyLen=81"}
{"ts":"2026-04-03T14:20:06.830Z","level":"INFO","device":"868120018681","event":"9208_RAW","detail":"0C35342E33372E3232352E36350D32000086812001868100260403142006040200383638313230303138363831303032363034303331343230303630343032303000000000000000000000000000000000"}
{"ts":"2026-04-03T14:20:06.830Z","level":"INFO","device":"868120018681","event":"UPLOAD_TRIGGERED","detail":"media: 54.37.225.65:3378 | alarmId: 86812001868100260403142006040200"}
{"ts":"2026-04-03T14:20:06.830Z","level":"INFO","device":"868120018681","event":"MEDIA_CONNECTING","detail":"54.37.225.65:3378 files=2"}
{"ts":"2026-04-03T14:20:06.839Z","level":"INFO","device":"868120018681","event":"MEDIA_CONNECTED","detail":"54.37.225.65:3378"}
{"ts":"2026-04-03T14:20:06.840Z","level":"INFO","device":"868120018681","event":"FILE_START","detail":"[1/2] 00_64_6401_00_86812001868100260403142006040200.jpg (215 bytes)"}
{"ts":"2026-04-03T14:20:06.840Z","level":"INFO","device":"868120018681","event":"SENT_1210","detail":"00_64_6401_00_86812001868100260403142006040200.jpg"}
{"ts":"2026-04-03T14:20:06.880Z","level":"INFO","device":"868120018681","event":"MEDIA_RX","detail":"7E 80 01 00 05 86 81 20 01 86 81 53 42 00 00 12 10 00 B6 7E"}
{"ts":"2026-04-03T14:20:06.980Z","level":"INFO","device":"868120018681","event":"SENT_RAW_MARKER","detail":"00_64_6401_00_86812001868100260403142006040200.jpg packet=277 bytes data=215 bytes"}
{"ts":"2026-04-03T14:20:06.981Z","level":"INFO","device":"868120018681","event":"SENT_1212","detail":"00_64_6401_00_86812001868100260403142006040200.jpg type=0"}
{"ts":"2026-04-03T14:20:07.035Z","level":"INFO","device":"868120018681","event":"MEDIA_RX","detail":"7E 92 12 00 36 86 81 20 01 86 81 F6 43 32 30 30 5F 36 34 5F 36 34 30 31 5F 30 30 5F 38 36 38 31 32 30 30 31 38 36 38 31 30 30 32 36 30 34 30 33 31 34 32 30 30 36 30 34 30 32 30 30 2E 6A 70 67 00 00 00 45 7E"}
{"ts":"2026-04-03T14:20:07.288Z","level":"INFO","device":"868120018681","event":"FILE_START","detail":"[2/2] 02_64_6401_03_86812001868100260403142006040200.mp4 (65536 bytes)"}
{"ts":"2026-04-03T14:20:07.288Z","level":"INFO","device":"868120018681","event":"SENT_1210","detail":"02_64_6401_03_86812001868100260403142006040200.mp4"}
{"ts":"2026-04-03T14:20:07.298Z","level":"INFO","device":"868120018681","event":"MEDIA_RX","detail":"7E 80 01 00 05 86 81 20 01 86 81 48 00 00 02 12 10 00 ED 7E"}
{"ts":"2026-04-03T14:20:07.389Z","level":"INFO","device":"868120018681","event":"SENT_RAW_MARKER","detail":"02_64_6401_03_86812001868100260403142006040200.mp4 packet=65598 bytes data=65536 bytes"}
{"ts":"2026-04-03T14:20:07.390Z","level":"INFO","device":"868120018681","event":"SENT_1212","detail":"02_64_6401_03_86812001868100260403142006040200.mp4 type=2"}
{"ts":"2026-04-03T14:20:07.413Z","level":"INFO","device":"868120018681","event":"MEDIA_RX","detail":"7E 92 12 00 36 86 81 20 01 86 81 22 8C 32 30 32 5F 36 34 5F 36 34 30 31 5F 30 33 5F 38 36 38 31 32 30 30 31 38 36 38 31 30 30 32 36 30 34 30 33 31 34 32 30 30 36 30 34 30 32 30 30 2E 6D 70 34 02 00 00 09 7E"}
{"ts":"2026-04-03T14:20:07.693Z","level":"INFO","device":"868120018681","event":"BATCH_COMPLETE","detail":"All 2 files sent"}
{"ts":"2026-04-03T14:20:07.708Z","level":"INFO","device":"868120018681","event":"MEDIA_CLOSED","detail":""}
{"ts":"2026-04-03T14:20:16.792Z","level":"INFO","device":"868120018681","event":"INCIDENT_SENT","detail":"mediaId=5 alarmId=86812001868100260403142016050200"}
{"ts":"2026-04-03T14:20:16.803Z","level":"INFO","device":"868120018681","event":"RX_MSG","detail":"0x8001 bodyLen=5"}
{"ts":"2026-04-03T14:20:16.804Z","level":"INFO","device":"868120018681","event":"SERVER_ACK","detail":"0x0200 result=OK"}
{"ts":"2026-04-03T14:20:16.878Z","level":"INFO","device":"868120018681","event":"RX_MSG","detail":"0x9208 bodyLen=81"}
{"ts":"2026-04-03T14:20:16.880Z","level":"INFO","device":"868120018681","event":"9208_RAW","detail":"0C35342E33372E3232352E36350D32000086812001868100260403142016050200383638313230303138363831303032363034303331343230313630353032303000000000000000000000000000000000"}
{"ts":"2026-04-03T14:20:16.881Z","level":"INFO","device":"868120018681","event":"UPLOAD_TRIGGERED","detail":"media: 54.37.225.65:3378 | alarmId: 86812001868100260403142016050200"}
{"ts":"2026-04-03T14:20:16.881Z","level":"INFO","device":"868120018681","event":"MEDIA_CONNECTING","detail":"54.37.225.65:3378 files=2"}
{"ts":"2026-04-03T14:20:16.881Z","level":"INFO","device":"868120018681","event":"RX_MSG","detail":"0x8001 bodyLen=5"}
{"ts":"2026-04-03T14:20:16.881Z","level":"INFO","device":"868120018681","event":"SERVER_ACK","detail":"0x0800 result=OK"}
{"ts":"2026-04-03T14:20:16.906Z","level":"INFO","device":"868120018681","event":"MEDIA_CONNECTED","detail":"54.37.225.65:3378"}
{"ts":"2026-04-03T14:20:16.906Z","level":"INFO","device":"868120018681","event":"FILE_START","detail":"[1/2] 00_64_6401_00_86812001868100260403142016050200.jpg (215 bytes)"}
{"ts":"2026-04-03T14:20:16.907Z","level":"INFO","device":"868120018681","event":"SENT_1210","detail":"00_64_6401_00_86812001868100260403142016050200.jpg"}
{"ts":"2026-04-03T14:20:16.969Z","level":"INFO","device":"868120018681","event":"MEDIA_RX","detail":"7E 80 01 00 05 86 81 20 01 86 81 14 2F 00 00 12 10 00 9C 7E"}
{"ts":"2026-04-03T14:20:17.010Z","level":"INFO","device":"868120018681","event":"SENT_RAW_MARKER","detail":"00_64_6401_00_86812001868100260403142016050200.jpg packet=277 bytes data=215 bytes"}
{"ts":"2026-04-03T14:20:17.010Z","level":"INFO","device":"868120018681","event":"SENT_1212","detail":"00_64_6401_00_86812001868100260403142016050200.jpg type=0"}
{"ts":"2026-04-03T14:20:17.026Z","level":"INFO","device":"868120018681","event":"MEDIA_RX","detail":"7E 92 12 00 36 86 81 20 01 86 81 C7 67 32 30 30 5F 36 34 5F 36 34 30 31 5F 30 30 5F 38 36 38 31 32 30 30 31 38 36 38 31 30 30 32 36 30 34 30 33 31 34 32 30 31 36 30 35 30 32 30 30 2E 6A 70 67 00 00 00 50 7E"}
{"ts":"2026-04-03T14:20:17.324Z","level":"INFO","device":"868120018681","event":"FILE_START","detail":"[2/2] 02_64_6401_03_86812001868100260403142016050200.mp4 (65536 bytes)"}
{"ts":"2026-04-03T14:20:17.325Z","level":"INFO","device":"868120018681","event":"SENT_1210","detail":"02_64_6401_03_86812001868100260403142016050200.mp4"}
{"ts":"2026-04-03T14:20:17.339Z","level":"INFO","device":"868120018681","event":"MEDIA_RX","detail":"7E 80 01 00 05 86 81 20 01 86 81 7D 01 45 00 02 12 10 00 9D 7E"}
{"ts":"2026-04-03T14:20:17.428Z","level":"INFO","device":"868120018681","event":"SENT_RAW_MARKER","detail":"02_64_6401_03_86812001868100260403142016050200.mp4 packet=65598 bytes data=65536 bytes"}
{"ts":"2026-04-03T14:20:17.429Z","level":"INFO","device":"868120018681","event":"SENT_1212","detail":"02_64_6401_03_86812001868100260403142016050200.mp4 type=2"}
{"ts":"2026-04-03T14:20:17.451Z","level":"INFO","device":"868120018681","event":"MEDIA_RX","detail":"7E 92 12 00 36 86 81 20 01 86 81 5C 39 32 30 32 5F 36 34 5F 36 34 30 31 5F 30 33 5F 38 36 38 31 32 30 30 31 38 36 38 31 30 30 32 36 30 34 30 33 31 34 32 30 31 36 30 35 30 32 30 30 2E 6D 70 34 02 00 00 C2 7E"}
{"ts":"2026-04-03T14:20:17.731Z","level":"INFO","device":"868120018681","event":"BATCH_COMPLETE","detail":"All 2 files sent"}
{"ts":"2026-04-03T14:20:17.980Z","level":"INFO","device":"868120018681","event":"MEDIA_CLOSED","detail":""}
{"ts":"2026-04-03T14:20:26.791Z","level":"INFO","device":"868120018681","event":"GPS_SENT","detail":""}
{"ts":"2026-04-03T14:20:26.794Z","level":"INFO","device":"868120018681","event":"INCIDENT_SENT","detail":"mediaId=6 alarmId=86812001868100260403142026060200"}
{"ts":"2026-04-03T14:20:26.804Z","level":"INFO","device":"868120018681","event":"RX_MSG","detail":"0x8001 bodyLen=5"}
{"ts":"2026-04-03T14:20:26.804Z","level":"INFO","device":"868120018681","event":"SERVER_ACK","detail":"0x0200 result=OK"}
{"ts":"2026-04-03T14:20:26.809Z","level":"INFO","device":"868120018681","event":"RX_MSG","detail":"0x8001 bodyLen=5"}
{"ts":"2026-04-03T14:20:26.812Z","level":"INFO","device":"868120018681","event":"SERVER_ACK","detail":"0x0200 result=OK"}
{"ts":"2026-04-03T14:20:26.823Z","level":"INFO","device":"868120018681","event":"RX_MSG","detail":"0x8001 bodyLen=5"}
{"ts":"2026-04-03T14:20:26.826Z","level":"INFO","device":"868120018681","event":"SERVER_ACK","detail":"0x0800 result=OK"}
{"ts":"2026-04-03T14:20:26.827Z","level":"INFO","device":"868120018681","event":"RX_MSG","detail":"0x9208 bodyLen=81"}
{"ts":"2026-04-03T14:20:26.827Z","level":"INFO","device":"868120018681","event":"9208_RAW","detail":"0C35342E33372E3232352E36350D32000086812001868100260403142026060200383638313230303138363831303032363034303331343230323630363032303000000000000000000000000000000000"}
{"ts":"2026-04-03T14:20:26.828Z","level":"INFO","device":"868120018681","event":"UPLOAD_TRIGGERED","detail":"media: 54.37.225.65:3378 | alarmId: 86812001868100260403142026060200"}
{"ts":"2026-04-03T14:20:26.828Z","level":"INFO","device":"868120018681","event":"MEDIA_CONNECTING","detail":"54.37.225.65:3378 files=2"}
{"ts":"2026-04-03T14:20:26.837Z","level":"INFO","device":"868120018681","event":"MEDIA_CONNECTED","detail":"54.37.225.65:3378"}
{"ts":"2026-04-03T14:20:26.837Z","level":"INFO","device":"868120018681","event":"FILE_START","detail":"[1/2] 00_64_6401_00_86812001868100260403142026060200.jpg (215 bytes)"}
{"ts":"2026-04-03T14:20:26.837Z","level":"INFO","device":"868120018681","event":"SENT_1210","detail":"00_64_6401_00_86812001868100260403142026060200.jpg"}
{"ts":"2026-04-03T14:20:26.846Z","level":"INFO","device":"868120018681","event":"MEDIA_RX","detail":"7E 80 01 00 05 86 81 20 01 86 81 7D 01 B7 00 00 12 10 00 6D 7E"}
{"ts":"2026-04-03T14:20:26.941Z","level":"INFO","device":"868120018681","event":"SENT_RAW_MARKER","detail":"00_64_6401_00_86812001868100260403142026060200.jpg packet=277 bytes data=215 bytes"}
{"ts":"2026-04-03T14:20:26.942Z","level":"INFO","device":"868120018681","event":"SENT_1212","detail":"00_64_6401_00_86812001868100260403142026060200.jpg type=0"}
{"ts":"2026-04-03T14:20:27.003Z","level":"INFO","device":"868120018681","event":"MEDIA_RX","detail":"7E 92 12 00 36 86 81 20 01 86 81 BE 5C 32 30 30 5F 36 34 5F 36 34 30 31 5F 30 30 5F 38 36 38 31 32 30 30 31 38 36 38 31 30 30 32 36 30 34 30 33 31 34 32 30 32 36 30 36 30 32 30 30 2E 6A 70 67 00 00 00 12 7E"}
{"ts":"2026-04-03T14:20:27.242Z","level":"INFO","device":"868120018681","event":"FILE_START","detail":"[2/2] 02_64_6401_03_86812001868100260403142026060200.mp4 (65536 bytes)"}
{"ts":"2026-04-03T14:20:27.243Z","level":"INFO","device":"868120018681","event":"SENT_1210","detail":"02_64_6401_03_86812001868100260403142026060200.mp4"}
{"ts":"2026-04-03T14:20:27.250Z","level":"INFO","device":"868120018681","event":"MEDIA_RX","detail":"7E 80 01 00 05 86 81 20 01 86 81 B8 52 00 02 12 10 00 4F 7E"}
{"ts":"2026-04-03T14:20:27.353Z","level":"INFO","device":"868120018681","event":"SENT_RAW_MARKER","detail":"02_64_6401_03_86812001868100260403142026060200.mp4 packet=65598 bytes data=65536 bytes"}
{"ts":"2026-04-03T14:20:27.354Z","level":"INFO","device":"868120018681","event":"SENT_1212","detail":"02_64_6401_03_86812001868100260403142026060200.mp4 type=2"}
{"ts":"2026-04-03T14:20:27.380Z","level":"INFO","device":"868120018681","event":"MEDIA_RX","detail":"7E 92 12 00 36 86 81 20 01 86 81 C0 54 32 30 32 5F 36 34 5F 36 34 30 31 5F 30 33 5F 38 36 38 31 32 30 30 31 38 36 38 31 30 30 32 36 30 34 30 33 31 34 32 30 32 36 30 36 30 32 30 30 2E 6D 70 34 02 00 00 33 7E"}
{"ts":"2026-04-03T14:20:27.657Z","level":"INFO","device":"868120018681","event":"BATCH_COMPLETE","detail":"All 2 files sent"}
{"ts":"2026-04-03T14:20:27.674Z","level":"INFO","device":"868120018681","event":"MEDIA_CLOSED","detail":""}
{"ts":"2026-04-03T14:20:35.237Z","level":"INFO","device":"868120018681","event":"DISCONNECTED","detail":"clean stop"}
{"ts":"2026-04-03T14:20:35.238Z","level":"INFO","device":"868120018681","event":"LIVE_STREAM_CLOSED","detail":"Stream ended."}

[SUMMARY] Run duration: 70s
[SUMMARY] GPS packets sent: 3
[SUMMARY] OBD2 packets sent: 0
[SUMMARY] Incidents fired: 6
[SUMMARY] Videos uploaded OK: 6
[SUMMARY] Videos failed: 0
[SUMMARY] Tracker pings sent: 0
[SUMMARY] Reconnections: 0
[SUMMARY] Log file: logs/sim-2026-04-03T14-19-26.log
