{"ts":"2026-04-01T19:41:07.907Z","level":"INFO","device":"868120018681","event":"CONNECTED","detail":"id:868120018681"}
{"ts":"2026-04-01T19:41:07.936Z","level":"INFO","device":"868120018681","event":"RX_MSG","detail":"0x8001 bodyLen=5"}
{"ts":"2026-04-01T19:41:07.937Z","level":"INFO","device":"868120018681","event":"SERVER_ACK","detail":"0x0102 result=OK"}
{"ts":"2026-04-01T19:41:17.901Z","level":"INFO","device":"868120018681","event":"INCIDENT_SENT","detail":"mediaId=1 alarmId=86812001868100260401194117010200"}
{"ts":"2026-04-01T19:41:17.911Z","level":"INFO","device":"868120018681","event":"RX_MSG","detail":"0x8001 bodyLen=5"}
{"ts":"2026-04-01T19:41:17.911Z","level":"INFO","device":"868120018681","event":"SERVER_ACK","detail":"0x0200 result=OK"}
{"ts":"2026-04-01T19:41:17.919Z","level":"INFO","device":"868120018681","event":"RX_MSG","detail":"0x9208 bodyLen=81"}
{"ts":"2026-04-01T19:41:17.919Z","level":"INFO","device":"868120018681","event":"9208_RAW","detail":"0C35342E33372E3232352E36350D32000086812001868100260401194117010200383638313230303138363831303032363034303131393431313730313032303000000000000000000000000000000000"}
{"ts":"2026-04-01T19:41:17.933Z","level":"INFO","device":"868120018681","event":"UPLOAD_TRIGGERED","detail":"media: 54.37.225.65:3378 | alarmId: 86812001868100260401194117010200"}
{"ts":"2026-04-01T19:41:17.934Z","level":"INFO","device":"868120018681","event":"MEDIA_CONNECTING","detail":"54.37.225.65:3378 files=2"}
{"ts":"2026-04-01T19:41:17.935Z","level":"INFO","device":"868120018681","event":"RX_MSG","detail":"0x8001 bodyLen=5"}
{"ts":"2026-04-01T19:41:17.935Z","level":"INFO","device":"868120018681","event":"SERVER_ACK","detail":"0x0800 result=OK"}
{"ts":"2026-04-01T19:41:17.978Z","level":"INFO","device":"868120018681","event":"MEDIA_CONNECTED","detail":"54.37.225.65:3378"}
{"ts":"2026-04-01T19:41:18.010Z","level":"INFO","device":"868120018681","event":"FILE_START","detail":"[1/2] 00_64_6401_00_86812001868100260401194117010200.jpg (215 bytes)"}
{"ts":"2026-04-01T19:41:18.013Z","level":"INFO","device":"868120018681","event":"SENT_1210","detail":"00_64_6401_00_86812001868100260401194117010200.jpg"}
{"ts":"2026-04-01T19:41:18.139Z","level":"INFO","device":"868120018681","event":"MEDIA_RX","detail":"7E 80 01 00 05 86 81 20 01 86 81 A1 81 00 00 12 10 00 87 7E"}
{"ts":"2026-04-01T19:41:18.140Z","level":"INFO","device":"868120018681","event":"SENT_RAW_MARKER","detail":"00_64_6401_00_86812001868100260401194117010200.jpg packet=277 bytes data=215 bytes"}
{"ts":"2026-04-01T19:41:18.140Z","level":"INFO","device":"868120018681","event":"SENT_1212","detail":"00_64_6401_00_86812001868100260401194117010200.jpg type=0"}
{"ts":"2026-04-01T19:41:18.196Z","level":"INFO","device":"868120018681","event":"MEDIA_RX","detail":"7E 92 12 00 36 86 81 20 01 86 81 84 0A 32 30 30 5F 36 34 5F 36 34 30 31 5F 30 30 5F 38 36 38 31 32 30 30 31 38 36 38 31 30 30 32 36 30 34 30 31 31 39 34 31 31 37 30 31 30 32 30 30 2E 6A 70 67 00 00 00 73 7E"}
{"ts":"2026-04-01T19:41:18.441Z","level":"INFO","device":"868120018681","event":"FILE_START","detail":"[2/2] 02_64_6401_03_86812001868100260401194117010200.mp4 (1570024 bytes)"}
{"ts":"2026-04-01T19:41:18.442Z","level":"INFO","device":"868120018681","event":"SENT_1210","detail":"02_64_6401_03_86812001868100260401194117010200.mp4"}
{"ts":"2026-04-01T19:41:18.450Z","level":"INFO","device":"868120018681","event":"MEDIA_RX","detail":"7E 80 01 00 05 86 81 20 01 86 81 A6 EC 00 02 12 10 00 EF 7E"}
{"ts":"2026-04-01T19:41:18.547Z","level":"INFO","device":"868120018681","event":"SENT_RAW_MARKER","detail":"02_64_6401_03_86812001868100260401194117010200.mp4 packet=1570086 bytes data=1570024 bytes"}
{"ts":"2026-04-01T19:41:18.607Z","level":"INFO","device":"868120018681","event":"SENT_1212","detail":"02_64_6401_03_86812001868100260401194117010200.mp4 type=2"}
{"ts":"2026-04-01T19:41:18.642Z","level":"INFO","device":"868120018681","event":"MEDIA_RX","detail":"7E 92 12 00 36 86 81 20 01 86 81 7C BD 32 30 32 5F 36 34 5F 36 34 30 31 5F 30 33 5F 38 36 38 31 32 30 30 31 38 36 38 31 30 30 32 36 30 34 30 31 31 39 34 31 31 37 30 31 30 32 30 30 2E 6D 70 34 02 00 00 6B 7E"}
{"ts":"2026-04-01T19:41:18.907Z","level":"INFO","device":"868120018681","event":"BATCH_COMPLETE","detail":"All 2 files sent"}
{"ts":"2026-04-01T19:41:18.932Z","level":"INFO","device":"868120018681","event":"MEDIA_CLOSED","detail":""}
{"ts":"2026-04-01T19:41:27.895Z","level":"INFO","device":"868120018681","event":"GPS_SENT","detail":""}
{"ts":"2026-04-01T19:41:27.899Z","level":"INFO","device":"868120018681","event":"INCIDENT_SENT","detail":"mediaId=2 alarmId=86812001868100260401194127020200"}
{"ts":"2026-04-01T19:41:27.912Z","level":"INFO","device":"868120018681","event":"RX_MSG","detail":"0x8001 bodyLen=5"}
{"ts":"2026-04-01T19:41:27.912Z","level":"INFO","device":"868120018681","event":"SERVER_ACK","detail":"0x0200 result=OK"}
{"ts":"2026-04-01T19:41:27.936Z","level":"INFO","device":"868120018681","event":"RX_MSG","detail":"0x8001 bodyLen=5"}
{"ts":"2026-04-01T19:41:27.936Z","level":"INFO","device":"868120018681","event":"SERVER_ACK","detail":"0x0200 result=OK"}
{"ts":"2026-04-01T19:41:27.936Z","level":"INFO","device":"868120018681","event":"RX_MSG","detail":"0x8001 bodyLen=5"}
{"ts":"2026-04-01T19:41:27.936Z","level":"INFO","device":"868120018681","event":"SERVER_ACK","detail":"0x0800 result=OK"}
{"ts":"2026-04-01T19:41:27.936Z","level":"INFO","device":"868120018681","event":"RX_MSG","detail":"0x9208 bodyLen=81"}
{"ts":"2026-04-01T19:41:27.936Z","level":"INFO","device":"868120018681","event":"9208_RAW","detail":"0C35342E33372E3232352E36350D32000086812001868100260401194127020200383638313230303138363831303032363034303131393431323730323032303000000000000000000000000000000000"}
{"ts":"2026-04-01T19:41:27.936Z","level":"INFO","device":"868120018681","event":"UPLOAD_TRIGGERED","detail":"media: 54.37.225.65:3378 | alarmId: 86812001868100260401194127020200"}
{"ts":"2026-04-01T19:41:27.937Z","level":"INFO","device":"868120018681","event":"MEDIA_CONNECTING","detail":"54.37.225.65:3378 files=2"}
{"ts":"2026-04-01T19:41:27.950Z","level":"INFO","device":"868120018681","event":"MEDIA_CONNECTED","detail":"54.37.225.65:3378"}
{"ts":"2026-04-01T19:41:27.950Z","level":"INFO","device":"868120018681","event":"FILE_START","detail":"[1/2] 00_64_6401_00_86812001868100260401194127020200.jpg (215 bytes)"}
{"ts":"2026-04-01T19:41:27.951Z","level":"INFO","device":"868120018681","event":"SENT_1210","detail":"00_64_6401_00_86812001868100260401194127020200.jpg"}
{"ts":"2026-04-01T19:41:27.958Z","level":"INFO","device":"868120018681","event":"MEDIA_RX","detail":"7E 80 01 00 05 86 81 20 01 86 81 A7 68 00 00 12 10 00 68 7E"}
{"ts":"2026-04-01T19:41:28.055Z","level":"INFO","device":"868120018681","event":"SENT_RAW_MARKER","detail":"00_64_6401_00_86812001868100260401194127020200.jpg packet=277 bytes data=215 bytes"}
{"ts":"2026-04-01T19:41:28.055Z","level":"INFO","device":"868120018681","event":"SENT_1212","detail":"00_64_6401_00_86812001868100260401194127020200.jpg type=0"}
{"ts":"2026-04-01T19:41:28.112Z","level":"INFO","device":"868120018681","event":"MEDIA_RX","detail":"7E 92 12 00 36 86 81 20 01 86 81 0C E3 32 30 30 5F 36 34 5F 36 34 30 31 5F 30 30 5F 38 36 38 31 32 30 30 31 38 36 38 31 30 30 32 36 30 34 30 31 31 39 34 31 32 37 30 32 30 32 30 30 2E 6A 70 67 00 00 00 12 7E"}
{"ts":"2026-04-01T19:41:28.359Z","level":"INFO","device":"868120018681","event":"FILE_START","detail":"[2/2] 02_64_6401_03_86812001868100260401194127020200.mp4 (1570024 bytes)"}
{"ts":"2026-04-01T19:41:28.360Z","level":"INFO","device":"868120018681","event":"SENT_1210","detail":"02_64_6401_03_86812001868100260401194127020200.mp4"}
{"ts":"2026-04-01T19:41:28.369Z","level":"INFO","device":"868120018681","event":"MEDIA_RX","detail":"7E 80 01 00 05 86 81 20 01 86 81 8C 1C 00 02 12 10 00 35 7E"}
{"ts":"2026-04-01T19:41:28.466Z","level":"INFO","device":"868120018681","event":"SENT_RAW_MARKER","detail":"02_64_6401_03_86812001868100260401194127020200.mp4 packet=1570086 bytes data=1570024 bytes"}
{"ts":"2026-04-01T19:41:28.539Z","level":"INFO","device":"868120018681","event":"SENT_1212","detail":"02_64_6401_03_86812001868100260401194127020200.mp4 type=2"}
{"ts":"2026-04-01T19:41:28.625Z","level":"INFO","device":"868120018681","event":"MEDIA_RX","detail":"7E 92 12 00 36 86 81 20 01 86 81 56 40 32 30 32 5F 36 34 5F 36 34 30 31 5F 30 33 5F 38 36 38 31 32 30 30 31 38 36 38 31 30 30 32 36 30 34 30 31 31 39 34 31 32 37 30 32 30 32 30 30 2E 6D 70 34 02 00 00 BC 7E"}
{"ts":"2026-04-01T19:41:28.850Z","level":"INFO","device":"868120018681","event":"BATCH_COMPLETE","detail":"All 2 files sent"}
{"ts":"2026-04-01T19:41:29.102Z","level":"INFO","device":"868120018681","event":"MEDIA_CLOSED","detail":""}
{"ts":"2026-04-01T19:41:37.903Z","level":"INFO","device":"868120018681","event":"INCIDENT_SENT","detail":"mediaId=3 alarmId=86812001868100260401194137030200"}
{"ts":"2026-04-01T19:41:37.915Z","level":"INFO","device":"868120018681","event":"RX_MSG","detail":"0x8001 bodyLen=5"}
{"ts":"2026-04-01T19:41:37.915Z","level":"INFO","device":"868120018681","event":"SERVER_ACK","detail":"0x0200 result=OK"}
{"ts":"2026-04-01T19:41:37.923Z","level":"INFO","device":"868120018681","event":"RX_MSG","detail":"0x9208 bodyLen=81"}
{"ts":"2026-04-01T19:41:37.923Z","level":"INFO","device":"868120018681","event":"9208_RAW","detail":"0C35342E33372E3232352E36350D32000086812001868100260401194137030200383638313230303138363831303032363034303131393431333730333032303000000000000000000000000000000000"}
{"ts":"2026-04-01T19:41:37.923Z","level":"INFO","device":"868120018681","event":"UPLOAD_TRIGGERED","detail":"media: 54.37.225.65:3378 | alarmId: 86812001868100260401194137030200"}
{"ts":"2026-04-01T19:41:37.923Z","level":"INFO","device":"868120018681","event":"MEDIA_CONNECTING","detail":"54.37.225.65:3378 files=2"}
{"ts":"2026-04-01T19:41:37.927Z","level":"INFO","device":"868120018681","event":"RX_MSG","detail":"0x8001 bodyLen=5"}
{"ts":"2026-04-01T19:41:37.927Z","level":"INFO","device":"868120018681","event":"SERVER_ACK","detail":"0x0800 result=OK"}
{"ts":"2026-04-01T19:41:37.932Z","level":"INFO","device":"868120018681","event":"MEDIA_CONNECTED","detail":"54.37.225.65:3378"}
{"ts":"2026-04-01T19:41:37.932Z","level":"INFO","device":"868120018681","event":"FILE_START","detail":"[1/2] 00_64_6401_00_86812001868100260401194137030200.jpg (215 bytes)"}
{"ts":"2026-04-01T19:41:37.932Z","level":"INFO","device":"868120018681","event":"SENT_1210","detail":"00_64_6401_00_86812001868100260401194137030200.jpg"}
{"ts":"2026-04-01T19:41:37.948Z","level":"INFO","device":"868120018681","event":"MEDIA_RX","detail":"7E 80 01 00 05 86 81 20 01 86 81 8A A0 00 00 12 10 00 8D 7E"}
{"ts":"2026-04-01T19:41:38.037Z","level":"INFO","device":"868120018681","event":"SENT_RAW_MARKER","detail":"00_64_6401_00_86812001868100260401194137030200.jpg packet=277 bytes data=215 bytes"}
{"ts":"2026-04-01T19:41:38.038Z","level":"INFO","device":"868120018681","event":"SENT_1212","detail":"00_64_6401_00_86812001868100260401194137030200.jpg type=0"}
{"ts":"2026-04-01T19:41:38.103Z","level":"INFO","device":"868120018681","event":"MEDIA_RX","detail":"7E 92 12 00 36 86 81 20 01 86 81 BF C9 32 30 30 5F 36 34 5F 36 34 30 31 5F 30 30 5F 38 36 38 31 32 30 30 31 38 36 38 31 30 30 32 36 30 34 30 31 31 39 34 31 33 37 30 33 30 32 30 30 2E 6A 70 67 00 00 00 8B 7E"}
{"ts":"2026-04-01T19:41:38.340Z","level":"INFO","device":"868120018681","event":"FILE_START","detail":"[2/2] 02_64_6401_03_86812001868100260401194137030200.mp4 (1570024 bytes)"}
{"ts":"2026-04-01T19:41:38.344Z","level":"INFO","device":"868120018681","event":"SENT_1210","detail":"02_64_6401_03_86812001868100260401194137030200.mp4"}
{"ts":"2026-04-01T19:41:38.357Z","level":"INFO","device":"868120018681","event":"MEDIA_RX","detail":"7E 80 01 00 05 86 81 20 01 86 81 D3 D8 00 02 12 10 00 AE 7E"}
{"ts":"2026-04-01T19:41:38.447Z","level":"INFO","device":"868120018681","event":"SENT_RAW_MARKER","detail":"02_64_6401_03_86812001868100260401194137030200.mp4 packet=1570086 bytes data=1570024 bytes"}
{"ts":"2026-04-01T19:41:38.522Z","level":"INFO","device":"868120018681","event":"SENT_1212","detail":"02_64_6401_03_86812001868100260401194137030200.mp4 type=2"}
{"ts":"2026-04-01T19:41:38.556Z","level":"INFO","device":"868120018681","event":"MEDIA_RX","detail":"7E 92 12 00 36 86 81 20 01 86 81 37 73 32 30 32 5F 36 34 5F 36 34 30 31 5F 30 33 5F 38 36 38 31 32 30 30 31 38 36 38 31 30 30 32 36 30 34 30 31 31 39 34 31 33 37 30 33 30 32 30 30 2E 6D 70 34 02 00 00 EE 7E"}
{"ts":"2026-04-01T19:41:38.826Z","level":"INFO","device":"868120018681","event":"BATCH_COMPLETE","detail":"All 2 files sent"}
{"ts":"2026-04-01T19:41:39.070Z","level":"INFO","device":"868120018681","event":"MEDIA_CLOSED","detail":""}
{"ts":"2026-04-01T19:41:40.484Z","level":"INFO","device":"868120018681","event":"RX_MSG","detail":"0x9101 bodyLen=20"}
{"ts":"2026-04-01T19:41:40.484Z","level":"INFO","device":"868120018681","event":"LIVE_STREAM_REQ","detail":"not implemented"}
{"ts":"2026-04-01T19:41:47.897Z","level":"INFO","device":"868120018681","event":"GPS_SENT","detail":""}
{"ts":"2026-04-01T19:41:47.904Z","level":"INFO","device":"868120018681","event":"INCIDENT_SENT","detail":"mediaId=4 alarmId=86812001868100260401194147040200"}
{"ts":"2026-04-01T19:41:47.911Z","level":"INFO","device":"868120018681","event":"RX_MSG","detail":"0x8001 bodyLen=5"}
{"ts":"2026-04-01T19:41:47.912Z","level":"INFO","device":"868120018681","event":"SERVER_ACK","detail":"0x0200 result=OK"}
{"ts":"2026-04-01T19:41:48.109Z","level":"INFO","device":"868120018681","event":"RX_MSG","detail":"0x8001 bodyLen=5"}
{"ts":"2026-04-01T19:41:48.109Z","level":"INFO","device":"868120018681","event":"SERVER_ACK","detail":"0x0200 result=OK"}
{"ts":"2026-04-01T19:41:48.109Z","level":"INFO","device":"868120018681","event":"RX_MSG","detail":"0x8001 bodyLen=5"}
{"ts":"2026-04-01T19:41:48.109Z","level":"INFO","device":"868120018681","event":"SERVER_ACK","detail":"0x0800 result=OK"}
{"ts":"2026-04-01T19:41:48.109Z","level":"INFO","device":"868120018681","event":"RX_MSG","detail":"0x9208 bodyLen=81"}
{"ts":"2026-04-01T19:41:48.109Z","level":"INFO","device":"868120018681","event":"9208_RAW","detail":"0C35342E33372E3232352E36350D32000086812001868100260401194147040200383638313230303138363831303032363034303131393431343730343032303000000000000000000000000000000000"}
{"ts":"2026-04-01T19:41:48.110Z","level":"INFO","device":"868120018681","event":"UPLOAD_TRIGGERED","detail":"media: 54.37.225.65:3378 | alarmId: 86812001868100260401194147040200"}
{"ts":"2026-04-01T19:41:48.118Z","level":"INFO","device":"868120018681","event":"MEDIA_CONNECTING","detail":"54.37.225.65:3378 files=2"}
{"ts":"2026-04-01T19:41:48.131Z","level":"INFO","device":"868120018681","event":"MEDIA_CONNECTED","detail":"54.37.225.65:3378"}
{"ts":"2026-04-01T19:41:48.131Z","level":"INFO","device":"868120018681","event":"FILE_START","detail":"[1/2] 00_64_6401_00_86812001868100260401194147040200.jpg (215 bytes)"}
{"ts":"2026-04-01T19:41:48.133Z","level":"INFO","device":"868120018681","event":"SENT_1210","detail":"00_64_6401_00_86812001868100260401194147040200.jpg"}
{"ts":"2026-04-01T19:41:48.224Z","level":"INFO","device":"868120018681","event":"MEDIA_RX","detail":"7E 80 01 00 05 86 81 20 01 86 81 7F C9 00 00 12 10 00 11 7E"}
{"ts":"2026-04-01T19:41:48.285Z","level":"INFO","device":"868120018681","event":"SENT_RAW_MARKER","detail":"00_64_6401_00_86812001868100260401194147040200.jpg packet=277 bytes data=215 bytes"}
{"ts":"2026-04-01T19:41:48.381Z","level":"INFO","device":"868120018681","event":"SENT_1212","detail":"00_64_6401_00_86812001868100260401194147040200.jpg type=0"}
{"ts":"2026-04-01T19:41:48.447Z","level":"INFO","device":"868120018681","event":"MEDIA_RX","detail":"7E 92 12 00 36 86 81 20 01 86 81 57 09 32 30 30 5F 36 34 5F 36 34 30 31 5F 30 30 5F 38 36 38 31 32 30 30 31 38 36 38 31 30 30 32 36 30 34 30 31 31 39 34 31 34 37 30 34 30 32 30 30 2E 6A 70 67 00 00 00 A3 7E"}
{"ts":"2026-04-01T19:41:48.692Z","level":"INFO","device":"868120018681","event":"FILE_START","detail":"[2/2] 02_64_6401_03_86812001868100260401194147040200.mp4 (1570024 bytes)"}
{"ts":"2026-04-01T19:41:48.693Z","level":"INFO","device":"868120018681","event":"SENT_1210","detail":"02_64_6401_03_86812001868100260401194147040200.mp4"}
{"ts":"2026-04-01T19:41:48.704Z","level":"INFO","device":"868120018681","event":"MEDIA_RX","detail":"7E 80 01 00 05 86 81 20 01 86 81 79 F8 00 02 12 10 00 24 7E"}
{"ts":"2026-04-01T19:41:48.804Z","level":"INFO","device":"868120018681","event":"SENT_RAW_MARKER","detail":"02_64_6401_03_86812001868100260401194147040200.mp4 packet=1570086 bytes data=1570024 bytes"}
{"ts":"2026-04-01T19:41:48.895Z","level":"INFO","device":"868120018681","event":"SENT_1212","detail":"02_64_6401_03_86812001868100260401194147040200.mp4 type=2"}
{"ts":"2026-04-01T19:41:49.050Z","level":"INFO","device":"868120018681","event":"MEDIA_RX","detail":"7E 92 12 00 36 86 81 20 01 86 81 56 E5 32 30 32 5F 36 34 5F 36 34 30 31 5F 30 33 5F 38 36 38 31 32 30 30 31 38 36 38 31 30 30 32 36 30 34 30 31 31 39 34 31 34 37 30 34 30 32 30 30 2E 6D 70 34 02 00 00 19 7E"}
{"ts":"2026-04-01T19:41:49.200Z","level":"INFO","device":"868120018681","event":"BATCH_COMPLETE","detail":"All 2 files sent"}
{"ts":"2026-04-01T19:41:49.214Z","level":"INFO","device":"868120018681","event":"MEDIA_CLOSED","detail":""}
{"ts":"2026-04-01T19:41:57.906Z","level":"INFO","device":"868120018681","event":"INCIDENT_SENT","detail":"mediaId=5 alarmId=86812001868100260401194157050200"}
{"ts":"2026-04-01T19:41:57.920Z","level":"INFO","device":"868120018681","event":"RX_MSG","detail":"0x8001 bodyLen=5"}
{"ts":"2026-04-01T19:41:57.921Z","level":"INFO","device":"868120018681","event":"SERVER_ACK","detail":"0x0200 result=OK"}
{"ts":"2026-04-01T19:41:57.927Z","level":"INFO","device":"868120018681","event":"RX_MSG","detail":"0x9208 bodyLen=81"}
{"ts":"2026-04-01T19:41:57.928Z","level":"INFO","device":"868120018681","event":"9208_RAW","detail":"0C35342E33372E3232352E36350D32000086812001868100260401194157050200383638313230303138363831303032363034303131393431353730353032303000000000000000000000000000000000"}
{"ts":"2026-04-01T19:41:57.929Z","level":"INFO","device":"868120018681","event":"UPLOAD_TRIGGERED","detail":"media: 54.37.225.65:3378 | alarmId: 86812001868100260401194157050200"}
{"ts":"2026-04-01T19:41:57.929Z","level":"INFO","device":"868120018681","event":"MEDIA_CONNECTING","detail":"54.37.225.65:3378 files=2"}
{"ts":"2026-04-01T19:41:57.938Z","level":"INFO","device":"868120018681","event":"RX_MSG","detail":"0x8001 bodyLen=5"}
{"ts":"2026-04-01T19:41:57.938Z","level":"INFO","device":"868120018681","event":"SERVER_ACK","detail":"0x0800 result=OK"}
{"ts":"2026-04-01T19:41:57.939Z","level":"INFO","device":"868120018681","event":"MEDIA_CONNECTED","detail":"54.37.225.65:3378"}
{"ts":"2026-04-01T19:41:57.939Z","level":"INFO","device":"868120018681","event":"FILE_START","detail":"[1/2] 00_64_6401_00_86812001868100260401194157050200.jpg (215 bytes)"}
{"ts":"2026-04-01T19:41:57.939Z","level":"INFO","device":"868120018681","event":"SENT_1210","detail":"00_64_6401_00_86812001868100260401194157050200.jpg"}
{"ts":"2026-04-01T19:41:58.024Z","level":"INFO","device":"868120018681","event":"MEDIA_RX","detail":"7E 80 01 00 05 86 81 20 01 86 81 63 CA 00 00 12 10 00 0E 7E"}
{"ts":"2026-04-01T19:41:58.066Z","level":"INFO","device":"868120018681","event":"SENT_RAW_MARKER","detail":"00_64_6401_00_86812001868100260401194157050200.jpg packet=277 bytes data=215 bytes"}
{"ts":"2026-04-01T19:41:58.067Z","level":"INFO","device":"868120018681","event":"SENT_1212","detail":"00_64_6401_00_86812001868100260401194157050200.jpg type=0"}
{"ts":"2026-04-01T19:41:58.123Z","level":"INFO","device":"868120018681","event":"MEDIA_RX","detail":"7E 92 12 00 36 86 81 20 01 86 81 90 12 32 30 30 5F 36 34 5F 36 34 30 31 5F 30 30 5F 38 36 38 31 32 30 30 31 38 36 38 31 30 30 32 36 30 34 30 31 31 39 34 31 35 37 30 35 30 32 30 30 2E 6A 70 67 00 00 00 7F 7E"}
{"ts":"2026-04-01T19:41:58.369Z","level":"INFO","device":"868120018681","event":"FILE_START","detail":"[2/2] 02_64_6401_03_86812001868100260401194157050200.mp4 (1570024 bytes)"}
{"ts":"2026-04-01T19:41:58.369Z","level":"INFO","device":"868120018681","event":"SENT_1210","detail":"02_64_6401_03_86812001868100260401194157050200.mp4"}
{"ts":"2026-04-01T19:41:58.379Z","level":"INFO","device":"868120018681","event":"MEDIA_RX","detail":"7E 80 01 00 05 86 81 20 01 86 81 D8 4B 00 02 12 10 00 36 7E"}
{"ts":"2026-04-01T19:41:58.477Z","level":"INFO","device":"868120018681","event":"SENT_RAW_MARKER","detail":"02_64_6401_03_86812001868100260401194157050200.mp4 packet=1570086 bytes data=1570024 bytes"}
{"ts":"2026-04-01T19:41:58.541Z","level":"INFO","device":"868120018681","event":"SENT_1212","detail":"02_64_6401_03_86812001868100260401194157050200.mp4 type=2"}
{"ts":"2026-04-01T19:41:58.638Z","level":"INFO","device":"868120018681","event":"MEDIA_RX","detail":"7E 92 12 00 36 86 81 20 01 86 81 A1 43 32 30 32 5F 36 34 5F 36 34 30 31 5F 30 33 5F 38 36 38 31 32 30 30 31 38 36 38 31 30 30 32 36 30 34 30 31 31 39 34 31 35 37 30 35 30 32 30 30 2E 6D 70 34 02 00 00 48 7E"}
{"ts":"2026-04-01T19:41:58.844Z","level":"INFO","device":"868120018681","event":"BATCH_COMPLETE","detail":"All 2 files sent"}
{"ts":"2026-04-01T19:41:58.857Z","level":"INFO","device":"868120018681","event":"MEDIA_CLOSED","detail":""}
{"ts":"2026-04-01T19:41:59.436Z","level":"INFO","device":"868120018681","event":"DISCONNECTED","detail":"clean stop"}

[SUMMARY] Run duration: 54s
[SUMMARY] GPS packets sent: 2
[SUMMARY] OBD2 packets sent: 0
[SUMMARY] Incidents fired: 5
[SUMMARY] Videos uploaded OK: 5
[SUMMARY] Videos failed: 0
[SUMMARY] Tracker pings sent: 0
[SUMMARY] Reconnections: 0
[SUMMARY] Log file: logs/sim-2026-04-01T19-41-07.log
