{"ts":"2026-03-31T08:56:18.752Z","level":"INFO","device":"868120100001","event":"CONNECTED","detail":""}
{"ts":"2026-03-31T08:56:18.770Z","level":"INFO","device":"868120100001","event":"MEDIA_REQ_PARSED","detail":"CMD: 0x9208 (Image Upload) | Target URL: 54.37.225.65:3378"}
{"ts":"2026-03-31T08:56:18.771Z","level":"ERROR","device":"868120100001","event":"MEDIA_UPLOAD_FAIL","detail":"No Alarm ID saved. Cannot generate filename."}
{"ts":"2026-03-31T08:56:38.705Z","level":"INFO","device":"868120100001","event":"GPS_SENT_0x0200","detail":"Location Updated"}
{"ts":"2026-03-31T08:56:38.707Z","level":"INFO","device":"868120100001","event":"INCIDENT_ADAS_SENT","detail":"Triggered 0x64 Alarm with Hex ID: 00000000000000260331085638000200"}
{"ts":"2026-03-31T08:56:58.708Z","level":"INFO","device":"868120100001","event":"GPS_SENT_0x0200","detail":"Location Updated"}
{"ts":"2026-03-31T08:56:58.708Z","level":"INFO","device":"868120100001","event":"INCIDENT_ADAS_SENT","detail":"Triggered 0x64 Alarm with Hex ID: 00000000000000260331085658000200"}
{"ts":"2026-03-31T08:57:18.709Z","level":"INFO","device":"868120100001","event":"GPS_SENT_0x0200","detail":"Location Updated"}
{"ts":"2026-03-31T08:57:18.710Z","level":"INFO","device":"868120100001","event":"INCIDENT_ADAS_SENT","detail":"Triggered 0x64 Alarm with Hex ID: 00000000000000260331085718000200"}
{"ts":"2026-03-31T08:57:38.713Z","level":"INFO","device":"868120100001","event":"GPS_SENT_0x0200","detail":"Location Updated"}
{"ts":"2026-03-31T08:57:38.713Z","level":"INFO","device":"868120100001","event":"INCIDENT_ADAS_SENT","detail":"Triggered 0x64 Alarm with Hex ID: 00000000000000260331085738000200"}
{"ts":"2026-03-31T08:57:48.317Z","level":"INFO","device":"868120100001","event":"DISCONNECTED","detail":"clean stop"}

[SUMMARY] Run duration: 92s
[SUMMARY] GPS packets sent: 4
[SUMMARY] OBD2 packets sent: 0
[SUMMARY] Incidents fired: 4
[SUMMARY] Videos uploaded OK: 0
[SUMMARY] Videos failed: 0
[SUMMARY] Tracker pings sent: 0
[SUMMARY] Reconnections: 0
[SUMMARY] Log file: logs/sim-2026-03-31T08-56-18.log
