{"ts":"2026-03-31T21:22:33.967Z","level":"INFO","device":"868120100001","event":"CONNECTED","detail":""}
{"ts":"2026-03-31T21:22:33.998Z","level":"INFO","device":"868120100001","event":"RX_HEX","detail":"7E 80 01 00 05 86 81 20 10 00 01 00 00 00 00 01 02 00 B1 7E"}
{"ts":"2026-03-31T21:22:34.000Z","level":"INFO","device":"868120100001","event":"SERVER_ACK_DECODED","detail":"ACK for MSG 0x0102 (Serial: 0) -> Success"}
{"ts":"2026-03-31T21:22:53.962Z","level":"INFO","device":"868120100001","event":"GPS_SENT_0x0200","detail":"Location Updated"}
{"ts":"2026-03-31T21:22:53.965Z","level":"INFO","device":"868120100001","event":"INCIDENT_ADAS_SENT","detail":"Triggered 0x64 Alarm + 0x0800 Media Notification (Hex ID: 00000000000000260331212253000500)"}
{"ts":"2026-03-31T21:22:53.973Z","level":"INFO","device":"868120100001","event":"RX_HEX","detail":"7E 80 01 00 05 86 81 20 10 00 01 00 00 00 01 02 00 00 B1 7E"}
{"ts":"2026-03-31T21:22:53.973Z","level":"INFO","device":"868120100001","event":"SERVER_ACK_DECODED","detail":"ACK for MSG 0x0200 (Serial: 1) -> Success"}
{"ts":"2026-03-31T21:22:53.980Z","level":"INFO","device":"868120100001","event":"RX_HEX","detail":"7E 80 01 00 05 86 81 20 10 00 01 00 00 00 02 02 00 00 B2 7E"}
{"ts":"2026-03-31T21:22:53.980Z","level":"INFO","device":"868120100001","event":"SERVER_ACK_DECODED","detail":"ACK for MSG 0x0200 (Serial: 2) -> Success"}
{"ts":"2026-03-31T21:22:53.988Z","level":"INFO","device":"868120100001","event":"RX_HEX","detail":"7E 80 01 00 05 86 81 20 10 00 01 00 00 00 03 08 00 00 B9 7E 7E 92 08 00 51 86 81 20 10 00 01 00 25 0C 35 34 2E 33 37 2E 32 32 35 2E 36 35 0D 32 00 00 00 00 00 00 00 00 00 26 03 31 21 22 53 00 05 00 30 30 30 30 30 30 30 30 30 30 30 30 30 30 32 36 30 33 33 31 32 31 32 32 35 33 30 30 30 35 30 30 00 00 00 00 00 00 00 00 00 00 00 00 00 00 00 00 B2 7E"}
{"ts":"2026-03-31T21:22:53.990Z","level":"INFO","device":"868120100001","event":"SERVER_ACK_DECODED","detail":"ACK for MSG 0x0800 (Serial: 3) -> Success"}
{"ts":"2026-03-31T21:22:53.991Z","level":"INFO","device":"868120100001","event":"MEDIA_REQ_PARSED","detail":"CMD: 0x9208 (Batch Media Upload) | Target: 54.37.225.65:3378 | Server expects files for Alarm ID: 00000000000000260331212253000500"}
{"ts":"2026-03-31T21:22:53.992Z","level":"INFO","device":"868120100001","event":"MEDIA_SERVER_ADDR","detail":"IP=54.37.225.65, PORT=3378"}
{"ts":"2026-03-31T21:22:53.992Z","level":"INFO","device":"868120100001","event":"MEDIA_ALARM_ID","detail":"AlarmID16=00000000000000260331212253000500, AlarmNo32=3030303030303030303030303030323630333331323132323533303030353030"}
{"ts":"2026-03-31T21:22:53.992Z","level":"INFO","device":"868120100001","event":"MEDIA_TCP_CONNECTING","detail":"Opening secondary socket to 54.37.225.65:3378"}
{"ts":"2026-03-31T21:22:54.008Z","level":"INFO","device":"868120100001","event":"MEDIA_TCP_CONNECTED","detail":"Connected to 54.37.225.65:3378"}
{"ts":"2026-03-31T21:22:54.009Z","level":"INFO","device":"868120100001","event":"SEND_FILE_START","detail":"Sending 03_64_6401_04_00000000000000260331212253000500.bin (631 bytes). Marker+Name+Data first 20 bytes: 3031636430335F36345F363430315F30345F3030"}
{"ts":"2026-03-31T21:22:54.010Z","level":"INFO","device":"868120100001","event":"SEND_FILE_END","detail":"03_64_6401_04_00000000000000260331212253000500.bin sent successfully"}
{"ts":"2026-03-31T21:22:54.014Z","level":"INFO","device":"868120100001","event":"SEND_FILE_START","detail":"Sending 02_64_6401_03_00000000000000260331212253000500.mp4 (358400 bytes). Marker+Name+Data first 20 bytes: 3031636430325F36345F363430315F30335F3030"}
{"ts":"2026-03-31T21:22:54.057Z","level":"INFO","device":"868120100001","event":"SEND_FILE_END","detail":"02_64_6401_03_00000000000000260331212253000500.mp4 sent successfully"}
{"ts":"2026-03-31T21:22:54.058Z","level":"INFO","device":"868120100001","event":"ALL_FILES_SENT","detail":"All 2 files uploaded to media server"}
{"ts":"2026-03-31T21:22:54.060Z","level":"INFO","device":"868120100001","event":"MEDIA_SOCKET_CLOSING","detail":"Closing secondary socket after upload"}
{"ts":"2026-03-31T21:22:54.062Z","level":"INFO","device":"868120100001","event":"UPLOAD_COMPLETE_SENT","detail":"0x1212 sent for 03_64_6401_04_00000000000000260331212253000500.bin"}
{"ts":"2026-03-31T21:22:54.071Z","level":"INFO","device":"868120100001","event":"RX_HEX","detail":"7E 80 01 00 05 86 81 20 10 00 01 00 00 00 04 12 12 00 B6 7E"}
{"ts":"2026-03-31T21:22:54.071Z","level":"INFO","device":"868120100001","event":"SERVER_ACK_DECODED","detail":"ACK for MSG 0x1212 (Serial: 4) -> Success"}
{"ts":"2026-03-31T21:22:54.072Z","level":"INFO","device":"868120100001","event":"CONTROL_SOCKET_RX","detail":"Received 20 bytes after 0x1212: 7E8001000586812010000100000004121200B67E"}
{"ts":"2026-03-31T21:22:54.086Z","level":"INFO","device":"868120100001","event":"MEDIA_SOCKET_CLOSED","detail":"Closed, error=false"}
{"ts":"2026-03-31T21:23:13.963Z","level":"INFO","device":"868120100001","event":"GPS_SENT_0x0200","detail":"Location Updated"}
{"ts":"2026-03-31T21:23:13.964Z","level":"INFO","device":"868120100001","event":"INCIDENT_ADAS_SENT","detail":"Triggered 0x64 Alarm + 0x0800 Media Notification (Hex ID: 00000000000000260331212313000500)"}
{"ts":"2026-03-31T21:23:13.979Z","level":"INFO","device":"868120100001","event":"RX_HEX","detail":"7E 80 01 00 05 86 81 20 10 00 01 00 00 00 05 02 00 00 B5 7E"}
{"ts":"2026-03-31T21:23:13.980Z","level":"INFO","device":"868120100001","event":"SERVER_ACK_DECODED","detail":"ACK for MSG 0x0200 (Serial: 5) -> Success"}
{"ts":"2026-03-31T21:23:13.980Z","level":"INFO","device":"868120100001","event":"RX_HEX","detail":"7E 80 01 00 05 86 81 20 10 00 01 00 00 00 06 02 00 00 B6 7E"}
{"ts":"2026-03-31T21:23:13.980Z","level":"INFO","device":"868120100001","event":"SERVER_ACK_DECODED","detail":"ACK for MSG 0x0200 (Serial: 6) -> Success"}
{"ts":"2026-03-31T21:23:13.985Z","level":"INFO","device":"868120100001","event":"RX_HEX","detail":"7E 80 01 00 05 86 81 20 10 00 01 00 00 00 07 08 00 00 BD 7E"}
{"ts":"2026-03-31T21:23:13.985Z","level":"INFO","device":"868120100001","event":"SERVER_ACK_DECODED","detail":"ACK for MSG 0x0800 (Serial: 7) -> Success"}
{"ts":"2026-03-31T21:23:33.966Z","level":"INFO","device":"868120100001","event":"GPS_SENT_0x0200","detail":"Location Updated"}
{"ts":"2026-03-31T21:23:33.967Z","level":"INFO","device":"868120100001","event":"INCIDENT_ADAS_SENT","detail":"Triggered 0x64 Alarm + 0x0800 Media Notification (Hex ID: 00000000000000260331212333000500)"}
{"ts":"2026-03-31T21:23:33.978Z","level":"INFO","device":"868120100001","event":"RX_HEX","detail":"7E 80 01 00 05 86 81 20 10 00 01 00 00 00 08 02 00 00 B8 7E"}
{"ts":"2026-03-31T21:23:33.978Z","level":"INFO","device":"868120100001","event":"SERVER_ACK_DECODED","detail":"ACK for MSG 0x0200 (Serial: 8) -> Success"}
{"ts":"2026-03-31T21:23:33.984Z","level":"INFO","device":"868120100001","event":"RX_HEX","detail":"7E 80 01 00 05 86 81 20 10 00 01 00 00 00 09 02 00 00 B9 7E"}
{"ts":"2026-03-31T21:23:33.984Z","level":"INFO","device":"868120100001","event":"SERVER_ACK_DECODED","detail":"ACK for MSG 0x0200 (Serial: 9) -> Success"}
{"ts":"2026-03-31T21:23:33.992Z","level":"INFO","device":"868120100001","event":"RX_HEX","detail":"7E 80 01 00 05 86 81 20 10 00 01 00 00 00 0A 08 00 00 B0 7E"}
{"ts":"2026-03-31T21:23:33.993Z","level":"INFO","device":"868120100001","event":"SERVER_ACK_DECODED","detail":"ACK for MSG 0x0800 (Serial: 10) -> Success"}
{"ts":"2026-03-31T21:23:53.983Z","level":"INFO","device":"868120100001","event":"GPS_SENT_0x0200","detail":"Location Updated"}
{"ts":"2026-03-31T21:23:53.984Z","level":"INFO","device":"868120100001","event":"INCIDENT_ADAS_SENT","detail":"Triggered 0x64 Alarm + 0x0800 Media Notification (Hex ID: 00000000000000260331212353000500)"}
{"ts":"2026-03-31T21:23:53.994Z","level":"INFO","device":"868120100001","event":"RX_HEX","detail":"7E 80 01 00 05 86 81 20 10 00 01 00 00 00 0B 02 00 00 BB 7E"}
{"ts":"2026-03-31T21:23:53.994Z","level":"INFO","device":"868120100001","event":"SERVER_ACK_DECODED","detail":"ACK for MSG 0x0200 (Serial: 11) -> Success"}
{"ts":"2026-03-31T21:23:54.008Z","level":"INFO","device":"868120100001","event":"RX_HEX","detail":"7E 80 01 00 05 86 81 20 10 00 01 00 00 00 0C 02 00 00 BC 7E"}
{"ts":"2026-03-31T21:23:54.009Z","level":"INFO","device":"868120100001","event":"SERVER_ACK_DECODED","detail":"ACK for MSG 0x0200 (Serial: 12) -> Success"}
{"ts":"2026-03-31T21:23:54.010Z","level":"INFO","device":"868120100001","event":"RX_HEX","detail":"7E 80 01 00 05 86 81 20 10 00 01 00 00 00 0D 08 00 00 B7 7E"}
{"ts":"2026-03-31T21:23:54.010Z","level":"INFO","device":"868120100001","event":"SERVER_ACK_DECODED","detail":"ACK for MSG 0x0800 (Serial: 13) -> Success"}
{"ts":"2026-03-31T21:24:13.984Z","level":"INFO","device":"868120100001","event":"GPS_SENT_0x0200","detail":"Location Updated"}
{"ts":"2026-03-31T21:24:13.985Z","level":"INFO","device":"868120100001","event":"INCIDENT_ADAS_SENT","detail":"Triggered 0x64 Alarm + 0x0800 Media Notification (Hex ID: 00000000000000260331212413000500)"}
{"ts":"2026-03-31T21:24:13.995Z","level":"INFO","device":"868120100001","event":"RX_HEX","detail":"7E 80 01 00 05 86 81 20 10 00 01 00 00 00 0E 02 00 00 BE 7E"}
{"ts":"2026-03-31T21:24:13.995Z","level":"INFO","device":"868120100001","event":"SERVER_ACK_DECODED","detail":"ACK for MSG 0x0200 (Serial: 14) -> Success"}
{"ts":"2026-03-31T21:24:14.006Z","level":"INFO","device":"868120100001","event":"RX_HEX","detail":"7E 80 01 00 05 86 81 20 10 00 01 00 00 00 0F 02 00 00 BF 7E"}
{"ts":"2026-03-31T21:24:14.007Z","level":"INFO","device":"868120100001","event":"SERVER_ACK_DECODED","detail":"ACK for MSG 0x0200 (Serial: 15) -> Success"}
{"ts":"2026-03-31T21:24:14.014Z","level":"INFO","device":"868120100001","event":"RX_HEX","detail":"7E 80 01 00 05 86 81 20 10 00 01 00 00 00 10 08 00 00 AA 7E"}
{"ts":"2026-03-31T21:24:14.014Z","level":"INFO","device":"868120100001","event":"SERVER_ACK_DECODED","detail":"ACK for MSG 0x0800 (Serial: 16) -> Success"}
{"ts":"2026-03-31T21:24:24.180Z","level":"INFO","device":"868120100001","event":"RX_HEX","detail":"7E 92 08 00 51 86 81 20 10 00 01 00 26 0C 35 34 2E 33 37 2E 32 32 35 2E 36 35 0D 32 00 00 00 00 00 00 00 00 00 26 03 31 21 23 13 00 05 00 30 30 30 30 30 30 30 30 30 30 30 30 30 30 32 36 30 33 33 31 32 31 32 33 31 33 30 30 30 35 30 30 00 00 00 00 00 00 00 00 00 00 00 00 00 00 00 00 F5 7E"}
{"ts":"2026-03-31T21:24:24.180Z","level":"INFO","device":"868120100001","event":"MEDIA_REQ_PARSED","detail":"CMD: 0x9208 (Batch Media Upload) | Target: 54.37.225.65:3378 | Server expects files for Alarm ID: 00000000000000260331212313000500"}
{"ts":"2026-03-31T21:24:24.181Z","level":"INFO","device":"868120100001","event":"MEDIA_SERVER_ADDR","detail":"IP=54.37.225.65, PORT=3378"}
{"ts":"2026-03-31T21:24:24.181Z","level":"INFO","device":"868120100001","event":"MEDIA_ALARM_ID","detail":"AlarmID16=00000000000000260331212313000500, AlarmNo32=3030303030303030303030303030323630333331323132333133303030353030"}
{"ts":"2026-03-31T21:24:24.181Z","level":"INFO","device":"868120100001","event":"MEDIA_TCP_CONNECTING","detail":"Opening secondary socket to 54.37.225.65:3378"}
{"ts":"2026-03-31T21:24:24.189Z","level":"INFO","device":"868120100001","event":"MEDIA_TCP_CONNECTED","detail":"Connected to 54.37.225.65:3378"}
{"ts":"2026-03-31T21:24:24.190Z","level":"INFO","device":"868120100001","event":"SEND_FILE_START","detail":"Sending 03_64_6401_04_00000000000000260331212313000500.bin (631 bytes). Marker+Name+Data first 20 bytes: 3031636430335F36345F363430315F30345F3030"}
{"ts":"2026-03-31T21:24:24.191Z","level":"INFO","device":"868120100001","event":"SEND_FILE_END","detail":"03_64_6401_04_00000000000000260331212313000500.bin sent successfully"}
{"ts":"2026-03-31T21:24:24.192Z","level":"INFO","device":"868120100001","event":"SEND_FILE_START","detail":"Sending 02_64_6401_03_00000000000000260331212313000500.mp4 (358400 bytes). Marker+Name+Data first 20 bytes: 3031636430325F36345F363430315F30335F3030"}
{"ts":"2026-03-31T21:24:24.219Z","level":"INFO","device":"868120100001","event":"SEND_FILE_END","detail":"02_64_6401_03_00000000000000260331212313000500.mp4 sent successfully"}
{"ts":"2026-03-31T21:24:24.220Z","level":"INFO","device":"868120100001","event":"ALL_FILES_SENT","detail":"All 2 files uploaded to media server"}
{"ts":"2026-03-31T21:24:24.220Z","level":"INFO","device":"868120100001","event":"MEDIA_SOCKET_CLOSING","detail":"Closing secondary socket after upload"}
{"ts":"2026-03-31T21:24:24.221Z","level":"INFO","device":"868120100001","event":"UPLOAD_COMPLETE_SENT","detail":"0x1212 sent for 03_64_6401_04_00000000000000260331212313000500.bin"}
{"ts":"2026-03-31T21:24:24.231Z","level":"INFO","device":"868120100001","event":"RX_HEX","detail":"7E 80 01 00 05 86 81 20 10 00 01 00 00 00 11 12 12 00 A3 7E"}
{"ts":"2026-03-31T21:24:24.232Z","level":"INFO","device":"868120100001","event":"SERVER_ACK_DECODED","detail":"ACK for MSG 0x1212 (Serial: 17) -> Success"}
{"ts":"2026-03-31T21:24:24.232Z","level":"INFO","device":"868120100001","event":"CONTROL_SOCKET_RX","detail":"Received 20 bytes after 0x1212: 7E8001000586812010000100000011121200A37E"}
{"ts":"2026-03-31T21:24:24.243Z","level":"INFO","device":"868120100001","event":"MEDIA_SOCKET_CLOSED","detail":"Closed, error=false"}
{"ts":"2026-03-31T21:24:33.989Z","level":"INFO","device":"868120100001","event":"GPS_SENT_0x0200","detail":"Location Updated"}
{"ts":"2026-03-31T21:24:33.990Z","level":"INFO","device":"868120100001","event":"INCIDENT_ADAS_SENT","detail":"Triggered 0x64 Alarm + 0x0800 Media Notification (Hex ID: 00000000000000260331212433000500)"}
{"ts":"2026-03-31T21:24:34.000Z","level":"INFO","device":"868120100001","event":"RX_HEX","detail":"7E 80 01 00 05 86 81 20 10 00 01 00 00 00 12 02 00 00 A2 7E"}
{"ts":"2026-03-31T21:24:34.001Z","level":"INFO","device":"868120100001","event":"SERVER_ACK_DECODED","detail":"ACK for MSG 0x0200 (Serial: 18) -> Success"}
{"ts":"2026-03-31T21:24:34.012Z","level":"INFO","device":"868120100001","event":"RX_HEX","detail":"7E 80 01 00 05 86 81 20 10 00 01 00 00 00 13 02 00 00 A3 7E"}
{"ts":"2026-03-31T21:24:34.014Z","level":"INFO","device":"868120100001","event":"SERVER_ACK_DECODED","detail":"ACK for MSG 0x0200 (Serial: 19) -> Success"}
{"ts":"2026-03-31T21:24:34.017Z","level":"INFO","device":"868120100001","event":"RX_HEX","detail":"7E 80 01 00 05 86 81 20 10 00 01 00 00 00 14 08 00 00 AE 7E"}
{"ts":"2026-03-31T21:24:34.019Z","level":"INFO","device":"868120100001","event":"SERVER_ACK_DECODED","detail":"ACK for MSG 0x0800 (Serial: 20) -> Success"}
{"ts":"2026-03-31T21:24:37.692Z","level":"INFO","device":"868120100001","event":"DISCONNECTED","detail":"clean stop"}

[SUMMARY] Run duration: 126s
[SUMMARY] GPS packets sent: 6
[SUMMARY] OBD2 packets sent: 0
[SUMMARY] Incidents fired: 6
[SUMMARY] Videos uploaded OK: 0
[SUMMARY] Videos failed: 0
[SUMMARY] Tracker pings sent: 0
[SUMMARY] Reconnections: 0
[SUMMARY] Log file: logs/sim-2026-03-31T21-22-33.log
