{"ts":"2026-03-31T00:08:14.520Z","level":"INFO","device":"868120100001","event":"CONNECTED","detail":""}
{"ts":"2026-03-31T00:08:14.524Z","level":"INFO","device":"868120100001","event":"AUTH_SENT_0x0102","detail":"code: 123456"}
{"ts":"2026-03-31T00:08:14.546Z","level":"INFO","device":"868120100001","event":"RX_HEX","detail":"7E 80 01 00 05 86 81 20 10 00 01 00 00 00 00 01 02 00 B1 7E"}
{"ts":"2026-03-31T00:08:14.547Z","level":"INFO","device":"868120100001","event":"SERVER_ACK","detail":"Received 0x8001 Response"}
{"ts":"2026-03-31T00:08:14.668Z","level":"INFO","device":"868120100002","event":"CONNECTED","detail":""}
{"ts":"2026-03-31T00:08:14.668Z","level":"INFO","device":"868120100002","event":"AUTH_SENT_0x0102","detail":"code: 123456"}
{"ts":"2026-03-31T00:08:14.693Z","level":"INFO","device":"868120100002","event":"RX_HEX","detail":"7E 80 01 00 05 86 81 20 10 00 02 00 00 00 00 01 02 00 B2 7E"}
{"ts":"2026-03-31T00:08:14.693Z","level":"INFO","device":"868120100002","event":"SERVER_ACK","detail":"Received 0x8001 Response"}
{"ts":"2026-03-31T00:08:14.819Z","level":"INFO","device":"868120100003","event":"CONNECTED","detail":""}
{"ts":"2026-03-31T00:08:14.819Z","level":"INFO","device":"868120100003","event":"AUTH_SENT_0x0102","detail":"code: 123456"}
{"ts":"2026-03-31T00:08:14.833Z","level":"INFO","device":"868120100003","event":"RX_HEX","detail":"7E 80 01 00 05 86 81 20 10 00 03 00 00 00 00 01 02 00 B3 7E"}
{"ts":"2026-03-31T00:08:14.833Z","level":"INFO","device":"868120100003","event":"SERVER_ACK","detail":"Received 0x8001 Response"}
{"ts":"2026-03-31T00:08:34.517Z","level":"INFO","device":"868120100001","event":"GPS_SENT_0x0200","detail":"51.5928,-0.2343 @ 105km/h"}
{"ts":"2026-03-31T00:08:34.526Z","level":"INFO","device":"868120100001","event":"RX_HEX","detail":"7E 80 01 00 05 86 81 20 10 00 01 00 00 00 01 02 00 00 B1 7E"}
{"ts":"2026-03-31T00:08:34.526Z","level":"INFO","device":"868120100001","event":"SERVER_ACK","detail":"Received 0x8001 Response"}
{"ts":"2026-03-31T00:08:34.665Z","level":"INFO","device":"868120100002","event":"GPS_SENT_0x0200","detail":"51.4917,-0.3038 @ 105km/h"}
{"ts":"2026-03-31T00:08:34.680Z","level":"INFO","device":"868120100002","event":"RX_HEX","detail":"7E 80 01 00 05 86 81 20 10 00 02 00 00 00 01 02 00 00 B2 7E"}
{"ts":"2026-03-31T00:08:34.680Z","level":"INFO","device":"868120100002","event":"SERVER_ACK","detail":"Received 0x8001 Response"}
{"ts":"2026-03-31T00:08:34.810Z","level":"INFO","device":"868120100003","event":"GPS_SENT_0x0200","detail":"51.4080,-0.5446 @ 105km/h"}
{"ts":"2026-03-31T00:08:34.818Z","level":"INFO","device":"868120100003","event":"RX_HEX","detail":"7E 80 01 00 05 86 81 20 10 00 03 00 00 00 01 02 00 00 B3 7E"}
{"ts":"2026-03-31T00:08:34.818Z","level":"INFO","device":"868120100003","event":"SERVER_ACK","detail":"Received 0x8001 Response"}
{"ts":"2026-03-31T00:08:50.389Z","level":"INFO","device":"868120100001","event":"RX_HEX","detail":"7E 91 01 00 14 86 81 20 10 00 01 01 35 0C 35 34 2E 33 37 2E 32 32 35 2E 36 35 0D 31 00 00 02 00 00 A9 7E"}
{"ts":"2026-03-31T00:08:54.484Z","level":"INFO","device":"868120100001","event":"RX_HEX","detail":"7E 91 01 00 14 86 81 20 10 00 01 01 36 0C 35 34 2E 33 37 2E 32 32 35 2E 36 35 0D 31 00 00 02 00 00 AA 7E"}
{"ts":"2026-03-31T00:08:54.517Z","level":"INFO","device":"868120100001","event":"GPS_SENT_0x0200","detail":"51.5969,-0.2397 @ 105km/h"}
{"ts":"2026-03-31T00:08:54.527Z","level":"INFO","device":"868120100001","event":"RX_HEX","detail":"7E 80 01 00 05 86 81 20 10 00 01 00 00 00 02 02 00 00 B2 7E"}
{"ts":"2026-03-31T00:08:54.527Z","level":"INFO","device":"868120100001","event":"SERVER_ACK","detail":"Received 0x8001 Response"}
{"ts":"2026-03-31T00:08:54.670Z","level":"INFO","device":"868120100002","event":"GPS_SENT_0x0200","detail":"51.4914,-0.3123 @ 105km/h"}
{"ts":"2026-03-31T00:08:54.678Z","level":"INFO","device":"868120100002","event":"RX_HEX","detail":"7E 80 01 00 05 86 81 20 10 00 02 00 00 00 02 02 00 00 B1 7E"}
{"ts":"2026-03-31T00:08:54.678Z","level":"INFO","device":"868120100002","event":"SERVER_ACK","detail":"Received 0x8001 Response"}
{"ts":"2026-03-31T00:08:54.816Z","level":"INFO","device":"868120100003","event":"GPS_SENT_0x0200","detail":"51.4028,-0.5436 @ 105km/h"}
{"ts":"2026-03-31T00:08:54.824Z","level":"INFO","device":"868120100003","event":"RX_HEX","detail":"7E 80 01 00 05 86 81 20 10 00 03 00 00 00 02 02 00 00 B0 7E"}
{"ts":"2026-03-31T00:08:54.824Z","level":"INFO","device":"868120100003","event":"SERVER_ACK","detail":"Received 0x8001 Response"}
{"ts":"2026-03-31T00:09:14.523Z","level":"INFO","device":"868120100001","event":"GPS_SENT_0x0200","detail":"51.6009,-0.2450 @ 105km/h"}
{"ts":"2026-03-31T00:09:14.533Z","level":"INFO","device":"868120100001","event":"RX_HEX","detail":"7E 80 01 00 05 86 81 20 10 00 01 00 00 00 03 02 00 00 B3 7E"}
{"ts":"2026-03-31T00:09:14.534Z","level":"INFO","device":"868120100001","event":"SERVER_ACK","detail":"Received 0x8001 Response"}
{"ts":"2026-03-31T00:09:14.673Z","level":"INFO","device":"868120100002","event":"GPS_SENT_0x0200","detail":"51.4912,-0.3207 @ 105km/h"}
{"ts":"2026-03-31T00:09:14.745Z","level":"INFO","device":"868120100002","event":"RX_HEX","detail":"7E 80 01 00 05 86 81 20 10 00 02 00 00 00 03 02 00 00 B0 7E"}
{"ts":"2026-03-31T00:09:14.745Z","level":"INFO","device":"868120100002","event":"SERVER_ACK","detail":"Received 0x8001 Response"}
{"ts":"2026-03-31T00:09:14.819Z","level":"INFO","device":"868120100003","event":"GPS_SENT_0x0200","detail":"51.3976,-0.5425 @ 105km/h"}
{"ts":"2026-03-31T00:09:14.827Z","level":"INFO","device":"868120100003","event":"RX_HEX","detail":"7E 80 01 00 05 86 81 20 10 00 03 00 00 00 03 02 00 00 B1 7E"}
{"ts":"2026-03-31T00:09:14.828Z","level":"INFO","device":"868120100003","event":"SERVER_ACK","detail":"Received 0x8001 Response"}
{"ts":"2026-03-31T00:09:34.526Z","level":"INFO","device":"868120100001","event":"GPS_SENT_0x0200","detail":"51.6050,-0.2504 @ 105km/h"}
{"ts":"2026-03-31T00:09:34.535Z","level":"INFO","device":"868120100001","event":"RX_HEX","detail":"7E 80 01 00 05 86 81 20 10 00 01 00 00 00 04 02 00 00 B4 7E"}
{"ts":"2026-03-31T00:09:34.535Z","level":"INFO","device":"868120100001","event":"SERVER_ACK","detail":"Received 0x8001 Response"}
{"ts":"2026-03-31T00:09:34.675Z","level":"INFO","device":"868120100002","event":"GPS_SENT_0x0200","detail":"51.4910,-0.3291 @ 105km/h"}
{"ts":"2026-03-31T00:09:34.686Z","level":"INFO","device":"868120100002","event":"RX_HEX","detail":"7E 80 01 00 05 86 81 20 10 00 02 00 00 00 04 02 00 00 B7 7E"}
{"ts":"2026-03-31T00:09:34.686Z","level":"INFO","device":"868120100002","event":"SERVER_ACK","detail":"Received 0x8001 Response"}
{"ts":"2026-03-31T00:09:34.823Z","level":"INFO","device":"868120100003","event":"GPS_SENT_0x0200","detail":"51.3924,-0.5414 @ 105km/h"}
{"ts":"2026-03-31T00:09:34.834Z","level":"INFO","device":"868120100003","event":"RX_HEX","detail":"7E 80 01 00 05 86 81 20 10 00 03 00 00 00 04 02 00 00 B6 7E"}
{"ts":"2026-03-31T00:09:34.835Z","level":"INFO","device":"868120100003","event":"SERVER_ACK","detail":"Received 0x8001 Response"}
{"ts":"2026-03-31T00:09:47.304Z","level":"INFO","device":"868120100001","event":"DISCONNECTED","detail":"clean stop"}
{"ts":"2026-03-31T00:09:47.305Z","level":"INFO","device":"868120100002","event":"DISCONNECTED","detail":"clean stop"}
{"ts":"2026-03-31T00:09:47.305Z","level":"INFO","device":"868120100003","event":"DISCONNECTED","detail":"clean stop"}

[SUMMARY] Run duration: 95s
[SUMMARY] GPS packets sent: 12
[SUMMARY] OBD2 packets sent: 0
[SUMMARY] Incidents fired: 0
[SUMMARY] Videos uploaded OK: 0
[SUMMARY] Videos failed: 0
[SUMMARY] Tracker pings sent: 0
[SUMMARY] Reconnections: 0
[SUMMARY] Log file: logs/sim-2026-03-31T00-08-14.log
