{"ts":"2026-04-02T18:46:26.777Z","level":"INFO","device":"868120018681","event":"CONNECTED","detail":"id:868120018681"}
{"ts":"2026-04-02T18:46:26.841Z","level":"INFO","device":"868120018681","event":"RX_MSG","detail":"0x9208 bodyLen=81"}
{"ts":"2026-04-02T18:46:26.841Z","level":"INFO","device":"868120018681","event":"9208_RAW","detail":"0C35342E33372E3232352E36350D32000001868120018681002604021834580B02303138363831323030313836383130303236303430323138333435383062303200000000000000000000000000000000"}
{"ts":"2026-04-02T18:46:26.842Z","level":"INFO","device":"868120018681","event":"UPLOAD_TRIGGERED","detail":"media: 54.37.225.65:3378 | alarmId: 01868120018681002604021834580B02"}
{"ts":"2026-04-02T18:46:26.842Z","level":"INFO","device":"868120018681","event":"MEDIA_CONNECTING","detail":"54.37.225.65:3378 files=2"}
{"ts":"2026-04-02T18:46:26.845Z","level":"INFO","device":"868120018681","event":"RX_MSG","detail":"0x8001 bodyLen=5"}
{"ts":"2026-04-02T18:46:26.846Z","level":"INFO","device":"868120018681","event":"SERVER_ACK","detail":"0x0102 result=OK"}
{"ts":"2026-04-02T18:46:26.852Z","level":"INFO","device":"868120018681","event":"MEDIA_CONNECTED","detail":"54.37.225.65:3378"}
{"ts":"2026-04-02T18:46:26.853Z","level":"INFO","device":"868120018681","event":"FILE_START","detail":"[1/2] 00_64_6401_00_01868120018681002604021834580B02.jpg (215 bytes)"}
{"ts":"2026-04-02T18:46:26.854Z","level":"INFO","device":"868120018681","event":"SENT_1210","detail":"00_64_6401_00_01868120018681002604021834580B02.jpg"}
{"ts":"2026-04-02T18:46:26.861Z","level":"INFO","device":"868120018681","event":"MEDIA_RX","detail":"7E 80 01 00 05 86 81 20 01 86 81 D7 61 00 00 12 10 00 11 7E"}
{"ts":"2026-04-02T18:46:26.954Z","level":"INFO","device":"868120018681","event":"SENT_RAW_MARKER","detail":"00_64_6401_00_01868120018681002604021834580B02.jpg packet=277 bytes data=215 bytes"}
{"ts":"2026-04-02T18:46:26.955Z","level":"INFO","device":"868120018681","event":"SENT_1212","detail":"00_64_6401_00_01868120018681002604021834580B02.jpg type=0"}
{"ts":"2026-04-02T18:46:27.010Z","level":"INFO","device":"868120018681","event":"MEDIA_RX","detail":"7E 92 12 00 36 86 81 20 01 86 81 E1 CE 32 30 30 5F 36 34 5F 36 34 30 31 5F 30 30 5F 30 31 38 36 38 31 32 30 30 31 38 36 38 31 30 30 32 36 30 34 30 32 31 38 33 34 35 38 30 42 30 32 2E 6A 70 67 00 00 00 AB 7E"}
{"ts":"2026-04-02T18:46:27.260Z","level":"INFO","device":"868120018681","event":"FILE_START","detail":"[2/2] 02_64_6401_03_01868120018681002604021834580B02.mp4 (65536 bytes)"}
{"ts":"2026-04-02T18:46:27.261Z","level":"INFO","device":"868120018681","event":"SENT_1210","detail":"02_64_6401_03_01868120018681002604021834580B02.mp4"}
{"ts":"2026-04-02T18:46:27.270Z","level":"INFO","device":"868120018681","event":"MEDIA_RX","detail":"7E 80 01 00 05 86 81 20 01 86 81 D1 5E 00 02 12 10 00 2A 7E"}
{"ts":"2026-04-02T18:46:27.362Z","level":"INFO","device":"868120018681","event":"SENT_RAW_MARKER","detail":"02_64_6401_03_01868120018681002604021834580B02.mp4 packet=65598 bytes data=65536 bytes"}
{"ts":"2026-04-02T18:46:27.363Z","level":"INFO","device":"868120018681","event":"SENT_1212","detail":"02_64_6401_03_01868120018681002604021834580B02.mp4 type=2"}
{"ts":"2026-04-02T18:46:27.388Z","level":"INFO","device":"868120018681","event":"MEDIA_RX","detail":"7E 92 12 00 36 86 81 20 01 86 81 F9 03 32 30 32 5F 36 34 5F 36 34 30 31 5F 30 33 5F 30 31 38 36 38 31 32 30 30 31 38 36 38 31 30 30 32 36 30 34 30 32 31 38 33 34 35 38 30 42 30 32 2E 6D 70 34 02 00 00 29 7E"}
{"ts":"2026-04-02T18:46:27.666Z","level":"INFO","device":"868120018681","event":"BATCH_COMPLETE","detail":"All 2 files sent"}
{"ts":"2026-04-02T18:46:27.681Z","level":"INFO","device":"868120018681","event":"MEDIA_CLOSED","detail":""}
{"ts":"2026-04-02T18:46:46.773Z","level":"INFO","device":"868120018681","event":"GPS_SENT","detail":""}
{"ts":"2026-04-02T18:46:46.783Z","level":"INFO","device":"868120018681","event":"RX_MSG","detail":"0x8001 bodyLen=5"}
{"ts":"2026-04-02T18:46:46.784Z","level":"INFO","device":"868120018681","event":"SERVER_ACK","detail":"0x0200 result=OK"}
{"ts":"2026-04-02T18:46:57.470Z","level":"INFO","device":"868120018681","event":"RX_MSG","detail":"0x9101 bodyLen=20"}
{"ts":"2026-04-02T18:46:57.470Z","level":"INFO","device":"868120018681","event":"LIVE_STREAM_REQ","detail":"not implemented"}
{"ts":"2026-04-02T18:47:06.774Z","level":"INFO","device":"868120018681","event":"GPS_SENT","detail":""}
{"ts":"2026-04-02T18:47:06.788Z","level":"INFO","device":"868120018681","event":"RX_MSG","detail":"0x8001 bodyLen=5"}
{"ts":"2026-04-02T18:47:06.788Z","level":"INFO","device":"868120018681","event":"SERVER_ACK","detail":"0x0200 result=OK"}
{"ts":"2026-04-02T18:47:26.779Z","level":"INFO","device":"868120018681","event":"GPS_SENT","detail":""}
{"ts":"2026-04-02T18:47:26.789Z","level":"INFO","device":"868120018681","event":"RX_MSG","detail":"0x8001 bodyLen=5"}
{"ts":"2026-04-02T18:47:26.790Z","level":"INFO","device":"868120018681","event":"SERVER_ACK","detail":"0x0200 result=OK"}
{"ts":"2026-04-02T18:47:46.785Z","level":"INFO","device":"868120018681","event":"GPS_SENT","detail":""}
{"ts":"2026-04-02T18:47:46.800Z","level":"INFO","device":"868120018681","event":"RX_MSG","detail":"0x8001 bodyLen=5"}
{"ts":"2026-04-02T18:47:46.802Z","level":"INFO","device":"868120018681","event":"SERVER_ACK","detail":"0x0200 result=OK"}
{"ts":"2026-04-02T18:47:52.878Z","level":"INFO","device":"868120018681","event":"RX_MSG","detail":"0x9101 bodyLen=20"}
{"ts":"2026-04-02T18:47:52.879Z","level":"INFO","device":"868120018681","event":"LIVE_STREAM_REQ","detail":"not implemented"}
{"ts":"2026-04-02T18:48:01.018Z","level":"INFO","device":"868120018681","event":"DISCONNECTED","detail":"clean stop"}

[SUMMARY] Run duration: 96s
[SUMMARY] GPS packets sent: 4
[SUMMARY] OBD2 packets sent: 0
[SUMMARY] Incidents fired: 0
[SUMMARY] Videos uploaded OK: 1
[SUMMARY] Videos failed: 0
[SUMMARY] Tracker pings sent: 0
[SUMMARY] Reconnections: 0
[SUMMARY] Log file: logs/sim-2026-04-02T18-46-26.log
