{"ts":"2026-04-06T09:36:39.866Z","level":"INFO","device":"868120018681","event":"CONNECTED","detail":"id:868120018681"}
{"ts":"2026-04-06T09:36:40.091Z","level":"INFO","device":"868120018681","event":"RX_MSG","detail":"0x8001 bodyLen=5"}
{"ts":"2026-04-06T09:36:40.091Z","level":"INFO","device":"868120018681","event":"SERVER_ACK","detail":"0x0102 result=OK"}
{"ts":"2026-04-06T09:36:59.682Z","level":"INFO","device":"868120018681","event":"GPS_SENT","detail":""}
{"ts":"2026-04-06T09:36:59.888Z","level":"INFO","device":"868120018681","event":"RX_MSG","detail":"0x8001 bodyLen=5"}
{"ts":"2026-04-06T09:36:59.888Z","level":"INFO","device":"868120018681","event":"SERVER_ACK","detail":"0x0200 result=OK"}
{"ts":"2026-04-06T09:37:19.700Z","level":"INFO","device":"868120018681","event":"GPS_SENT","detail":""}
{"ts":"2026-04-06T09:37:19.905Z","level":"INFO","device":"868120018681","event":"RX_MSG","detail":"0x8001 bodyLen=5"}
{"ts":"2026-04-06T09:37:19.905Z","level":"INFO","device":"868120018681","event":"SERVER_ACK","detail":"0x0200 result=OK"}
{"ts":"2026-04-06T09:37:39.682Z","level":"INFO","device":"868120018681","event":"INCIDENT_SENT","detail":"mediaId=1 alarmId=86812001868100260406093739010200"}
{"ts":"2026-04-06T09:37:39.700Z","level":"INFO","device":"868120018681","event":"GPS_SENT","detail":""}
{"ts":"2026-04-06T09:37:39.888Z","level":"INFO","device":"868120018681","event":"RX_MSG","detail":"0x8001 bodyLen=5"}
{"ts":"2026-04-06T09:37:39.889Z","level":"INFO","device":"868120018681","event":"SERVER_ACK","detail":"0x0200 result=OK"}
{"ts":"2026-04-06T09:37:40.231Z","level":"INFO","device":"868120018681","event":"RX_MSG","detail":"0x9208 bodyLen=81"}
{"ts":"2026-04-06T09:37:40.232Z","level":"INFO","device":"868120018681","event":"9208_RAW","detail":"0C35342E33372E3232352E36350D32000086812001868100260406093739010200383638313230303138363831303032363034303630393337333930313032303000000000000000000000000000000000"}
{"ts":"2026-04-06T09:37:40.233Z","level":"INFO","device":"868120018681","event":"UPLOAD_TRIGGERED","detail":"media: 54.37.225.65:3378 | alarmId: 86812001868100260406093739010200"}
{"ts":"2026-04-06T09:37:40.234Z","level":"INFO","device":"868120018681","event":"MEDIA_CONNECTING","detail":"54.37.225.65:3378 files=2"}
{"ts":"2026-04-06T09:37:40.236Z","level":"INFO","device":"868120018681","event":"RX_MSG","detail":"0x8001 bodyLen=5"}
{"ts":"2026-04-06T09:37:40.236Z","level":"INFO","device":"868120018681","event":"SERVER_ACK","detail":"0x0800 result=OK"}
{"ts":"2026-04-06T09:37:40.237Z","level":"INFO","device":"868120018681","event":"RX_MSG","detail":"0x8001 bodyLen=5"}
{"ts":"2026-04-06T09:37:40.237Z","level":"INFO","device":"868120018681","event":"SERVER_ACK","detail":"0x0200 result=OK"}
{"ts":"2026-04-06T09:37:40.423Z","level":"INFO","device":"868120018681","event":"MEDIA_CONNECTED","detail":"54.37.225.65:3378"}
{"ts":"2026-04-06T09:37:40.424Z","level":"INFO","device":"868120018681","event":"FILE_START","detail":"[1/2] 00_64_6401_00_86812001868100260406093739010200.jpg (631 bytes)"}
{"ts":"2026-04-06T09:37:40.426Z","level":"INFO","device":"868120018681","event":"SENT_1210","detail":"00_64_6401_00_86812001868100260406093739010200.jpg"}
{"ts":"2026-04-06T09:37:40.527Z","level":"INFO","device":"868120018681","event":"SENT_RAW_MARKER","detail":"00_64_6401_00_86812001868100260406093739010200.jpg packet=693 bytes data=631 bytes"}
{"ts":"2026-04-06T09:37:40.528Z","level":"INFO","device":"868120018681","event":"SENT_1212","detail":"00_64_6401_00_86812001868100260406093739010200.jpg type=0"}
{"ts":"2026-04-06T09:37:40.622Z","level":"INFO","device":"868120018681","event":"MEDIA_RX","detail":"7E 80 01 00 05 86 81 20 01 86 81 8F 53 00 00 12 10 00 7B 7E"}
{"ts":"2026-04-06T09:37:40.804Z","level":"INFO","device":"868120018681","event":"MEDIA_RX","detail":"7E 92 12 00 36 86 81 20 01 86 81 DC AA 32 30 30 5F 36 34 5F 36 34 30 31 5F 30 30 5F 38 36 38 31 32 30 30 31 38 36 38 31 30 30 32 36 30 34 30 36 30 39 33 37 33 39 30 31 30 32 30 30 2E 6A 70 67 00 00 00 80 7E"}
{"ts":"2026-04-06T09:37:40.829Z","level":"INFO","device":"868120018681","event":"FILE_START","detail":"[2/2] 02_64_6401_03_86812001868100260406093739010200.mp4 (1570024 bytes)"}
{"ts":"2026-04-06T09:37:40.829Z","level":"INFO","device":"868120018681","event":"SENT_1210","detail":"02_64_6401_03_86812001868100260406093739010200.mp4"}
{"ts":"2026-04-06T09:37:40.934Z","level":"INFO","device":"868120018681","event":"SENT_RAW_MARKER","detail":"02_64_6401_03_86812001868100260406093739010200.mp4 packet=1570086 bytes data=1570024 bytes"}
{"ts":"2026-04-06T09:37:41.014Z","level":"INFO","device":"868120018681","event":"MEDIA_RX","detail":"7E 80 01 00 05 86 81 20 01 86 81 D9 44 00 02 12 10 00 38 7E"}
{"ts":"2026-04-06T09:37:41.864Z","level":"INFO","device":"868120018681","event":"SENT_1212","detail":"02_64_6401_03_86812001868100260406093739010200.mp4 type=2"}
{"ts":"2026-04-06T09:37:42.165Z","level":"INFO","device":"868120018681","event":"BATCH_COMPLETE","detail":"All 2 files sent"}
{"ts":"2026-04-06T09:37:42.554Z","level":"ERROR","device":"868120018681","event":"MEDIA_ERROR","detail":"54.37.225.65:3378 — read ECONNRESET"}
{"ts":"2026-04-06T09:37:42.556Z","level":"INFO","device":"868120018681","event":"MEDIA_CLOSED","detail":""}
{"ts":"2026-04-06T09:37:59.716Z","level":"INFO","device":"868120018681","event":"GPS_SENT","detail":""}
{"ts":"2026-04-06T09:37:59.921Z","level":"INFO","device":"868120018681","event":"RX_MSG","detail":"0x8001 bodyLen=5"}
{"ts":"2026-04-06T09:37:59.922Z","level":"INFO","device":"868120018681","event":"SERVER_ACK","detail":"0x0200 result=OK"}
{"ts":"2026-04-06T09:38:19.736Z","level":"INFO","device":"868120018681","event":"GPS_SENT","detail":""}
{"ts":"2026-04-06T09:38:19.941Z","level":"INFO","device":"868120018681","event":"RX_MSG","detail":"0x8001 bodyLen=5"}
{"ts":"2026-04-06T09:38:19.941Z","level":"INFO","device":"868120018681","event":"SERVER_ACK","detail":"0x0200 result=OK"}
{"ts":"2026-04-06T09:38:39.689Z","level":"INFO","device":"868120018681","event":"INCIDENT_SENT","detail":"mediaId=2 alarmId=86812001868100260406093839020200"}
{"ts":"2026-04-06T09:38:39.737Z","level":"INFO","device":"868120018681","event":"GPS_SENT","detail":""}
{"ts":"2026-04-06T09:38:39.900Z","level":"INFO","device":"868120018681","event":"RX_MSG","detail":"0x8001 bodyLen=5"}
{"ts":"2026-04-06T09:38:39.901Z","level":"INFO","device":"868120018681","event":"SERVER_ACK","detail":"0x0200 result=OK"}
{"ts":"2026-04-06T09:38:40.215Z","level":"INFO","device":"868120018681","event":"RX_MSG","detail":"0x9208 bodyLen=81"}
{"ts":"2026-04-06T09:38:40.215Z","level":"INFO","device":"868120018681","event":"9208_RAW","detail":"0C35342E33372E3232352E36350D32000086812001868100260406093839020200383638313230303138363831303032363034303630393338333930323032303000000000000000000000000000000000"}
{"ts":"2026-04-06T09:38:40.215Z","level":"INFO","device":"868120018681","event":"UPLOAD_TRIGGERED","detail":"media: 54.37.225.65:3378 | alarmId: 86812001868100260406093839020200"}
{"ts":"2026-04-06T09:38:40.216Z","level":"INFO","device":"868120018681","event":"MEDIA_CONNECTING","detail":"54.37.225.65:3378 files=2"}
{"ts":"2026-04-06T09:38:40.216Z","level":"INFO","device":"868120018681","event":"RX_MSG","detail":"0x8001 bodyLen=5"}
{"ts":"2026-04-06T09:38:40.216Z","level":"INFO","device":"868120018681","event":"SERVER_ACK","detail":"0x0800 result=OK"}
{"ts":"2026-04-06T09:38:40.217Z","level":"INFO","device":"868120018681","event":"RX_MSG","detail":"0x8001 bodyLen=5"}
{"ts":"2026-04-06T09:38:40.217Z","level":"INFO","device":"868120018681","event":"SERVER_ACK","detail":"0x0200 result=OK"}
{"ts":"2026-04-06T09:38:40.420Z","level":"INFO","device":"868120018681","event":"MEDIA_CONNECTED","detail":"54.37.225.65:3378"}
{"ts":"2026-04-06T09:38:40.421Z","level":"INFO","device":"868120018681","event":"FILE_START","detail":"[1/2] 00_64_6401_00_86812001868100260406093839020200.jpg (631 bytes)"}
{"ts":"2026-04-06T09:38:40.422Z","level":"INFO","device":"868120018681","event":"SENT_1210","detail":"00_64_6401_00_86812001868100260406093839020200.jpg"}
{"ts":"2026-04-06T09:38:40.525Z","level":"INFO","device":"868120018681","event":"SENT_RAW_MARKER","detail":"00_64_6401_00_86812001868100260406093839020200.jpg packet=693 bytes data=631 bytes"}
{"ts":"2026-04-06T09:38:40.526Z","level":"INFO","device":"868120018681","event":"SENT_1212","detail":"00_64_6401_00_86812001868100260406093839020200.jpg type=0"}
{"ts":"2026-04-06T09:38:40.625Z","level":"INFO","device":"868120018681","event":"MEDIA_RX","detail":"7E 80 01 00 05 86 81 20 01 86 81 0E 77 00 00 12 10 00 DE 7E"}
{"ts":"2026-04-06T09:38:40.825Z","level":"INFO","device":"868120018681","event":"MEDIA_RX","detail":"7E 92 12 00 36 86 81 20 01 86 81 13 87 32 30 30 5F 36 34 5F 36 34 30 31 5F 30 30 5F 38 36 38 31 32 30 30 31 38 36 38 31 30 30 32 36 30 34 30 36 30 39 33 38 33 39 30 32 30 32 30 30 2E 6A 70 67 00 00 00 6E 7E"}
{"ts":"2026-04-06T09:38:40.825Z","level":"INFO","device":"868120018681","event":"FILE_START","detail":"[2/2] 02_64_6401_03_86812001868100260406093839020200.mp4 (1570024 bytes)"}
{"ts":"2026-04-06T09:38:40.825Z","level":"INFO","device":"868120018681","event":"SENT_1210","detail":"02_64_6401_03_86812001868100260406093839020200.mp4"}
{"ts":"2026-04-06T09:38:40.928Z","level":"INFO","device":"868120018681","event":"SENT_RAW_MARKER","detail":"02_64_6401_03_86812001868100260406093839020200.mp4 packet=1570086 bytes data=1570024 bytes"}
{"ts":"2026-04-06T09:38:41.035Z","level":"INFO","device":"868120018681","event":"MEDIA_RX","detail":"7E 80 01 00 05 86 81 20 01 86 81 02 50 00 02 12 10 00 F7 7E"}
{"ts":"2026-04-06T09:38:42.069Z","level":"INFO","device":"868120018681","event":"SENT_1212","detail":"02_64_6401_03_86812001868100260406093839020200.mp4 type=2"}
{"ts":"2026-04-06T09:38:42.370Z","level":"INFO","device":"868120018681","event":"BATCH_COMPLETE","detail":"All 2 files sent"}
{"ts":"2026-04-06T09:38:42.775Z","level":"ERROR","device":"868120018681","event":"MEDIA_ERROR","detail":"54.37.225.65:3378 — read ECONNRESET"}
{"ts":"2026-04-06T09:38:42.775Z","level":"INFO","device":"868120018681","event":"MEDIA_CLOSED","detail":""}
{"ts":"2026-04-06T09:38:52.694Z","level":"INFO","device":"868120018681","event":"DISCONNECTED","detail":"clean stop"}

[SUMMARY] Run duration: 135s
[SUMMARY] GPS packets sent: 6
[SUMMARY] OBD2 packets sent: 0
[SUMMARY] DTC faults sent: 0
[SUMMARY] Incidents fired: 2
[SUMMARY] Videos uploaded OK: 2
[SUMMARY] Videos failed: 2
[SUMMARY] Tracker pings sent: 0
[SUMMARY] Reconnections: 0
[SUMMARY] Log file: logs/sim-2026-04-06T09-36-39.log
