{"ts":"2026-03-30T18:40:53.716Z","level":"INFO","device":"DASH-001","event":"CONNECTED","detail":"IMEI:868120100001"}
{"ts":"2026-03-30T18:40:53.727Z","level":"INFO","device":"DASH-001","event":"TCP_TX_HEX","detail":"7e0100003186812010000100010000000053494d554c4d4f44454c303100000000000000000000000000303130303030310153494d2d444153482d3030314e7e"}
{"ts":"2026-03-30T18:40:53.878Z","level":"INFO","device":"DASH-002","event":"CONNECTED","detail":"IMEI:868120100002"}
{"ts":"2026-03-30T18:40:53.879Z","level":"INFO","device":"DASH-002","event":"TCP_TX_HEX","detail":"7e0100003186812010000200010000000053494d554c4d4f44454c303100000000000000000000000000303130303030320153494d2d444153482d3030324d7e"}
{"ts":"2026-03-30T18:40:53.918Z","level":"INFO","device":"DASH-001","event":"TCP_TX_HEX","detail":"7e0102000886812010000100024155544831323334337e"}
{"ts":"2026-03-30T18:40:54.076Z","level":"INFO","device":"DASH-002","event":"TCP_TX_HEX","detail":"7e0102000886812010000200024155544831323334307e"}
{"ts":"2026-03-30T18:40:54.141Z","level":"INFO","device":"DASH-001","event":"AUTHENTICATED","detail":""}
{"ts":"2026-03-30T18:40:54.285Z","level":"INFO","device":"DASH-002","event":"AUTHENTICATED","detail":""}
{"ts":"2026-03-30T18:40:59.150Z","level":"INFO","device":"DASH-001","event":"TCP_TX_HEX","detail":"7e0200001c8681201000010003000000000000000b031332b3000383650032041a0000260331004059757e"}
{"ts":"2026-03-30T18:40:59.152Z","level":"INFO","device":"DASH-001","event":"GPS_SENT","detail":"51.5898,-0.2302"}
{"ts":"2026-03-30T18:40:59.289Z","level":"INFO","device":"DASH-002","event":"TCP_TX_HEX","detail":"7e0200001c8681201000020003000000000000000b0311b3f200048a350032041a0000260331004059ea7e"}
{"ts":"2026-03-30T18:40:59.290Z","level":"INFO","device":"DASH-002","event":"GPS_SENT","detail":"51.4918,-0.2975"}
{"ts":"2026-03-30T18:41:04.161Z","level":"INFO","device":"DASH-001","event":"INCIDENT_SENT","detail":"lane_departure (Embedded in 0x0200)"}
{"ts":"2026-03-30T18:41:04.162Z","level":"INFO","device":"DASH-001","event":"TCP_TX_HEX","detail":"7e0200004d8681201000010004000000000000000b031336a6000388a60032041a0000260331004104642f00000001000201320a0000000000000000000000000000000000000000000000000000000000260331004104000500837e"}
{"ts":"2026-03-30T18:41:04.162Z","level":"INFO","device":"DASH-001","event":"GPS_SENT","detail":"51.5908,-0.2316"}
{"ts":"2026-03-30T18:41:04.302Z","level":"INFO","device":"DASH-002","event":"INCIDENT_SENT","detail":"hard_acceleration (Embedded in 0x0200)"}
{"ts":"2026-03-30T18:41:04.303Z","level":"INFO","device":"DASH-002","event":"TCP_TX_HEX","detail":"7e0200004d8681201000020004000000000000000b0311b3bb0004926d0032041a0000260331004104642f00000002000b01320a0000000000000000000000000000000000000000000000000000000000260331004104000500c67e"}
{"ts":"2026-03-30T18:41:04.303Z","level":"INFO","device":"DASH-002","event":"GPS_SENT","detail":"51.4918,-0.2996"}
{"ts":"2026-03-30T18:41:09.167Z","level":"INFO","device":"DASH-001","event":"TCP_TX_HEX","detail":"7e0200001c8681201000010005000000000000000b03133a9900038de80032041a0000260331004109837e"}
{"ts":"2026-03-30T18:41:09.168Z","level":"INFO","device":"DASH-001","event":"GPS_SENT","detail":"51.5918,-0.2329"}
{"ts":"2026-03-30T18:41:09.309Z","level":"INFO","device":"DASH-002","event":"TCP_TX_HEX","detail":"7e0200001c8681201000020005000000000000000b0311b38500049aa60032041a0000260331004109497e"}
{"ts":"2026-03-30T18:41:09.310Z","level":"INFO","device":"DASH-002","event":"GPS_SENT","detail":"51.4917,-0.3017"}
{"ts":"2026-03-30T18:41:14.178Z","level":"INFO","device":"DASH-001","event":"INCIDENT_SENT","detail":"speeding (Embedded in 0x0200)"}
{"ts":"2026-03-30T18:41:14.179Z","level":"INFO","device":"DASH-001","event":"TCP_TX_HEX","detail":"7e0200004d8681201000010006000000000000000b03133e8c000393290032041a0000260331004114642f00000003000d01320a00000000000000000000000000000000000000000000000000000000002603310041140005003a7e"}
{"ts":"2026-03-30T18:41:14.182Z","level":"INFO","device":"DASH-001","event":"GPS_SENT","detail":"51.5928,-0.2343"}
{"ts":"2026-03-30T18:41:14.319Z","level":"INFO","device":"DASH-002","event":"INCIDENT_SENT","detail":"collision_warning (Embedded in 0x0200)"}
{"ts":"2026-03-30T18:41:14.320Z","level":"INFO","device":"DASH-002","event":"TCP_TX_HEX","detail":"7e0200004d8681201000020006000000000000000b0311b34e0004a2de0032041a0000260331004114642f00000004000101320a0000000000000000000000000000000000000000000000000000000000260331004114000500be7e"}
{"ts":"2026-03-30T18:41:14.321Z","level":"INFO","device":"DASH-002","event":"GPS_SENT","detail":"51.4917,-0.3038"}
{"ts":"2026-03-30T18:41:19.183Z","level":"INFO","device":"DASH-001","event":"TCP_TX_HEX","detail":"7e0200001c8681201000010007000000000000000b0313427f0003986a0032041a0000260331004119987e"}
{"ts":"2026-03-30T18:41:19.184Z","level":"INFO","device":"DASH-001","event":"GPS_SENT","detail":"51.5939,-0.2356"}
{"ts":"2026-03-30T18:41:19.324Z","level":"INFO","device":"DASH-002","event":"TCP_TX_HEX","detail":"7e0200001c8681201000020007000000000000000b0311b3180004ab170032041a0000260331004119467e"}
{"ts":"2026-03-30T18:41:19.325Z","level":"INFO","device":"DASH-002","event":"GPS_SENT","detail":"51.4916,-0.3059"}
{"ts":"2026-03-30T18:41:24.193Z","level":"INFO","device":"DASH-001","event":"INCIDENT_SENT","detail":"lane_departure (Embedded in 0x0200)"}
{"ts":"2026-03-30T18:41:24.194Z","level":"INFO","device":"DASH-001","event":"TCP_TX_HEX","detail":"7e0200004d8681201000010008000000000000000b0313467200039dab0032041a0000260331004124642f00000005000201320a0000000000000000000000000000000000000000000000000000000000260331004124000500377e"}
{"ts":"2026-03-30T18:41:24.195Z","level":"INFO","device":"DASH-001","event":"GPS_SENT","detail":"51.5949,-0.2370"}
{"ts":"2026-03-30T18:41:24.334Z","level":"INFO","device":"DASH-002","event":"INCIDENT_SENT","detail":"speeding (Embedded in 0x0200)"}
{"ts":"2026-03-30T18:41:24.334Z","level":"INFO","device":"DASH-002","event":"TCP_TX_HEX","detail":"7e0200004d8681201000020008000000000000000b0311b2e10004b34f0032041a0000260331004124642f00000006000d01320a0000000000000000000000000000000000000000000000000000000000260331004124000500907e"}
{"ts":"2026-03-30T18:41:24.335Z","level":"INFO","device":"DASH-002","event":"GPS_SENT","detail":"51.4916,-0.3080"}
{"ts":"2026-03-30T18:41:29.197Z","level":"INFO","device":"DASH-001","event":"TCP_TX_HEX","detail":"7e0200001c8681201000010009000000000000000b03134a650003a2ec0032041a0000260331004129087e"}
{"ts":"2026-03-30T18:41:29.198Z","level":"INFO","device":"DASH-001","event":"GPS_SENT","detail":"51.5959,-0.2383"}
{"ts":"2026-03-30T18:41:29.338Z","level":"INFO","device":"DASH-002","event":"TCP_TX_HEX","detail":"7e0200001c8681201000020009000000000000000b0311b2ab0004bb880032041a0000260331004129457e"}
{"ts":"2026-03-30T18:41:29.339Z","level":"INFO","device":"DASH-002","event":"GPS_SENT","detail":"51.4915,-0.3102"}
{"ts":"2026-03-30T18:41:34.212Z","level":"INFO","device":"DASH-001","event":"INCIDENT_SENT","detail":"speeding (Embedded in 0x0200)"}
{"ts":"2026-03-30T18:41:34.213Z","level":"INFO","device":"DASH-001","event":"TCP_TX_HEX","detail":"7e0200004d868120100001000a000000000000000b03134e580003a82d0032041a0000260331004134642f00000007000d01320a0000000000000000000000000000000000000000000000000000000000260331004134000500a97e"}
{"ts":"2026-03-30T18:41:34.214Z","level":"INFO","device":"DASH-001","event":"GPS_SENT","detail":"51.5969,-0.2397"}
{"ts":"2026-03-30T18:41:34.338Z","level":"INFO","device":"DASH-002","event":"INCIDENT_SENT","detail":"harsh_brake (Embedded in 0x0200)"}
{"ts":"2026-03-30T18:41:34.339Z","level":"INFO","device":"DASH-002","event":"TCP_TX_HEX","detail":"7e0200004d868120100002000a000000000000000b0311b2740004c3c00032041a0000260331004134642f00000008000101320a0000000000000000000000000000000000000000000000000000000000260331004134000500fa7e"}
{"ts":"2026-03-30T18:41:34.341Z","level":"INFO","device":"DASH-002","event":"GPS_SENT","detail":"51.4914,-0.3123"}
{"ts":"2026-03-30T18:41:39.214Z","level":"INFO","device":"DASH-001","event":"TCP_TX_HEX","detail":"7e0200001c868120100001000b000000000000000b0313524b0003ad6f0032041a0000260331004139a07e"}
{"ts":"2026-03-30T18:41:39.214Z","level":"INFO","device":"DASH-001","event":"GPS_SENT","detail":"51.5979,-0.2410"}
{"ts":"2026-03-30T18:41:39.338Z","level":"INFO","device":"DASH-002","event":"TCP_TX_HEX","detail":"7e0200001c868120100002000b000000000000000b0311b23e0004cbf90032041a0000260331004139c37e"}
{"ts":"2026-03-30T18:41:39.339Z","level":"INFO","device":"DASH-002","event":"GPS_SENT","detail":"51.4914,-0.3144"}
{"ts":"2026-03-30T18:41:44.223Z","level":"INFO","device":"DASH-001","event":"INCIDENT_SENT","detail":"collision_warning (Embedded in 0x0200)"}
{"ts":"2026-03-30T18:41:44.224Z","level":"INFO","device":"DASH-001","event":"TCP_TX_HEX","detail":"7e0200004d868120100001000c000000000000000b0313563e0003b2b00032041a0000260331004144642f00000009000101320a0000000000000000000000000000000000000000000000000000000000260331004144000500547e"}
{"ts":"2026-03-30T18:41:44.226Z","level":"INFO","device":"DASH-001","event":"GPS_SENT","detail":"51.5989,-0.2424"}
{"ts":"2026-03-30T18:41:44.349Z","level":"INFO","device":"DASH-002","event":"INCIDENT_SENT","detail":"harsh_brake (Embedded in 0x0200)"}
{"ts":"2026-03-30T18:41:44.350Z","level":"INFO","device":"DASH-002","event":"TCP_TX_HEX","detail":"7e0200004d868120100002000c000000000000000b0311b2070004d4310032041a0000260331004144642f0000000a000101320a00000000000000000000000000000000000000000000000000000000002603310041440005006b7e"}
{"ts":"2026-03-30T18:41:44.351Z","level":"INFO","device":"DASH-002","event":"GPS_SENT","detail":"51.4913,-0.3165"}
{"ts":"2026-03-30T18:41:49.238Z","level":"INFO","device":"DASH-001","event":"TCP_TX_HEX","detail":"7e0200001c868120100001000d000000000000000b03135a310003b7f10032041a0000260331004149207e"}
{"ts":"2026-03-30T18:41:49.239Z","level":"INFO","device":"DASH-001","event":"GPS_SENT","detail":"51.5999,-0.2437"}
{"ts":"2026-03-30T18:41:49.366Z","level":"INFO","device":"DASH-002","event":"TCP_TX_HEX","detail":"7e0200001c868120100002000d000000000000000b0311b1d10004dc6a0032041a0000260331004149dd7e"}
{"ts":"2026-03-30T18:41:49.372Z","level":"INFO","device":"DASH-002","event":"GPS_SENT","detail":"51.4913,-0.3186"}
{"ts":"2026-03-30T18:41:51.285Z","level":"INFO","device":"DASH-001","event":"DISCONNECTED","detail":"clean stop"}
{"ts":"2026-03-30T18:41:51.288Z","level":"INFO","device":"TRK-001","event":"DISCONNECTED","detail":"clean stop"}
{"ts":"2026-03-30T18:41:51.288Z","level":"INFO","device":"DASH-002","event":"DISCONNECTED","detail":"clean stop"}
{"ts":"2026-03-30T18:41:51.289Z","level":"INFO","device":"TRK-002","event":"DISCONNECTED","detail":"clean stop"}
[SUMMARY] Run duration: 60s
[SUMMARY] GPS packets sent: 22
[SUMMARY] OBD2 packets sent: 0
[SUMMARY] Incidents fired: 10
[SUMMARY] Videos uploaded OK: 0
[SUMMARY] Videos failed: 0
[SUMMARY] Tracker pings sent: 0
[SUMMARY] Reconnections: 0
[SUMMARY] Log file: logs/sim-2026-03-31-00-40-53.log
