{"ts":"2026-03-31T21:26:39.123Z","level":"INFO","device":"868120100001","event":"CONNECTED","detail":""}
{"ts":"2026-03-31T21:26:39.141Z","level":"INFO","device":"868120100001","event":"RX_HEX","detail":"7E 80 01 00 05 86 81 20 10 00 01 00 00 00 00 01 02 00 B1 7E"}
{"ts":"2026-03-31T21:26:39.142Z","level":"INFO","device":"868120100001","event":"SERVER_ACK_DECODED","detail":"ACK for MSG 0x0102 (Serial: 0) -> Success"}
{"ts":"2026-03-31T21:26:59.118Z","level":"INFO","device":"868120100001","event":"GPS_SENT_0x0200","detail":"Location Updated"}
{"ts":"2026-03-31T21:26:59.121Z","level":"INFO","device":"868120100001","event":"INCIDENT_ADAS_SENT","detail":"Triggered 0x64 Alarm + 0x0800 Media Notification (Hex ID: 00000000000000260331212659000500)"}
{"ts":"2026-03-31T21:26:59.128Z","level":"INFO","device":"868120100001","event":"RX_HEX","detail":"7E 80 01 00 05 86 81 20 10 00 01 00 00 00 01 02 00 00 B1 7E"}
{"ts":"2026-03-31T21:26:59.128Z","level":"INFO","device":"868120100001","event":"SERVER_ACK_DECODED","detail":"ACK for MSG 0x0200 (Serial: 1) -> Success"}
{"ts":"2026-03-31T21:26:59.134Z","level":"INFO","device":"868120100001","event":"RX_HEX","detail":"7E 80 01 00 05 86 81 20 10 00 01 00 00 00 02 02 00 00 B2 7E"}
{"ts":"2026-03-31T21:26:59.135Z","level":"INFO","device":"868120100001","event":"SERVER_ACK_DECODED","detail":"ACK for MSG 0x0200 (Serial: 2) -> Success"}
{"ts":"2026-03-31T21:26:59.140Z","level":"INFO","device":"868120100001","event":"RX_HEX","detail":"7E 80 01 00 05 86 81 20 10 00 01 00 00 00 03 08 00 00 B9 7E"}
{"ts":"2026-03-31T21:26:59.143Z","level":"INFO","device":"868120100001","event":"SERVER_ACK_DECODED","detail":"ACK for MSG 0x0800 (Serial: 3) -> Success"}
{"ts":"2026-03-31T21:27:19.120Z","level":"INFO","device":"868120100001","event":"GPS_SENT_0x0200","detail":"Location Updated"}
{"ts":"2026-03-31T21:27:19.121Z","level":"INFO","device":"868120100001","event":"INCIDENT_ADAS_SENT","detail":"Triggered 0x64 Alarm + 0x0800 Media Notification (Hex ID: 00000000000000260331212719000500)"}
{"ts":"2026-03-31T21:27:19.130Z","level":"INFO","device":"868120100001","event":"RX_HEX","detail":"7E 80 01 00 05 86 81 20 10 00 01 00 00 00 04 02 00 00 B4 7E"}
{"ts":"2026-03-31T21:27:19.130Z","level":"INFO","device":"868120100001","event":"SERVER_ACK_DECODED","detail":"ACK for MSG 0x0200 (Serial: 4) -> Success"}
{"ts":"2026-03-31T21:27:19.138Z","level":"INFO","device":"868120100001","event":"RX_HEX","detail":"7E 80 01 00 05 86 81 20 10 00 01 00 00 00 05 02 00 00 B5 7E"}
{"ts":"2026-03-31T21:27:19.139Z","level":"INFO","device":"868120100001","event":"SERVER_ACK_DECODED","detail":"ACK for MSG 0x0200 (Serial: 5) -> Success"}
{"ts":"2026-03-31T21:27:19.143Z","level":"INFO","device":"868120100001","event":"RX_HEX","detail":"7E 80 01 00 05 86 81 20 10 00 01 00 00 00 06 08 00 00 BC 7E"}
{"ts":"2026-03-31T21:27:19.144Z","level":"INFO","device":"868120100001","event":"SERVER_ACK_DECODED","detail":"ACK for MSG 0x0800 (Serial: 6) -> Success"}
{"ts":"2026-03-31T21:27:39.125Z","level":"INFO","device":"868120100001","event":"GPS_SENT_0x0200","detail":"Location Updated"}
{"ts":"2026-03-31T21:27:39.127Z","level":"INFO","device":"868120100001","event":"INCIDENT_ADAS_SENT","detail":"Triggered 0x64 Alarm + 0x0800 Media Notification (Hex ID: 00000000000000260331212739000500)"}
{"ts":"2026-03-31T21:27:39.212Z","level":"INFO","device":"868120100001","event":"RX_HEX","detail":"7E 80 01 00 05 86 81 20 10 00 01 00 00 00 07 02 00 00 B7 7E 7E 80 01 00 05 86 81 20 10 00 01 00 00 00 08 02 00 00 B8 7E 7E 80 01 00 05 86 81 20 10 00 01 00 00 00 09 08 00 00 B3 7E"}
{"ts":"2026-03-31T21:27:39.214Z","level":"INFO","device":"868120100001","event":"SERVER_ACK_DECODED","detail":"ACK for MSG 0x0200 (Serial: 7) -> Success"}
{"ts":"2026-03-31T21:27:39.215Z","level":"INFO","device":"868120100001","event":"SERVER_ACK_DECODED","detail":"ACK for MSG 0x0200 (Serial: 8) -> Success"}
{"ts":"2026-03-31T21:27:39.215Z","level":"INFO","device":"868120100001","event":"SERVER_ACK_DECODED","detail":"ACK for MSG 0x0800 (Serial: 9) -> Success"}
{"ts":"2026-03-31T21:27:59.129Z","level":"INFO","device":"868120100001","event":"GPS_SENT_0x0200","detail":"Location Updated"}
{"ts":"2026-03-31T21:27:59.131Z","level":"INFO","device":"868120100001","event":"INCIDENT_ADAS_SENT","detail":"Triggered 0x64 Alarm + 0x0800 Media Notification (Hex ID: 00000000000000260331212759000500)"}
{"ts":"2026-03-31T21:27:59.141Z","level":"INFO","device":"868120100001","event":"RX_HEX","detail":"7E 80 01 00 05 86 81 20 10 00 01 00 00 00 0A 02 00 00 BA 7E"}
{"ts":"2026-03-31T21:27:59.142Z","level":"INFO","device":"868120100001","event":"SERVER_ACK_DECODED","detail":"ACK for MSG 0x0200 (Serial: 10) -> Success"}
{"ts":"2026-03-31T21:27:59.147Z","level":"INFO","device":"868120100001","event":"RX_HEX","detail":"7E 80 01 00 05 86 81 20 10 00 01 00 00 00 0B 02 00 00 BB 7E"}
{"ts":"2026-03-31T21:27:59.147Z","level":"INFO","device":"868120100001","event":"SERVER_ACK_DECODED","detail":"ACK for MSG 0x0200 (Serial: 11) -> Success"}
{"ts":"2026-03-31T21:27:59.153Z","level":"INFO","device":"868120100001","event":"RX_HEX","detail":"7E 80 01 00 05 86 81 20 10 00 01 00 00 00 0C 08 00 00 B6 7E"}
{"ts":"2026-03-31T21:27:59.154Z","level":"INFO","device":"868120100001","event":"SERVER_ACK_DECODED","detail":"ACK for MSG 0x0800 (Serial: 12) -> Success"}
{"ts":"2026-03-31T21:28:19.133Z","level":"INFO","device":"868120100001","event":"GPS_SENT_0x0200","detail":"Location Updated"}
{"ts":"2026-03-31T21:28:19.134Z","level":"INFO","device":"868120100001","event":"INCIDENT_ADAS_SENT","detail":"Triggered 0x64 Alarm + 0x0800 Media Notification (Hex ID: 00000000000000260331212819000500)"}
{"ts":"2026-03-31T21:28:19.145Z","level":"INFO","device":"868120100001","event":"RX_HEX","detail":"7E 80 01 00 05 86 81 20 10 00 01 00 00 00 0D 02 00 00 BD 7E"}
{"ts":"2026-03-31T21:28:19.148Z","level":"INFO","device":"868120100001","event":"SERVER_ACK_DECODED","detail":"ACK for MSG 0x0200 (Serial: 13) -> Success"}
{"ts":"2026-03-31T21:28:19.150Z","level":"INFO","device":"868120100001","event":"RX_HEX","detail":"7E 80 01 00 05 86 81 20 10 00 01 00 00 00 0E 02 00 00 BE 7E"}
{"ts":"2026-03-31T21:28:19.150Z","level":"INFO","device":"868120100001","event":"SERVER_ACK_DECODED","detail":"ACK for MSG 0x0200 (Serial: 14) -> Success"}
{"ts":"2026-03-31T21:28:19.157Z","level":"INFO","device":"868120100001","event":"RX_HEX","detail":"7E 80 01 00 05 86 81 20 10 00 01 00 00 00 0F 08 00 00 B5 7E"}
{"ts":"2026-03-31T21:28:19.158Z","level":"INFO","device":"868120100001","event":"SERVER_ACK_DECODED","detail":"ACK for MSG 0x0800 (Serial: 15) -> Success"}
{"ts":"2026-03-31T21:28:28.134Z","level":"INFO","device":"868120100001","event":"DISCONNECTED","detail":"clean stop"}

[SUMMARY] Run duration: 111s
[SUMMARY] GPS packets sent: 5
[SUMMARY] OBD2 packets sent: 0
[SUMMARY] Incidents fired: 5
[SUMMARY] Videos uploaded OK: 0
[SUMMARY] Videos failed: 0
[SUMMARY] Tracker pings sent: 0
[SUMMARY] Reconnections: 0
[SUMMARY] Log file: logs/sim-2026-03-31T21-26-39.log
