{"ts":"2026-04-03T14:20:43.394Z","level":"INFO","device":"868120018681","event":"CONNECTED","detail":"id:868120018681"}
{"ts":"2026-04-03T14:20:43.428Z","level":"INFO","device":"868120018681","event":"RX_MSG","detail":"0x8001 bodyLen=5"}
{"ts":"2026-04-03T14:20:43.428Z","level":"INFO","device":"868120018681","event":"SERVER_ACK","detail":"0x0102 result=OK"}
{"ts":"2026-04-03T14:20:53.404Z","level":"INFO","device":"868120018681","event":"INCIDENT_SENT","detail":"mediaId=1 alarmId=86812001868100260403142053010200"}
{"ts":"2026-04-03T14:20:53.407Z","level":"INFO","device":"868120018681","event":"RX_MSG","detail":"0x8001 bodyLen=5"}
{"ts":"2026-04-03T14:20:53.407Z","level":"INFO","device":"868120018681","event":"SERVER_ACK","detail":"0x0200 result=OK"}
{"ts":"2026-04-03T14:20:53.503Z","level":"INFO","device":"868120018681","event":"RX_MSG","detail":"0x9208 bodyLen=81"}
{"ts":"2026-04-03T14:20:53.510Z","level":"INFO","device":"868120018681","event":"9208_RAW","detail":"0C35342E33372E3232352E36350D32000086812001868100260403142053010200383638313230303138363831303032363034303331343230353330313032303000000000000000000000000000000000"}
{"ts":"2026-04-03T14:20:53.511Z","level":"INFO","device":"868120018681","event":"UPLOAD_TRIGGERED","detail":"media: 54.37.225.65:3378 | alarmId: 86812001868100260403142053010200"}
{"ts":"2026-04-03T14:20:53.516Z","level":"INFO","device":"868120018681","event":"MEDIA_CONNECTING","detail":"54.37.225.65:3378 files=2"}
{"ts":"2026-04-03T14:20:53.517Z","level":"INFO","device":"868120018681","event":"RX_MSG","detail":"0x8001 bodyLen=5"}
{"ts":"2026-04-03T14:20:53.559Z","level":"INFO","device":"868120018681","event":"SERVER_ACK","detail":"0x0800 result=OK"}
{"ts":"2026-04-03T14:20:53.583Z","level":"INFO","device":"868120018681","event":"MEDIA_CONNECTED","detail":"54.37.225.65:3378"}
{"ts":"2026-04-03T14:20:53.584Z","level":"INFO","device":"868120018681","event":"FILE_START","detail":"[1/2] 00_64_6401_00_86812001868100260403142053010200.jpg (30220 bytes)"}
{"ts":"2026-04-03T14:20:53.589Z","level":"INFO","device":"868120018681","event":"SENT_1210","detail":"00_64_6401_00_86812001868100260403142053010200.jpg"}
{"ts":"2026-04-03T14:20:53.599Z","level":"INFO","device":"868120018681","event":"MEDIA_RX","detail":"7E 80 01 00 05 86 81 20 01 86 81 FE B1 00 00 12 10 00 E8 7E"}
{"ts":"2026-04-03T14:20:53.696Z","level":"INFO","device":"868120018681","event":"SENT_RAW_MARKER","detail":"00_64_6401_00_86812001868100260403142053010200.jpg packet=30282 bytes data=30220 bytes"}
{"ts":"2026-04-03T14:20:53.709Z","level":"INFO","device":"868120018681","event":"SENT_1212","detail":"00_64_6401_00_86812001868100260403142053010200.jpg type=0"}
{"ts":"2026-04-03T14:20:53.715Z","level":"INFO","device":"868120018681","event":"MEDIA_RX","detail":"7E 92 12 00 36 86 81 20 01 86 81 40 37 32 30 30 5F 36 34 5F 36 34 30 31 5F 30 30 5F 38 36 38 31 32 30 30 31 38 36 38 31 30 30 32 36 30 34 30 33 31 34 32 30 35 33 30 31 30 32 30 30 2E 6A 70 67 00 00 00 82 7E"}
{"ts":"2026-04-03T14:20:54.019Z","level":"INFO","device":"868120018681","event":"FILE_START","detail":"[2/2] 02_64_6401_03_86812001868100260403142053010200.mp4 (1570024 bytes)"}
{"ts":"2026-04-03T14:20:54.028Z","level":"INFO","device":"868120018681","event":"SENT_1210","detail":"02_64_6401_03_86812001868100260403142053010200.mp4"}
{"ts":"2026-04-03T14:20:54.067Z","level":"INFO","device":"868120018681","event":"MEDIA_RX","detail":"7E 80 01 00 05 86 81 20 01 86 81 10 26 00 02 12 10 00 93 7E"}
{"ts":"2026-04-03T14:20:54.157Z","level":"INFO","device":"868120018681","event":"SENT_RAW_MARKER","detail":"02_64_6401_03_86812001868100260403142053010200.mp4 packet=1570086 bytes data=1570024 bytes"}
{"ts":"2026-04-03T14:20:54.202Z","level":"INFO","device":"868120018681","event":"SENT_1212","detail":"02_64_6401_03_86812001868100260403142053010200.mp4 type=2"}
{"ts":"2026-04-03T14:20:54.250Z","level":"INFO","device":"868120018681","event":"MEDIA_RX","detail":"7E 92 12 00 36 86 81 20 01 86 81 D9 39 32 30 32 5F 36 34 5F 36 34 30 31 5F 30 33 5F 38 36 38 31 32 30 30 31 38 36 38 31 30 30 32 36 30 34 30 33 31 34 32 30 35 33 30 31 30 32 30 30 2E 6D 70 34 02 00 00 42 7E"}
{"ts":"2026-04-03T14:20:54.506Z","level":"INFO","device":"868120018681","event":"BATCH_COMPLETE","detail":"All 2 files sent"}
{"ts":"2026-04-03T14:20:54.527Z","level":"INFO","device":"868120018681","event":"MEDIA_CLOSED","detail":""}
{"ts":"2026-04-03T14:21:03.385Z","level":"INFO","device":"868120018681","event":"GPS_SENT","detail":""}
{"ts":"2026-04-03T14:21:03.393Z","level":"INFO","device":"868120018681","event":"RX_MSG","detail":"0x8001 bodyLen=5"}
{"ts":"2026-04-03T14:21:03.394Z","level":"INFO","device":"868120018681","event":"SERVER_ACK","detail":"0x0200 result=OK"}
{"ts":"2026-04-03T14:21:03.396Z","level":"INFO","device":"868120018681","event":"INCIDENT_SENT","detail":"mediaId=2 alarmId=86812001868100260403142103020200"}
{"ts":"2026-04-03T14:21:03.419Z","level":"INFO","device":"868120018681","event":"RX_MSG","detail":"0x8001 bodyLen=5"}
{"ts":"2026-04-03T14:21:03.428Z","level":"INFO","device":"868120018681","event":"SERVER_ACK","detail":"0x0200 result=OK"}
{"ts":"2026-04-03T14:21:03.428Z","level":"INFO","device":"868120018681","event":"RX_MSG","detail":"0x9208 bodyLen=81"}
{"ts":"2026-04-03T14:21:03.428Z","level":"INFO","device":"868120018681","event":"9208_RAW","detail":"0C35342E33372E3232352E36350D32000086812001868100260403142103020200383638313230303138363831303032363034303331343231303330323032303000000000000000000000000000000000"}
{"ts":"2026-04-03T14:21:03.428Z","level":"INFO","device":"868120018681","event":"UPLOAD_TRIGGERED","detail":"media: 54.37.225.65:3378 | alarmId: 86812001868100260403142103020200"}
{"ts":"2026-04-03T14:21:03.428Z","level":"INFO","device":"868120018681","event":"MEDIA_CONNECTING","detail":"54.37.225.65:3378 files=2"}
{"ts":"2026-04-03T14:21:03.527Z","level":"INFO","device":"868120018681","event":"RX_MSG","detail":"0x8001 bodyLen=5"}
{"ts":"2026-04-03T14:21:03.528Z","level":"INFO","device":"868120018681","event":"SERVER_ACK","detail":"0x0800 result=OK"}
{"ts":"2026-04-03T14:21:03.536Z","level":"INFO","device":"868120018681","event":"MEDIA_CONNECTED","detail":"54.37.225.65:3378"}
{"ts":"2026-04-03T14:21:03.537Z","level":"INFO","device":"868120018681","event":"FILE_START","detail":"[1/2] 00_64_6401_00_86812001868100260403142103020200.jpg (30220 bytes)"}
{"ts":"2026-04-03T14:21:03.537Z","level":"INFO","device":"868120018681","event":"SENT_1210","detail":"00_64_6401_00_86812001868100260403142103020200.jpg"}
{"ts":"2026-04-03T14:21:03.577Z","level":"INFO","device":"868120018681","event":"MEDIA_RX","detail":"7E 80 01 00 05 86 81 20 01 86 81 CF 63 00 00 12 10 00 0B 7E"}
{"ts":"2026-04-03T14:21:03.644Z","level":"INFO","device":"868120018681","event":"SENT_RAW_MARKER","detail":"00_64_6401_00_86812001868100260403142103020200.jpg packet=30282 bytes data=30220 bytes"}
{"ts":"2026-04-03T14:21:03.647Z","level":"INFO","device":"868120018681","event":"SENT_1212","detail":"00_64_6401_00_86812001868100260403142103020200.jpg type=0"}
{"ts":"2026-04-03T14:21:03.703Z","level":"INFO","device":"868120018681","event":"MEDIA_RX","detail":"7E 92 12 00 36 86 81 20 01 86 81 C2 54 32 30 30 5F 36 34 5F 36 34 30 31 5F 30 30 5F 38 36 38 31 32 30 30 31 38 36 38 31 30 30 32 36 30 34 30 33 31 34 32 31 30 33 30 32 30 32 30 30 2E 6A 70 67 00 00 00 64 7E"}
{"ts":"2026-04-03T14:21:03.957Z","level":"INFO","device":"868120018681","event":"FILE_START","detail":"[2/2] 02_64_6401_03_86812001868100260403142103020200.mp4 (1570024 bytes)"}
{"ts":"2026-04-03T14:21:03.965Z","level":"INFO","device":"868120018681","event":"SENT_1210","detail":"02_64_6401_03_86812001868100260403142103020200.mp4"}
{"ts":"2026-04-03T14:21:03.971Z","level":"INFO","device":"868120018681","event":"MEDIA_RX","detail":"7E 80 01 00 05 86 81 20 01 86 81 75 BB 00 02 12 10 00 6B 7E"}
{"ts":"2026-04-03T14:21:04.130Z","level":"INFO","device":"868120018681","event":"SENT_RAW_MARKER","detail":"02_64_6401_03_86812001868100260403142103020200.mp4 packet=1570086 bytes data=1570024 bytes"}
{"ts":"2026-04-03T14:21:04.245Z","level":"INFO","device":"868120018681","event":"SENT_1212","detail":"02_64_6401_03_86812001868100260403142103020200.mp4 type=2"}
{"ts":"2026-04-03T14:21:04.318Z","level":"INFO","device":"868120018681","event":"MEDIA_RX","detail":"7E 92 12 00 36 86 81 20 01 86 81 91 4E 32 30 32 5F 36 34 5F 36 34 30 31 5F 30 33 5F 38 36 38 31 32 30 30 31 38 36 38 31 30 30 32 36 30 34 30 33 31 34 32 31 30 33 30 32 30 32 30 30 2E 6D 70 34 02 00 00 7A 7E"}
{"ts":"2026-04-03T14:21:04.564Z","level":"INFO","device":"868120018681","event":"BATCH_COMPLETE","detail":"All 2 files sent"}
{"ts":"2026-04-03T14:21:04.589Z","level":"INFO","device":"868120018681","event":"MEDIA_CLOSED","detail":""}
{"ts":"2026-04-03T14:21:13.400Z","level":"INFO","device":"868120018681","event":"INCIDENT_SENT","detail":"mediaId=3 alarmId=86812001868100260403142113030200"}
{"ts":"2026-04-03T14:21:13.410Z","level":"INFO","device":"868120018681","event":"RX_MSG","detail":"0x8001 bodyLen=5"}
{"ts":"2026-04-03T14:21:13.410Z","level":"INFO","device":"868120018681","event":"SERVER_ACK","detail":"0x0200 result=OK"}
{"ts":"2026-04-03T14:21:13.418Z","level":"INFO","device":"868120018681","event":"RX_MSG","detail":"0x9208 bodyLen=81"}
{"ts":"2026-04-03T14:21:13.461Z","level":"INFO","device":"868120018681","event":"9208_RAW","detail":"0C35342E33372E3232352E36350D32000086812001868100260403142113030200383638313230303138363831303032363034303331343231313330333032303000000000000000000000000000000000"}
{"ts":"2026-04-03T14:21:13.462Z","level":"INFO","device":"868120018681","event":"UPLOAD_TRIGGERED","detail":"media: 54.37.225.65:3378 | alarmId: 86812001868100260403142113030200"}
{"ts":"2026-04-03T14:21:13.462Z","level":"INFO","device":"868120018681","event":"MEDIA_CONNECTING","detail":"54.37.225.65:3378 files=2"}
{"ts":"2026-04-03T14:21:13.463Z","level":"INFO","device":"868120018681","event":"RX_MSG","detail":"0x8001 bodyLen=5"}
{"ts":"2026-04-03T14:21:13.463Z","level":"INFO","device":"868120018681","event":"SERVER_ACK","detail":"0x0800 result=OK"}
{"ts":"2026-04-03T14:21:13.482Z","level":"INFO","device":"868120018681","event":"MEDIA_CONNECTED","detail":"54.37.225.65:3378"}
{"ts":"2026-04-03T14:21:13.482Z","level":"INFO","device":"868120018681","event":"FILE_START","detail":"[1/2] 00_64_6401_00_86812001868100260403142113030200.jpg (30220 bytes)"}
{"ts":"2026-04-03T14:21:13.487Z","level":"INFO","device":"868120018681","event":"SENT_1210","detail":"00_64_6401_00_86812001868100260403142113030200.jpg"}
{"ts":"2026-04-03T14:21:13.491Z","level":"INFO","device":"868120018681","event":"MEDIA_RX","detail":"7E 80 01 00 05 86 81 20 01 86 81 92 D5 00 00 12 10 00 E0 7E"}
{"ts":"2026-04-03T14:21:13.591Z","level":"INFO","device":"868120018681","event":"SENT_RAW_MARKER","detail":"00_64_6401_00_86812001868100260403142113030200.jpg packet=30282 bytes data=30220 bytes"}
{"ts":"2026-04-03T14:21:13.593Z","level":"INFO","device":"868120018681","event":"SENT_1212","detail":"00_64_6401_00_86812001868100260403142113030200.jpg type=0"}
{"ts":"2026-04-03T14:21:13.611Z","level":"INFO","device":"868120018681","event":"MEDIA_RX","detail":"7E 92 12 00 36 86 81 20 01 86 81 D6 60 32 30 30 5F 36 34 5F 36 34 30 31 5F 30 30 5F 38 36 38 31 32 30 30 31 38 36 38 31 30 30 32 36 30 34 30 33 31 34 32 31 31 33 30 33 30 32 30 30 2E 6A 70 67 00 00 00 44 7E"}
{"ts":"2026-04-03T14:21:13.897Z","level":"INFO","device":"868120018681","event":"FILE_START","detail":"[2/2] 02_64_6401_03_86812001868100260403142113030200.mp4 (1570024 bytes)"}
{"ts":"2026-04-03T14:21:13.898Z","level":"INFO","device":"868120018681","event":"SENT_1210","detail":"02_64_6401_03_86812001868100260403142113030200.mp4"}
{"ts":"2026-04-03T14:21:13.907Z","level":"INFO","device":"868120018681","event":"MEDIA_RX","detail":"7E 80 01 00 05 86 81 20 01 86 81 A3 A9 00 02 12 10 00 AF 7E"}
{"ts":"2026-04-03T14:21:14.004Z","level":"INFO","device":"868120018681","event":"SENT_RAW_MARKER","detail":"02_64_6401_03_86812001868100260403142113030200.mp4 packet=1570086 bytes data=1570024 bytes"}
{"ts":"2026-04-03T14:21:14.058Z","level":"INFO","device":"868120018681","event":"SENT_1212","detail":"02_64_6401_03_86812001868100260403142113030200.mp4 type=2"}
{"ts":"2026-04-03T14:21:14.098Z","level":"INFO","device":"868120018681","event":"MEDIA_RX","detail":"7E 92 12 00 36 86 81 20 01 86 81 6C 39 32 30 32 5F 36 34 5F 36 34 30 31 5F 30 33 5F 38 36 38 31 32 30 30 31 38 36 38 31 30 30 32 36 30 34 30 33 31 34 32 31 31 33 30 33 30 32 30 30 2E 6D 70 34 02 00 00 F0 7E"}
{"ts":"2026-04-03T14:21:14.361Z","level":"INFO","device":"868120018681","event":"BATCH_COMPLETE","detail":"All 2 files sent"}
{"ts":"2026-04-03T14:21:14.605Z","level":"INFO","device":"868120018681","event":"MEDIA_CLOSED","detail":""}
{"ts":"2026-04-03T14:21:14.951Z","level":"INFO","device":"868120018681","event":"DISCONNECTED","detail":"clean stop"}

[SUMMARY] Run duration: 34s
[SUMMARY] GPS packets sent: 1
[SUMMARY] OBD2 packets sent: 0
[SUMMARY] Incidents fired: 3
[SUMMARY] Videos uploaded OK: 3
[SUMMARY] Videos failed: 0
[SUMMARY] Tracker pings sent: 0
[SUMMARY] Reconnections: 0
[SUMMARY] Log file: logs/sim-2026-04-03T14-20-43.log
