{"ts":"2026-03-30T23:55:18.446Z","level":"INFO","device":"868120100001","event":"CONNECTED","detail":""}
{"ts":"2026-03-30T23:55:18.592Z","level":"INFO","device":"868120100002","event":"CONNECTED","detail":""}
{"ts":"2026-03-30T23:55:18.744Z","level":"INFO","device":"868120100003","event":"CONNECTED","detail":""}
{"ts":"2026-03-30T23:55:38.436Z","level":"INFO","device":"868120100001","event":"GPS_SENT","detail":"51.5928,-0.2343 @ 65mph"}
{"ts":"2026-03-30T23:55:38.586Z","level":"INFO","device":"868120100002","event":"GPS_SENT","detail":"51.4917,-0.3038 @ 65mph"}
{"ts":"2026-03-30T23:55:38.740Z","level":"INFO","device":"868120100003","event":"GPS_SENT","detail":"51.4080,-0.5446 @ 65mph"}
{"ts":"2026-03-30T23:55:58.438Z","level":"INFO","device":"868120100001","event":"GPS_SENT","detail":"51.5969,-0.2397 @ 65mph"}
{"ts":"2026-03-30T23:55:58.591Z","level":"INFO","device":"868120100002","event":"GPS_SENT","detail":"51.4914,-0.3123 @ 65mph"}
{"ts":"2026-03-30T23:55:58.746Z","level":"INFO","device":"868120100003","event":"GPS_SENT","detail":"51.4028,-0.5436 @ 65mph"}
{"ts":"2026-03-30T23:56:18.442Z","level":"INFO","device":"868120100001","event":"GPS_SENT","detail":"51.6009,-0.2450 @ 65mph"}
{"ts":"2026-03-30T23:56:18.591Z","level":"INFO","device":"868120100002","event":"GPS_SENT","detail":"51.4912,-0.3207 @ 65mph"}
{"ts":"2026-03-30T23:56:18.752Z","level":"INFO","device":"868120100003","event":"GPS_SENT","detail":"51.3976,-0.5425 @ 65mph"}
{"ts":"2026-03-30T23:56:38.450Z","level":"INFO","device":"868120100001","event":"GPS_SENT","detail":"51.6050,-0.2504 @ 65mph"}
{"ts":"2026-03-30T23:56:38.597Z","level":"INFO","device":"868120100002","event":"GPS_SENT","detail":"51.4910,-0.3291 @ 65mph"}
{"ts":"2026-03-30T23:56:38.753Z","level":"INFO","device":"868120100003","event":"GPS_SENT","detail":"51.3924,-0.5414 @ 65mph"}
{"ts":"2026-03-30T23:56:58.451Z","level":"INFO","device":"868120100001","event":"GPS_SENT","detail":"51.6090,-0.2558 @ 65mph"}
{"ts":"2026-03-30T23:56:58.598Z","level":"INFO","device":"868120100002","event":"GPS_SENT","detail":"51.4908,-0.3375 @ 65mph"}
{"ts":"2026-03-30T23:56:58.755Z","level":"INFO","device":"868120100003","event":"GPS_SENT","detail":"51.3872,-0.5403 @ 65mph"}
{"ts":"2026-03-30T23:57:18.461Z","level":"INFO","device":"868120100001","event":"GPS_SENT","detail":"51.6131,-0.2612 @ 65mph"}
{"ts":"2026-03-30T23:57:18.603Z","level":"INFO","device":"868120100002","event":"GPS_SENT","detail":"51.4906,-0.3459 @ 65mph"}
{"ts":"2026-03-30T23:57:18.758Z","level":"INFO","device":"868120100003","event":"GPS_SENT","detail":"51.3820,-0.5393 @ 65mph"}
{"ts":"2026-03-30T23:57:32.874Z","level":"INFO","device":"868120100001","event":"DISCONNECTED","detail":"clean stop"}
{"ts":"2026-03-30T23:57:32.876Z","level":"INFO","device":"868120100002","event":"DISCONNECTED","detail":"clean stop"}
{"ts":"2026-03-30T23:57:32.876Z","level":"INFO","device":"868120100003","event":"DISCONNECTED","detail":"clean stop"}

[SUMMARY] Run duration: 136s
[SUMMARY] GPS packets sent: 18
[SUMMARY] OBD2 packets sent: 0
[SUMMARY] Incidents fired: 0
[SUMMARY] Videos uploaded OK: 0
[SUMMARY] Videos failed: 0
[SUMMARY] Tracker pings sent: 0
[SUMMARY] Reconnections: 0
[SUMMARY] Log file: logs/sim-2026-03-30T23-55-18.log
