{"ts":"2026-04-12T13:21:09.269Z","level":"INFO","device":"868120018681","event":"CONNECTED","detail":"id:868120018681"}
{"ts":"2026-04-12T13:21:09.489Z","level":"INFO","device":"868120018681","event":"RX_MSG","detail":"0x8001 bodyLen=5"}
{"ts":"2026-04-12T13:21:09.489Z","level":"INFO","device":"868120018681","event":"SERVER_ACK","detail":"0x0102 result=OK"}
{"ts":"2026-04-12T13:21:19.059Z","level":"INFO","device":"868120018681","event":"INCIDENT_SENT","detail":"[ADAS: Frequent Lane Change] mediaId=1"}
{"ts":"2026-04-12T13:21:19.275Z","level":"INFO","device":"868120018681","event":"RX_MSG","detail":"0x8001 bodyLen=5"}
{"ts":"2026-04-12T13:21:19.275Z","level":"INFO","device":"868120018681","event":"SERVER_ACK","detail":"0x0200 result=OK"}
{"ts":"2026-04-12T13:21:19.488Z","level":"INFO","device":"868120018681","event":"RX_MSG","detail":"0x9208 bodyLen=81"}
{"ts":"2026-04-12T13:21:19.488Z","level":"INFO","device":"868120018681","event":"9208_RAW","detail":"0C35342E33372E3232352E36350D32000086812001868100260412132119010200383638313230303138363831303032363034313231333231313930313032303000000000000000000000000000000000"}
{"ts":"2026-04-12T13:21:19.489Z","level":"INFO","device":"868120018681","event":"UPLOAD_TRIGGERED","detail":"media: 54.37.225.65:3378 | alarmId: 86812001868100260412132119010200"}
{"ts":"2026-04-12T13:21:19.490Z","level":"INFO","device":"868120018681","event":"MEDIA_CONNECTING","detail":"54.37.225.65:3378 files=2"}
{"ts":"2026-04-12T13:21:19.736Z","level":"INFO","device":"868120018681","event":"RX_MSG","detail":"0x8001 bodyLen=5"}
{"ts":"2026-04-12T13:21:19.737Z","level":"INFO","device":"868120018681","event":"SERVER_ACK","detail":"0x0800 result=OK"}
{"ts":"2026-04-12T13:21:19.764Z","level":"INFO","device":"868120018681","event":"MEDIA_CONNECTED","detail":"54.37.225.65:3378"}
{"ts":"2026-04-12T13:21:19.768Z","level":"INFO","device":"868120018681","event":"FILE_START","detail":"[1/2] 00_64_6405_00_86812001868100260412132119010200.jpg (631 bytes)"}
{"ts":"2026-04-12T13:21:19.780Z","level":"INFO","device":"868120018681","event":"SENT_1210","detail":"00_64_6405_00_86812001868100260412132119010200.jpg"}
{"ts":"2026-04-12T13:21:19.882Z","level":"INFO","device":"868120018681","event":"SENT_RAW_MARKER","detail":"00_64_6405_00_86812001868100260412132119010200.jpg packet=693 bytes data=631 bytes"}
{"ts":"2026-04-12T13:21:19.884Z","level":"INFO","device":"868120018681","event":"SENT_1212","detail":"00_64_6405_00_86812001868100260412132119010200.jpg type=0"}
{"ts":"2026-04-12T13:21:20.124Z","level":"INFO","device":"868120018681","event":"MEDIA_RX","detail":"7E 80 01 00 05 86 81 20 01 86 81 85 59 00 00 12 10 00 7B 7E"}
{"ts":"2026-04-12T13:21:20.185Z","level":"INFO","device":"868120018681","event":"FILE_START","detail":"[2/2] 02_64_6405_03_86812001868100260412132119010200.mp4 (1570024 bytes)"}
{"ts":"2026-04-12T13:21:20.186Z","level":"INFO","device":"868120018681","event":"SENT_1210","detail":"02_64_6405_03_86812001868100260412132119010200.mp4"}
{"ts":"2026-04-12T13:21:20.290Z","level":"INFO","device":"868120018681","event":"SENT_RAW_MARKER","detail":"02_64_6405_03_86812001868100260412132119010200.mp4 packet=1570086 bytes data=1570024 bytes"}
{"ts":"2026-04-12T13:21:20.344Z","level":"INFO","device":"868120018681","event":"MEDIA_RX","detail":"7E 92 12 00 36 86 81 20 01 86 81 F3 0B 32 30 30 5F 36 34 5F 36 34 30 35 5F 30 30 5F 38 36 38 31 32 30 30 31 38 36 38 31 30 30 32 36 30 34 31 32 31 33 32 31 31 39 30 31 30 32 30 30 2E 6A 70 67 00 00 00 01 7E"}
{"ts":"2026-04-12T13:21:20.580Z","level":"INFO","device":"868120018681","event":"MEDIA_RX","detail":"7E 80 01 00 05 86 81 20 01 86 81 CC 16 00 02 12 10 00 7F 7E"}
{"ts":"2026-04-12T13:21:21.885Z","level":"INFO","device":"868120018681","event":"SENT_1212","detail":"02_64_6405_03_86812001868100260412132119010200.mp4 type=2"}
{"ts":"2026-04-12T13:21:22.186Z","level":"INFO","device":"868120018681","event":"BATCH_COMPLETE","detail":"All 2 files sent"}
{"ts":"2026-04-12T13:21:24.196Z","level":"INFO","device":"868120018681","event":"MEDIA_RX","detail":"7E 92 12 00 36 86 81 20 01 86 81 6D 39 32 30 32 5F 36 34 5F 36 34 30 35 5F 30 33 5F 38 36 38 31 32 30 30 31 38 36 38 31 30 30 32 36 30 34 31 32 31 33 32 31 31 39 30 31 30 32 30 30 2E 6D 70 34 02 00 00 FA 7E"}
{"ts":"2026-04-12T13:21:24.199Z","level":"INFO","device":"868120018681","event":"MEDIA_CLOSED","detail":""}
{"ts":"2026-04-12T13:21:29.060Z","level":"INFO","device":"868120018681","event":"GPS_SENT","detail":""}
{"ts":"2026-04-12T13:21:29.060Z","level":"INFO","device":"868120018681","event":"INCIDENT_SENT","detail":"[ADAS: Lane Departure] mediaId=2"}
{"ts":"2026-04-12T13:21:29.264Z","level":"INFO","device":"868120018681","event":"RX_MSG","detail":"0x8001 bodyLen=5"}
{"ts":"2026-04-12T13:21:29.264Z","level":"INFO","device":"868120018681","event":"SERVER_ACK","detail":"0x0200 result=OK"}
{"ts":"2026-04-12T13:21:29.478Z","level":"INFO","device":"868120018681","event":"RX_MSG","detail":"0x8001 bodyLen=5"}
{"ts":"2026-04-12T13:21:29.479Z","level":"INFO","device":"868120018681","event":"SERVER_ACK","detail":"0x0200 result=OK"}
{"ts":"2026-04-12T13:21:29.744Z","level":"INFO","device":"868120018681","event":"RX_MSG","detail":"0x8001 bodyLen=5"}
{"ts":"2026-04-12T13:21:29.744Z","level":"INFO","device":"868120018681","event":"SERVER_ACK","detail":"0x0800 result=OK"}
{"ts":"2026-04-12T13:21:29.744Z","level":"INFO","device":"868120018681","event":"RX_MSG","detail":"0x9208 bodyLen=81"}
{"ts":"2026-04-12T13:21:29.744Z","level":"INFO","device":"868120018681","event":"9208_RAW","detail":"0C35342E33372E3232352E36350D32000086812001868100260412132129020200383638313230303138363831303032363034313231333231323930323032303000000000000000000000000000000000"}
{"ts":"2026-04-12T13:21:29.744Z","level":"INFO","device":"868120018681","event":"UPLOAD_TRIGGERED","detail":"media: 54.37.225.65:3378 | alarmId: 86812001868100260412132129020200"}
{"ts":"2026-04-12T13:21:29.744Z","level":"INFO","device":"868120018681","event":"MEDIA_CONNECTING","detail":"54.37.225.65:3378 files=2"}
{"ts":"2026-04-12T13:21:29.983Z","level":"INFO","device":"868120018681","event":"MEDIA_CONNECTED","detail":"54.37.225.65:3378"}
{"ts":"2026-04-12T13:21:29.983Z","level":"INFO","device":"868120018681","event":"FILE_START","detail":"[1/2] 00_64_6402_00_86812001868100260412132129020200.jpg (631 bytes)"}
{"ts":"2026-04-12T13:21:29.984Z","level":"INFO","device":"868120018681","event":"SENT_1210","detail":"00_64_6402_00_86812001868100260412132129020200.jpg"}
{"ts":"2026-04-12T13:21:30.084Z","level":"INFO","device":"868120018681","event":"SENT_RAW_MARKER","detail":"00_64_6402_00_86812001868100260412132129020200.jpg packet=693 bytes data=631 bytes"}
{"ts":"2026-04-12T13:21:30.085Z","level":"INFO","device":"868120018681","event":"SENT_1212","detail":"00_64_6402_00_86812001868100260412132129020200.jpg type=0"}
{"ts":"2026-04-12T13:21:30.230Z","level":"INFO","device":"868120018681","event":"MEDIA_RX","detail":"7E 80 01 00 05 86 81 20 01 86 81 7D 02 D2 00 00 12 10 00 0B 7E"}
{"ts":"2026-04-12T13:21:30.386Z","level":"INFO","device":"868120018681","event":"FILE_START","detail":"[2/2] 02_64_6402_03_86812001868100260412132129020200.mp4 (1570024 bytes)"}
{"ts":"2026-04-12T13:21:30.387Z","level":"INFO","device":"868120018681","event":"SENT_1210","detail":"02_64_6402_03_86812001868100260412132129020200.mp4"}
{"ts":"2026-04-12T13:21:30.491Z","level":"INFO","device":"868120018681","event":"SENT_RAW_MARKER","detail":"02_64_6402_03_86812001868100260412132129020200.mp4 packet=1570086 bytes data=1570024 bytes"}
{"ts":"2026-04-12T13:21:30.515Z","level":"INFO","device":"868120018681","event":"MEDIA_RX","detail":"7E 92 12 00 36 86 81 20 01 86 81 0B EA 32 30 30 5F 36 34 5F 36 34 30 32 5F 30 30 5F 38 36 38 31 32 30 30 31 38 36 38 31 30 30 32 36 30 34 31 32 31 33 32 31 32 39 30 32 30 32 30 30 2E 6A 70 67 00 00 00 1F 7E"}
{"ts":"2026-04-12T13:21:30.887Z","level":"INFO","device":"868120018681","event":"MEDIA_RX","detail":"7E 80 01 00 05 86 81 20 01 86 81 F7 66 00 02 12 10 00 34 7E"}
{"ts":"2026-04-12T13:21:33.234Z","level":"INFO","device":"868120018681","event":"SENT_1212","detail":"02_64_6402_03_86812001868100260412132129020200.mp4 type=2"}
{"ts":"2026-04-12T13:21:33.534Z","level":"INFO","device":"868120018681","event":"BATCH_COMPLETE","detail":"All 2 files sent"}
{"ts":"2026-04-12T13:21:34.883Z","level":"INFO","device":"868120018681","event":"MEDIA_RX","detail":"7E 92 12 00 36 86 81 20 01 86 81 8B CF 32 30 32 5F 36 34 5F 36 34 30 32 5F 30 33 5F 38 36 38 31 32 30 30 31 38 36 38 31 30 30 32 36 30 34 31 32 31 33 32 31 32 39 30 32 30 32 30 30 2E 6D 70 34 02 00 00 ED 7E"}
{"ts":"2026-04-12T13:21:34.884Z","level":"INFO","device":"868120018681","event":"MEDIA_CLOSED","detail":""}
